2025-12-08 16:52:44.274075 INFO::Writing function arguments to log file
2025-12-08 16:52:44.275281 DEBUG::Function arguments
2025-12-08 16:52:44.275727 DEBUG::Output folder: /Users/danielcm/Desktop/diammatics/T1D/Maaslin2.3/maaslin2_Sex_and_consortia_pathway_Female_S2_vs_Male_S2_ref_Sex_and_consortia,Male_S2
2025-12-08 16:52:44.276153 DEBUG::Min Abundance: 0.000000
2025-12-08 16:52:44.276576 DEBUG::Min Prevalence: 0.100000
2025-12-08 16:52:44.276998 DEBUG::Normalization: TSS
2025-12-08 16:52:44.277416 DEBUG::Transform: LOG
2025-12-08 16:52:44.277834 DEBUG::Analysis method: LM
2025-12-08 16:52:44.278259 DEBUG::Max significance: 0.250000
2025-12-08 16:52:44.278688 DEBUG::Random effects:
2025-12-08 16:52:44.279166 DEBUG::Fixed effects: Sex_and_consortia
2025-12-08 16:52:44.279599 DEBUG::Correction method: BH
2025-12-08 16:52:44.280022 DEBUG::Standardize: TRUE
2025-12-08 16:52:44.280442 DEBUG::Cores: 4
2025-12-08 16:52:44.280845 INFO::Verifying options selected are valid
2025-12-08 16:52:44.281854 INFO::Determining format of input files
2025-12-08 16:52:44.282845 INFO::Input format is data samples as rows and metadata samples as rows
2025-12-08 16:52:44.284672 DEBUG::The following samples were found to have features but no metadata. They will be removed. Plate1_1030R_0_M_NS1_week10_S77_L001,Plate1_1030R_R_M_NS1_week10_S78_L001,Plate1_2472R_0_F_NS1_week10_S73_L001,Plate1_2472R_R_F_NS1_week10_S74_L001,Plate1_3874R_0_F_NS1_week10_S75_L001,Plate1_3874R_L_F_NS1_week10_S76_L001,Plate1_3974R_0_M_NS1_week10_S79_L001,Plate1_3974R_L_M_NS1_week10_S80_L001,Plate2_036R_R_M_NS1_week5_S18_L001,Plate2_036R_R_M_NS1_week9_S21_L001,Plate2_1030R_L_M_NS1_week5_S22_L001,Plate2_1030R_L_M_NS1_week9_S25_L001,Plate2_1121R_0_M_NS1_week5_S26_L001,Plate2_1121R_0_M_NS1_week9_S29_L001,Plate2_1151R_R_M_NS1_week5_S30_L001,Plate2_1151R_R_M_NS1_week9_S33_L001,Plate2_1193R_R_F_NS1_week5_S1_L001,Plate2_1193R_R_F_NS1_week9_S4_L001,Plate2_2529R_R_F_NS1_week5_S5_L001,Plate2_2529R_R_F_NS1_week9_S8_L001,Plate2_3861R_R_M_NS1_week9_S34_L001,Plate2_3971R_L_F_NS1_week5_S9_L001,Plate2_3971R_L_F_NS1_week9_S12_L001,Plate2_3975R_0_F_NS1_week9_S13_L001,Plate2_3975R_R_F_NS1_week5_S14_L001,Plate2_3975R_R_F_NS1_week9_S17_L001,Plate4_036R_0_M_NS1_S62_L001,Plate4_036R_0_M_NS1_week5_S41_L001,Plate4_036R_L_M_NS1_S63_L001,Plate4_036R_L_M_NS1_week5_S42_L001,Plate4_036R_RL_M_NS1_S64_L001,Plate4_036R_RL_M_NS1_week5_S43_L001,Plate4_036R_RR_M_NS1_S65_L001,Plate4_036R_RR_M_NS1_week5_S44_L001,Plate4_1030R_RR_M_NS1_week5_S45_L001,Plate4_1030R_RR_M_NS1_week9_S66_L001,Plate4_1121R_L_M_NS1_week5_S46_L001,Plate4_1121R_L_M_NS1_week9_S67_L001,Plate4_1121R_RL_M_NS1_week5_S48_L001,Plate4_1121R_RL_M_NS1_week9_S69_L001,Plate4_1121R_RR_M_NS1_week5_S49_L001,Plate4_1121R_RR_M_NS1_week9_S70_L001,Plate4_1121R_R_M_NS1_week5_S47_L001,Plate4_1121R_R_M_NS1_week9_S68_L001,Plate4_1151R_0_M_NS1_week5_S50_L001,Plate4_1151R_0_M_NS1_week9_S71_L001,Plate4_1193R_0_F_NS1_week5_S51_L001,Plate4_1193R_0_F_NS1_week9_S72_L001,Plate4_1193R_L_F_NS1_week5_S52_L001,Plate4_1193R_L_F_NS1_week9_S73_L001,Plate4_2529R_0_F_NS1_week5_S53_L001,Plate4_2529R_0_F_NS1_week9_S74_L001,Plate4_2529R_L_F_NS1_week5_S54_L001,Plate4_2529R_L_F_NS1_week9_S75_L001,Plate4_2529R_RL_F_NS1_week5_S55_L001,Plate4_2529R_RL_F_NS1_week9_S76_L001,Plate4_3861R_0_M_NS1_week5_S56_L001,Plate4_3861R_0_M_NS1_week9_S77_L001,Plate4_3861R_L_M_NS1_week5_S57_L001,Plate4_3861R_L_M_NS1_week9_S78_L001,Plate4_3861R_R_M_NS1_week5_S58_L001,Plate4_3971R_0_F_NS1_week5_S59_L001,Plate4_3971R_0_F_NS1_week9_S79_L001,Plate4_3971R_RL_F_NS1_week9_S81_L001,Plate4_3971R_R_F_NS1_week9_S80_L001,Plate4_3975R_0_F_NS1_week5_S60_L001,Plate4_3975R_L_F_NS1_week5_S61_L001,Plate4_3975R_L_F_NS1_week9_S82_L001,Plate4_3975R_RL_F_NS1_week9_S83_L001,Plate5_2808_NS1_0_Female_week5_S37_L001,Plate5_2808_NS1_0_Female_week9_S49_L001,Plate5_2808_NS1_L_Female_week5_S38_L001,Plate5_2808_NS1_L_Female_week9_S50_L001,Plate5_2808_NS1_RR_Female_week5_S40_L001,Plate5_2808_NS1_RR_Female_week9_S52_L001,Plate5_2808_NS1_R_Female_week5_S39_L001,Plate5_2808_NS1_R_Female_week9_S51_L001,Plate5_2824_NS1_0_Male_week5_S43_L001,Plate5_2824_NS1_0_Male_week9_S55_L001,Plate5_2824_NS1_L_Male_week5_S44_L001,Plate5_2824_NS1_L_Male_week9_S56_L001,Plate5_2824_NS1_R_Male_week5_S45_L001,Plate5_2824_NS1_R_Male_week9_S57_L001,Plate5_2864_NS1_R_Male_week5_S46_L001,Plate5_2864_NS1_R_Male_week9_S58_L001,Plate5_2893_NS1_0_Male_week5_S47_L001,Plate5_2893_NS1_0_Male_week9_S59_L001,Plate5_2893_NS1_R_Male_week5_S48_L001,Plate5_2893_NS1_R_Male_week9_S60_L001,Plate5_2999_NS1_0_Female_week5_S41_L001,Plate5_2999_NS1_0_Female_week9_S53_L001,Plate5_2999_NS1_R_Female_week5_S42_L001,Plate5_2999_NS1_R_Female_week9_S54_L001,Plate1_1002R_0_M_NS6_week10_S69_L001,Plate1_1002R_L_M_NS6_week10_S70_L001,Plate1_1075R_0_M_NS6_week9_S72_L001,Plate1_184R_0_F_NS6_week10_S65_L001,Plate1_184R_L_F_NS6_week10_S66_L001,Plate1_2403R_L_F_NS6_week10_S67_L001,Plate1_2506R_0_F_NS6_week10_S68_L001,Plate1_3894R_0_M_NS6_week10_S71_L001,Plate2_016R_0_F_NS6_week9_S79_L001,Plate2_1075R_L_M_NS6_week9_S84_L001,Plate2_1184R_0_M_NS6_week9_S85_L001,Plate2_1186R_0_M_NS6_week9_S86_L001,Plate2_1186R_RR_M_NS6_week9_S87_L001,Plate2_184R_0_M_NS6_week9_S88_L001,Plate2_2403R_0_F_NS6_week9_S80_L001,Plate2_2476R_R_F_NS6_week9_S81_L001,Plate2_2562R_0_F_NS6_week9_S82_L001,Plate2_2562R_RL_F_NS6_week9_S83_L001,Plate3_016R_0_F_NS6_week5_S1_L001,Plate3_016R_R_F_NS6_Pellet_week9_S2_L001,Plate3_1075R_RL_M_NS6_Pellet_week9_S3_L001,Plate4_016R_R_F_NS6_week5_S1_L001,Plate4_1075R_0_M_NS6_week5_S2_L001,Plate4_1075R_RL_M_NS6_week5_S3_L001,Plate4_1184R_0_M_NS6_week5_S4_L001,Plate4_1186R_0_M_NS6_week5_S5_L001,Plate4_1186R_RR_M_NS6_week5_S6_L001,Plate4_184R_0_M_NS6_week5_S7_L001,Plate4_2403R_0_F_NS6_week5_S8_L001,Plate4_2476R_R_F_NS6_week5_S9_L001,Plate4_2562R_0_F_NS6_week5_S10_L001,Plate4_2562R_RL_F_NS6_week5_S11_L001,Plate1_1136R_RL_F_S5_week10_S58_L001,Plate1_1136R_R_F_S5_week10_S57_L001,Plate1_2518R_L_M_S5_week10_S61_L001,Plate1_2518R_R_M_S5_week10_S62_L001,Plate1_3752R_0_F_S5_week10_S59_L001,Plate1_3752R_L_F_S5_week10_S60_L001,Plate1_3893R_RL_M_S5_week10_S64_L001,Plate1_3893R_R_M_S5_week10_S63_L001,Plate2_096R_0_M_S5_week9_S74_L001,Plate2_1060R_L_M_S5_week9_S75_L001,Plate2_1076R_0_M_S5_week9_S76_L001,Plate2_1136R_0_F_S5_week9_S69_L001,Plate2_2402R_0_F_S5_week9_S70_L001,Plate2_2433R_0_F_S5_week9_S71_L001,Plate2_2475R_0_M_S5_week9_S77_L001,Plate2_2518R_0_M_S5_week9_S78_L001,Plate2_3924R_L_F_S5_week9_S72_L001,Plate2_3929R_0_F_S5_week9_S73_L001,Plate3_096R_0_M_S5_week5_S4_L001,Plate3_2402R_R_F_S5_Pellet_week9_S5_L001,Plate3_2475R_RL_M_S5_Pellet_week9_S6_L001,Plate4_1060R_L_M_S5_week5_S12_L001,Plate4_1076R_0_M_S5_week5_S13_L001,Plate4_1136R_0_F_S5_week5_S14_L001,Plate4_2402R_0_F_S5_week5_S15_L001,Plate4_2402R_R_F_S5_week5_S16_L001,Plate4_2433R_0_F_S5_week5_S17_L001,Plate4_2475R_0_M_S5_week5_S18_L001,Plate4_2475R_RL_M_S5_week5_S19_L001,Plate4_2518R_0_M_S5_week5_S20_L001,Plate4_3924R_L_F_S5_week5_S21_L001,Plate4_3929R_0_F_S5_week5_S22_L001
2025-12-08 16:52:44.285282 DEBUG::A total of 106 samples were found in both the data and metadata
2025-12-08 16:52:44.28571 DEBUG::Reordering data/metadata to use same sample ordering
2025-12-08 16:52:44.288735 INFO::Formula for fixed effects: expr ~  Sex_and_consortia
2025-12-08 16:52:44.290019 INFO::Filter data based on min abundance and min prevalence
2025-12-08 16:52:44.290982 INFO::Total samples in data: 106
2025-12-08 16:52:44.291936 INFO::Min samples required with min abundance for a feature not to be filtered: 10.600000
2025-12-08 16:52:44.296218 INFO::Total filtered features: 20
2025-12-08 16:52:44.297236 INFO::Filtered feature names from abundance and prevalence filtering: X3.HYDROXYPHENYLACETATE.DEGRADATION.PWY, ARGDEG.PWY, GALLATE.DEGRADATION.II.PWY, HCAMHPDEG.PWY, ORNARGDEG.PWY, ORNDEG.PWY, PWY.5179, PWY.5265, PWY.5920, PWY.6071, PWY.6572, PWY.6690, PWY.7332, PWY0.1277, PWY0.1415, PWY0.321, P281.PWY, PWY.3781, P162.PWY, PROPFERM.PWY
2025-12-08 16:52:44.303069 INFO::Total filtered features with variance filtering: 0
2025-12-08 16:52:44.304075 INFO::Filtered feature names from variance filtering:
2025-12-08 16:52:44.305026 INFO::Running selected normalization method: TSS
2025-12-08 16:52:44.309823 INFO::Applying z-score to standardize continuous metadata
2025-12-08 16:52:44.313249 INFO::Running selected transform method: LOG
2025-12-08 16:52:44.319924 INFO::Running selected analysis method: LM
2025-12-08 16:52:44.321063 INFO::Creating cluster of 4 R processes
2025-12-08 16:52:50.013962 INFO::Counting total values for each feature
2025-12-08 16:52:50.025848 INFO::Writing filtered data to file /Users/danielcm/Desktop/diammatics/T1D/Maaslin2.3/maaslin2_Sex_and_consortia_pathway_Female_S2_vs_Male_S2_ref_Sex_and_consortia,Male_S2/features/filtered_data.tsv
2025-12-08 16:52:50.0524 INFO::Writing filtered, normalized data to file /Users/danielcm/Desktop/diammatics/T1D/Maaslin2.3/maaslin2_Sex_and_consortia_pathway_Female_S2_vs_Male_S2_ref_Sex_and_consortia,Male_S2/features/filtered_data_norm.tsv
2025-12-08 16:52:50.087676 INFO::Writing filtered, normalized, transformed data to file /Users/danielcm/Desktop/diammatics/T1D/Maaslin2.3/maaslin2_Sex_and_consortia_pathway_Female_S2_vs_Male_S2_ref_Sex_and_consortia,Male_S2/features/filtered_data_norm_transformed.tsv
2025-12-08 16:52:50.123454 INFO::Writing residuals to file /Users/danielcm/Desktop/diammatics/T1D/Maaslin2.3/maaslin2_Sex_and_consortia_pathway_Female_S2_vs_Male_S2_ref_Sex_and_consortia,Male_S2/fits/residuals.rds
2025-12-08 16:52:50.147154 INFO::Writing fitted values to file /Users/danielcm/Desktop/diammatics/T1D/Maaslin2.3/maaslin2_Sex_and_consortia_pathway_Female_S2_vs_Male_S2_ref_Sex_and_consortia,Male_S2/fits/fitted.rds
2025-12-08 16:52:50.150387 INFO::Writing all results to file (ordered by increasing q-values): /Users/danielcm/Desktop/diammatics/T1D/Maaslin2.3/maaslin2_Sex_and_consortia_pathway_Female_S2_vs_Male_S2_ref_Sex_and_consortia,Male_S2/all_results.tsv
2025-12-08 16:52:50.154006 INFO::Writing the significant results (those which are less than or equal to the threshold of 0.250000 ) to file (ordered by increasing q-values): /Users/danielcm/Desktop/diammatics/T1D/Maaslin2.3/maaslin2_Sex_and_consortia_pathway_Female_S2_vs_Male_S2_ref_Sex_and_consortia,Male_S2/significant_results.tsv
