2026-04-14 15:29:44.142663 INFO::Writing function arguments to log file
2026-04-14 15:29:44.144002 DEBUG::Function arguments
2026-04-14 15:29:44.144477 DEBUG::Output folder: /Users/danielcm/Desktop/Sickkids/Maaslin2.6/maaslin2_Sex_and_Consortium_pathway_Male_S2_vs_Female_S2_ref_Sex_and_Consortium,Male_S2
2026-04-14 15:29:44.144947 DEBUG::Min Abundance: 0.000000
2026-04-14 15:29:44.145412 DEBUG::Min Prevalence: 0.100000
2026-04-14 15:29:44.145878 DEBUG::Normalization: TSS
2026-04-14 15:29:44.14634 DEBUG::Transform: LOG
2026-04-14 15:29:44.146799 DEBUG::Analysis method: LM
2026-04-14 15:29:44.147257 DEBUG::Max significance: 0.250000
2026-04-14 15:29:44.147728 DEBUG::Random effects:
2026-04-14 15:29:44.148164 DEBUG::Fixed effects: Sex_and_Consortium
2026-04-14 15:29:44.148623 DEBUG::Correction method: BH
2026-04-14 15:29:44.149113 DEBUG::Standardize: TRUE
2026-04-14 15:29:44.149779 DEBUG::Cores: 8
2026-04-14 15:29:44.150296 INFO::Verifying options selected are valid
2026-04-14 15:29:44.151484 INFO::Determining format of input files
2026-04-14 15:29:44.152594 INFO::Input format is data samples as rows and metadata samples as rows
2026-04-14 15:29:44.15481 DEBUG::The following samples were found to have features but no metadata. They will be removed. 1030R_0_M_NS1_week10,1030R_R_M_NS1_week10,2472R_0_F_NS1_week10,2472R_R_F_NS1_week10,3874R_0_F_NS1_week10,3874R_L_F_NS1_week10,3974R_0_M_NS1_week10,3974R_L_M_NS1_week10,NS1_inocula,036R_R_M_NS1_week5,036R_R_M_NS1_week6,036R_R_M_NS1_week7,036R_R_M_NS1_week9,1030R_L_M_NS1_week5,1030R_L_M_NS1_week6,1030R_L_M_NS1_week7,1030R_L_M_NS1_week9,1121R_0_M_NS1_week5,1121R_0_M_NS1_week6,1121R_0_M_NS1_week7,1121R_0_M_NS1_week9,1151R_R_M_NS1_week5,1151R_R_M_NS1_week6,1151R_R_M_NS1_week7,1151R_R_M_NS1_week9,1193R_R_F_NS1_week5,1193R_R_F_NS1_week6,1193R_R_F_NS1_week7,1193R_R_F_NS1_week9,2529R_R_F_NS1_week5,2529R_R_F_NS1_week6,2529R_R_F_NS1_week7,2529R_R_F_NS1_week9,3861R_R_M_NS1_week9,3971R_L_F_NS1_week5,3971R_L_F_NS1_week6,3971R_L_F_NS1_week7,3971R_L_F_NS1_week9,3975R_0_F_NS1_week9,3975R_R_F_NS1_week5,3975R_R_F_NS1_week6,3975R_R_F_NS1_week7,3975R_R_F_NS1_week9,036R_0_M_NS1,036R_0_M_NS1_week5,036R_L_M_NS1,036R_L_M_NS1_week5,036R_NS1_week18,036R_RL_M_NS1,036R_RL_M_NS1_week5,036R_RR_M_NS1,036R_RR_M_NS1_week5,1030R_RR_M_NS1_week5,1030R_RR_M_NS1_week9,1121R_L_M_NS1_week5,1121R_L_M_NS1_week9,1121R_NS1_week19,1121R_R_M_NS1_week5,1121R_R_M_NS1_week9,1121R_RL_M_NS1_diabetes,1121R_RL_M_NS1_week5,1121R_RL_M_NS1_week9,1121R_RR_M_NS1_week5,1121R_RR_M_NS1_week9,1151R_0_M_NS1_week5,1151R_0_M_NS1_week9,1151R_NS1_week21,1151R_R_M_NS1_diabetes,1193R_0_F_NS1_week5,1193R_0_F_NS1_week9,1193R_L_F_NS1_diabetes,1193R_L_F_NS1_week5,1193R_L_F_NS1_week9,1193R_NS1_week24,2529R_0_F_NS1_week5,2529R_0_F_NS1_week9,2529R_L_F_NS1_diabetes,2529R_L_F_NS1_week5,2529R_L_F_NS1_week9,2529R_NS1_week22,2529R_RL_F_NS1_week5,2529R_RL_F_NS1_week9,3861R_0_M_NS1_week5,3861R_0_M_NS1_week9,3861R_L_M_NS1_diabetes,3861R_L_M_NS1_week5,3861R_L_M_NS1_week9,3861R_NS1_week28,3861R_R_M_NS1_week5,3971R_0_F_NS1_week5,3971R_0_F_NS1_week9,3971R_NS1_week30,3971R_R_F_NS1_diabetes,3971R_R_F_NS1_week9,3971R_RL_F_NS1_diabetes,3971R_RL_F_NS1_week9,3975R_0_F_NS1_week5,3975R_L_F_NS1_diabetes,3975R_L_F_NS1_week5,3975R_L_F_NS1_week9,3975R_NS1_week14,3975R_R_F_NS1_diabetes,3975R_RL_F_NS1_diabetes,3975R_RL_F_NS1_week9,NS1_defined_inocula,2808_NS1_0_Female_week5,2808_NS1_0_Female_week9,2808_NS1_L_Female_week5,2808_NS1_L_Female_week9,2808_NS1_R_Female_week5,2808_NS1_R_Female_week9,2808_NS1_RR_Female_week5,2808_NS1_RR_Female_week9,2824_NS1_0_Male_week5,2824_NS1_0_Male_week9,2824_NS1_L_Male_week5,2824_NS1_L_Male_week9,2824_NS1_R_Male_week5,2824_NS1_R_Male_week9,2864_NS1_R_Male_week5,2864_NS1_R_Male_week9,2893_NS1_0_Male_week5,2893_NS1_0_Male_week9,2893_NS1_R_Male_week5,2893_NS1_R_Male_week9,2999_NS1_0_Female_week5,2999_NS1_0_Female_week9,2999_NS1_R_Female_week5,2999_NS1_R_Female_week9,NS1_mouse_inoculum,S2_inocula,S2_defined_inocula,S2_mouse_inoculum,1002R_0_M_NS6_week10,1002R_L_M_NS6_week10,1075R_0_M_NS6_week9,184R_0_F_NS6_week10,184R_L_F_NS6_week10,2403R_L_F_NS6_week10,2506R_0_F_NS6_week10,3894R_0_M_NS6_week10,NS6_inocula,016R_0_F_NS6_week9,1075R_L_M_NS6_week9,1184R_0_M_NS6_week9,1186R_0_M_NS6_week9,1186R_RR_M_NS6_week9,184R_0_M_NS6_week9,2403R_0_F_NS6_week9,2476R_R_F_NS6_week9,2562R_0_F_NS6_week9,2562R_RL_F_NS6_week9,016R_0_F_NS6_week5,016R_R_F_NS6_Pellet_week9,1075R_RL_M_NS6_Pellet_week9,NS6_defined_inocula,016R_R_F_NS6_week5,1075R_0_M_NS6_week5,1075R_RL_M_NS6_week5,1184R_0_M_NS6_week5,1186R_0_M_NS6_week5,1186R_RR_M_NS6_week5,184R_0_M_NS6_week5,2403R_0_F_NS6_week5,2476R_R_F_NS6_week5,2562R_0_F_NS6_week5,2562R_RL_F_NS6_week5,NS6_defined_inocula.1,1136R_R_F_S5_week10,1136R_RL_F_S5_week10,2518R_L_M_S5_week10,2518R_R_M_S5_week10,3752R_0_F_S5_week10,3752R_L_F_S5_week10,3893R_R_M_S5_week10,3893R_RL_M_S5_week10,S5_inocula,096R_0_M_S5_week9,1060R_L_M_S5_week9,1076R_0_M_S5_week9,1136R_0_F_S5_week9,2402R_0_F_S5_week9,2433R_0_F_S5_week9,2475R_0_M_S5_week9,2518R_0_M_S5_week9,3924R_L_F_S5_week9,3929R_0_F_S5_week9,096R_0_M_S5_week5,2402R_R_F_S5_Pellet_week9,2475R_RL_M_S5_Pellet_week9,S5_defined_inocula,1060R_L_M_S5_week5,1076R_0_M_S5_week5,1136R_0_F_S5_week5,2402R_0_F_S5_week5,2402R_R_F_S5_week5,2475R_RL_M_S5_week5,2518R_0_M_S5_week5,3924R_L_F_S5_week5,3929R_0_F_S5_week5,S5_defined_inocula.1
2026-04-14 15:29:44.155612 DEBUG::A total of 148 samples were found in both the data and metadata
2026-04-14 15:29:44.156121 DEBUG::Reordering data/metadata to use same sample ordering
2026-04-14 15:29:44.160497 INFO::Formula for fixed effects: expr ~  Sex_and_Consortium
2026-04-14 15:29:44.162581 INFO::Filter data based on min abundance and min prevalence
2026-04-14 15:29:44.163608 INFO::Total samples in data: 148
2026-04-14 15:29:44.164573 INFO::Min samples required with min abundance for a feature not to be filtered: 14.800000
2026-04-14 15:29:44.169272 INFO::Total filtered features: 18
2026-04-14 15:29:44.170378 INFO::Filtered feature names from abundance and prevalence filtering: X3.HYDROXYPHENYLACETATE.DEGRADATION.PWY, ARGDEG.PWY, GALLATE.DEGRADATION.II.PWY, HCAMHPDEG.PWY, ORNARGDEG.PWY, ORNDEG.PWY, PWY.5179, PWY.5265, PWY.5920, PWY.6071, PWY.6572, PWY.6690, PWY.7332, PWY0.1277, PWY0.1415, PWY0.321, P281.PWY, PWY.3781
2026-04-14 15:29:44.177774 INFO::Total filtered features with variance filtering: 0
2026-04-14 15:29:44.178946 INFO::Filtered feature names from variance filtering:
2026-04-14 15:29:44.179912 INFO::Running selected normalization method: TSS
2026-04-14 15:29:44.185714 INFO::Applying z-score to standardize continuous metadata
2026-04-14 15:29:44.188462 INFO::Running selected transform method: LOG
2026-04-14 15:29:44.19702 INFO::Running selected analysis method: LM
2026-04-14 15:29:44.198214 INFO::Creating cluster of 8 R processes
2026-04-14 15:29:52.392516 INFO::Counting total values for each feature
2026-04-14 15:29:52.413865 INFO::Writing filtered data to file /Users/danielcm/Desktop/Sickkids/Maaslin2.6/maaslin2_Sex_and_Consortium_pathway_Male_S2_vs_Female_S2_ref_Sex_and_Consortium,Male_S2/features/filtered_data.tsv
2026-04-14 15:29:52.453965 INFO::Writing filtered, normalized data to file /Users/danielcm/Desktop/Sickkids/Maaslin2.6/maaslin2_Sex_and_Consortium_pathway_Male_S2_vs_Female_S2_ref_Sex_and_Consortium,Male_S2/features/filtered_data_norm.tsv
2026-04-14 15:29:52.503077 INFO::Writing filtered, normalized, transformed data to file /Users/danielcm/Desktop/Sickkids/Maaslin2.6/maaslin2_Sex_and_Consortium_pathway_Male_S2_vs_Female_S2_ref_Sex_and_Consortium,Male_S2/features/filtered_data_norm_transformed.tsv
2026-04-14 15:29:52.552583 INFO::Writing residuals to file /Users/danielcm/Desktop/Sickkids/Maaslin2.6/maaslin2_Sex_and_Consortium_pathway_Male_S2_vs_Female_S2_ref_Sex_and_Consortium,Male_S2/fits/residuals.rds
2026-04-14 15:29:52.585977 INFO::Writing fitted values to file /Users/danielcm/Desktop/Sickkids/Maaslin2.6/maaslin2_Sex_and_Consortium_pathway_Male_S2_vs_Female_S2_ref_Sex_and_Consortium,Male_S2/fits/fitted.rds
2026-04-14 15:29:52.590341 INFO::Writing all results to file (ordered by increasing q-values): /Users/danielcm/Desktop/Sickkids/Maaslin2.6/maaslin2_Sex_and_Consortium_pathway_Male_S2_vs_Female_S2_ref_Sex_and_Consortium,Male_S2/all_results.tsv
2026-04-14 15:29:52.594365 INFO::Writing the significant results (those which are less than or equal to the threshold of 0.250000 ) to file (ordered by increasing q-values): /Users/danielcm/Desktop/Sickkids/Maaslin2.6/maaslin2_Sex_and_Consortium_pathway_Male_S2_vs_Female_S2_ref_Sex_and_Consortium,Male_S2/significant_results.tsv
2026-04-14 15:29:52.596961 INFO::Writing heatmap of significant results to file: /Users/danielcm/Desktop/Sickkids/Maaslin2.6/maaslin2_Sex_and_Consortium_pathway_Male_S2_vs_Female_S2_ref_Sex_and_Consortium,Male_S2/heatmap.pdf
