This is cutadapt 5.0 with Python 3.13.1
Command line parameters: -m 50 -O 15 -e 0.15 -g CCTAYGGGDBGCWGCAG -G GACTACNVGGGTMTCTAATCC -a GGATTAGAKACCCBNGTAGTC -A CTGCWGCVHCCCRTAGG -o plate3.1/cutadapt/3880R_0_F_S2_week9_S74_L001_R1_001.fastq.gz -p plate3.1/cutadapt/3880R_0_F_S2_week9_S74_L001_R2_001.fastq.gz plate3.1/filtN/3880R_0_F_S2_week9_S74_L001_R1_001.fastq.gz plate3.1/filtN/3880R_0_F_S2_week9_S74_L001_R2_001.fastq.gz
Processing paired-end reads on 1 core ...

=== Summary ===

Total read pairs processed:            141,661
  Read 1 with adapter:                 141,502 (99.9%)
  Read 2 with adapter:                 139,239 (98.3%)

== Read fate breakdown ==
Pairs that were too short:              12,657 (8.9%)
Pairs written (passing filters):       129,004 (91.1%)

Total basepairs processed:    81,833,458 bp
  Read 1:    42,639,960 bp
  Read 2:    39,193,498 bp
Total written (filtered):     72,806,490 bp (89.0%)
  Read 1:    36,641,057 bp
  Read 2:    36,165,433 bp

=== First read: Adapter 1 ===

Sequence: CCTAYGGGDBGCWGCAG; Type: regular 5'; Length: 17; Trimmed: 141377 times

Minimum overlap: 15
No. of allowed errors:
1-5 bp: 0; 6-12 bp: 1; 13-17 bp: 2

Overview of removed sequences
length	count	expect	max.err	error counts
14	3	0.0	2	0 0 3
15	170	0.0	2	3 58 109
16	2374	0.0	2	549 1694 131
17	138453	0.0	2	136581 1821 51
18	376	0.0	2	53 315 8
25	1	0.0	2	1


=== First read: Adapter 2 ===

Sequence: GGATTAGAKACCCBNGTAGTC; Type: regular 3'; Length: 21; Trimmed: 125 times

Minimum overlap: 15
No. of allowed errors:
1-5 bp: 0; 6-12 bp: 1; 13-19 bp: 2; 20 bp: 3

Bases preceding removed adapters:
  A: 4.8%
  C: 0.0%
  G: 95.2%
  T: 0.0%
  none/other: 0.0%
WARNING:
    The adapter is preceded by 'G' extremely often.
    The provided adapter sequence could be incomplete at its 5' end.
    Ignore this warning when trimming primers.

Overview of removed sequences
length	count	expect	max.err	error counts
23	1	0.0	3	1
24	115	0.0	3	105 10
25	6	0.0	3	6
26	2	0.0	3	1 1
27	1	0.0	3	1


=== Second read: Adapter 3 ===

Sequence: GACTACNVGGGTMTCTAATCC; Type: regular 5'; Length: 21; Trimmed: 139234 times

Minimum overlap: 15
No. of allowed errors:
1-5 bp: 0; 6-12 bp: 1; 13-19 bp: 2; 20 bp: 3

Overview of removed sequences
length	count	expect	max.err	error counts
15	1	0.0	2	1
16	3	0.0	2	1 2
17	2	0.0	2	0 1 1
18	12	0.0	2	4 4 1 3
19	134	0.0	2	3 5 114 12
20	6489	0.0	3	144 5879 371 95
21	131910	0.0	3	123425 7332 785 368
22	589	0.0	3	57 433 73 26
23	2	0.0	3	0 0 2
45	1	0.0	3	0 0 1
52	2	0.0	3	0 0 0 2
56	1	0.0	3	0 0 0 1
59	2	0.0	3	0 0 0 2
60	1	0.0	3	0 0 0 1
61	4	0.0	3	0 0 2 2
62	2	0.0	3	0 0 0 2
63	8	0.0	3	0 0 2 6
64	47	0.0	3	2 4 13 28
65	19	0.0	3	0 2 3 14
66	4	0.0	3	0 0 2 2
68	1	0.0	3	0 0 1


=== Second read: Adapter 4 ===

Sequence: CTGCWGCVHCCCRTAGG; Type: regular 3'; Length: 17; Trimmed: 5 times

Minimum overlap: 15
No. of allowed errors:
1-5 bp: 0; 6-12 bp: 1; 13-17 bp: 2

Bases preceding removed adapters:
  A: 20.0%
  C: 60.0%
  G: 20.0%
  T: 0.0%
  none/other: 0.0%

Overview of removed sequences
length	count	expect	max.err	error counts
20	1	0.0	2	0 0 1
118	1	0.0	2	0 0 1
162	1	0.0	2	0 0 1
281	2	0.0	2	1 1


WARNING:
    One or more of your adapter sequences may be incomplete.
    Please see the detailed output above.
