This is cutadapt 5.0 with Python 3.13.1
Command line parameters: -m 50 -O 15 -e 0.15 -g CCTAYGGGDBGCWGCAG -G GACTACNVGGGTMTCTAATCC -a GGATTAGAKACCCBNGTAGTC -A CTGCWGCVHCCCRTAGG -o plate3.1/cutadapt/2453R_L_F_S2_diabetes_S13_L001_R1_001.fastq.gz -p plate3.1/cutadapt/2453R_L_F_S2_diabetes_S13_L001_R2_001.fastq.gz plate3.1/filtN/2453R_L_F_S2_diabetes_S13_L001_R1_001.fastq.gz plate3.1/filtN/2453R_L_F_S2_diabetes_S13_L001_R2_001.fastq.gz
Processing paired-end reads on 1 core ...

=== Summary ===

Total read pairs processed:            166,941
  Read 1 with adapter:                 166,772 (99.9%)
  Read 2 with adapter:                 164,534 (98.6%)

== Read fate breakdown ==
Pairs that were too short:              15,074 (9.0%)
Pairs written (passing filters):       151,867 (91.0%)

Total basepairs processed:    96,396,576 bp
  Read 1:    50,249,236 bp
  Read 2:    46,147,340 bp
Total written (filtered):     85,689,885 bp (88.9%)
  Read 1:    43,134,665 bp
  Read 2:    42,555,220 bp

=== First read: Adapter 1 ===

Sequence: CCTAYGGGDBGCWGCAG; Type: regular 5'; Length: 17; Trimmed: 166663 times

Minimum overlap: 15
No. of allowed errors:
1-5 bp: 0; 6-12 bp: 1; 13-17 bp: 2

Overview of removed sequences
length	count	expect	max.err	error counts
14	1	0.0	2	0 1
15	180	0.0	2	9 59 112
16	2785	0.0	2	794 1855 136
17	163152	0.0	2	160748 2354 50
18	542	0.0	2	90 437 15
19	2	0.0	2	0 0 2
38	1	0.0	2	1


=== First read: Adapter 2 ===

Sequence: GGATTAGAKACCCBNGTAGTC; Type: regular 3'; Length: 21; Trimmed: 109 times

Minimum overlap: 15
No. of allowed errors:
1-5 bp: 0; 6-12 bp: 1; 13-19 bp: 2; 20 bp: 3

Bases preceding removed adapters:
  A: 30.3%
  C: 0.0%
  G: 67.9%
  T: 1.8%
  none/other: 0.0%

Overview of removed sequences
length	count	expect	max.err	error counts
23	1	0.0	3	1
24	84	0.0	3	77 7
25	6	0.0	3	6
280	2	0.0	3	2
283	3	0.0	3	3
284	1	0.0	3	1
285	12	0.0	3	10 2


=== Second read: Adapter 3 ===

Sequence: GACTACNVGGGTMTCTAATCC; Type: regular 5'; Length: 21; Trimmed: 164532 times

Minimum overlap: 15
No. of allowed errors:
1-5 bp: 0; 6-12 bp: 1; 13-19 bp: 2; 20 bp: 3

Overview of removed sequences
length	count	expect	max.err	error counts
15	3	0.0	2	2 0 1
16	3	0.0	2	1 1 1
17	5	0.0	2	1 2 2
18	15	0.0	2	1 6 2 6
19	128	0.0	2	3 7 105 13
20	7476	0.0	3	186 6794 387 109
21	156041	0.0	3	145758 8849 951 483
22	513	0.0	3	50 382 54 27
23	1	0.0	3	0 0 1
49	1	0.0	3	0 0 0 1
58	2	0.0	3	0 0 0 2
59	2	0.0	3	0 0 1 1
61	7	0.0	3	1 3 1 2
62	8	0.0	3	0 3 1 4
63	31	0.0	3	2 6 7 16
64	203	0.0	3	9 36 61 97
65	88	0.0	3	2 10 32 44
66	5	0.0	3	0 0 3 2


=== Second read: Adapter 4 ===

Sequence: CTGCWGCVHCCCRTAGG; Type: regular 3'; Length: 17; Trimmed: 2 times

Minimum overlap: 15
No. of allowed errors:
1-5 bp: 0; 6-12 bp: 1; 13-17 bp: 2

Bases preceding removed adapters:
  A: 50.0%
  C: 50.0%
  G: 0.0%
  T: 0.0%
  none/other: 0.0%

Overview of removed sequences
length	count	expect	max.err	error counts
184	1	0.0	2	0 0 1
271	1	0.0	2	0 0 1
