This is cutadapt 5.0 with Python 3.13.1
Command line parameters: -m 50 -O 15 -e 0.15 -g CCTAYGGGDBGCWGCAG -G GACTACNVGGGTMTCTAATCC -a GGATTAGAKACCCBNGTAGTC -A CTGCWGCVHCCCRTAGG -o plate3.1/cutadapt/3795R_L_F_S2_week5_S48_L001_R1_001.fastq.gz -p plate3.1/cutadapt/3795R_L_F_S2_week5_S48_L001_R2_001.fastq.gz plate3.1/filtN/3795R_L_F_S2_week5_S48_L001_R1_001.fastq.gz plate3.1/filtN/3795R_L_F_S2_week5_S48_L001_R2_001.fastq.gz
Processing paired-end reads on 1 core ...

=== Summary ===

Total read pairs processed:            143,379
  Read 1 with adapter:                 143,172 (99.9%)
  Read 2 with adapter:                 141,552 (98.7%)

== Read fate breakdown ==
Pairs that were too short:              12,852 (9.0%)
Pairs written (passing filters):       130,527 (91.0%)

Total basepairs processed:    82,834,117 bp
  Read 1:    43,157,074 bp
  Read 2:    39,677,043 bp
Total written (filtered):     73,641,756 bp (88.9%)
  Read 1:    37,074,689 bp
  Read 2:    36,567,067 bp

=== First read: Adapter 1 ===

Sequence: CCTAYGGGDBGCWGCAG; Type: regular 5'; Length: 17; Trimmed: 142979 times

Minimum overlap: 15
No. of allowed errors:
1-5 bp: 0; 6-12 bp: 1; 13-17 bp: 2

Overview of removed sequences
length	count	expect	max.err	error counts
14	12	0.0	2	0 4 8
15	243	0.0	2	10 73 160
16	3182	0.0	2	790 2229 163
17	139155	0.0	2	137035 2075 45
18	387	0.0	2	62 319 6


=== First read: Adapter 2 ===

Sequence: GGATTAGAKACCCBNGTAGTC; Type: regular 3'; Length: 21; Trimmed: 193 times

Minimum overlap: 15
No. of allowed errors:
1-5 bp: 0; 6-12 bp: 1; 13-19 bp: 2; 20 bp: 3

Bases preceding removed adapters:
  A: 40.9%
  C: 5.7%
  G: 51.3%
  T: 2.1%
  none/other: 0.0%

Overview of removed sequences
length	count	expect	max.err	error counts
24	101	0.0	3	90 11
25	5	0.0	3	5
27	1	0.0	3	1
218	1	0.0	3	1
250	1	0.0	3	1
264	4	0.0	3	3 1
277	1	0.0	3	1
278	2	0.0	3	1 1
279	8	0.0	3	8
280	1	0.0	3	1
282	2	0.0	3	2
284	21	0.0	3	19 2
285	44	0.0	3	37 7
286	1	0.0	3	1


=== Second read: Adapter 3 ===

Sequence: GACTACNVGGGTMTCTAATCC; Type: regular 5'; Length: 21; Trimmed: 141551 times

Minimum overlap: 15
No. of allowed errors:
1-5 bp: 0; 6-12 bp: 1; 13-19 bp: 2; 20 bp: 3

Overview of removed sequences
length	count	expect	max.err	error counts
15	2	0.0	2	2
16	3	0.0	2	2 0 1
17	6	0.0	2	1 2 3
18	17	0.0	2	3 5 2 7
19	164	0.0	2	4 18 121 21
20	7028	0.0	3	196 6321 410 101
21	133474	0.0	3	125299 7054 727 394
22	453	0.0	3	41 325 61 26
23	2	0.0	3	0 0 2
28	1	0.0	3	0 1
47	1	0.0	3	0 0 1
52	1	0.0	3	1
55	2	0.0	3	0 1 0 1
56	1	0.0	3	0 0 1
57	3	0.0	3	0 0 2 1
58	1	0.0	3	1
59	5	0.0	3	0 0 3 2
60	4	0.0	3	0 0 2 2
61	6	0.0	3	0 4 0 2
62	9	0.0	3	1 1 2 5
63	46	0.0	3	3 11 17 15
64	222	0.0	3	15 46 78 83
65	91	0.0	3	5 22 27 37
66	9	0.0	3	0 0 3 6


=== Second read: Adapter 4 ===

Sequence: CTGCWGCVHCCCRTAGG; Type: regular 3'; Length: 17; Trimmed: 1 times

Minimum overlap: 15
No. of allowed errors:
1-5 bp: 0; 6-12 bp: 1; 13-17 bp: 2

Bases preceding removed adapters:
  A: 0.0%
  C: 100.0%
  G: 0.0%
  T: 0.0%
  none/other: 0.0%

Overview of removed sequences
length	count	expect	max.err	error counts
281	1	0.0	2	0 0 1
