This is cutadapt 5.0 with Python 3.13.1
Command line parameters: -A XXX -q 20,20 -m 50 -o plate3.1/cutadapt_qc/2404R_L_F_S2_week9_S67_L001_R1_001.fastq.gz -p plate3.1/cutadapt_qc/2404R_L_F_S2_week9_S67_L001_R2_001.fastq.gz plate3.1/cutadapt/2404R_L_F_S2_week9_S67_L001_R1_001.fastq.gz plate3.1/cutadapt/2404R_L_F_S2_week9_S67_L001_R2_001.fastq.gz
Processing paired-end reads on 1 core ...

=== Summary ===

Total read pairs processed:            111,687
  Read 2 with adapter:                       0 (0.0%)

== Read fate breakdown ==
Pairs that were too short:               1,305 (1.2%)
Pairs written (passing filters):       110,382 (98.8%)

Total basepairs processed:    63,009,635 bp
  Read 1:    31,723,916 bp
  Read 2:    31,285,719 bp
Quality-trimmed:               2,904,877 bp (4.6%)
  Read 1:       388,745 bp
  Read 2:     2,516,132 bp
Total written (filtered):     59,721,158 bp (94.8%)
  Read 1:    30,972,369 bp
  Read 2:    28,748,789 bp

=== Second read: Adapter 1 ===

Sequence: XXX; Type: regular 3'; Length: 3; Trimmed: 0 times
