This is cutadapt 5.0 with Python 3.13.1
Command line parameters: -A XXX -q 20,20 -m 50 -o plate3.1/cutadapt_qc/3980R_S2_week14_S23_L001_R1_001.fastq.gz -p plate3.1/cutadapt_qc/3980R_S2_week14_S23_L001_R2_001.fastq.gz plate3.1/cutadapt/3980R_S2_week14_S23_L001_R1_001.fastq.gz plate3.1/cutadapt/3980R_S2_week14_S23_L001_R2_001.fastq.gz
Processing paired-end reads on 1 core ...

=== Summary ===

Total read pairs processed:            147,627
  Read 2 with adapter:                       0 (0.0%)

== Read fate breakdown ==
Pairs that were too short:               1,443 (1.0%)
Pairs written (passing filters):       146,184 (99.0%)

Total basepairs processed:    83,296,152 bp
  Read 1:    41,930,989 bp
  Read 2:    41,365,163 bp
Quality-trimmed:               3,542,230 bp (4.3%)
  Read 1:       548,470 bp
  Read 2:     2,993,760 bp
Total written (filtered):     79,332,893 bp (95.2%)
  Read 1:    40,982,614 bp
  Read 2:    38,350,279 bp

=== Second read: Adapter 1 ===

Sequence: XXX; Type: regular 3'; Length: 3; Trimmed: 0 times
