This is cutadapt 5.0 with Python 3.13.1
Command line parameters: -A XXX -q 20,20 -m 50 -o plate3.1/cutadapt_qc/2475R_RL_M_S5_Pellet_week9_S6_L001_R1_001.fastq.gz -p plate3.1/cutadapt_qc/2475R_RL_M_S5_Pellet_week9_S6_L001_R2_001.fastq.gz plate3.1/cutadapt/2475R_RL_M_S5_Pellet_week9_S6_L001_R1_001.fastq.gz plate3.1/cutadapt/2475R_RL_M_S5_Pellet_week9_S6_L001_R2_001.fastq.gz
Processing paired-end reads on 1 core ...

=== Summary ===

Total read pairs processed:            104,695
  Read 2 with adapter:                       0 (0.0%)

== Read fate breakdown ==
Pairs that were too short:               1,011 (1.0%)
Pairs written (passing filters):       103,684 (99.0%)

Total basepairs processed:    59,064,898 bp
  Read 1:    29,736,659 bp
  Read 2:    29,328,239 bp
Quality-trimmed:               2,731,300 bp (4.6%)
  Read 1:       443,436 bp
  Read 2:     2,287,864 bp
Total written (filtered):     56,038,343 bp (94.9%)
  Read 1:    29,016,238 bp
  Read 2:    27,022,105 bp

=== Second read: Adapter 1 ===

Sequence: XXX; Type: regular 3'; Length: 3; Trimmed: 0 times
