This is cutadapt 5.0 with Python 3.13.1
Command line parameters: -m 50 -O 15 -e 0.15 -g CCTAYGGGDBGCWGCAG -G GACTACNVGGGTMTCTAATCC -a GGATTAGAKACCCBNGTAGTC -A CTGCWGCVHCCCRTAGG -o plate3.1/cutadapt/2446R_0_F_S2_week5_S42_L001_R1_001.fastq.gz -p plate3.1/cutadapt/2446R_0_F_S2_week5_S42_L001_R2_001.fastq.gz plate3.1/filtN/2446R_0_F_S2_week5_S42_L001_R1_001.fastq.gz plate3.1/filtN/2446R_0_F_S2_week5_S42_L001_R2_001.fastq.gz
Processing paired-end reads on 1 core ...

=== Summary ===

Total read pairs processed:            130,090
  Read 1 with adapter:                 129,935 (99.9%)
  Read 2 with adapter:                 128,348 (98.7%)

== Read fate breakdown ==
Pairs that were too short:              11,566 (8.9%)
Pairs written (passing filters):       118,524 (91.1%)

Total basepairs processed:    75,164,205 bp
  Read 1:    39,157,089 bp
  Read 2:    36,007,116 bp
Total written (filtered):     66,869,637 bp (89.0%)
  Read 1:    33,665,006 bp
  Read 2:    33,204,631 bp

=== First read: Adapter 1 ===

Sequence: CCTAYGGGDBGCWGCAG; Type: regular 5'; Length: 17; Trimmed: 129885 times

Minimum overlap: 15
No. of allowed errors:
1-5 bp: 0; 6-12 bp: 1; 13-17 bp: 2

Overview of removed sequences
length	count	expect	max.err	error counts
14	5	0.0	2	0 1 4
15	143	0.0	2	8 54 81
16	2271	0.0	2	508 1635 128
17	127136	0.0	2	125466 1628 42
18	329	0.0	2	49 267 13
47	1	0.0	2	1


=== First read: Adapter 2 ===

Sequence: GGATTAGAKACCCBNGTAGTC; Type: regular 3'; Length: 21; Trimmed: 50 times

Minimum overlap: 15
No. of allowed errors:
1-5 bp: 0; 6-12 bp: 1; 13-19 bp: 2; 20 bp: 3

Bases preceding removed adapters:
  A: 24.0%
  C: 0.0%
  G: 76.0%
  T: 0.0%
  none/other: 0.0%

Overview of removed sequences
length	count	expect	max.err	error counts
24	47	0.0	3	45 2
25	2	0.0	3	1 1
26	1	0.0	3	0 1


=== Second read: Adapter 3 ===

Sequence: GACTACNVGGGTMTCTAATCC; Type: regular 5'; Length: 21; Trimmed: 128348 times

Minimum overlap: 15
No. of allowed errors:
1-5 bp: 0; 6-12 bp: 1; 13-19 bp: 2; 20 bp: 3

Overview of removed sequences
length	count	expect	max.err	error counts
15	6	0.0	2	2 3 1
16	3	0.0	2	0 2 1
17	4	0.0	2	0 1 3
18	19	0.0	2	3 8 3 5
19	156	0.0	2	5 25 107 19
20	6128	0.0	3	175 5533 345 75
21	121254	0.0	3	113617 6680 600 357
22	382	0.0	3	33 287 47 15
54	1	0.0	3	0 0 0 1
57	4	0.0	3	0 1 1 2
58	3	0.0	3	0 1 2
59	1	0.0	3	0 0 0 1
60	4	0.0	3	0 1 2 1
61	11	0.0	3	4 3 1 3
62	11	0.0	3	0 5 1 5
63	30	0.0	3	1 5 10 14
64	220	0.0	3	12 33 78 97
65	103	0.0	3	6 19 34 44
66	8	0.0	3	0 2 3 3


=== Second read: Adapter 4 ===

Sequence: CTGCWGCVHCCCRTAGG; Type: regular 3'; Length: 17; Trimmed: 0 times
