This is cutadapt 5.0 with Python 3.13.1
Command line parameters: -m 50 -O 15 -e 0.15 -g CCTAYGGGDBGCWGCAG -G GACTACNVGGGTMTCTAATCC -a GGATTAGAKACCCBNGTAGTC -A CTGCWGCVHCCCRTAGG -o plate3.1/cutadapt/2446R_RL_F_S2_Pellet_week9_S69_L001_R1_001.fastq.gz -p plate3.1/cutadapt/2446R_RL_F_S2_Pellet_week9_S69_L001_R2_001.fastq.gz plate3.1/filtN/2446R_RL_F_S2_Pellet_week9_S69_L001_R1_001.fastq.gz plate3.1/filtN/2446R_RL_F_S2_Pellet_week9_S69_L001_R2_001.fastq.gz
Processing paired-end reads on 1 core ...

=== Summary ===

Total read pairs processed:            146,894
  Read 1 with adapter:                 146,760 (99.9%)
  Read 2 with adapter:                 145,382 (99.0%)

== Read fate breakdown ==
Pairs that were too short:              13,075 (8.9%)
Pairs written (passing filters):       133,819 (91.1%)

Total basepairs processed:    84,871,275 bp
  Read 1:    44,215,093 bp
  Read 2:    40,656,182 bp
Total written (filtered):     75,493,235 bp (89.0%)
  Read 1:    38,008,511 bp
  Read 2:    37,484,724 bp

=== First read: Adapter 1 ===

Sequence: CCTAYGGGDBGCWGCAG; Type: regular 5'; Length: 17; Trimmed: 146680 times

Minimum overlap: 15
No. of allowed errors:
1-5 bp: 0; 6-12 bp: 1; 13-17 bp: 2

Overview of removed sequences
length	count	expect	max.err	error counts
14	3	0.0	2	0 2 1
15	176	0.0	2	9 61 106
16	2429	0.0	2	693 1596 140
17	143609	0.0	2	141520 2051 38
18	460	0.0	2	64 389 7
19	1	0.0	2	0 0 1
30	2	0.0	2	2


=== First read: Adapter 2 ===

Sequence: GGATTAGAKACCCBNGTAGTC; Type: regular 3'; Length: 21; Trimmed: 80 times

Minimum overlap: 15
No. of allowed errors:
1-5 bp: 0; 6-12 bp: 1; 13-19 bp: 2; 20 bp: 3

Bases preceding removed adapters:
  A: 38.8%
  C: 0.0%
  G: 61.3%
  T: 0.0%
  none/other: 0.0%

Overview of removed sequences
length	count	expect	max.err	error counts
24	65	0.0	3	56 9
25	1	0.0	3	1
285	14	0.0	3	8 6


=== Second read: Adapter 3 ===

Sequence: GACTACNVGGGTMTCTAATCC; Type: regular 5'; Length: 21; Trimmed: 145381 times

Minimum overlap: 15
No. of allowed errors:
1-5 bp: 0; 6-12 bp: 1; 13-19 bp: 2; 20 bp: 3

Overview of removed sequences
length	count	expect	max.err	error counts
15	4	0.0	2	4
16	3	0.0	2	0 2 1
17	5	0.0	2	1 0 4
18	15	0.0	2	3 3 3 6
19	135	0.0	2	4 9 108 14
20	6952	0.0	3	143 6348 375 86
21	137387	0.0	3	128962 7540 590 295
22	520	0.0	3	50 387 57 26
23	3	0.0	3	0 2 0 1
24	1	0.0	3	0 0 0 1
48	1	0.0	3	0 0 1
49	1	0.0	3	0 0 0 1
50	1	0.0	3	0 0 1
51	1	0.0	3	0 0 0 1
57	1	0.0	3	0 0 0 1
59	5	0.0	3	0 0 2 3
60	1	0.0	3	0 0 0 1
61	6	0.0	3	1 1 2 2
62	8	0.0	3	1 1 2 4
63	37	0.0	3	1 9 11 16
64	171	0.0	3	10 37 59 65
65	120	0.0	3	6 24 42 48
66	3	0.0	3	0 1 0 2


=== Second read: Adapter 4 ===

Sequence: CTGCWGCVHCCCRTAGG; Type: regular 3'; Length: 17; Trimmed: 1 times

Minimum overlap: 15
No. of allowed errors:
1-5 bp: 0; 6-12 bp: 1; 13-17 bp: 2

Bases preceding removed adapters:
  A: 0.0%
  C: 100.0%
  G: 0.0%
  T: 0.0%
  none/other: 0.0%

Overview of removed sequences
length	count	expect	max.err	error counts
146	1	0.0	2	0 0 1
