This is cutadapt 5.0 with Python 3.13.1
Command line parameters: -m 50 -O 15 -e 0.15 -g CCTAYGGGDBGCWGCAG -G GACTACNVGGGTMTCTAATCC -a GGATTAGAKACCCBNGTAGTC -A CTGCWGCVHCCCRTAGG -o plate3.1/cutadapt/3880R_L_F_S2_week9_S75_L001_R1_001.fastq.gz -p plate3.1/cutadapt/3880R_L_F_S2_week9_S75_L001_R2_001.fastq.gz plate3.1/filtN/3880R_L_F_S2_week9_S75_L001_R1_001.fastq.gz plate3.1/filtN/3880R_L_F_S2_week9_S75_L001_R2_001.fastq.gz
Processing paired-end reads on 1 core ...

=== Summary ===

Total read pairs processed:            165,325
  Read 1 with adapter:                 165,092 (99.9%)
  Read 2 with adapter:                 162,590 (98.3%)

== Read fate breakdown ==
Pairs that were too short:              14,798 (9.0%)
Pairs written (passing filters):       150,527 (91.0%)

Total basepairs processed:    95,493,841 bp
  Read 1:    49,762,825 bp
  Read 2:    45,731,016 bp
Total written (filtered):     84,952,479 bp (89.0%)
  Read 1:    42,755,560 bp
  Read 2:    42,196,919 bp

=== First read: Adapter 1 ===

Sequence: CCTAYGGGDBGCWGCAG; Type: regular 5'; Length: 17; Trimmed: 164994 times

Minimum overlap: 15
No. of allowed errors:
1-5 bp: 0; 6-12 bp: 1; 13-17 bp: 2

Overview of removed sequences
length	count	expect	max.err	error counts
14	4	0.0	2	0 2 2
15	227	0.0	2	10 84 133
16	3148	0.0	2	736 2226 186
17	161189	0.0	2	159069 2074 46
18	423	0.0	2	65 349 9
19	3	0.0	2	0 0 3


=== First read: Adapter 2 ===

Sequence: GGATTAGAKACCCBNGTAGTC; Type: regular 3'; Length: 21; Trimmed: 98 times

Minimum overlap: 15
No. of allowed errors:
1-5 bp: 0; 6-12 bp: 1; 13-19 bp: 2; 20 bp: 3

Bases preceding removed adapters:
  A: 11.2%
  C: 0.0%
  G: 88.8%
  T: 0.0%
  none/other: 0.0%
WARNING:
    The adapter is preceded by 'G' extremely often.
    The provided adapter sequence could be incomplete at its 5' end.
    Ignore this warning when trimming primers.

Overview of removed sequences
length	count	expect	max.err	error counts
23	1	0.0	3	1
24	93	0.0	3	83 10
25	3	0.0	3	3
192	1	0.0	3	0 0 1


=== Second read: Adapter 3 ===

Sequence: GACTACNVGGGTMTCTAATCC; Type: regular 5'; Length: 21; Trimmed: 162588 times

Minimum overlap: 15
No. of allowed errors:
1-5 bp: 0; 6-12 bp: 1; 13-19 bp: 2; 20 bp: 3

Overview of removed sequences
length	count	expect	max.err	error counts
15	3	0.0	2	2 1
16	1	0.0	2	1
17	3	0.0	2	1 0 2
18	16	0.0	2	0 8 1 7
19	162	0.0	2	3 19 128 12
20	7529	0.0	3	171 6820 431 107
21	154141	0.0	3	144135 8773 811 422
22	630	0.0	3	52 468 70 40
48	1	0.0	3	0 1
51	1	0.0	3	0 0 0 1
59	1	0.0	3	0 0 0 1
60	1	0.0	3	0 0 0 1
61	2	0.0	3	0 1 1
62	2	0.0	3	0 0 0 2
63	10	0.0	3	1 1 1 7
64	41	0.0	3	0 0 17 24
65	40	0.0	3	0 2 7 31
66	4	0.0	3	0 0 1 3


=== Second read: Adapter 4 ===

Sequence: CTGCWGCVHCCCRTAGG; Type: regular 3'; Length: 17; Trimmed: 2 times

Minimum overlap: 15
No. of allowed errors:
1-5 bp: 0; 6-12 bp: 1; 13-17 bp: 2

Bases preceding removed adapters:
  A: 0.0%
  C: 100.0%
  G: 0.0%
  T: 0.0%
  none/other: 0.0%

Overview of removed sequences
length	count	expect	max.err	error counts
56	1	0.0	2	0 0 1
281	1	0.0	2	0 0 1


WARNING:
    One or more of your adapter sequences may be incomplete.
    Please see the detailed output above.
