This is cutadapt 5.0 with Python 3.13.1
Command line parameters: -m 50 -O 15 -e 0.15 -g CCTAYGGGDBGCWGCAG -G GACTACNVGGGTMTCTAATCC -a GGATTAGAKACCCBNGTAGTC -A CTGCWGCVHCCCRTAGG -o plate3.1/cutadapt/3880R_R_F_S2_week5_S51_L001_R1_001.fastq.gz -p plate3.1/cutadapt/3880R_R_F_S2_week5_S51_L001_R2_001.fastq.gz plate3.1/filtN/3880R_R_F_S2_week5_S51_L001_R1_001.fastq.gz plate3.1/filtN/3880R_R_F_S2_week5_S51_L001_R2_001.fastq.gz
Processing paired-end reads on 1 core ...

=== Summary ===

Total read pairs processed:            136,319
  Read 1 with adapter:                 136,144 (99.9%)
  Read 2 with adapter:                 134,271 (98.5%)

== Read fate breakdown ==
Pairs that were too short:              12,530 (9.2%)
Pairs written (passing filters):       123,789 (90.8%)

Total basepairs processed:    78,651,855 bp
  Read 1:    41,032,013 bp
  Read 2:    37,619,842 bp
Total written (filtered):     69,855,148 bp (88.8%)
  Read 1:    35,160,744 bp
  Read 2:    34,694,404 bp

=== First read: Adapter 1 ===

Sequence: CCTAYGGGDBGCWGCAG; Type: regular 5'; Length: 17; Trimmed: 136043 times

Minimum overlap: 15
No. of allowed errors:
1-5 bp: 0; 6-12 bp: 1; 13-17 bp: 2

Overview of removed sequences
length	count	expect	max.err	error counts
14	9	0.0	2	0 3 6
15	214	0.0	2	13 70 131
16	2814	0.0	2	725 1927 162
17	132604	0.0	2	130812 1739 53
18	400	0.0	2	73 317 10
19	1	0.0	2	0 0 1
20	1	0.0	2	0 0 1


=== First read: Adapter 2 ===

Sequence: GGATTAGAKACCCBNGTAGTC; Type: regular 3'; Length: 21; Trimmed: 101 times

Minimum overlap: 15
No. of allowed errors:
1-5 bp: 0; 6-12 bp: 1; 13-19 bp: 2; 20 bp: 3

Bases preceding removed adapters:
  A: 16.8%
  C: 0.0%
  G: 83.2%
  T: 0.0%
  none/other: 0.0%
WARNING:
    The adapter is preceded by 'G' extremely often.
    The provided adapter sequence could be incomplete at its 5' end.
    Ignore this warning when trimming primers.

Overview of removed sequences
length	count	expect	max.err	error counts
24	95	0.0	3	85 10
25	3	0.0	3	2 1
26	2	0.0	3	1 0 1
284	1	0.0	3	1


=== Second read: Adapter 3 ===

Sequence: GACTACNVGGGTMTCTAATCC; Type: regular 5'; Length: 21; Trimmed: 134264 times

Minimum overlap: 15
No. of allowed errors:
1-5 bp: 0; 6-12 bp: 1; 13-19 bp: 2; 20 bp: 3

Overview of removed sequences
length	count	expect	max.err	error counts
15	5	0.0	2	3 1 1
16	5	0.0	2	1 2 2
17	8	0.0	2	2 2 4
18	30	0.0	2	1 8 9 12
19	301	0.0	2	6 38 232 25
20	8200	0.0	3	248 7345 492 115
21	124899	0.0	3	117088 6895 619 297
22	602	0.0	3	61 449 56 36
46	1	0.0	3	0 0 1
52	1	0.0	3	0 0 0 1
54	2	0.0	3	0 0 1 1
56	2	0.0	3	0 0 1 1
57	2	0.0	3	0 0 1 1
58	3	0.0	3	0 0 2 1
59	3	0.0	3	1 0 0 2
60	6	0.0	3	0 0 3 3
61	11	0.0	3	2 1 4 4
62	13	0.0	3	0 2 3 8
63	26	0.0	3	1 4 8 13
64	96	0.0	3	4 13 28 51
65	44	0.0	3	2 6 9 27
66	4	0.0	3	0 1 1 2


=== Second read: Adapter 4 ===

Sequence: CTGCWGCVHCCCRTAGG; Type: regular 3'; Length: 17; Trimmed: 7 times

Minimum overlap: 15
No. of allowed errors:
1-5 bp: 0; 6-12 bp: 1; 13-17 bp: 2

Bases preceding removed adapters:
  A: 42.9%
  C: 14.3%
  G: 28.6%
  T: 14.3%
  none/other: 0.0%

Overview of removed sequences
length	count	expect	max.err	error counts
18	1	0.0	2	0 0 1
22	1	0.0	2	0 1
91	1	0.0	2	0 0 1
187	1	0.0	2	0 0 1
215	1	0.0	2	0 0 1
281	2	0.0	2	1 1


WARNING:
    One or more of your adapter sequences may be incomplete.
    Please see the detailed output above.
