This is cutadapt 5.0 with Python 3.13.1
Command line parameters: -A XXX -q 20,20 -m 50 -o plate3.1/cutadapt_qc/1067R_0_M_S2_week9_S62_L001_R1_001.fastq.gz -p plate3.1/cutadapt_qc/1067R_0_M_S2_week9_S62_L001_R2_001.fastq.gz plate3.1/cutadapt/1067R_0_M_S2_week9_S62_L001_R1_001.fastq.gz plate3.1/cutadapt/1067R_0_M_S2_week9_S62_L001_R2_001.fastq.gz
Processing paired-end reads on 1 core ...

=== Summary ===

Total read pairs processed:            135,308
  Read 2 with adapter:                       0 (0.0%)

== Read fate breakdown ==
Pairs that were too short:               1,498 (1.1%)
Pairs written (passing filters):       133,810 (98.9%)

Total basepairs processed:    76,347,542 bp
  Read 1:    38,432,084 bp
  Read 2:    37,915,458 bp
Quality-trimmed:               3,133,684 bp (4.1%)
  Read 1:       467,237 bp
  Read 2:     2,666,447 bp
Total written (filtered):     72,774,521 bp (95.3%)
  Read 1:    37,550,599 bp
  Read 2:    35,223,922 bp

=== Second read: Adapter 1 ===

Sequence: XXX; Type: regular 3'; Length: 3; Trimmed: 0 times
