This is cutadapt 5.0 with Python 3.13.1
Command line parameters: -m 50 -O 15 -e 0.15 -g CCTAYGGGDBGCWGCAG -G GACTACNVGGGTMTCTAATCC -a GGATTAGAKACCCBNGTAGTC -A CTGCWGCVHCCCRTAGG -o plate3.1/cutadapt/3918R_L_M_S2_week9_S79_L001_R1_001.fastq.gz -p plate3.1/cutadapt/3918R_L_M_S2_week9_S79_L001_R2_001.fastq.gz plate3.1/filtN/3918R_L_M_S2_week9_S79_L001_R1_001.fastq.gz plate3.1/filtN/3918R_L_M_S2_week9_S79_L001_R2_001.fastq.gz
Processing paired-end reads on 1 core ...

=== Summary ===

Total read pairs processed:            143,943
  Read 1 with adapter:                 143,765 (99.9%)
  Read 2 with adapter:                 141,479 (98.3%)

== Read fate breakdown ==
Pairs that were too short:              12,949 (9.0%)
Pairs written (passing filters):       130,994 (91.0%)

Total basepairs processed:    83,127,158 bp
  Read 1:    43,326,841 bp
  Read 2:    39,800,317 bp
Total written (filtered):     73,928,599 bp (88.9%)
  Read 1:    37,206,730 bp
  Read 2:    36,721,869 bp

=== First read: Adapter 1 ===

Sequence: CCTAYGGGDBGCWGCAG; Type: regular 5'; Length: 17; Trimmed: 143693 times

Minimum overlap: 15
No. of allowed errors:
1-5 bp: 0; 6-12 bp: 1; 13-17 bp: 2

Overview of removed sequences
length	count	expect	max.err	error counts
14	1	0.0	2	0 0 1
15	149	0.0	2	10 45 94
16	2395	0.0	2	536 1705 154
17	140735	0.0	2	138828 1867 40
18	412	0.0	2	66 335 11
19	1	0.0	2	0 0 1


=== First read: Adapter 2 ===

Sequence: GGATTAGAKACCCBNGTAGTC; Type: regular 3'; Length: 21; Trimmed: 72 times

Minimum overlap: 15
No. of allowed errors:
1-5 bp: 0; 6-12 bp: 1; 13-19 bp: 2; 20 bp: 3

Bases preceding removed adapters:
  A: 31.9%
  C: 0.0%
  G: 68.1%
  T: 0.0%
  none/other: 0.0%

Overview of removed sequences
length	count	expect	max.err	error counts
24	70	0.0	3	61 9
25	2	0.0	3	2


=== Second read: Adapter 3 ===

Sequence: GACTACNVGGGTMTCTAATCC; Type: regular 5'; Length: 21; Trimmed: 141476 times

Minimum overlap: 15
No. of allowed errors:
1-5 bp: 0; 6-12 bp: 1; 13-19 bp: 2; 20 bp: 3

Overview of removed sequences
length	count	expect	max.err	error counts
15	1	0.0	2	1
16	2	0.0	2	1 0 1
17	2	0.0	2	1 1
18	14	0.0	2	0 5 3 6
19	151	0.0	2	5 14 120 12
20	6735	0.0	3	146 6087 397 105
21	133868	0.0	3	125297 7431 758 382
22	576	0.0	3	53 431 62 30
23	1	0.0	3	0 0 1
56	1	0.0	3	0 0 0 1
61	6	0.0	3	0 2 3 1
62	5	0.0	3	0 0 2 3
63	15	0.0	3	0 3 5 7
64	66	0.0	3	2 4 14 46
65	32	0.0	3	0 2 9 21
66	1	0.0	3	0 0 0 1


=== Second read: Adapter 4 ===

Sequence: CTGCWGCVHCCCRTAGG; Type: regular 3'; Length: 17; Trimmed: 3 times

Minimum overlap: 15
No. of allowed errors:
1-5 bp: 0; 6-12 bp: 1; 13-17 bp: 2

Bases preceding removed adapters:
  A: 33.3%
  C: 0.0%
  G: 66.7%
  T: 0.0%
  none/other: 0.0%

Overview of removed sequences
length	count	expect	max.err	error counts
20	1	0.0	2	0 0 1
21	1	0.0	2	0 0 1
281	1	0.0	2	0 0 1
