This is cutadapt 5.0 with Python 3.13.1
Command line parameters: -A XXX -q 20,20 -m 50 -o plate3.1/cutadapt_qc/1152R_0_M_S2_week5_S36_L001_R1_001.fastq.gz -p plate3.1/cutadapt_qc/1152R_0_M_S2_week5_S36_L001_R2_001.fastq.gz plate3.1/cutadapt/1152R_0_M_S2_week5_S36_L001_R1_001.fastq.gz plate3.1/cutadapt/1152R_0_M_S2_week5_S36_L001_R2_001.fastq.gz
Processing paired-end reads on 1 core ...

=== Summary ===

Total read pairs processed:            134,326
  Read 2 with adapter:                       0 (0.0%)

== Read fate breakdown ==
Pairs that were too short:               1,359 (1.0%)
Pairs written (passing filters):       132,967 (99.0%)

Total basepairs processed:    75,789,109 bp
  Read 1:    38,153,128 bp
  Read 2:    37,635,981 bp
Quality-trimmed:               3,101,260 bp (4.1%)
  Read 1:       458,159 bp
  Read 2:     2,643,101 bp
Total written (filtered):     72,289,763 bp (95.4%)
  Read 1:    37,316,387 bp
  Read 2:    34,973,376 bp

=== Second read: Adapter 1 ===

Sequence: XXX; Type: regular 3'; Length: 3; Trimmed: 0 times
