This is cutadapt 5.0 with Python 3.13.1
Command line parameters: -A XXX -q 20,20 -m 50 -o plate3.1/cutadapt_qc/3880R_0_F_S2_week9_S74_L001_R1_001.fastq.gz -p plate3.1/cutadapt_qc/3880R_0_F_S2_week9_S74_L001_R2_001.fastq.gz plate3.1/cutadapt/3880R_0_F_S2_week9_S74_L001_R1_001.fastq.gz plate3.1/cutadapt/3880R_0_F_S2_week9_S74_L001_R2_001.fastq.gz
Processing paired-end reads on 1 core ...

=== Summary ===

Total read pairs processed:            129,004
  Read 2 with adapter:                       0 (0.0%)

== Read fate breakdown ==
Pairs that were too short:               1,835 (1.4%)
Pairs written (passing filters):       127,169 (98.6%)

Total basepairs processed:    72,806,490 bp
  Read 1:    36,641,057 bp
  Read 2:    36,165,433 bp
Quality-trimmed:               4,450,548 bp (6.1%)
  Read 1:       575,191 bp
  Read 2:     3,875,357 bp
Total written (filtered):     67,823,602 bp (93.2%)
  Read 1:    35,557,631 bp
  Read 2:    32,265,971 bp

=== Second read: Adapter 1 ===

Sequence: XXX; Type: regular 3'; Length: 3; Trimmed: 0 times
