This is cutadapt 5.0 with Python 3.13.1
Command line parameters: -A XXX -q 20,20 -m 50 -o plate3.1/cutadapt_qc/S5_defined_inocula_S87_L001_R1_001.fastq.gz -p plate3.1/cutadapt_qc/S5_defined_inocula_S87_L001_R2_001.fastq.gz plate3.1/cutadapt/S5_defined_inocula_S87_L001_R1_001.fastq.gz plate3.1/cutadapt/S5_defined_inocula_S87_L001_R2_001.fastq.gz
Processing paired-end reads on 1 core ...

=== Summary ===

Total read pairs processed:            178,319
  Read 2 with adapter:                       0 (0.0%)

== Read fate breakdown ==
Pairs that were too short:               1,655 (0.9%)
Pairs written (passing filters):       176,664 (99.1%)

Total basepairs processed:   100,603,398 bp
  Read 1:    50,649,305 bp
  Read 2:    49,954,093 bp
Quality-trimmed:               4,535,862 bp (4.5%)
  Read 1:       805,689 bp
  Read 2:     3,730,173 bp
Total written (filtered):     95,582,674 bp (95.0%)
  Read 1:    49,389,758 bp
  Read 2:    46,192,916 bp

=== Second read: Adapter 1 ===

Sequence: XXX; Type: regular 3'; Length: 3; Trimmed: 0 times
