This is cutadapt 5.0 with Python 3.13.1
Command line parameters: -A XXX -q 20,20 -m 50 -o plate3.1/cutadapt_qc/3980R_L_F_S2_week5_S59_L001_R1_001.fastq.gz -p plate3.1/cutadapt_qc/3980R_L_F_S2_week5_S59_L001_R2_001.fastq.gz plate3.1/cutadapt/3980R_L_F_S2_week5_S59_L001_R1_001.fastq.gz plate3.1/cutadapt/3980R_L_F_S2_week5_S59_L001_R2_001.fastq.gz
Processing paired-end reads on 1 core ...

=== Summary ===

Total read pairs processed:            143,572
  Read 2 with adapter:                       0 (0.0%)

== Read fate breakdown ==
Pairs that were too short:               1,597 (1.1%)
Pairs written (passing filters):       141,975 (98.9%)

Total basepairs processed:    81,010,303 bp
  Read 1:    40,780,223 bp
  Read 2:    40,230,080 bp
Quality-trimmed:               3,542,508 bp (4.4%)
  Read 1:       501,143 bp
  Read 2:     3,041,365 bp
Total written (filtered):     76,999,055 bp (95.0%)
  Read 1:    39,835,860 bp
  Read 2:    37,163,195 bp

=== Second read: Adapter 1 ===

Sequence: XXX; Type: regular 3'; Length: 3; Trimmed: 0 times
