This is cutadapt 5.0 with Python 3.13.1
Command line parameters: -A XXX -q 20,20 -m 50 -o plate3.1/cutadapt_qc/1152R_R_M_S2_week5_S38_L001_R1_001.fastq.gz -p plate3.1/cutadapt_qc/1152R_R_M_S2_week5_S38_L001_R2_001.fastq.gz plate3.1/cutadapt/1152R_R_M_S2_week5_S38_L001_R1_001.fastq.gz plate3.1/cutadapt/1152R_R_M_S2_week5_S38_L001_R2_001.fastq.gz
Processing paired-end reads on 1 core ...

=== Summary ===

Total read pairs processed:             96,201
  Read 2 with adapter:                       0 (0.0%)

== Read fate breakdown ==
Pairs that were too short:               1,003 (1.0%)
Pairs written (passing filters):        95,198 (99.0%)

Total basepairs processed:    54,278,921 bp
  Read 1:    27,324,109 bp
  Read 2:    26,954,812 bp
Quality-trimmed:               2,372,053 bp (4.4%)
  Read 1:       362,267 bp
  Read 2:     2,009,786 bp
Total written (filtered):     51,613,902 bp (95.1%)
  Read 1:    26,683,953 bp
  Read 2:    24,929,949 bp

=== Second read: Adapter 1 ===

Sequence: XXX; Type: regular 3'; Length: 3; Trimmed: 0 times
