This is cutadapt 5.0 with Python 3.13.1
Command line parameters: -A XXX -q 20,20 -m 50 -o plate3.1/cutadapt_qc/1067R_L_M_S2_week5_S35_L001_R1_001.fastq.gz -p plate3.1/cutadapt_qc/1067R_L_M_S2_week5_S35_L001_R2_001.fastq.gz plate3.1/cutadapt/1067R_L_M_S2_week5_S35_L001_R1_001.fastq.gz plate3.1/cutadapt/1067R_L_M_S2_week5_S35_L001_R2_001.fastq.gz
Processing paired-end reads on 1 core ...

=== Summary ===

Total read pairs processed:            105,033
  Read 2 with adapter:                       0 (0.0%)

== Read fate breakdown ==
Pairs that were too short:               1,071 (1.0%)
Pairs written (passing filters):       103,962 (99.0%)

Total basepairs processed:    59,262,038 bp
  Read 1:    29,833,680 bp
  Read 2:    29,428,358 bp
Quality-trimmed:               2,391,721 bp (4.0%)
  Read 1:       319,427 bp
  Read 2:     2,072,294 bp
Total written (filtered):     56,557,451 bp (95.4%)
  Read 1:    29,217,623 bp
  Read 2:    27,339,828 bp

=== Second read: Adapter 1 ===

Sequence: XXX; Type: regular 3'; Length: 3; Trimmed: 0 times
