This is cutadapt 5.0 with Python 3.13.1
Command line parameters: -m 50 -O 15 -e 0.15 -g CCTAYGGGDBGCWGCAG -G GACTACNVGGGTMTCTAATCC -a GGATTAGAKACCCBNGTAGTC -A CTGCWGCVHCCCRTAGG -o plate3.1/cutadapt/Positive_Control_S89_L001_R1_001.fastq.gz -p plate3.1/cutadapt/Positive_Control_S89_L001_R2_001.fastq.gz plate3.1/filtN/Positive_Control_S89_L001_R1_001.fastq.gz plate3.1/filtN/Positive_Control_S89_L001_R2_001.fastq.gz
Processing paired-end reads on 1 core ...

=== Summary ===

Total read pairs processed:            156,030
  Read 1 with adapter:                 155,831 (99.9%)
  Read 2 with adapter:                 154,001 (98.7%)

== Read fate breakdown ==
Pairs that were too short:              13,734 (8.8%)
Pairs written (passing filters):       142,296 (91.2%)

Total basepairs processed:    90,188,622 bp
  Read 1:    46,965,025 bp
  Read 2:    43,223,597 bp
Total written (filtered):     80,281,831 bp (89.0%)
  Read 1:    40,417,316 bp
  Read 2:    39,864,515 bp

=== First read: Adapter 1 ===

Sequence: CCTAYGGGDBGCWGCAG; Type: regular 5'; Length: 17; Trimmed: 155798 times

Minimum overlap: 15
No. of allowed errors:
1-5 bp: 0; 6-12 bp: 1; 13-17 bp: 2

Overview of removed sequences
length	count	expect	max.err	error counts
14	1	0.0	2	0 1
15	164	0.0	2	11 57 96
16	2733	0.0	2	647 1944 142
17	152430	0.0	2	150257 2121 52
18	470	0.0	2	86 361 23


=== First read: Adapter 2 ===

Sequence: GGATTAGAKACCCBNGTAGTC; Type: regular 3'; Length: 21; Trimmed: 33 times

Minimum overlap: 15
No. of allowed errors:
1-5 bp: 0; 6-12 bp: 1; 13-19 bp: 2; 20 bp: 3

Bases preceding removed adapters:
  A: 100.0%
  C: 0.0%
  G: 0.0%
  T: 0.0%
  none/other: 0.0%
WARNING:
    The adapter is preceded by 'A' extremely often.
    The provided adapter sequence could be incomplete at its 5' end.
    Ignore this warning when trimming primers.

Overview of removed sequences
length	count	expect	max.err	error counts
23	1	0.0	3	1
24	31	0.0	3	28 3
285	1	0.0	3	1


=== Second read: Adapter 3 ===

Sequence: GACTACNVGGGTMTCTAATCC; Type: regular 5'; Length: 21; Trimmed: 154000 times

Minimum overlap: 15
No. of allowed errors:
1-5 bp: 0; 6-12 bp: 1; 13-19 bp: 2; 20 bp: 3

Overview of removed sequences
length	count	expect	max.err	error counts
16	5	0.0	2	3 2
17	4	0.0	2	3 0 1
18	21	0.0	2	4 6 3 8
19	190	0.0	2	8 10 147 25
20	7783	0.0	3	174 7064 428 117
21	144919	0.0	3	135662 8064 825 368
22	636	0.0	3	63 461 75 37
23	3	0.0	3	0 0 3
25	1	0.0	3	1
29	1	0.0	3	1
54	1	0.0	3	1
56	1	0.0	3	0 0 1
58	5	0.0	3	0 1 2 2
59	1	0.0	3	0 0 0 1
60	2	0.0	3	0 0 2
61	16	0.0	3	4 6 3 3
62	13	0.0	3	1 3 3 6
63	43	0.0	3	2 12 18 11
64	195	0.0	3	16 51 68 60
65	151	0.0	3	15 27 55 54
66	9	0.0	3	1 1 3 4


=== Second read: Adapter 4 ===

Sequence: CTGCWGCVHCCCRTAGG; Type: regular 3'; Length: 17; Trimmed: 1 times

Minimum overlap: 15
No. of allowed errors:
1-5 bp: 0; 6-12 bp: 1; 13-17 bp: 2

Bases preceding removed adapters:
  A: 0.0%
  C: 100.0%
  G: 0.0%
  T: 0.0%
  none/other: 0.0%

Overview of removed sequences
length	count	expect	max.err	error counts
146	1	0.0	2	0 0 1


WARNING:
    One or more of your adapter sequences may be incomplete.
    Please see the detailed output above.
