This is cutadapt 5.0 with Python 3.13.1
Command line parameters: -A XXX -q 20,20 -m 50 -o plate3.1/cutadapt_qc/3909R_S2_week21_S29_L001_R1_001.fastq.gz -p plate3.1/cutadapt_qc/3909R_S2_week21_S29_L001_R2_001.fastq.gz plate3.1/cutadapt/3909R_S2_week21_S29_L001_R1_001.fastq.gz plate3.1/cutadapt/3909R_S2_week21_S29_L001_R2_001.fastq.gz
Processing paired-end reads on 1 core ...

=== Summary ===

Total read pairs processed:            111,880
  Read 2 with adapter:                       0 (0.0%)

== Read fate breakdown ==
Pairs that were too short:               1,319 (1.2%)
Pairs written (passing filters):       110,561 (98.8%)

Total basepairs processed:    63,126,502 bp
  Read 1:    31,777,176 bp
  Read 2:    31,349,326 bp
Quality-trimmed:               2,829,994 bp (4.5%)
  Read 1:       415,581 bp
  Read 2:     2,414,413 bp
Total written (filtered):     59,911,292 bp (94.9%)
  Read 1:    30,995,879 bp
  Read 2:    28,915,413 bp

=== Second read: Adapter 1 ===

Sequence: XXX; Type: regular 3'; Length: 3; Trimmed: 0 times
