This is cutadapt 5.0 with Python 3.13.1
Command line parameters: -A XXX -q 20,20 -m 50 -o plate3.1/cutadapt_qc/2453R_R_F_S2_Pellet_week9_S72_L001_R1_001.fastq.gz -p plate3.1/cutadapt_qc/2453R_R_F_S2_Pellet_week9_S72_L001_R2_001.fastq.gz plate3.1/cutadapt/2453R_R_F_S2_Pellet_week9_S72_L001_R1_001.fastq.gz plate3.1/cutadapt/2453R_R_F_S2_Pellet_week9_S72_L001_R2_001.fastq.gz
Processing paired-end reads on 1 core ...

=== Summary ===

Total read pairs processed:             96,165
  Read 2 with adapter:                       0 (0.0%)

== Read fate breakdown ==
Pairs that were too short:               1,055 (1.1%)
Pairs written (passing filters):        95,110 (98.9%)

Total basepairs processed:    54,253,747 bp
  Read 1:    27,314,955 bp
  Read 2:    26,938,792 bp
Quality-trimmed:               2,383,642 bp (4.4%)
  Read 1:       326,018 bp
  Read 2:     2,057,624 bp
Total written (filtered):     51,559,716 bp (95.0%)
  Read 1:    26,696,396 bp
  Read 2:    24,863,320 bp

=== Second read: Adapter 1 ===

Sequence: XXX; Type: regular 3'; Length: 3; Trimmed: 0 times
