This is cutadapt 5.0 with Python 3.13.1
Command line parameters: -A XXX -q 20,20 -m 50 -o plate3.1/cutadapt_qc/2446R_S2_week15_S24_L001_R1_001.fastq.gz -p plate3.1/cutadapt_qc/2446R_S2_week15_S24_L001_R2_001.fastq.gz plate3.1/cutadapt/2446R_S2_week15_S24_L001_R1_001.fastq.gz plate3.1/cutadapt/2446R_S2_week15_S24_L001_R2_001.fastq.gz
Processing paired-end reads on 1 core ...

=== Summary ===

Total read pairs processed:            104,978
  Read 2 with adapter:                       0 (0.0%)

== Read fate breakdown ==
Pairs that were too short:               1,001 (1.0%)
Pairs written (passing filters):       103,977 (99.0%)

Total basepairs processed:    59,233,441 bp
  Read 1:    29,818,296 bp
  Read 2:    29,415,145 bp
Quality-trimmed:               2,517,111 bp (4.2%)
  Read 1:       372,430 bp
  Read 2:     2,144,681 bp
Total written (filtered):     56,424,300 bp (95.3%)
  Read 1:    29,168,446 bp
  Read 2:    27,255,854 bp

=== Second read: Adapter 1 ===

Sequence: XXX; Type: regular 3'; Length: 3; Trimmed: 0 times
