This is cutadapt 5.0 with Python 3.13.1
Command line parameters: -A XXX -q 20,20 -m 50 -o plate3.1/cutadapt_qc/2453R_L_F_S2_week5_S46_L001_R1_001.fastq.gz -p plate3.1/cutadapt_qc/2453R_L_F_S2_week5_S46_L001_R2_001.fastq.gz plate3.1/cutadapt/2453R_L_F_S2_week5_S46_L001_R1_001.fastq.gz plate3.1/cutadapt/2453R_L_F_S2_week5_S46_L001_R2_001.fastq.gz
Processing paired-end reads on 1 core ...

=== Summary ===

Total read pairs processed:            128,667
  Read 2 with adapter:                       0 (0.0%)

== Read fate breakdown ==
Pairs that were too short:               1,813 (1.4%)
Pairs written (passing filters):       126,854 (98.6%)

Total basepairs processed:    72,591,618 bp
  Read 1:    36,545,510 bp
  Read 2:    36,046,108 bp
Quality-trimmed:               3,221,302 bp (4.4%)
  Read 1:       455,859 bp
  Read 2:     2,765,443 bp
Total written (filtered):     68,833,616 bp (94.8%)
  Read 1:    35,582,552 bp
  Read 2:    33,251,064 bp

=== Second read: Adapter 1 ===

Sequence: XXX; Type: regular 3'; Length: 3; Trimmed: 0 times
