This is cutadapt 5.0 with Python 3.13.1
Command line parameters: -A XXX -q 20,20 -m 50 -o plate3.1/cutadapt_qc/3918R_RL_M_S2_week5_S55_L001_R1_001.fastq.gz -p plate3.1/cutadapt_qc/3918R_RL_M_S2_week5_S55_L001_R2_001.fastq.gz plate3.1/cutadapt/3918R_RL_M_S2_week5_S55_L001_R1_001.fastq.gz plate3.1/cutadapt/3918R_RL_M_S2_week5_S55_L001_R2_001.fastq.gz
Processing paired-end reads on 1 core ...

=== Summary ===

Total read pairs processed:            112,560
  Read 2 with adapter:                       0 (0.0%)

== Read fate breakdown ==
Pairs that were too short:               1,644 (1.5%)
Pairs written (passing filters):       110,916 (98.5%)

Total basepairs processed:    63,515,562 bp
  Read 1:    31,970,496 bp
  Read 2:    31,545,066 bp
Quality-trimmed:               3,097,081 bp (4.9%)
  Read 1:       454,521 bp
  Read 2:     2,642,560 bp
Total written (filtered):     59,936,501 bp (94.4%)
  Read 1:    31,059,433 bp
  Read 2:    28,877,068 bp

=== Second read: Adapter 1 ===

Sequence: XXX; Type: regular 3'; Length: 3; Trimmed: 0 times
