This is cutadapt 5.0 with Python 3.13.1
Command line parameters: -m 50 -O 15 -e 0.15 -g CCTAYGGGDBGCWGCAG -G GACTACNVGGGTMTCTAATCC -a GGATTAGAKACCCBNGTAGTC -A CTGCWGCVHCCCRTAGG -o plate3.1/cutadapt/3980R_L_F_S2_Pellet_week9_S83_L001_R1_001.fastq.gz -p plate3.1/cutadapt/3980R_L_F_S2_Pellet_week9_S83_L001_R2_001.fastq.gz plate3.1/filtN/3980R_L_F_S2_Pellet_week9_S83_L001_R1_001.fastq.gz plate3.1/filtN/3980R_L_F_S2_Pellet_week9_S83_L001_R2_001.fastq.gz
Processing paired-end reads on 1 core ...

=== Summary ===

Total read pairs processed:            129,450
  Read 1 with adapter:                 129,258 (99.9%)
  Read 2 with adapter:                 127,985 (98.9%)

== Read fate breakdown ==
Pairs that were too short:              11,730 (9.1%)
Pairs written (passing filters):       117,720 (90.9%)

Total basepairs processed:    74,733,920 bp
  Read 1:    38,964,450 bp
  Read 2:    35,769,470 bp
Total written (filtered):     66,413,538 bp (88.9%)
  Read 1:    33,437,370 bp
  Read 2:    32,976,168 bp

=== First read: Adapter 1 ===

Sequence: CCTAYGGGDBGCWGCAG; Type: regular 5'; Length: 17; Trimmed: 129170 times

Minimum overlap: 15
No. of allowed errors:
1-5 bp: 0; 6-12 bp: 1; 13-17 bp: 2

Overview of removed sequences
length	count	expect	max.err	error counts
14	5	0.0	2	0 1 4
15	188	0.0	2	9 65 114
16	2609	0.0	2	670 1786 153
17	125986	0.0	2	124235 1717 34
18	382	0.0	2	63 309 10


=== First read: Adapter 2 ===

Sequence: GGATTAGAKACCCBNGTAGTC; Type: regular 3'; Length: 21; Trimmed: 88 times

Minimum overlap: 15
No. of allowed errors:
1-5 bp: 0; 6-12 bp: 1; 13-19 bp: 2; 20 bp: 3

Bases preceding removed adapters:
  A: 13.6%
  C: 1.1%
  G: 85.2%
  T: 0.0%
  none/other: 0.0%
WARNING:
    The adapter is preceded by 'G' extremely often.
    The provided adapter sequence could be incomplete at its 5' end.
    Ignore this warning when trimming primers.

Overview of removed sequences
length	count	expect	max.err	error counts
23	1	0.0	3	1
24	86	0.0	3	79 7
285	1	0.0	3	0 1


=== Second read: Adapter 3 ===

Sequence: GACTACNVGGGTMTCTAATCC; Type: regular 5'; Length: 21; Trimmed: 127983 times

Minimum overlap: 15
No. of allowed errors:
1-5 bp: 0; 6-12 bp: 1; 13-19 bp: 2; 20 bp: 3

Overview of removed sequences
length	count	expect	max.err	error counts
15	3	0.0	2	3
16	6	0.0	2	1 3 2
17	2	0.0	2	0 0 2
18	18	0.0	2	2 8 4 4
19	136	0.0	2	4 8 116 8
20	6346	0.0	3	109 5749 397 91
21	120581	0.0	3	112598 6965 702 316
22	541	0.0	3	55 390 73 23
23	1	0.0	3	0 0 1
28	1	0.0	3	0 0 0 1
30	1	0.0	3	1
42	1	0.0	3	1
53	1	0.0	3	0 0 0 1
55	1	0.0	3	0 0 0 1
57	2	0.0	3	0 1 1
58	1	0.0	3	0 0 1
59	4	0.0	3	0 0 2 2
60	5	0.0	3	0 2 2 1
61	14	0.0	3	3 4 4 3
62	9	0.0	3	1 3 2 3
63	30	0.0	3	4 8 7 11
64	163	0.0	3	17 39 52 55
65	110	0.0	3	9 26 33 42
66	5	0.0	3	0 0 2 3
67	1	0.0	3	0 1


=== Second read: Adapter 4 ===

Sequence: CTGCWGCVHCCCRTAGG; Type: regular 3'; Length: 17; Trimmed: 2 times

Minimum overlap: 15
No. of allowed errors:
1-5 bp: 0; 6-12 bp: 1; 13-17 bp: 2

Bases preceding removed adapters:
  A: 0.0%
  C: 0.0%
  G: 50.0%
  T: 50.0%
  none/other: 0.0%

Overview of removed sequences
length	count	expect	max.err	error counts
22	1	0.0	2	0 1
297	1	0.0	2	0 0 1


WARNING:
    One or more of your adapter sequences may be incomplete.
    Please see the detailed output above.
