This is cutadapt 5.0 with Python 3.13.1
Command line parameters: -A XXX -q 20,20 -m 50 -o plate3.1/cutadapt_qc/3918R_0_M_S2_week5_S53_L001_R1_001.fastq.gz -p plate3.1/cutadapt_qc/3918R_0_M_S2_week5_S53_L001_R2_001.fastq.gz plate3.1/cutadapt/3918R_0_M_S2_week5_S53_L001_R1_001.fastq.gz plate3.1/cutadapt/3918R_0_M_S2_week5_S53_L001_R2_001.fastq.gz
Processing paired-end reads on 1 core ...

=== Summary ===

Total read pairs processed:            118,301
  Read 2 with adapter:                       0 (0.0%)

== Read fate breakdown ==
Pairs that were too short:               1,695 (1.4%)
Pairs written (passing filters):       116,606 (98.6%)

Total basepairs processed:    66,756,318 bp
  Read 1:    33,601,307 bp
  Read 2:    33,155,011 bp
Quality-trimmed:               3,055,670 bp (4.6%)
  Read 1:       412,988 bp
  Read 2:     2,642,682 bp
Total written (filtered):     63,204,293 bp (94.7%)
  Read 1:    32,718,014 bp
  Read 2:    30,486,279 bp

=== Second read: Adapter 1 ===

Sequence: XXX; Type: regular 3'; Length: 3; Trimmed: 0 times
