This is cutadapt 5.0 with Python 3.13.1
Command line parameters: -A XXX -q 20,20 -m 50 -o plate3.1/cutadapt_qc/2402R_R_F_S5_Pellet_week9_S5_L001_R1_001.fastq.gz -p plate3.1/cutadapt_qc/2402R_R_F_S5_Pellet_week9_S5_L001_R2_001.fastq.gz plate3.1/cutadapt/2402R_R_F_S5_Pellet_week9_S5_L001_R1_001.fastq.gz plate3.1/cutadapt/2402R_R_F_S5_Pellet_week9_S5_L001_R2_001.fastq.gz
Processing paired-end reads on 1 core ...

=== Summary ===

Total read pairs processed:             89,536
  Read 2 with adapter:                       0 (0.0%)

== Read fate breakdown ==
Pairs that were too short:                 908 (1.0%)
Pairs written (passing filters):        88,628 (99.0%)

Total basepairs processed:    50,511,911 bp
  Read 1:    25,430,949 bp
  Read 2:    25,080,962 bp
Quality-trimmed:               2,410,901 bp (4.8%)
  Read 1:       382,637 bp
  Read 2:     2,028,264 bp
Total written (filtered):     47,835,685 bp (94.7%)
  Read 1:    24,799,315 bp
  Read 2:    23,036,370 bp

=== Second read: Adapter 1 ===

Sequence: XXX; Type: regular 3'; Length: 3; Trimmed: 0 times
