This is cutadapt 5.0 with Python 3.13.1
Command line parameters: -m 50 -O 15 -e 0.15 -g CCTAYGGGDBGCWGCAG -G GACTACNVGGGTMTCTAATCC -a GGATTAGAKACCCBNGTAGTC -A CTGCWGCVHCCCRTAGG -o plate3.1/cutadapt/3880R_R_F_S2_week9_S76_L001_R1_001.fastq.gz -p plate3.1/cutadapt/3880R_R_F_S2_week9_S76_L001_R2_001.fastq.gz plate3.1/filtN/3880R_R_F_S2_week9_S76_L001_R1_001.fastq.gz plate3.1/filtN/3880R_R_F_S2_week9_S76_L001_R2_001.fastq.gz
Processing paired-end reads on 1 core ...

=== Summary ===

Total read pairs processed:            120,707
  Read 1 with adapter:                 120,568 (99.9%)
  Read 2 with adapter:                 118,635 (98.3%)

== Read fate breakdown ==
Pairs that were too short:              10,945 (9.1%)
Pairs written (passing filters):       109,762 (90.9%)

Total basepairs processed:    69,684,206 bp
  Read 1:    36,332,806 bp
  Read 2:    33,351,400 bp
Total written (filtered):     61,946,361 bp (88.9%)
  Read 1:    31,176,053 bp
  Read 2:    30,770,308 bp

=== First read: Adapter 1 ===

Sequence: CCTAYGGGDBGCWGCAG; Type: regular 5'; Length: 17; Trimmed: 120498 times

Minimum overlap: 15
No. of allowed errors:
1-5 bp: 0; 6-12 bp: 1; 13-17 bp: 2

Overview of removed sequences
length	count	expect	max.err	error counts
14	2	0.0	2	0 1 1
15	197	0.0	2	7 59 131
16	2318	0.0	2	547 1657 114
17	117635	0.0	2	115861 1739 35
18	346	0.0	2	61 270 15


=== First read: Adapter 2 ===

Sequence: GGATTAGAKACCCBNGTAGTC; Type: regular 3'; Length: 21; Trimmed: 70 times

Minimum overlap: 15
No. of allowed errors:
1-5 bp: 0; 6-12 bp: 1; 13-19 bp: 2; 20 bp: 3

Bases preceding removed adapters:
  A: 12.9%
  C: 0.0%
  G: 85.7%
  T: 1.4%
  none/other: 0.0%
WARNING:
    The adapter is preceded by 'G' extremely often.
    The provided adapter sequence could be incomplete at its 5' end.
    Ignore this warning when trimming primers.

Overview of removed sequences
length	count	expect	max.err	error counts
23	1	0.0	3	1
24	61	0.0	3	53 8
25	7	0.0	3	6 1
250	1	0.0	3	1


=== Second read: Adapter 3 ===

Sequence: GACTACNVGGGTMTCTAATCC; Type: regular 5'; Length: 21; Trimmed: 118634 times

Minimum overlap: 15
No. of allowed errors:
1-5 bp: 0; 6-12 bp: 1; 13-19 bp: 2; 20 bp: 3

Overview of removed sequences
length	count	expect	max.err	error counts
15	3	0.0	2	1 1 1
16	1	0.0	2	1
17	6	0.0	2	3 0 3
18	14	0.0	2	1 4 2 7
19	103	0.0	2	1 11 85 6
20	5696	0.0	3	158 5129 327 82
21	112274	0.0	3	105138 6180 626 330
22	441	0.0	3	47 329 48 17
28	1	0.0	3	0 0 0 1
32	1	0.0	3	1
36	1	0.0	3	0 0 1
47	1	0.0	3	0 0 0 1
49	1	0.0	3	0 0 0 1
59	1	0.0	3	0 0 1
61	9	0.0	3	0 2 2 5
62	3	0.0	3	0 0 2 1
63	7	0.0	3	0 1 4 2
64	45	0.0	3	2 4 8 31
65	23	0.0	3	0 0 8 15
66	3	0.0	3	0 0 1 2


=== Second read: Adapter 4 ===

Sequence: CTGCWGCVHCCCRTAGG; Type: regular 3'; Length: 17; Trimmed: 1 times

Minimum overlap: 15
No. of allowed errors:
1-5 bp: 0; 6-12 bp: 1; 13-17 bp: 2

Bases preceding removed adapters:
  A: 100.0%
  C: 0.0%
  G: 0.0%
  T: 0.0%
  none/other: 0.0%

Overview of removed sequences
length	count	expect	max.err	error counts
203	1	0.0	2	0 0 1


WARNING:
    One or more of your adapter sequences may be incomplete.
    Please see the detailed output above.
