This is cutadapt 5.0 with Python 3.13.1
Command line parameters: -A XXX -q 20,20 -m 50 -o plate3.1/cutadapt_qc/1067R_L_M_S2_week9_S63_L001_R1_001.fastq.gz -p plate3.1/cutadapt_qc/1067R_L_M_S2_week9_S63_L001_R2_001.fastq.gz plate3.1/cutadapt/1067R_L_M_S2_week9_S63_L001_R1_001.fastq.gz plate3.1/cutadapt/1067R_L_M_S2_week9_S63_L001_R2_001.fastq.gz
Processing paired-end reads on 1 core ...

=== Summary ===

Total read pairs processed:            131,121
  Read 2 with adapter:                       0 (0.0%)

== Read fate breakdown ==
Pairs that were too short:               1,447 (1.1%)
Pairs written (passing filters):       129,674 (98.9%)

Total basepairs processed:    73,987,218 bp
  Read 1:    37,243,020 bp
  Read 2:    36,744,198 bp
Quality-trimmed:               3,500,096 bp (4.7%)
  Read 1:       539,260 bp
  Read 2:     2,960,836 bp
Total written (filtered):     70,064,803 bp (94.7%)
  Read 1:    36,305,274 bp
  Read 2:    33,759,529 bp

=== Second read: Adapter 1 ===

Sequence: XXX; Type: regular 3'; Length: 3; Trimmed: 0 times
