This is cutadapt 5.0 with Python 3.13.1
Command line parameters: -A XXX -q 20,20 -m 50 -o plate3.1/cutadapt_qc/2453R_S2_week21_S28_L001_R1_001.fastq.gz -p plate3.1/cutadapt_qc/2453R_S2_week21_S28_L001_R2_001.fastq.gz plate3.1/cutadapt/2453R_S2_week21_S28_L001_R1_001.fastq.gz plate3.1/cutadapt/2453R_S2_week21_S28_L001_R2_001.fastq.gz
Processing paired-end reads on 1 core ...

=== Summary ===

Total read pairs processed:            100,390
  Read 2 with adapter:                       0 (0.0%)

== Read fate breakdown ==
Pairs that were too short:               1,190 (1.2%)
Pairs written (passing filters):        99,200 (98.8%)

Total basepairs processed:    56,643,136 bp
  Read 1:    28,514,074 bp
  Read 2:    28,129,062 bp
Quality-trimmed:               2,478,082 bp (4.4%)
  Read 1:       382,894 bp
  Read 2:     2,095,188 bp
Total written (filtered):     53,815,643 bp (95.0%)
  Read 1:    27,801,378 bp
  Read 2:    26,014,265 bp

=== Second read: Adapter 1 ===

Sequence: XXX; Type: regular 3'; Length: 3; Trimmed: 0 times
