This is cutadapt 5.0 with Python 3.13.1
Command line parameters: -A XXX -q 20,20 -m 50 -o plate3.1/cutadapt_qc/2453R_0_F_S2_week5_S45_L001_R1_001.fastq.gz -p plate3.1/cutadapt_qc/2453R_0_F_S2_week5_S45_L001_R2_001.fastq.gz plate3.1/cutadapt/2453R_0_F_S2_week5_S45_L001_R1_001.fastq.gz plate3.1/cutadapt/2453R_0_F_S2_week5_S45_L001_R2_001.fastq.gz
Processing paired-end reads on 1 core ...

=== Summary ===

Total read pairs processed:             99,327
  Read 2 with adapter:                       0 (0.0%)

== Read fate breakdown ==
Pairs that were too short:               1,417 (1.4%)
Pairs written (passing filters):        97,910 (98.6%)

Total basepairs processed:    56,039,525 bp
  Read 1:    28,211,963 bp
  Read 2:    27,827,562 bp
Quality-trimmed:               2,694,945 bp (4.8%)
  Read 1:       377,020 bp
  Read 2:     2,317,925 bp
Total written (filtered):     52,927,764 bp (94.4%)
  Read 1:    27,440,314 bp
  Read 2:    25,487,450 bp

=== Second read: Adapter 1 ===

Sequence: XXX; Type: regular 3'; Length: 3; Trimmed: 0 times
