This is cutadapt 5.0 with Python 3.13.1
Command line parameters: -m 50 -O 15 -e 0.15 -g CCTAYGGGDBGCWGCAG -G GACTACNVGGGTMTCTAATCC -a GGATTAGAKACCCBNGTAGTC -A CTGCWGCVHCCCRTAGG -o plate3.1/cutadapt/3980R_R_F_S2_Pellet_week9_S84_L001_R1_001.fastq.gz -p plate3.1/cutadapt/3980R_R_F_S2_Pellet_week9_S84_L001_R2_001.fastq.gz plate3.1/filtN/3980R_R_F_S2_Pellet_week9_S84_L001_R1_001.fastq.gz plate3.1/filtN/3980R_R_F_S2_Pellet_week9_S84_L001_R2_001.fastq.gz
Processing paired-end reads on 1 core ...

=== Summary ===

Total read pairs processed:            136,394
  Read 1 with adapter:                 136,195 (99.9%)
  Read 2 with adapter:                 134,883 (98.9%)

== Read fate breakdown ==
Pairs that were too short:              12,289 (9.0%)
Pairs written (passing filters):       124,105 (91.0%)

Total basepairs processed:    78,759,706 bp
  Read 1:    41,054,589 bp
  Read 2:    37,705,117 bp
Total written (filtered):     70,017,145 bp (88.9%)
  Read 1:    35,250,911 bp
  Read 2:    34,766,234 bp

=== First read: Adapter 1 ===

Sequence: CCTAYGGGDBGCWGCAG; Type: regular 5'; Length: 17; Trimmed: 136118 times

Minimum overlap: 15
No. of allowed errors:
1-5 bp: 0; 6-12 bp: 1; 13-17 bp: 2

Overview of removed sequences
length	count	expect	max.err	error counts
14	5	0.0	2	0 1 4
15	226	0.0	2	17 88 121
16	2668	0.0	2	586 1938 144
17	132859	0.0	2	130977 1849 33
18	358	0.0	2	65 287 6
19	2	0.0	2	0 1 1


=== First read: Adapter 2 ===

Sequence: GGATTAGAKACCCBNGTAGTC; Type: regular 3'; Length: 21; Trimmed: 77 times

Minimum overlap: 15
No. of allowed errors:
1-5 bp: 0; 6-12 bp: 1; 13-19 bp: 2; 20 bp: 3

Bases preceding removed adapters:
  A: 23.4%
  C: 0.0%
  G: 76.6%
  T: 0.0%
  none/other: 0.0%

Overview of removed sequences
length	count	expect	max.err	error counts
24	77	0.0	3	66 11


=== Second read: Adapter 3 ===

Sequence: GACTACNVGGGTMTCTAATCC; Type: regular 5'; Length: 21; Trimmed: 134882 times

Minimum overlap: 15
No. of allowed errors:
1-5 bp: 0; 6-12 bp: 1; 13-19 bp: 2; 20 bp: 3

Overview of removed sequences
length	count	expect	max.err	error counts
15	1	0.0	2	0 1
16	1	0.0	2	0 1
18	21	0.0	2	2 15 4
19	153	0.0	2	0 8 135 10
20	6776	0.0	3	116 6200 365 95
21	126969	0.0	3	118531 7424 690 324
22	637	0.0	3	43 493 76 25
23	3	0.0	3	0 0 2 1
29	1	0.0	3	0 0 0 1
35	1	0.0	3	0 0 0 1
50	1	0.0	3	0 0 0 1
54	1	0.0	3	0 0 0 1
55	2	0.0	3	0 0 1 1
56	1	0.0	3	0 1
57	1	0.0	3	0 0 1
58	2	0.0	3	0 0 0 2
59	2	0.0	3	0 0 2
60	4	0.0	3	0 0 0 4
61	8	0.0	3	2 2 2 2
62	7	0.0	3	0 1 2 4
63	35	0.0	3	0 7 13 15
64	132	0.0	3	15 27 41 49
65	117	0.0	3	14 26 37 40
66	6	0.0	3	0 0 3 3


=== Second read: Adapter 4 ===

Sequence: CTGCWGCVHCCCRTAGG; Type: regular 3'; Length: 17; Trimmed: 1 times

Minimum overlap: 15
No. of allowed errors:
1-5 bp: 0; 6-12 bp: 1; 13-17 bp: 2

Bases preceding removed adapters:
  A: 0.0%
  C: 0.0%
  G: 0.0%
  T: 100.0%
  none/other: 0.0%

Overview of removed sequences
length	count	expect	max.err	error counts
16	1	0.0	2	0 0 1
