This is cutadapt 5.0 with Python 3.13.1
Command line parameters: -m 50 -O 15 -e 0.15 -g CCTAYGGGDBGCWGCAG -G GACTACNVGGGTMTCTAATCC -a GGATTAGAKACCCBNGTAGTC -A CTGCWGCVHCCCRTAGG -o plate3.1/cutadapt/2446R_L_F_S2_diabetes_S12_L001_R1_001.fastq.gz -p plate3.1/cutadapt/2446R_L_F_S2_diabetes_S12_L001_R2_001.fastq.gz plate3.1/filtN/2446R_L_F_S2_diabetes_S12_L001_R1_001.fastq.gz plate3.1/filtN/2446R_L_F_S2_diabetes_S12_L001_R2_001.fastq.gz
Processing paired-end reads on 1 core ...

=== Summary ===

Total read pairs processed:            144,523
  Read 1 with adapter:                 144,334 (99.9%)
  Read 2 with adapter:                 142,384 (98.5%)

== Read fate breakdown ==
Pairs that were too short:              12,949 (9.0%)
Pairs written (passing filters):       131,574 (91.0%)

Total basepairs processed:    83,475,118 bp
  Read 1:    43,501,422 bp
  Read 2:    39,973,696 bp
Total written (filtered):     74,243,640 bp (88.9%)
  Read 1:    37,371,903 bp
  Read 2:    36,871,737 bp

=== First read: Adapter 1 ===

Sequence: CCTAYGGGDBGCWGCAG; Type: regular 5'; Length: 17; Trimmed: 144251 times

Minimum overlap: 15
No. of allowed errors:
1-5 bp: 0; 6-12 bp: 1; 13-17 bp: 2

Overview of removed sequences
length	count	expect	max.err	error counts
14	1	0.0	2	0 0 1
15	231	0.0	2	13 71 147
16	2749	0.0	2	629 1958 162
17	140868	0.0	2	138870 1956 42
18	400	0.0	2	73 321 6
19	1	0.0	2	0 0 1
36	1	0.0	2	1


=== First read: Adapter 2 ===

Sequence: GGATTAGAKACCCBNGTAGTC; Type: regular 3'; Length: 21; Trimmed: 83 times

Minimum overlap: 15
No. of allowed errors:
1-5 bp: 0; 6-12 bp: 1; 13-19 bp: 2; 20 bp: 3

Bases preceding removed adapters:
  A: 19.3%
  C: 0.0%
  G: 80.7%
  T: 0.0%
  none/other: 0.0%
WARNING:
    The adapter is preceded by 'G' extremely often.
    The provided adapter sequence could be incomplete at its 5' end.
    Ignore this warning when trimming primers.

Overview of removed sequences
length	count	expect	max.err	error counts
23	2	0.0	3	0 2
24	77	0.0	3	70 7
25	4	0.0	3	3 1


=== Second read: Adapter 3 ===

Sequence: GACTACNVGGGTMTCTAATCC; Type: regular 5'; Length: 21; Trimmed: 142383 times

Minimum overlap: 15
No. of allowed errors:
1-5 bp: 0; 6-12 bp: 1; 13-19 bp: 2; 20 bp: 3

Overview of removed sequences
length	count	expect	max.err	error counts
15	2	0.0	2	1 0 1
16	2	0.0	2	0 2
17	1	0.0	2	0 0 1
18	16	0.0	2	2 6 2 6
19	106	0.0	2	2 9 83 12
20	6518	0.0	3	164 5920 348 86
21	135004	0.0	3	126606 7290 737 371
22	456	0.0	3	46 328 54 28
23	2	0.0	3	0 0 1 1
49	1	0.0	3	0 0 0 1
50	1	0.0	3	0 1
54	1	0.0	3	0 0 1
55	1	0.0	3	0 0 0 1
56	1	0.0	3	0 0 0 1
57	1	0.0	3	0 0 0 1
58	3	0.0	3	0 0 1 2
60	1	0.0	3	0 0 1
61	10	0.0	3	1 2 2 5
62	6	0.0	3	0 1 3 2
63	29	0.0	3	2 3 12 12
64	146	0.0	3	7 18 46 75
65	66	0.0	3	4 7 25 30
66	8	0.0	3	0 1 1 6
67	1	0.0	3	0 0 1


=== Second read: Adapter 4 ===

Sequence: CTGCWGCVHCCCRTAGG; Type: regular 3'; Length: 17; Trimmed: 1 times

Minimum overlap: 15
No. of allowed errors:
1-5 bp: 0; 6-12 bp: 1; 13-17 bp: 2

Bases preceding removed adapters:
  A: 0.0%
  C: 0.0%
  G: 100.0%
  T: 0.0%
  none/other: 0.0%

Overview of removed sequences
length	count	expect	max.err	error counts
88	1	0.0	2	0 0 1


WARNING:
    One or more of your adapter sequences may be incomplete.
    Please see the detailed output above.
