This is cutadapt 5.0 with Python 3.13.1
Command line parameters: -m 50 -O 15 -e 0.15 -g CCTAYGGGDBGCWGCAG -G GACTACNVGGGTMTCTAATCC -a GGATTAGAKACCCBNGTAGTC -A CTGCWGCVHCCCRTAGG -o plate3.1/cutadapt/3969R_R_F_S2_diabetes_S18_L001_R1_001.fastq.gz -p plate3.1/cutadapt/3969R_R_F_S2_diabetes_S18_L001_R2_001.fastq.gz plate3.1/filtN/3969R_R_F_S2_diabetes_S18_L001_R1_001.fastq.gz plate3.1/filtN/3969R_R_F_S2_diabetes_S18_L001_R2_001.fastq.gz
Processing paired-end reads on 1 core ...

=== Summary ===

Total read pairs processed:            134,365
  Read 1 with adapter:                 134,190 (99.9%)
  Read 2 with adapter:                 133,043 (99.0%)

== Read fate breakdown ==
Pairs that were too short:              11,840 (8.8%)
Pairs written (passing filters):       122,525 (91.2%)

Total basepairs processed:    77,662,082 bp
  Read 1:    40,443,865 bp
  Read 2:    37,218,217 bp
Total written (filtered):     69,130,761 bp (89.0%)
  Read 1:    34,801,571 bp
  Read 2:    34,329,190 bp

=== First read: Adapter 1 ===

Sequence: CCTAYGGGDBGCWGCAG; Type: regular 5'; Length: 17; Trimmed: 134129 times

Minimum overlap: 15
No. of allowed errors:
1-5 bp: 0; 6-12 bp: 1; 13-17 bp: 2

Overview of removed sequences
length	count	expect	max.err	error counts
14	5	0.0	2	0 1 4
15	159	0.0	2	9 44 106
16	2263	0.0	2	484 1638 141
17	131295	0.0	2	129599 1653 43
18	406	0.0	2	66 332 8
19	1	0.0	2	0 0 1


=== First read: Adapter 2 ===

Sequence: GGATTAGAKACCCBNGTAGTC; Type: regular 3'; Length: 21; Trimmed: 61 times

Minimum overlap: 15
No. of allowed errors:
1-5 bp: 0; 6-12 bp: 1; 13-19 bp: 2; 20 bp: 3

Bases preceding removed adapters:
  A: 34.4%
  C: 0.0%
  G: 65.6%
  T: 0.0%
  none/other: 0.0%

Overview of removed sequences
length	count	expect	max.err	error counts
24	60	0.0	3	50 10
25	1	0.0	3	1


=== Second read: Adapter 3 ===

Sequence: GACTACNVGGGTMTCTAATCC; Type: regular 5'; Length: 21; Trimmed: 133040 times

Minimum overlap: 15
No. of allowed errors:
1-5 bp: 0; 6-12 bp: 1; 13-19 bp: 2; 20 bp: 3

Overview of removed sequences
length	count	expect	max.err	error counts
15	2	0.0	2	1 1
17	4	0.0	2	0 1 3
18	18	0.0	2	1 6 4 7
19	131	0.0	2	4 14 100 13
20	6603	0.0	3	232 5932 356 83
21	125721	0.0	3	118522 6541 457 201
22	439	0.0	3	35 319 70 15
38	1	0.0	3	0 0 1
48	1	0.0	3	0 0 0 1
51	1	0.0	3	0 0 0 1
52	2	0.0	3	0 0 0 2
53	1	0.0	3	0 0 0 1
56	1	0.0	3	0 1
57	1	0.0	3	0 0 1
59	1	0.0	3	0 0 1
61	2	0.0	3	0 0 0 2
62	2	0.0	3	0 0 0 2
63	12	0.0	3	0 2 3 7
64	71	0.0	3	2 9 28 32
65	25	0.0	3	1 1 9 14
66	1	0.0	3	0 0 1


=== Second read: Adapter 4 ===

Sequence: CTGCWGCVHCCCRTAGG; Type: regular 3'; Length: 17; Trimmed: 3 times

Minimum overlap: 15
No. of allowed errors:
1-5 bp: 0; 6-12 bp: 1; 13-17 bp: 2

Bases preceding removed adapters:
  A: 0.0%
  C: 66.7%
  G: 0.0%
  T: 33.3%
  none/other: 0.0%

Overview of removed sequences
length	count	expect	max.err	error counts
78	1	0.0	2	0 0 1
122	1	0.0	2	0 0 1
162	1	0.0	2	0 0 1
