This is cutadapt 5.0 with Python 3.13.1
Command line parameters: -m 50 -O 15 -e 0.15 -g CCTAYGGGDBGCWGCAG -G GACTACNVGGGTMTCTAATCC -a GGATTAGAKACCCBNGTAGTC -A CTGCWGCVHCCCRTAGG -o plate3.1/cutadapt/073R_R_M_S2_week5_S33_L001_R1_001.fastq.gz -p plate3.1/cutadapt/073R_R_M_S2_week5_S33_L001_R2_001.fastq.gz plate3.1/filtN/073R_R_M_S2_week5_S33_L001_R1_001.fastq.gz plate3.1/filtN/073R_R_M_S2_week5_S33_L001_R2_001.fastq.gz
Processing paired-end reads on 1 core ...

=== Summary ===

Total read pairs processed:            124,115
  Read 1 with adapter:                 123,986 (99.9%)
  Read 2 with adapter:                 122,673 (98.8%)

== Read fate breakdown ==
Pairs that were too short:              11,021 (8.9%)
Pairs written (passing filters):       113,094 (91.1%)

Total basepairs processed:    71,716,740 bp
  Read 1:    37,358,615 bp
  Read 2:    34,358,125 bp
Total written (filtered):     63,810,836 bp (89.0%)
  Read 1:    32,122,325 bp
  Read 2:    31,688,511 bp

=== First read: Adapter 1 ===

Sequence: CCTAYGGGDBGCWGCAG; Type: regular 5'; Length: 17; Trimmed: 123885 times

Minimum overlap: 15
No. of allowed errors:
1-5 bp: 0; 6-12 bp: 1; 13-17 bp: 2

Overview of removed sequences
length	count	expect	max.err	error counts
14	2	0.0	2	0 1 1
15	156	0.0	2	9 42 105
16	2516	0.0	2	650 1727 139
17	120889	0.0	2	119233 1625 31
18	321	0.0	2	53 263 5
19	1	0.0	2	0 0 1


=== First read: Adapter 2 ===

Sequence: GGATTAGAKACCCBNGTAGTC; Type: regular 3'; Length: 21; Trimmed: 101 times

Minimum overlap: 15
No. of allowed errors:
1-5 bp: 0; 6-12 bp: 1; 13-19 bp: 2; 20 bp: 3

Bases preceding removed adapters:
  A: 14.9%
  C: 0.0%
  G: 85.1%
  T: 0.0%
  none/other: 0.0%
WARNING:
    The adapter is preceded by 'G' extremely often.
    The provided adapter sequence could be incomplete at its 5' end.
    Ignore this warning when trimming primers.

Overview of removed sequences
length	count	expect	max.err	error counts
24	94	0.0	3	85 9
25	4	0.0	3	3 1
26	1	0.0	3	1
277	1	0.0	3	1
285	1	0.0	3	1


=== Second read: Adapter 3 ===

Sequence: GACTACNVGGGTMTCTAATCC; Type: regular 5'; Length: 21; Trimmed: 122672 times

Minimum overlap: 15
No. of allowed errors:
1-5 bp: 0; 6-12 bp: 1; 13-19 bp: 2; 20 bp: 3

Overview of removed sequences
length	count	expect	max.err	error counts
15	4	0.0	2	4
16	1	0.0	2	1
17	4	0.0	2	1 1 2
18	13	0.0	2	2 4 3 4
19	147	0.0	2	9 8 121 9
20	5963	0.0	3	152 5389 335 87
21	115857	0.0	3	108513 6518 561 265
22	519	0.0	3	37 406 63 13
26	1	0.0	3	0 0 0 1
52	1	0.0	3	0 0 0 1
58	2	0.0	3	0 0 1 1
59	2	0.0	3	1 0 0 1
60	1	0.0	3	0 0 1
61	5	0.0	3	2 0 1 2
62	7	0.0	3	1 1 2 3
63	17	0.0	3	0 2 5 10
64	79	0.0	3	3 15 12 49
65	47	0.0	3	0 9 11 27
66	2	0.0	3	0 0 0 2


=== Second read: Adapter 4 ===

Sequence: CTGCWGCVHCCCRTAGG; Type: regular 3'; Length: 17; Trimmed: 1 times

Minimum overlap: 15
No. of allowed errors:
1-5 bp: 0; 6-12 bp: 1; 13-17 bp: 2

Bases preceding removed adapters:
  A: 0.0%
  C: 100.0%
  G: 0.0%
  T: 0.0%
  none/other: 0.0%

Overview of removed sequences
length	count	expect	max.err	error counts
203	1	0.0	2	0 0 1


WARNING:
    One or more of your adapter sequences may be incomplete.
    Please see the detailed output above.
