This is cutadapt 5.0 with Python 3.13.1
Command line parameters: -m 50 -O 15 -e 0.15 -g CCTAYGGGDBGCWGCAG -G GACTACNVGGGTMTCTAATCC -a GGATTAGAKACCCBNGTAGTC -A CTGCWGCVHCCCRTAGG -o plate3.1/cutadapt/3909R_0_M_S2_diabetes_S15_L001_R1_001.fastq.gz -p plate3.1/cutadapt/3909R_0_M_S2_diabetes_S15_L001_R2_001.fastq.gz plate3.1/filtN/3909R_0_M_S2_diabetes_S15_L001_R1_001.fastq.gz plate3.1/filtN/3909R_0_M_S2_diabetes_S15_L001_R2_001.fastq.gz
Processing paired-end reads on 1 core ...

=== Summary ===

Total read pairs processed:            121,859
  Read 1 with adapter:                 121,717 (99.9%)
  Read 2 with adapter:                 120,108 (98.6%)

== Read fate breakdown ==
Pairs that were too short:              10,702 (8.8%)
Pairs written (passing filters):       111,157 (91.2%)

Total basepairs processed:    70,445,464 bp
  Read 1:    36,679,559 bp
  Read 2:    33,765,905 bp
Total written (filtered):     62,721,851 bp (89.0%)
  Read 1:    31,572,010 bp
  Read 2:    31,149,841 bp

=== First read: Adapter 1 ===

Sequence: CCTAYGGGDBGCWGCAG; Type: regular 5'; Length: 17; Trimmed: 121622 times

Minimum overlap: 15
No. of allowed errors:
1-5 bp: 0; 6-12 bp: 1; 13-17 bp: 2

Overview of removed sequences
length	count	expect	max.err	error counts
14	4	0.0	2	0 0 4
15	145	0.0	2	8 53 84
16	2062	0.0	2	505 1440 117
17	119069	0.0	2	117463 1568 38
18	341	0.0	2	55 279 7
19	1	0.0	2	0 0 1


=== First read: Adapter 2 ===

Sequence: GGATTAGAKACCCBNGTAGTC; Type: regular 3'; Length: 21; Trimmed: 95 times

Minimum overlap: 15
No. of allowed errors:
1-5 bp: 0; 6-12 bp: 1; 13-19 bp: 2; 20 bp: 3

Bases preceding removed adapters:
  A: 23.2%
  C: 0.0%
  G: 76.8%
  T: 0.0%
  none/other: 0.0%

Overview of removed sequences
length	count	expect	max.err	error counts
24	92	0.0	3	87 5
25	3	0.0	3	3


=== Second read: Adapter 3 ===

Sequence: GACTACNVGGGTMTCTAATCC; Type: regular 5'; Length: 21; Trimmed: 120106 times

Minimum overlap: 15
No. of allowed errors:
1-5 bp: 0; 6-12 bp: 1; 13-19 bp: 2; 20 bp: 3

Overview of removed sequences
length	count	expect	max.err	error counts
15	3	0.0	2	3
16	4	0.0	2	2 2
17	4	0.0	2	2 1 1
18	12	0.0	2	3 5 2 2
19	118	0.0	2	3 16 84 15
20	5342	0.0	3	128 4893 262 59
21	113988	0.0	3	106306 6599 709 374
22	421	0.0	3	54 294 57 16
23	1	0.0	3	0 0 1
26	1	0.0	3	1
44	1	0.0	3	0 0 0 1
53	1	0.0	3	0 1
57	1	0.0	3	0 0 1
60	2	0.0	3	0 0 1 1
61	3	0.0	3	0 0 1 2
62	3	0.0	3	0 3
63	16	0.0	3	2 1 5 8
64	125	0.0	3	10 22 35 58
65	53	0.0	3	3 5 15 30
66	6	0.0	3	1 0 2 3
67	1	0.0	3	0 0 1


=== Second read: Adapter 4 ===

Sequence: CTGCWGCVHCCCRTAGG; Type: regular 3'; Length: 17; Trimmed: 2 times

Minimum overlap: 15
No. of allowed errors:
1-5 bp: 0; 6-12 bp: 1; 13-17 bp: 2

Bases preceding removed adapters:
  A: 0.0%
  C: 50.0%
  G: 0.0%
  T: 50.0%
  none/other: 0.0%

Overview of removed sequences
length	count	expect	max.err	error counts
39	1	0.0	2	0 0 1
87	1	0.0	2	0 0 1
