This is cutadapt 5.0 with Python 3.13.1
Command line parameters: -A XXX -q 20,20 -m 50 -o plate3.1/cutadapt_qc/3918R_RR_M_S2_week9_S81_L001_R1_001.fastq.gz -p plate3.1/cutadapt_qc/3918R_RR_M_S2_week9_S81_L001_R2_001.fastq.gz plate3.1/cutadapt/3918R_RR_M_S2_week9_S81_L001_R1_001.fastq.gz plate3.1/cutadapt/3918R_RR_M_S2_week9_S81_L001_R2_001.fastq.gz
Processing paired-end reads on 1 core ...

=== Summary ===

Total read pairs processed:            104,680
  Read 2 with adapter:                       0 (0.0%)

== Read fate breakdown ==
Pairs that were too short:               1,055 (1.0%)
Pairs written (passing filters):       103,625 (99.0%)

Total basepairs processed:    59,060,653 bp
  Read 1:    29,732,957 bp
  Read 2:    29,327,696 bp
Quality-trimmed:               2,500,335 bp (4.2%)
  Read 1:       353,762 bp
  Read 2:     2,146,573 bp
Total written (filtered):     56,251,734 bp (95.2%)
  Read 1:    29,089,739 bp
  Read 2:    27,161,995 bp

=== Second read: Adapter 1 ===

Sequence: XXX; Type: regular 3'; Length: 3; Trimmed: 0 times
