This is cutadapt 5.0 with Python 3.13.1
Command line parameters: -m 50 -O 15 -e 0.15 -g CCTAYGGGDBGCWGCAG -G GACTACNVGGGTMTCTAATCC -a GGATTAGAKACCCBNGTAGTC -A CTGCWGCVHCCCRTAGG -o plate3.1/cutadapt/1067R_S2_week27_S30_L001_R1_001.fastq.gz -p plate3.1/cutadapt/1067R_S2_week27_S30_L001_R2_001.fastq.gz plate3.1/filtN/1067R_S2_week27_S30_L001_R1_001.fastq.gz plate3.1/filtN/1067R_S2_week27_S30_L001_R2_001.fastq.gz
Processing paired-end reads on 1 core ...

=== Summary ===

Total read pairs processed:            123,933
  Read 1 with adapter:                 123,786 (99.9%)
  Read 2 with adapter:                 122,191 (98.6%)

== Read fate breakdown ==
Pairs that were too short:              11,372 (9.2%)
Pairs written (passing filters):       112,561 (90.8%)

Total basepairs processed:    71,510,396 bp
  Read 1:    37,303,833 bp
  Read 2:    34,206,563 bp
Total written (filtered):     63,509,973 bp (88.8%)
  Read 1:    31,971,083 bp
  Read 2:    31,538,890 bp

=== First read: Adapter 1 ===

Sequence: CCTAYGGGDBGCWGCAG; Type: regular 5'; Length: 17; Trimmed: 123718 times

Minimum overlap: 15
No. of allowed errors:
1-5 bp: 0; 6-12 bp: 1; 13-17 bp: 2

Overview of removed sequences
length	count	expect	max.err	error counts
14	4	0.0	2	0 3 1
15	120	0.0	2	6 43 71
16	2088	0.0	2	515 1458 115
17	121169	0.0	2	119507 1625 37
18	337	0.0	2	71 256 10


=== First read: Adapter 2 ===

Sequence: GGATTAGAKACCCBNGTAGTC; Type: regular 3'; Length: 21; Trimmed: 68 times

Minimum overlap: 15
No. of allowed errors:
1-5 bp: 0; 6-12 bp: 1; 13-19 bp: 2; 20 bp: 3

Bases preceding removed adapters:
  A: 25.0%
  C: 0.0%
  G: 75.0%
  T: 0.0%
  none/other: 0.0%

Overview of removed sequences
length	count	expect	max.err	error counts
24	66	0.0	3	61 5
25	1	0.0	3	1
26	1	0.0	3	1


=== Second read: Adapter 3 ===

Sequence: GACTACNVGGGTMTCTAATCC; Type: regular 5'; Length: 21; Trimmed: 122190 times

Minimum overlap: 15
No. of allowed errors:
1-5 bp: 0; 6-12 bp: 1; 13-19 bp: 2; 20 bp: 3

Overview of removed sequences
length	count	expect	max.err	error counts
15	2	0.0	2	1 0 1
16	5	0.0	2	1 4
17	8	0.0	2	2 0 6
18	21	0.0	2	4 9 4 4
19	171	0.0	2	6 17 138 10
20	6695	0.0	3	177 6004 415 99
21	114623	0.0	3	107054 6626 642 301
22	347	0.0	3	33 257 43 14
27	1	0.0	3	0 1
31	1	0.0	3	0 0 0 1
40	1	0.0	3	0 0 0 1
47	1	0.0	3	0 0 0 1
48	1	0.0	3	0 0 1
50	1	0.0	3	1
53	2	0.0	3	0 1 0 1
55	2	0.0	3	0 0 0 2
56	2	0.0	3	0 0 0 2
57	1	0.0	3	0 0 0 1
58	3	0.0	3	0 2 0 1
59	4	0.0	3	0 0 2 2
60	2	0.0	3	0 0 1 1
61	13	0.0	3	1 2 6 4
62	12	0.0	3	1 1 3 7
63	43	0.0	3	0 8 15 20
64	167	0.0	3	10 40 48 69
65	59	0.0	3	3 11 19 26
66	2	0.0	3	0 0 1 1


=== Second read: Adapter 4 ===

Sequence: CTGCWGCVHCCCRTAGG; Type: regular 3'; Length: 17; Trimmed: 1 times

Minimum overlap: 15
No. of allowed errors:
1-5 bp: 0; 6-12 bp: 1; 13-17 bp: 2

Bases preceding removed adapters:
  A: 0.0%
  C: 0.0%
  G: 0.0%
  T: 100.0%
  none/other: 0.0%

Overview of removed sequences
length	count	expect	max.err	error counts
190	1	0.0	2	0 0 1
