This is cutadapt 5.0 with Python 3.13.1
Command line parameters: -A XXX -q 20,20 -m 50 -o plate3.1/cutadapt_qc/073R_S2_week21_S27_L001_R1_001.fastq.gz -p plate3.1/cutadapt_qc/073R_S2_week21_S27_L001_R2_001.fastq.gz plate3.1/cutadapt/073R_S2_week21_S27_L001_R1_001.fastq.gz plate3.1/cutadapt/073R_S2_week21_S27_L001_R2_001.fastq.gz
Processing paired-end reads on 1 core ...

=== Summary ===

Total read pairs processed:            117,521
  Read 2 with adapter:                       0 (0.0%)

== Read fate breakdown ==
Pairs that were too short:               1,425 (1.2%)
Pairs written (passing filters):       116,096 (98.8%)

Total basepairs processed:    66,309,863 bp
  Read 1:    33,380,246 bp
  Read 2:    32,929,617 bp
Quality-trimmed:               3,115,427 bp (4.7%)
  Read 1:       444,060 bp
  Read 2:     2,671,367 bp
Total written (filtered):     62,777,638 bp (94.7%)
  Read 1:    32,542,031 bp
  Read 2:    30,235,607 bp

=== Second read: Adapter 1 ===

Sequence: XXX; Type: regular 3'; Length: 3; Trimmed: 0 times
