This is cutadapt 5.0 with Python 3.13.1
Command line parameters: -m 50 -O 15 -e 0.15 -g CCTAYGGGDBGCWGCAG -G GACTACNVGGGTMTCTAATCC -a GGATTAGAKACCCBNGTAGTC -A CTGCWGCVHCCCRTAGG -o plate3.1/cutadapt/1174R_0_M_S2_week5_S39_L001_R1_001.fastq.gz -p plate3.1/cutadapt/1174R_0_M_S2_week5_S39_L001_R2_001.fastq.gz plate3.1/filtN/1174R_0_M_S2_week5_S39_L001_R1_001.fastq.gz plate3.1/filtN/1174R_0_M_S2_week5_S39_L001_R2_001.fastq.gz
Processing paired-end reads on 1 core ...

=== Summary ===

Total read pairs processed:            116,269
  Read 1 with adapter:                 116,152 (99.9%)
  Read 2 with adapter:                 114,850 (98.8%)

== Read fate breakdown ==
Pairs that were too short:              10,580 (9.1%)
Pairs written (passing filters):       105,689 (90.9%)

Total basepairs processed:    67,111,520 bp
  Read 1:    34,996,969 bp
  Read 2:    32,114,551 bp
Total written (filtered):     59,632,517 bp (88.9%)
  Read 1:    30,019,006 bp
  Read 2:    29,613,511 bp

=== First read: Adapter 1 ===

Sequence: CCTAYGGGDBGCWGCAG; Type: regular 5'; Length: 17; Trimmed: 116082 times

Minimum overlap: 15
No. of allowed errors:
1-5 bp: 0; 6-12 bp: 1; 13-17 bp: 2

Overview of removed sequences
length	count	expect	max.err	error counts
14	3	0.0	2	0 0 3
15	161	0.0	2	13 45 103
16	2150	0.0	2	540 1479 131
17	113426	0.0	2	111938 1462 26
18	342	0.0	2	63 263 16


=== First read: Adapter 2 ===

Sequence: GGATTAGAKACCCBNGTAGTC; Type: regular 3'; Length: 21; Trimmed: 70 times

Minimum overlap: 15
No. of allowed errors:
1-5 bp: 0; 6-12 bp: 1; 13-19 bp: 2; 20 bp: 3

Bases preceding removed adapters:
  A: 21.4%
  C: 0.0%
  G: 78.6%
  T: 0.0%
  none/other: 0.0%

Overview of removed sequences
length	count	expect	max.err	error counts
23	1	0.0	3	1
24	67	0.0	3	62 5
25	2	0.0	3	2


=== Second read: Adapter 3 ===

Sequence: GACTACNVGGGTMTCTAATCC; Type: regular 5'; Length: 21; Trimmed: 114850 times

Minimum overlap: 15
No. of allowed errors:
1-5 bp: 0; 6-12 bp: 1; 13-19 bp: 2; 20 bp: 3

Overview of removed sequences
length	count	expect	max.err	error counts
15	2	0.0	2	2
17	1	0.0	2	0 0 1
18	19	0.0	2	0 4 5 10
19	125	0.0	2	3 10 104 8
20	5673	0.0	3	138 5134 327 74
21	108384	0.0	3	101738 5870 534 242
22	464	0.0	3	56 324 64 20
23	2	0.0	3	0 0 1 1
54	2	0.0	3	0 0 0 2
55	2	0.0	3	0 1 1
56	2	0.0	3	0 0 0 2
58	2	0.0	3	0 1 0 1
59	1	0.0	3	0 0 1
60	1	0.0	3	0 0 1
61	6	0.0	3	3 1 2
62	7	0.0	3	0 2 2 3
63	11	0.0	3	1 1 2 7
64	81	0.0	3	1 17 25 38
65	57	0.0	3	1 11 18 27
66	7	0.0	3	0 2 2 3
67	1	0.0	3	0 0 1


=== Second read: Adapter 4 ===

Sequence: CTGCWGCVHCCCRTAGG; Type: regular 3'; Length: 17; Trimmed: 0 times
