This is cutadapt 5.0 with Python 3.13.1
Command line parameters: -m 50 -O 15 -e 0.15 -g CCTAYGGGDBGCWGCAG -G GACTACNVGGGTMTCTAATCC -a GGATTAGAKACCCBNGTAGTC -A CTGCWGCVHCCCRTAGG -o plate3.1/cutadapt/2453R_R_F_S2_week5_S47_L001_R1_001.fastq.gz -p plate3.1/cutadapt/2453R_R_F_S2_week5_S47_L001_R2_001.fastq.gz plate3.1/filtN/2453R_R_F_S2_week5_S47_L001_R1_001.fastq.gz plate3.1/filtN/2453R_R_F_S2_week5_S47_L001_R2_001.fastq.gz
Processing paired-end reads on 1 core ...

=== Summary ===

Total read pairs processed:            101,539
  Read 1 with adapter:                 101,426 (99.9%)
  Read 2 with adapter:                 100,140 (98.6%)

== Read fate breakdown ==
Pairs that were too short:               8,954 (8.8%)
Pairs written (passing filters):        92,585 (91.2%)

Total basepairs processed:    58,688,971 bp
  Read 1:    30,563,239 bp
  Read 2:    28,125,732 bp
Total written (filtered):     52,235,344 bp (89.0%)
  Read 1:    26,297,069 bp
  Read 2:    25,938,275 bp

=== First read: Adapter 1 ===

Sequence: CCTAYGGGDBGCWGCAG; Type: regular 5'; Length: 17; Trimmed: 101378 times

Minimum overlap: 15
No. of allowed errors:
1-5 bp: 0; 6-12 bp: 1; 13-17 bp: 2

Overview of removed sequences
length	count	expect	max.err	error counts
14	1	0.0	2	0 0 1
15	123	0.0	2	4 35 84
16	1792	0.0	2	439 1265 88
17	99169	0.0	2	97829 1308 32
18	292	0.0	2	50 235 7
19	1	0.0	2	0 0 1


=== First read: Adapter 2 ===

Sequence: GGATTAGAKACCCBNGTAGTC; Type: regular 3'; Length: 21; Trimmed: 48 times

Minimum overlap: 15
No. of allowed errors:
1-5 bp: 0; 6-12 bp: 1; 13-19 bp: 2; 20 bp: 3

Bases preceding removed adapters:
  A: 39.6%
  C: 0.0%
  G: 60.4%
  T: 0.0%
  none/other: 0.0%

Overview of removed sequences
length	count	expect	max.err	error counts
24	45	0.0	3	43 2
25	1	0.0	3	0 1
26	1	0.0	3	1
191	1	0.0	3	1


=== Second read: Adapter 3 ===

Sequence: GACTACNVGGGTMTCTAATCC; Type: regular 5'; Length: 21; Trimmed: 100138 times

Minimum overlap: 15
No. of allowed errors:
1-5 bp: 0; 6-12 bp: 1; 13-19 bp: 2; 20 bp: 3

Overview of removed sequences
length	count	expect	max.err	error counts
15	2	0.0	2	1 1
16	5	0.0	2	1 2 2
17	2	0.0	2	1 0 1
18	12	0.0	2	0 4 3 5
19	109	0.0	2	2 10 81 16
20	4993	0.0	3	156 4465 269 103
21	94376	0.0	3	88372 5248 489 267
22	327	0.0	3	30 234 45 18
23	2	0.0	3	0 0 2
48	1	0.0	3	0 0 0 1
57	3	0.0	3	0 0 1 2
58	2	0.0	3	0 0 2
59	1	0.0	3	0 0 1
60	4	0.0	3	2 1 1
61	14	0.0	3	2 4 3 5
62	5	0.0	3	2 1 1 1
63	29	0.0	3	3 4 12 10
64	175	0.0	3	14 25 65 71
65	70	0.0	3	2 19 16 33
66	5	0.0	3	0 0 1 4
239	1	0.0	3	0 0 0 1


=== Second read: Adapter 4 ===

Sequence: CTGCWGCVHCCCRTAGG; Type: regular 3'; Length: 17; Trimmed: 2 times

Minimum overlap: 15
No. of allowed errors:
1-5 bp: 0; 6-12 bp: 1; 13-17 bp: 2

Bases preceding removed adapters:
  A: 0.0%
  C: 50.0%
  G: 50.0%
  T: 0.0%
  none/other: 0.0%

Overview of removed sequences
length	count	expect	max.err	error counts
187	1	0.0	2	0 0 1
256	1	0.0	2	0 0 1
