This is cutadapt 5.0 with Python 3.13.1
Command line parameters: -A XXX -q 20,20 -m 50 -o plate3.1/cutadapt_qc/3909R_0_M_S2_diabetes_S15_L001_R1_001.fastq.gz -p plate3.1/cutadapt_qc/3909R_0_M_S2_diabetes_S15_L001_R2_001.fastq.gz plate3.1/cutadapt/3909R_0_M_S2_diabetes_S15_L001_R1_001.fastq.gz plate3.1/cutadapt/3909R_0_M_S2_diabetes_S15_L001_R2_001.fastq.gz
Processing paired-end reads on 1 core ...

=== Summary ===

Total read pairs processed:            111,157
  Read 2 with adapter:                       0 (0.0%)

== Read fate breakdown ==
Pairs that were too short:               1,406 (1.3%)
Pairs written (passing filters):       109,751 (98.7%)

Total basepairs processed:    62,721,851 bp
  Read 1:    31,572,010 bp
  Read 2:    31,149,841 bp
Quality-trimmed:               2,923,887 bp (4.7%)
  Read 1:       449,266 bp
  Read 2:     2,474,621 bp
Total written (filtered):     59,386,352 bp (94.7%)
  Read 1:    30,732,060 bp
  Read 2:    28,654,292 bp

=== Second read: Adapter 1 ===

Sequence: XXX; Type: regular 3'; Length: 3; Trimmed: 0 times
