This is cutadapt 5.0 with Python 3.13.1
Command line parameters: -m 50 -O 15 -e 0.15 -g CCTAYGGGDBGCWGCAG -G GACTACNVGGGTMTCTAATCC -a GGATTAGAKACCCBNGTAGTC -A CTGCWGCVHCCCRTAGG -o plate3.1/cutadapt/2404R_0_F_S2_week5_S40_L001_R1_001.fastq.gz -p plate3.1/cutadapt/2404R_0_F_S2_week5_S40_L001_R2_001.fastq.gz plate3.1/filtN/2404R_0_F_S2_week5_S40_L001_R1_001.fastq.gz plate3.1/filtN/2404R_0_F_S2_week5_S40_L001_R2_001.fastq.gz
Processing paired-end reads on 1 core ...

=== Summary ===

Total read pairs processed:            131,677
  Read 1 with adapter:                 131,494 (99.9%)
  Read 2 with adapter:                 130,184 (98.9%)

== Read fate breakdown ==
Pairs that were too short:              11,771 (8.9%)
Pairs written (passing filters):       119,906 (91.1%)

Total basepairs processed:    76,068,020 bp
  Read 1:    39,634,775 bp
  Read 2:    36,433,245 bp
Total written (filtered):     67,653,549 bp (88.9%)
  Read 1:    34,057,928 bp
  Read 2:    33,595,621 bp

=== First read: Adapter 1 ===

Sequence: CCTAYGGGDBGCWGCAG; Type: regular 5'; Length: 17; Trimmed: 131378 times

Minimum overlap: 15
No. of allowed errors:
1-5 bp: 0; 6-12 bp: 1; 13-17 bp: 2

Overview of removed sequences
length	count	expect	max.err	error counts
14	10	0.0	2	0 4 6
15	236	0.0	2	18 80 138
16	3026	0.0	2	777 2113 136
17	127738	0.0	2	125795 1899 44
18	364	0.0	2	57 295 12
19	4	0.0	2	0 0 4


=== First read: Adapter 2 ===

Sequence: GGATTAGAKACCCBNGTAGTC; Type: regular 3'; Length: 21; Trimmed: 116 times

Minimum overlap: 15
No. of allowed errors:
1-5 bp: 0; 6-12 bp: 1; 13-19 bp: 2; 20 bp: 3

Bases preceding removed adapters:
  A: 32.8%
  C: 2.6%
  G: 64.7%
  T: 0.0%
  none/other: 0.0%

Overview of removed sequences
length	count	expect	max.err	error counts
24	84	0.0	3	75 9
25	2	0.0	3	2
191	2	0.0	3	1 1
244	1	0.0	3	0 1
279	3	0.0	3	2 1
284	6	0.0	3	4 2
285	15	0.0	3	11 4
286	3	0.0	3	3


=== Second read: Adapter 3 ===

Sequence: GACTACNVGGGTMTCTAATCC; Type: regular 5'; Length: 21; Trimmed: 130184 times

Minimum overlap: 15
No. of allowed errors:
1-5 bp: 0; 6-12 bp: 1; 13-19 bp: 2; 20 bp: 3

Overview of removed sequences
length	count	expect	max.err	error counts
15	1	0.0	2	0 1
16	4	0.0	2	1 3
17	4	0.0	2	0 1 3
18	18	0.0	2	3 9 5 1
19	152	0.0	2	6 18 113 15
20	6562	0.0	3	159 5942 353 108
21	122738	0.0	3	114886 6996 582 274
22	507	0.0	3	37 381 56 33
23	3	0.0	3	0 0 2 1
33	1	0.0	3	0 0 0 1
57	3	0.0	3	0 0 0 3
58	1	0.0	3	0 0 1
59	2	0.0	3	0 0 2
60	4	0.0	3	0 0 1 3
61	4	0.0	3	1 1 2
62	7	0.0	3	0 0 3 4
63	18	0.0	3	0 1 5 12
64	101	0.0	3	5 21 34 41
65	46	0.0	3	0 5 14 27
66	8	0.0	3	1 0 3 4


=== Second read: Adapter 4 ===

Sequence: CTGCWGCVHCCCRTAGG; Type: regular 3'; Length: 17; Trimmed: 0 times
