This is cutadapt 5.0 with Python 3.13.1
Command line parameters: -m 50 -O 15 -e 0.15 -g CCTAYGGGDBGCWGCAG -G GACTACNVGGGTMTCTAATCC -a GGATTAGAKACCCBNGTAGTC -A CTGCWGCVHCCCRTAGG -o plate3.1/cutadapt/2446R_S2_week15_S24_L001_R1_001.fastq.gz -p plate3.1/cutadapt/2446R_S2_week15_S24_L001_R2_001.fastq.gz plate3.1/filtN/2446R_S2_week15_S24_L001_R1_001.fastq.gz plate3.1/filtN/2446R_S2_week15_S24_L001_R2_001.fastq.gz
Processing paired-end reads on 1 core ...

=== Summary ===

Total read pairs processed:            115,383
  Read 1 with adapter:                 115,234 (99.9%)
  Read 2 with adapter:                 114,153 (98.9%)

== Read fate breakdown ==
Pairs that were too short:              10,405 (9.0%)
Pairs written (passing filters):       104,978 (91.0%)

Total basepairs processed:    66,632,490 bp
  Read 1:    34,730,283 bp
  Read 2:    31,902,207 bp
Total written (filtered):     59,233,441 bp (88.9%)
  Read 1:    29,818,296 bp
  Read 2:    29,415,145 bp

=== First read: Adapter 1 ===

Sequence: CCTAYGGGDBGCWGCAG; Type: regular 5'; Length: 17; Trimmed: 115160 times

Minimum overlap: 15
No. of allowed errors:
1-5 bp: 0; 6-12 bp: 1; 13-17 bp: 2

Overview of removed sequences
length	count	expect	max.err	error counts
14	3	0.0	2	0 0 3
15	190	0.0	2	9 59 122
16	2574	0.0	2	689 1754 131
17	112065	0.0	2	110382 1651 32
18	324	0.0	2	46 266 12
19	4	0.0	2	0 1 3


=== First read: Adapter 2 ===

Sequence: GGATTAGAKACCCBNGTAGTC; Type: regular 3'; Length: 21; Trimmed: 74 times

Minimum overlap: 15
No. of allowed errors:
1-5 bp: 0; 6-12 bp: 1; 13-19 bp: 2; 20 bp: 3

Bases preceding removed adapters:
  A: 37.8%
  C: 1.4%
  G: 60.8%
  T: 0.0%
  none/other: 0.0%

Overview of removed sequences
length	count	expect	max.err	error counts
24	50	0.0	3	43 7
25	2	0.0	3	2
264	2	0.0	3	1 1
279	1	0.0	3	1
284	5	0.0	3	4 1
285	14	0.0	3	13 1


=== Second read: Adapter 3 ===

Sequence: GACTACNVGGGTMTCTAATCC; Type: regular 5'; Length: 21; Trimmed: 114153 times

Minimum overlap: 15
No. of allowed errors:
1-5 bp: 0; 6-12 bp: 1; 13-19 bp: 2; 20 bp: 3

Overview of removed sequences
length	count	expect	max.err	error counts
15	2	0.0	2	1 1
16	3	0.0	2	0 0 3
17	3	0.0	2	0 0 3
18	12	0.0	2	1 5 2 4
19	127	0.0	2	4 14 97 12
20	5738	0.0	3	190 5192 291 65
21	107762	0.0	3	101608 5614 392 148
22	420	0.0	3	43 321 39 17
23	1	0.0	3	0 0 1
48	1	0.0	3	0 0 1
49	1	0.0	3	0 1
50	1	0.0	3	0 0 1
60	1	0.0	3	0 0 0 1
62	2	0.0	3	0 0 0 2
63	9	0.0	3	0 1 2 6
64	59	0.0	3	2 6 20 31
65	10	0.0	3	0 2 6 2
66	1	0.0	3	0 0 1


=== Second read: Adapter 4 ===

Sequence: CTGCWGCVHCCCRTAGG; Type: regular 3'; Length: 17; Trimmed: 0 times
