This is cutadapt 5.0 with Python 3.13.1
Command line parameters: -m 50 -O 15 -e 0.15 -g CCTAYGGGDBGCWGCAG -G GACTACNVGGGTMTCTAATCC -a GGATTAGAKACCCBNGTAGTC -A CTGCWGCVHCCCRTAGG -o plate3.1/cutadapt/3909R_L_M_S2_diabetes_S16_L001_R1_001.fastq.gz -p plate3.1/cutadapt/3909R_L_M_S2_diabetes_S16_L001_R2_001.fastq.gz plate3.1/filtN/3909R_L_M_S2_diabetes_S16_L001_R1_001.fastq.gz plate3.1/filtN/3909R_L_M_S2_diabetes_S16_L001_R2_001.fastq.gz
Processing paired-end reads on 1 core ...

=== Summary ===

Total read pairs processed:            155,625
  Read 1 with adapter:                 155,383 (99.8%)
  Read 2 with adapter:                 153,310 (98.5%)

== Read fate breakdown ==
Pairs that were too short:              13,962 (9.0%)
Pairs written (passing filters):       141,663 (91.0%)

Total basepairs processed:    89,891,092 bp
  Read 1:    46,843,125 bp
  Read 2:    43,047,967 bp
Total written (filtered):     79,939,254 bp (88.9%)
  Read 1:    40,239,067 bp
  Read 2:    39,700,187 bp

=== First read: Adapter 1 ===

Sequence: CCTAYGGGDBGCWGCAG; Type: regular 5'; Length: 17; Trimmed: 155292 times

Minimum overlap: 15
No. of allowed errors:
1-5 bp: 0; 6-12 bp: 1; 13-17 bp: 2

Overview of removed sequences
length	count	expect	max.err	error counts
14	10	0.0	2	0 2 8
15	257	0.0	2	22 90 145
16	3632	0.0	2	964 2465 203
17	150973	0.0	2	148687 2237 49
18	419	0.0	2	66 338 15
19	1	0.0	2	0 1


=== First read: Adapter 2 ===

Sequence: GGATTAGAKACCCBNGTAGTC; Type: regular 3'; Length: 21; Trimmed: 91 times

Minimum overlap: 15
No. of allowed errors:
1-5 bp: 0; 6-12 bp: 1; 13-19 bp: 2; 20 bp: 3

Bases preceding removed adapters:
  A: 52.7%
  C: 3.3%
  G: 44.0%
  T: 0.0%
  none/other: 0.0%

Overview of removed sequences
length	count	expect	max.err	error counts
24	57	0.0	3	53 4
25	1	0.0	3	1
121	1	0.0	3	1
279	3	0.0	3	3
284	11	0.0	3	11
285	18	0.0	3	16 2


=== Second read: Adapter 3 ===

Sequence: GACTACNVGGGTMTCTAATCC; Type: regular 5'; Length: 21; Trimmed: 153308 times

Minimum overlap: 15
No. of allowed errors:
1-5 bp: 0; 6-12 bp: 1; 13-19 bp: 2; 20 bp: 3

Overview of removed sequences
length	count	expect	max.err	error counts
14	1	0.0	2	0 1
15	2	0.0	2	1 0 1
16	5	0.0	2	0 4 1
17	6	0.0	2	1 1 4
18	14	0.0	2	1 6 3 4
19	135	0.0	2	6 11 106 12
20	6976	0.0	3	146 6362 363 105
21	145444	0.0	3	135772 8282 917 473
22	461	0.0	3	50 325 62 24
23	1	0.0	3	0 0 1
30	1	0.0	3	1
50	1	0.0	3	0 0 1
57	2	0.0	3	0 0 2
58	4	0.0	3	0 1 1 2
59	1	0.0	3	0 0 0 1
61	3	0.0	3	0 1 0 2
62	6	0.0	3	0 0 2 4
63	25	0.0	3	1 3 5 16
64	151	0.0	3	7 21 45 78
65	63	0.0	3	3 2 25 33
66	6	0.0	3	0 0 2 4


=== Second read: Adapter 4 ===

Sequence: CTGCWGCVHCCCRTAGG; Type: regular 3'; Length: 17; Trimmed: 2 times

Minimum overlap: 15
No. of allowed errors:
1-5 bp: 0; 6-12 bp: 1; 13-17 bp: 2

Bases preceding removed adapters:
  A: 50.0%
  C: 50.0%
  G: 0.0%
  T: 0.0%
  none/other: 0.0%

Overview of removed sequences
length	count	expect	max.err	error counts
236	1	0.0	2	0 0 1
238	1	0.0	2	0 0 1
