This is cutadapt 5.0 with Python 3.13.1
Command line parameters: -A XXX -q 20,20 -m 50 -o plate3.1/cutadapt_qc/3795R_L_F_S2_week9_S73_L001_R1_001.fastq.gz -p plate3.1/cutadapt_qc/3795R_L_F_S2_week9_S73_L001_R2_001.fastq.gz plate3.1/cutadapt/3795R_L_F_S2_week9_S73_L001_R1_001.fastq.gz plate3.1/cutadapt/3795R_L_F_S2_week9_S73_L001_R2_001.fastq.gz
Processing paired-end reads on 1 core ...

=== Summary ===

Total read pairs processed:            111,244
  Read 2 with adapter:                       0 (0.0%)

== Read fate breakdown ==
Pairs that were too short:               1,704 (1.5%)
Pairs written (passing filters):       109,540 (98.5%)

Total basepairs processed:    62,787,204 bp
  Read 1:    31,597,187 bp
  Read 2:    31,190,017 bp
Quality-trimmed:               3,630,334 bp (5.8%)
  Read 1:       495,911 bp
  Read 2:     3,134,423 bp
Total written (filtered):     58,664,991 bp (93.4%)
  Read 1:    30,630,980 bp
  Read 2:    28,034,011 bp

=== Second read: Adapter 1 ===

Sequence: XXX; Type: regular 3'; Length: 3; Trimmed: 0 times
