This is cutadapt 5.0 with Python 3.13.1
Command line parameters: -m 50 -O 15 -e 0.15 -g CCTAYGGGDBGCWGCAG -G GACTACNVGGGTMTCTAATCC -a GGATTAGAKACCCBNGTAGTC -A CTGCWGCVHCCCRTAGG -o plate3.1/cutadapt/2404R_L_F_S2_week5_S41_L001_R1_001.fastq.gz -p plate3.1/cutadapt/2404R_L_F_S2_week5_S41_L001_R2_001.fastq.gz plate3.1/filtN/2404R_L_F_S2_week5_S41_L001_R1_001.fastq.gz plate3.1/filtN/2404R_L_F_S2_week5_S41_L001_R2_001.fastq.gz
Processing paired-end reads on 1 core ...

=== Summary ===

Total read pairs processed:            139,357
  Read 1 with adapter:                 139,183 (99.9%)
  Read 2 with adapter:                 137,534 (98.7%)

== Read fate breakdown ==
Pairs that were too short:              12,311 (8.8%)
Pairs written (passing filters):       127,046 (91.2%)

Total basepairs processed:    80,542,252 bp
  Read 1:    41,946,452 bp
  Read 2:    38,595,800 bp
Total written (filtered):     71,678,877 bp (89.0%)
  Read 1:    36,085,979 bp
  Read 2:    35,592,898 bp

=== First read: Adapter 1 ===

Sequence: CCTAYGGGDBGCWGCAG; Type: regular 5'; Length: 17; Trimmed: 139135 times

Minimum overlap: 15
No. of allowed errors:
1-5 bp: 0; 6-12 bp: 1; 13-17 bp: 2

Overview of removed sequences
length	count	expect	max.err	error counts
14	4	0.0	2	0 0 4
15	164	0.0	2	4 56 104
16	2724	0.0	2	647 1916 161
17	135865	0.0	2	134007 1812 46
18	375	0.0	2	50 315 10
19	2	0.0	2	0 1 1
20	1	0.0	2	1


=== First read: Adapter 2 ===

Sequence: GGATTAGAKACCCBNGTAGTC; Type: regular 3'; Length: 21; Trimmed: 48 times

Minimum overlap: 15
No. of allowed errors:
1-5 bp: 0; 6-12 bp: 1; 13-19 bp: 2; 20 bp: 3

Bases preceding removed adapters:
  A: 37.5%
  C: 0.0%
  G: 62.5%
  T: 0.0%
  none/other: 0.0%

Overview of removed sequences
length	count	expect	max.err	error counts
24	44	0.0	3	39 5
25	1	0.0	3	1
27	1	0.0	3	1
284	1	0.0	3	1
285	1	0.0	3	1


=== Second read: Adapter 3 ===

Sequence: GACTACNVGGGTMTCTAATCC; Type: regular 5'; Length: 21; Trimmed: 137532 times

Minimum overlap: 15
No. of allowed errors:
1-5 bp: 0; 6-12 bp: 1; 13-19 bp: 2; 20 bp: 3

Overview of removed sequences
length	count	expect	max.err	error counts
15	2	0.0	2	0 2
16	2	0.0	2	1 1
17	6	0.0	2	1 2 3
18	19	0.0	2	0 8 6 5
19	156	0.0	2	3 16 125 12
20	6642	0.0	3	213 5947 366 116
21	129875	0.0	3	121570 7221 715 369
22	439	0.0	3	39 326 50 24
46	1	0.0	3	0 0 0 1
47	1	0.0	3	0 0 0 1
54	2	0.0	3	0 0 1 1
56	1	0.0	3	0 0 0 1
57	2	0.0	3	1 0 1
59	3	0.0	3	0 1 1 1
60	5	0.0	3	0 0 3 2
61	11	0.0	3	1 3 4 3
62	7	0.0	3	1 0 1 5
63	40	0.0	3	1 12 8 19
64	233	0.0	3	25 40 65 103
65	79	0.0	3	3 15 23 38
66	6	0.0	3	0 0 3 3


=== Second read: Adapter 4 ===

Sequence: CTGCWGCVHCCCRTAGG; Type: regular 3'; Length: 17; Trimmed: 2 times

Minimum overlap: 15
No. of allowed errors:
1-5 bp: 0; 6-12 bp: 1; 13-17 bp: 2

Bases preceding removed adapters:
  A: 0.0%
  C: 100.0%
  G: 0.0%
  T: 0.0%
  none/other: 0.0%

Overview of removed sequences
length	count	expect	max.err	error counts
36	1	0.0	2	0 1
134	1	0.0	2	0 0 1
