This is cutadapt 5.0 with Python 3.13.1
Command line parameters: -A XXX -q 20,20 -m 50 -o plate3.1/cutadapt_qc/3880R_R_F_S2_week9_S76_L001_R1_001.fastq.gz -p plate3.1/cutadapt_qc/3880R_R_F_S2_week9_S76_L001_R2_001.fastq.gz plate3.1/cutadapt/3880R_R_F_S2_week9_S76_L001_R1_001.fastq.gz plate3.1/cutadapt/3880R_R_F_S2_week9_S76_L001_R2_001.fastq.gz
Processing paired-end reads on 1 core ...

=== Summary ===

Total read pairs processed:            109,762
  Read 2 with adapter:                       0 (0.0%)

== Read fate breakdown ==
Pairs that were too short:               1,473 (1.3%)
Pairs written (passing filters):       108,289 (98.7%)

Total basepairs processed:    61,946,361 bp
  Read 1:    31,176,053 bp
  Read 2:    30,770,308 bp
Quality-trimmed:               2,973,806 bp (4.8%)
  Read 1:       407,678 bp
  Read 2:     2,566,128 bp
Total written (filtered):     58,543,731 bp (94.5%)
  Read 1:    30,358,663 bp
  Read 2:    28,185,068 bp

=== Second read: Adapter 1 ===

Sequence: XXX; Type: regular 3'; Length: 3; Trimmed: 0 times
