This is cutadapt 5.0 with Python 3.13.1
Command line parameters: -m 50 -O 15 -e 0.15 -g CCTAYGGGDBGCWGCAG -G GACTACNVGGGTMTCTAATCC -a GGATTAGAKACCCBNGTAGTC -A CTGCWGCVHCCCRTAGG -o plate3.1/cutadapt/3969R_R_F_S2_week5_S57_L001_R1_001.fastq.gz -p plate3.1/cutadapt/3969R_R_F_S2_week5_S57_L001_R2_001.fastq.gz plate3.1/filtN/3969R_R_F_S2_week5_S57_L001_R1_001.fastq.gz plate3.1/filtN/3969R_R_F_S2_week5_S57_L001_R2_001.fastq.gz
Processing paired-end reads on 1 core ...

=== Summary ===

Total read pairs processed:            154,868
  Read 1 with adapter:                 154,693 (99.9%)
  Read 2 with adapter:                 152,705 (98.6%)

== Read fate breakdown ==
Pairs that were too short:              13,603 (8.8%)
Pairs written (passing filters):       141,265 (91.2%)

Total basepairs processed:    89,527,297 bp
  Read 1:    46,615,268 bp
  Read 2:    42,912,029 bp
Total written (filtered):     79,711,594 bp (89.0%)
  Read 1:    40,124,040 bp
  Read 2:    39,587,554 bp

=== First read: Adapter 1 ===

Sequence: CCTAYGGGDBGCWGCAG; Type: regular 5'; Length: 17; Trimmed: 154618 times

Minimum overlap: 15
No. of allowed errors:
1-5 bp: 0; 6-12 bp: 1; 13-17 bp: 2

Overview of removed sequences
length	count	expect	max.err	error counts
14	2	0.0	2	0 0 2
15	184	0.0	2	14 60 110
16	2865	0.0	2	712 1984 169
17	151150	0.0	2	149084 2017 49
18	415	0.0	2	57 350 8
19	2	0.0	2	0 0 2


=== First read: Adapter 2 ===

Sequence: GGATTAGAKACCCBNGTAGTC; Type: regular 3'; Length: 21; Trimmed: 75 times

Minimum overlap: 15
No. of allowed errors:
1-5 bp: 0; 6-12 bp: 1; 13-19 bp: 2; 20 bp: 3

Bases preceding removed adapters:
  A: 24.0%
  C: 0.0%
  G: 74.7%
  T: 1.3%
  none/other: 0.0%

Overview of removed sequences
length	count	expect	max.err	error counts
24	69	0.0	3	59 10
25	4	0.0	3	3 1
250	1	0.0	3	0 1
284	1	0.0	3	1


=== Second read: Adapter 3 ===

Sequence: GACTACNVGGGTMTCTAATCC; Type: regular 5'; Length: 21; Trimmed: 152699 times

Minimum overlap: 15
No. of allowed errors:
1-5 bp: 0; 6-12 bp: 1; 13-19 bp: 2; 20 bp: 3

Overview of removed sequences
length	count	expect	max.err	error counts
15	2	0.0	2	2
16	3	0.0	2	0 2 1
17	6	0.0	2	1 1 4
18	24	0.0	2	2 14 3 5
19	153	0.0	2	6 12 124 11
20	7252	0.0	3	163 6530 441 118
21	144403	0.0	3	134355 8669 906 473
22	628	0.0	3	59 454 75 40
33	1	0.0	3	0 0 0 1
42	1	0.0	3	0 0 0 1
54	1	0.0	3	0 0 0 1
56	1	0.0	3	0 0 0 1
58	2	0.0	3	0 1 0 1
60	4	0.0	3	0 0 2 2
61	4	0.0	3	1 0 2 1
62	9	0.0	3	0 2 3 4
63	30	0.0	3	2 1 8 19
64	102	0.0	3	4 19 40 39
65	71	0.0	3	2 15 14 40
66	2	0.0	3	0 1 0 1


=== Second read: Adapter 4 ===

Sequence: CTGCWGCVHCCCRTAGG; Type: regular 3'; Length: 17; Trimmed: 6 times

Minimum overlap: 15
No. of allowed errors:
1-5 bp: 0; 6-12 bp: 1; 13-17 bp: 2

Bases preceding removed adapters:
  A: 0.0%
  C: 33.3%
  G: 66.7%
  T: 0.0%
  none/other: 0.0%

Overview of removed sequences
length	count	expect	max.err	error counts
15	2	0.0	2	0 0 2
121	1	0.0	2	0 0 1
187	2	0.0	2	0 0 2
284	1	0.0	2	1
