This is cutadapt 5.0 with Python 3.13.1
Command line parameters: -m 50 -O 15 -e 0.15 -g CCTAYGGGDBGCWGCAG -G GACTACNVGGGTMTCTAATCC -a GGATTAGAKACCCBNGTAGTC -A CTGCWGCVHCCCRTAGG -o plate3.1/cutadapt/1174R_S2_week14_S21_L001_R1_001.fastq.gz -p plate3.1/cutadapt/1174R_S2_week14_S21_L001_R2_001.fastq.gz plate3.1/filtN/1174R_S2_week14_S21_L001_R1_001.fastq.gz plate3.1/filtN/1174R_S2_week14_S21_L001_R2_001.fastq.gz
Processing paired-end reads on 1 core ...

=== Summary ===

Total read pairs processed:            137,570
  Read 1 with adapter:                 137,405 (99.9%)
  Read 2 with adapter:                 136,216 (99.0%)

== Read fate breakdown ==
Pairs that were too short:              12,338 (9.0%)
Pairs written (passing filters):       125,232 (91.0%)

Total basepairs processed:    79,458,373 bp
  Read 1:    41,408,569 bp
  Read 2:    38,049,804 bp
Total written (filtered):     70,650,985 bp (88.9%)
  Read 1:    35,570,172 bp
  Read 2:    35,080,813 bp

=== First read: Adapter 1 ===

Sequence: CCTAYGGGDBGCWGCAG; Type: regular 5'; Length: 17; Trimmed: 137357 times

Minimum overlap: 15
No. of allowed errors:
1-5 bp: 0; 6-12 bp: 1; 13-17 bp: 2

Overview of removed sequences
length	count	expect	max.err	error counts
14	2	0.0	2	0 0 2
15	153	0.0	2	6 60 87
16	2403	0.0	2	621 1667 115
17	134418	0.0	2	132650 1732 36
18	379	0.0	2	48 321 10
19	2	0.0	2	0 0 2


=== First read: Adapter 2 ===

Sequence: GGATTAGAKACCCBNGTAGTC; Type: regular 3'; Length: 21; Trimmed: 48 times

Minimum overlap: 15
No. of allowed errors:
1-5 bp: 0; 6-12 bp: 1; 13-19 bp: 2; 20 bp: 3

Bases preceding removed adapters:
  A: 33.3%
  C: 0.0%
  G: 66.7%
  T: 0.0%
  none/other: 0.0%

Overview of removed sequences
length	count	expect	max.err	error counts
24	44	0.0	3	41 3
25	3	0.0	3	3
170	1	0.0	3	1


=== Second read: Adapter 3 ===

Sequence: GACTACNVGGGTMTCTAATCC; Type: regular 5'; Length: 21; Trimmed: 136213 times

Minimum overlap: 15
No. of allowed errors:
1-5 bp: 0; 6-12 bp: 1; 13-19 bp: 2; 20 bp: 3

Overview of removed sequences
length	count	expect	max.err	error counts
15	1	0.0	2	1
16	2	0.0	2	0 1 1
17	4	0.0	2	0 1 3
18	18	0.0	2	0 12 3 3
19	128	0.0	2	1 10 100 17
20	6163	0.0	3	214 5572 307 70
21	129168	0.0	3	121444 6944 521 259
22	456	0.0	3	42 341 54 19
23	1	0.0	3	0 0 1
27	1	0.0	3	1
48	1	0.0	3	0 0 1
57	1	0.0	3	0 0 0 1
58	1	0.0	3	0 0 0 1
59	5	0.0	3	0 1 0 4
60	3	0.0	3	0 0 2 1
61	6	0.0	3	0 2 1 3
62	5	0.0	3	0 1 0 4
63	31	0.0	3	5 4 9 13
64	139	0.0	3	14 25 36 64
65	74	0.0	3	2 10 32 30
66	5	0.0	3	0 2 2 1


=== Second read: Adapter 4 ===

Sequence: CTGCWGCVHCCCRTAGG; Type: regular 3'; Length: 17; Trimmed: 3 times

Minimum overlap: 15
No. of allowed errors:
1-5 bp: 0; 6-12 bp: 1; 13-17 bp: 2

Bases preceding removed adapters:
  A: 0.0%
  C: 33.3%
  G: 33.3%
  T: 33.3%
  none/other: 0.0%

Overview of removed sequences
length	count	expect	max.err	error counts
87	1	0.0	2	0 0 1
297	2	0.0	2	0 0 2
