This is cutadapt 5.0 with Python 3.13.1
Command line parameters: -A XXX -q 20,20 -m 50 -o plate3.1/cutadapt_qc/3969R_R_F_S2_diabetes_S18_L001_R1_001.fastq.gz -p plate3.1/cutadapt_qc/3969R_R_F_S2_diabetes_S18_L001_R2_001.fastq.gz plate3.1/cutadapt/3969R_R_F_S2_diabetes_S18_L001_R1_001.fastq.gz plate3.1/cutadapt/3969R_R_F_S2_diabetes_S18_L001_R2_001.fastq.gz
Processing paired-end reads on 1 core ...

=== Summary ===

Total read pairs processed:            122,525
  Read 2 with adapter:                       0 (0.0%)

== Read fate breakdown ==
Pairs that were too short:               1,146 (0.9%)
Pairs written (passing filters):       121,379 (99.1%)

Total basepairs processed:    69,130,761 bp
  Read 1:    34,801,571 bp
  Read 2:    34,329,190 bp
Quality-trimmed:               2,726,791 bp (3.9%)
  Read 1:       382,767 bp
  Read 2:     2,344,024 bp
Total written (filtered):     66,071,489 bp (95.6%)
  Read 1:    34,102,381 bp
  Read 2:    31,969,108 bp

=== Second read: Adapter 1 ===

Sequence: XXX; Type: regular 3'; Length: 3; Trimmed: 0 times
