This is cutadapt 5.0 with Python 3.13.1
Command line parameters: -m 50 -O 15 -e 0.15 -g CCTAYGGGDBGCWGCAG -G GACTACNVGGGTMTCTAATCC -a GGATTAGAKACCCBNGTAGTC -A CTGCWGCVHCCCRTAGG -o plate3.1/cutadapt/2446R_R_F_S2_Pellet_week9_S68_L001_R1_001.fastq.gz -p plate3.1/cutadapt/2446R_R_F_S2_Pellet_week9_S68_L001_R2_001.fastq.gz plate3.1/filtN/2446R_R_F_S2_Pellet_week9_S68_L001_R1_001.fastq.gz plate3.1/filtN/2446R_R_F_S2_Pellet_week9_S68_L001_R2_001.fastq.gz
Processing paired-end reads on 1 core ...

=== Summary ===

Total read pairs processed:            112,808
  Read 1 with adapter:                 112,661 (99.9%)
  Read 2 with adapter:                 111,677 (99.0%)

== Read fate breakdown ==
Pairs that were too short:              10,215 (9.1%)
Pairs written (passing filters):       102,593 (90.9%)

Total basepairs processed:    65,127,452 bp
  Read 1:    33,955,203 bp
  Read 2:    31,172,249 bp
Total written (filtered):     57,879,051 bp (88.9%)
  Read 1:    29,140,460 bp
  Read 2:    28,738,591 bp

=== First read: Adapter 1 ===

Sequence: CCTAYGGGDBGCWGCAG; Type: regular 5'; Length: 17; Trimmed: 112601 times

Minimum overlap: 15
No. of allowed errors:
1-5 bp: 0; 6-12 bp: 1; 13-17 bp: 2

Overview of removed sequences
length	count	expect	max.err	error counts
14	3	0.0	2	0 1 2
15	162	0.0	2	10 55 97
16	2275	0.0	2	518 1618 139
17	109836	0.0	2	108283 1527 26
18	324	0.0	2	39 275 10
19	1	0.0	2	0 0 1


=== First read: Adapter 2 ===

Sequence: GGATTAGAKACCCBNGTAGTC; Type: regular 3'; Length: 21; Trimmed: 60 times

Minimum overlap: 15
No. of allowed errors:
1-5 bp: 0; 6-12 bp: 1; 13-19 bp: 2; 20 bp: 3

Bases preceding removed adapters:
  A: 13.3%
  C: 0.0%
  G: 86.7%
  T: 0.0%
  none/other: 0.0%
WARNING:
    The adapter is preceded by 'G' extremely often.
    The provided adapter sequence could be incomplete at its 5' end.
    Ignore this warning when trimming primers.

Overview of removed sequences
length	count	expect	max.err	error counts
23	1	0.0	3	1
24	55	0.0	3	50 5
25	4	0.0	3	2 2


=== Second read: Adapter 3 ===

Sequence: GACTACNVGGGTMTCTAATCC; Type: regular 5'; Length: 21; Trimmed: 111677 times

Minimum overlap: 15
No. of allowed errors:
1-5 bp: 0; 6-12 bp: 1; 13-19 bp: 2; 20 bp: 3

Overview of removed sequences
length	count	expect	max.err	error counts
16	1	0.0	2	0 0 1
17	1	0.0	2	0 0 1
18	14	0.0	2	1 5 3 5
19	113	0.0	2	3 11 87 12
20	5420	0.0	3	126 4964 262 68
21	105464	0.0	3	99082 5675 470 237
22	423	0.0	3	34 314 50 25
24	1	0.0	3	0 0 1
39	1	0.0	3	0 1
50	1	0.0	3	0 0 0 1
52	1	0.0	3	0 0 0 1
54	1	0.0	3	1
57	2	0.0	3	0 0 1 1
58	1	0.0	3	0 0 1
59	4	0.0	3	0 0 4
60	1	0.0	3	0 1
61	4	0.0	3	1 0 2 1
62	6	0.0	3	0 2 3 1
63	20	0.0	3	1 6 9 4
64	119	0.0	3	3 30 39 47
65	76	0.0	3	3 8 26 39
66	3	0.0	3	0 0 1 2


=== Second read: Adapter 4 ===

Sequence: CTGCWGCVHCCCRTAGG; Type: regular 3'; Length: 17; Trimmed: 0 times

WARNING:
    One or more of your adapter sequences may be incomplete.
    Please see the detailed output above.
