This is cutadapt 5.0 with Python 3.13.1
Command line parameters: -A XXX -q 20,20 -m 50 -o plate3.1/cutadapt_qc/2453R_L_F_S2_diabetes_S13_L001_R1_001.fastq.gz -p plate3.1/cutadapt_qc/2453R_L_F_S2_diabetes_S13_L001_R2_001.fastq.gz plate3.1/cutadapt/2453R_L_F_S2_diabetes_S13_L001_R1_001.fastq.gz plate3.1/cutadapt/2453R_L_F_S2_diabetes_S13_L001_R2_001.fastq.gz
Processing paired-end reads on 1 core ...

=== Summary ===

Total read pairs processed:            151,867
  Read 2 with adapter:                       0 (0.0%)

== Read fate breakdown ==
Pairs that were too short:               1,937 (1.3%)
Pairs written (passing filters):       149,930 (98.7%)

Total basepairs processed:    85,689,885 bp
  Read 1:    43,134,665 bp
  Read 2:    42,555,220 bp
Quality-trimmed:               3,604,143 bp (4.2%)
  Read 1:       497,504 bp
  Read 2:     3,106,639 bp
Total written (filtered):     81,516,681 bp (95.1%)
  Read 1:    42,097,764 bp
  Read 2:    39,418,917 bp

=== Second read: Adapter 1 ===

Sequence: XXX; Type: regular 3'; Length: 3; Trimmed: 0 times
