This is cutadapt 5.0 with Python 3.13.1
Command line parameters: -A XXX -q 20,20 -m 50 -o plate3.1/cutadapt_qc/1067R_R_M_S2_diabetes_S8_L001_R1_001.fastq.gz -p plate3.1/cutadapt_qc/1067R_R_M_S2_diabetes_S8_L001_R2_001.fastq.gz plate3.1/cutadapt/1067R_R_M_S2_diabetes_S8_L001_R1_001.fastq.gz plate3.1/cutadapt/1067R_R_M_S2_diabetes_S8_L001_R2_001.fastq.gz
Processing paired-end reads on 1 core ...

=== Summary ===

Total read pairs processed:             80,889
  Read 2 with adapter:                       0 (0.0%)

== Read fate breakdown ==
Pairs that were too short:                 767 (0.9%)
Pairs written (passing filters):        80,122 (99.1%)

Total basepairs processed:    45,635,451 bp
  Read 1:    22,975,630 bp
  Read 2:    22,659,821 bp
Quality-trimmed:               1,795,157 bp (3.9%)
  Read 1:       247,906 bp
  Read 2:     1,547,251 bp
Total written (filtered):     43,614,398 bp (95.6%)
  Read 1:    22,513,965 bp
  Read 2:    21,100,433 bp

=== Second read: Adapter 1 ===

Sequence: XXX; Type: regular 3'; Length: 3; Trimmed: 0 times
