This is cutadapt 5.0 with Python 3.13.1
Command line parameters: -m 50 -O 15 -e 0.15 -g CCTAYGGGDBGCWGCAG -G GACTACNVGGGTMTCTAATCC -a GGATTAGAKACCCBNGTAGTC -A CTGCWGCVHCCCRTAGG -o plate3.1/cutadapt/1152R_L_M_S2_week9_S64_L001_R1_001.fastq.gz -p plate3.1/cutadapt/1152R_L_M_S2_week9_S64_L001_R2_001.fastq.gz plate3.1/filtN/1152R_L_M_S2_week9_S64_L001_R1_001.fastq.gz plate3.1/filtN/1152R_L_M_S2_week9_S64_L001_R2_001.fastq.gz
Processing paired-end reads on 1 core ...

=== Summary ===

Total read pairs processed:            134,698
  Read 1 with adapter:                 134,507 (99.9%)
  Read 2 with adapter:                 132,825 (98.6%)

== Read fate breakdown ==
Pairs that were too short:              11,962 (8.9%)
Pairs written (passing filters):       122,736 (91.1%)

Total basepairs processed:    77,835,306 bp
  Read 1:    40,544,098 bp
  Read 2:    37,291,208 bp
Total written (filtered):     69,257,887 bp (89.0%)
  Read 1:    34,862,538 bp
  Read 2:    34,395,349 bp

=== First read: Adapter 1 ===

Sequence: CCTAYGGGDBGCWGCAG; Type: regular 5'; Length: 17; Trimmed: 134403 times

Minimum overlap: 15
No. of allowed errors:
1-5 bp: 0; 6-12 bp: 1; 13-17 bp: 2

Overview of removed sequences
length	count	expect	max.err	error counts
14	8	0.0	2	0 1 7
15	229	0.0	2	19 73 137
16	3092	0.0	2	814 2124 154
17	130725	0.0	2	128770 1907 48
18	345	0.0	2	55 282 8
19	3	0.0	2	0 1 2
48	1	0.0	2	1


=== First read: Adapter 2 ===

Sequence: GGATTAGAKACCCBNGTAGTC; Type: regular 3'; Length: 21; Trimmed: 104 times

Minimum overlap: 15
No. of allowed errors:
1-5 bp: 0; 6-12 bp: 1; 13-19 bp: 2; 20 bp: 3

Bases preceding removed adapters:
  A: 27.9%
  C: 2.9%
  G: 66.3%
  T: 2.9%
  none/other: 0.0%

Overview of removed sequences
length	count	expect	max.err	error counts
24	77	0.0	3	69 8
25	1	0.0	3	1
279	1	0.0	3	1
280	1	0.0	3	1
282	3	0.0	3	3
284	5	0.0	3	5
285	16	0.0	3	14 2


=== Second read: Adapter 3 ===

Sequence: GACTACNVGGGTMTCTAATCC; Type: regular 5'; Length: 21; Trimmed: 132824 times

Minimum overlap: 15
No. of allowed errors:
1-5 bp: 0; 6-12 bp: 1; 13-19 bp: 2; 20 bp: 3

Overview of removed sequences
length	count	expect	max.err	error counts
15	1	0.0	2	0 0 1
16	4	0.0	2	2 1 1
17	2	0.0	2	0 0 2
18	11	0.0	2	0 5 0 6
19	130	0.0	2	3 12 101 14
20	6387	0.0	3	145 5785 359 98
21	125610	0.0	3	116978 7465 827 340
22	483	0.0	3	40 370 53 20
23	1	0.0	3	0 0 1
56	1	0.0	3	0 0 0 1
57	1	0.0	3	0 1
58	3	0.0	3	0 0 0 3
59	1	0.0	3	0 0 0 1
60	2	0.0	3	0 0 0 2
61	1	0.0	3	0 1
62	10	0.0	3	2 0 3 5
63	25	0.0	3	0 8 4 13
64	82	0.0	3	4 10 24 44
65	63	0.0	3	1 14 19 29
66	5	0.0	3	0 0 2 3
81	1	0.0	3	1


=== Second read: Adapter 4 ===

Sequence: CTGCWGCVHCCCRTAGG; Type: regular 3'; Length: 17; Trimmed: 1 times

Minimum overlap: 15
No. of allowed errors:
1-5 bp: 0; 6-12 bp: 1; 13-17 bp: 2

Bases preceding removed adapters:
  A: 100.0%
  C: 0.0%
  G: 0.0%
  T: 0.0%
  none/other: 0.0%

Overview of removed sequences
length	count	expect	max.err	error counts
132	1	0.0	2	0 0 1
