This is cutadapt 5.0 with Python 3.13.1
Command line parameters: -m 50 -O 15 -e 0.15 -g CCTAYGGGDBGCWGCAG -G GACTACNVGGGTMTCTAATCC -a GGATTAGAKACCCBNGTAGTC -A CTGCWGCVHCCCRTAGG -o plate3.1/cutadapt/3909R_S2_week21_S29_L001_R1_001.fastq.gz -p plate3.1/cutadapt/3909R_S2_week21_S29_L001_R2_001.fastq.gz plate3.1/filtN/3909R_S2_week21_S29_L001_R1_001.fastq.gz plate3.1/filtN/3909R_S2_week21_S29_L001_R2_001.fastq.gz
Processing paired-end reads on 1 core ...

=== Summary ===

Total read pairs processed:            122,811
  Read 1 with adapter:                 122,682 (99.9%)
  Read 2 with adapter:                 121,090 (98.6%)

== Read fate breakdown ==
Pairs that were too short:              10,931 (8.9%)
Pairs written (passing filters):       111,880 (91.1%)

Total basepairs processed:    70,957,014 bp
  Read 1:    36,966,111 bp
  Read 2:    33,990,903 bp
Total written (filtered):     63,126,502 bp (89.0%)
  Read 1:    31,777,176 bp
  Read 2:    31,349,326 bp

=== First read: Adapter 1 ===

Sequence: CCTAYGGGDBGCWGCAG; Type: regular 5'; Length: 17; Trimmed: 122592 times

Minimum overlap: 15
No. of allowed errors:
1-5 bp: 0; 6-12 bp: 1; 13-17 bp: 2

Overview of removed sequences
length	count	expect	max.err	error counts
14	2	0.0	2	0 0 2
15	124	0.0	2	7 32 85
16	2136	0.0	2	614 1402 120
17	119928	0.0	2	118111 1773 44
18	399	0.0	2	74 313 12
19	2	0.0	2	0 0 2
23	1	0.0	2	1


=== First read: Adapter 2 ===

Sequence: GGATTAGAKACCCBNGTAGTC; Type: regular 3'; Length: 21; Trimmed: 90 times

Minimum overlap: 15
No. of allowed errors:
1-5 bp: 0; 6-12 bp: 1; 13-19 bp: 2; 20 bp: 3

Bases preceding removed adapters:
  A: 31.1%
  C: 0.0%
  G: 67.8%
  T: 1.1%
  none/other: 0.0%

Overview of removed sequences
length	count	expect	max.err	error counts
23	1	0.0	3	1
24	77	0.0	3	69 7 1
191	1	0.0	3	1
280	1	0.0	3	1
283	1	0.0	3	1
285	9	0.0	3	8 1


=== Second read: Adapter 3 ===

Sequence: GACTACNVGGGTMTCTAATCC; Type: regular 5'; Length: 21; Trimmed: 121089 times

Minimum overlap: 15
No. of allowed errors:
1-5 bp: 0; 6-12 bp: 1; 13-19 bp: 2; 20 bp: 3

Overview of removed sequences
length	count	expect	max.err	error counts
15	4	0.0	2	0 4
16	2	0.0	2	0 2
17	4	0.0	2	1 2 1
18	16	0.0	2	0 7 1 8
19	173	0.0	2	1 23 129 20
20	6708	0.0	3	186 6004 414 104
21	113486	0.0	3	105962 6547 677 300
22	409	0.0	3	28 304 58 19
57	2	0.0	3	0 1 1
58	2	0.0	3	0 0 2
59	1	0.0	3	0 0 0 1
60	3	0.0	3	0 1 1 1
61	8	0.0	3	2 2 2 2
62	12	0.0	3	2 3 3 4
63	28	0.0	3	3 1 7 17
64	159	0.0	3	10 39 51 59
65	68	0.0	3	0 11 21 36
66	4	0.0	3	0 1 1 2


=== Second read: Adapter 4 ===

Sequence: CTGCWGCVHCCCRTAGG; Type: regular 3'; Length: 17; Trimmed: 1 times

Minimum overlap: 15
No. of allowed errors:
1-5 bp: 0; 6-12 bp: 1; 13-17 bp: 2

Bases preceding removed adapters:
  A: 0.0%
  C: 0.0%
  G: 100.0%
  T: 0.0%
  none/other: 0.0%

Overview of removed sequences
length	count	expect	max.err	error counts
202	1	0.0	2	0 0 1
