This is cutadapt 5.0 with Python 3.13.1
Command line parameters: -m 50 -O 15 -e 0.15 -g CCTAYGGGDBGCWGCAG -G GACTACNVGGGTMTCTAATCC -a GGATTAGAKACCCBNGTAGTC -A CTGCWGCVHCCCRTAGG -o plate3.1/cutadapt/1152R_S2_week28_S31_L001_R1_001.fastq.gz -p plate3.1/cutadapt/1152R_S2_week28_S31_L001_R2_001.fastq.gz plate3.1/filtN/1152R_S2_week28_S31_L001_R1_001.fastq.gz plate3.1/filtN/1152R_S2_week28_S31_L001_R2_001.fastq.gz
Processing paired-end reads on 1 core ...

=== Summary ===

Total read pairs processed:            133,546
  Read 1 with adapter:                 133,382 (99.9%)
  Read 2 with adapter:                 131,777 (98.7%)

== Read fate breakdown ==
Pairs that were too short:              11,955 (9.0%)
Pairs written (passing filters):       121,591 (91.0%)

Total basepairs processed:    77,138,485 bp
  Read 1:    40,197,344 bp
  Read 2:    36,941,141 bp
Total written (filtered):     68,603,827 bp (88.9%)
  Read 1:    34,535,797 bp
  Read 2:    34,068,030 bp

=== First read: Adapter 1 ===

Sequence: CCTAYGGGDBGCWGCAG; Type: regular 5'; Length: 17; Trimmed: 133299 times

Minimum overlap: 15
No. of allowed errors:
1-5 bp: 0; 6-12 bp: 1; 13-17 bp: 2

Overview of removed sequences
length	count	expect	max.err	error counts
14	4	0.0	2	0 1 3
15	169	0.0	2	9 61 99
16	2237	0.0	2	562 1556 119
17	130509	0.0	2	128809 1651 49
18	379	0.0	2	69 303 7
19	1	0.0	2	0 0 1


=== First read: Adapter 2 ===

Sequence: GGATTAGAKACCCBNGTAGTC; Type: regular 3'; Length: 21; Trimmed: 83 times

Minimum overlap: 15
No. of allowed errors:
1-5 bp: 0; 6-12 bp: 1; 13-19 bp: 2; 20 bp: 3

Bases preceding removed adapters:
  A: 20.5%
  C: 0.0%
  G: 79.5%
  T: 0.0%
  none/other: 0.0%

Overview of removed sequences
length	count	expect	max.err	error counts
24	81	0.0	3	72 9
25	1	0.0	3	1
192	1	0.0	3	1


=== Second read: Adapter 3 ===

Sequence: GACTACNVGGGTMTCTAATCC; Type: regular 5'; Length: 21; Trimmed: 131776 times

Minimum overlap: 15
No. of allowed errors:
1-5 bp: 0; 6-12 bp: 1; 13-19 bp: 2; 20 bp: 3

Overview of removed sequences
length	count	expect	max.err	error counts
15	3	0.0	2	1 1 1
16	1	0.0	2	0 0 1
17	3	0.0	2	0 1 2
18	13	0.0	2	2 3 1 7
19	186	0.0	2	3 16 153 14
20	7265	0.0	3	186 6534 436 109
21	123559	0.0	3	115399 7080 745 335
22	423	0.0	3	36 306 63 18
23	3	0.0	3	0 2 1
51	1	0.0	3	0 0 1
55	1	0.0	3	0 0 1
57	2	0.0	3	0 1 0 1
58	3	0.0	3	2 0 0 1
59	2	0.0	3	0 0 0 2
60	3	0.0	3	0 1 1 1
61	7	0.0	3	0 1 4 2
62	7	0.0	3	0 1 3 3
63	30	0.0	3	0 5 12 13
64	168	0.0	3	2 31 66 69
65	95	0.0	3	3 15 35 42
66	1	0.0	3	0 0 0 1


=== Second read: Adapter 4 ===

Sequence: CTGCWGCVHCCCRTAGG; Type: regular 3'; Length: 17; Trimmed: 1 times

Minimum overlap: 15
No. of allowed errors:
1-5 bp: 0; 6-12 bp: 1; 13-17 bp: 2

Bases preceding removed adapters:
  A: 0.0%
  C: 100.0%
  G: 0.0%
  T: 0.0%
  none/other: 0.0%

Overview of removed sequences
length	count	expect	max.err	error counts
143	1	0.0	2	0 0 1
