This is cutadapt 5.0 with Python 3.13.1
Command line parameters: -m 50 -O 15 -e 0.15 -g CCTAYGGGDBGCWGCAG -G GACTACNVGGGTMTCTAATCC -a GGATTAGAKACCCBNGTAGTC -A CTGCWGCVHCCCRTAGG -o plate3.1/cutadapt/2453R_R_F_S2_diabetes_S14_L001_R1_001.fastq.gz -p plate3.1/cutadapt/2453R_R_F_S2_diabetes_S14_L001_R2_001.fastq.gz plate3.1/filtN/2453R_R_F_S2_diabetes_S14_L001_R1_001.fastq.gz plate3.1/filtN/2453R_R_F_S2_diabetes_S14_L001_R2_001.fastq.gz
Processing paired-end reads on 1 core ...

=== Summary ===

Total read pairs processed:            129,740
  Read 1 with adapter:                 129,596 (99.9%)
  Read 2 with adapter:                 127,837 (98.5%)

== Read fate breakdown ==
Pairs that were too short:              11,799 (9.1%)
Pairs written (passing filters):       117,941 (90.9%)

Total basepairs processed:    74,889,027 bp
  Read 1:    39,051,734 bp
  Read 2:    35,837,293 bp
Total written (filtered):     66,551,225 bp (88.9%)
  Read 1:    33,498,818 bp
  Read 2:    33,052,407 bp

=== First read: Adapter 1 ===

Sequence: CCTAYGGGDBGCWGCAG; Type: regular 5'; Length: 17; Trimmed: 129514 times

Minimum overlap: 15
No. of allowed errors:
1-5 bp: 0; 6-12 bp: 1; 13-17 bp: 2

Overview of removed sequences
length	count	expect	max.err	error counts
14	1	0.0	2	0 0 1
15	139	0.0	2	10 48 81
16	2210	0.0	2	577 1526 107
17	126794	0.0	2	124869 1882 43
18	369	0.0	2	58 297 14
25	1	0.0	2	0 1


=== First read: Adapter 2 ===

Sequence: GGATTAGAKACCCBNGTAGTC; Type: regular 3'; Length: 21; Trimmed: 82 times

Minimum overlap: 15
No. of allowed errors:
1-5 bp: 0; 6-12 bp: 1; 13-19 bp: 2; 20 bp: 3

Bases preceding removed adapters:
  A: 35.4%
  C: 0.0%
  G: 64.6%
  T: 0.0%
  none/other: 0.0%

Overview of removed sequences
length	count	expect	max.err	error counts
24	79	0.0	3	71 8
25	2	0.0	3	2
35	1	0.0	3	1


=== Second read: Adapter 3 ===

Sequence: GACTACNVGGGTMTCTAATCC; Type: regular 5'; Length: 21; Trimmed: 127835 times

Minimum overlap: 15
No. of allowed errors:
1-5 bp: 0; 6-12 bp: 1; 13-19 bp: 2; 20 bp: 3

Overview of removed sequences
length	count	expect	max.err	error counts
17	2	0.0	2	0 1 1
18	13	0.0	2	0 5 4 4
19	103	0.0	2	4 10 80 9
20	5935	0.0	3	167 5392 301 75
21	121195	0.0	3	113179 6930 725 361
22	379	0.0	3	31 274 52 22
23	2	0.0	3	0 0 2
39	1	0.0	3	0 0 0 1
52	1	0.0	3	0 0 0 1
54	1	0.0	3	0 0 1
55	2	0.0	3	0 0 1 1
56	2	0.0	3	0 1 0 1
58	3	0.0	3	0 1 1 1
59	2	0.0	3	1 0 1
60	1	0.0	3	0 1
61	5	0.0	3	1 0 1 3
62	5	0.0	3	0 1 0 4
63	15	0.0	3	3 2 3 7
64	127	0.0	3	7 13 36 71
65	39	0.0	3	0 5 13 21
66	2	0.0	3	0 0 1 1


=== Second read: Adapter 4 ===

Sequence: CTGCWGCVHCCCRTAGG; Type: regular 3'; Length: 17; Trimmed: 2 times

Minimum overlap: 15
No. of allowed errors:
1-5 bp: 0; 6-12 bp: 1; 13-17 bp: 2

Bases preceding removed adapters:
  A: 0.0%
  C: 0.0%
  G: 100.0%
  T: 0.0%
  none/other: 0.0%

Overview of removed sequences
length	count	expect	max.err	error counts
21	1	0.0	2	0 0 1
37	1	0.0	2	0 0 1
