This is cutadapt 5.0 with Python 3.13.1
Command line parameters: -A XXX -q 20,20 -m 50 -o plate3.1/cutadapt_qc/Positive_Control_S89_L001_R1_001.fastq.gz -p plate3.1/cutadapt_qc/Positive_Control_S89_L001_R2_001.fastq.gz plate3.1/cutadapt/Positive_Control_S89_L001_R1_001.fastq.gz plate3.1/cutadapt/Positive_Control_S89_L001_R2_001.fastq.gz
Processing paired-end reads on 1 core ...

=== Summary ===

Total read pairs processed:            142,296
  Read 2 with adapter:                       0 (0.0%)

== Read fate breakdown ==
Pairs that were too short:               1,648 (1.2%)
Pairs written (passing filters):       140,648 (98.8%)

Total basepairs processed:    80,281,831 bp
  Read 1:    40,417,316 bp
  Read 2:    39,864,515 bp
Quality-trimmed:               3,700,128 bp (4.6%)
  Read 1:       712,741 bp
  Read 2:     2,987,387 bp
Total written (filtered):     76,098,104 bp (94.8%)
  Read 1:    39,246,116 bp
  Read 2:    36,851,988 bp

=== Second read: Adapter 1 ===

Sequence: XXX; Type: regular 3'; Length: 3; Trimmed: 0 times
