This is cutadapt 5.0 with Python 3.13.1
Command line parameters: -m 50 -O 15 -e 0.15 -g CCTAYGGGDBGCWGCAG -G GACTACNVGGGTMTCTAATCC -a GGATTAGAKACCCBNGTAGTC -A CTGCWGCVHCCCRTAGG -o plate3.1/cutadapt/3795R_L_F_S2_week9_S73_L001_R1_001.fastq.gz -p plate3.1/cutadapt/3795R_L_F_S2_week9_S73_L001_R2_001.fastq.gz plate3.1/filtN/3795R_L_F_S2_week9_S73_L001_R1_001.fastq.gz plate3.1/filtN/3795R_L_F_S2_week9_S73_L001_R2_001.fastq.gz
Processing paired-end reads on 1 core ...

=== Summary ===

Total read pairs processed:            122,082
  Read 1 with adapter:                 121,932 (99.9%)
  Read 2 with adapter:                 119,796 (98.1%)

== Read fate breakdown ==
Pairs that were too short:              10,838 (8.9%)
Pairs written (passing filters):       111,244 (91.1%)

Total basepairs processed:    70,542,009 bp
  Read 1:    36,746,682 bp
  Read 2:    33,795,327 bp
Total written (filtered):     62,787,204 bp (89.0%)
  Read 1:    31,597,187 bp
  Read 2:    31,190,017 bp

=== First read: Adapter 1 ===

Sequence: CCTAYGGGDBGCWGCAG; Type: regular 5'; Length: 17; Trimmed: 121840 times

Minimum overlap: 15
No. of allowed errors:
1-5 bp: 0; 6-12 bp: 1; 13-17 bp: 2

Overview of removed sequences
length	count	expect	max.err	error counts
14	1	0.0	2	0 0 1
15	156	0.0	2	5 44 107
16	2286	0.0	2	584 1582 120
17	119070	0.0	2	117420 1617 33
18	326	0.0	2	42 270 14
19	1	0.0	2	0 1


=== First read: Adapter 2 ===

Sequence: GGATTAGAKACCCBNGTAGTC; Type: regular 3'; Length: 21; Trimmed: 92 times

Minimum overlap: 15
No. of allowed errors:
1-5 bp: 0; 6-12 bp: 1; 13-19 bp: 2; 20 bp: 3

Bases preceding removed adapters:
  A: 7.6%
  C: 0.0%
  G: 92.4%
  T: 0.0%
  none/other: 0.0%
WARNING:
    The adapter is preceded by 'G' extremely often.
    The provided adapter sequence could be incomplete at its 5' end.
    Ignore this warning when trimming primers.

Overview of removed sequences
length	count	expect	max.err	error counts
23	1	0.0	3	0 1
24	86	0.0	3	79 7
25	4	0.0	3	3 1
27	1	0.0	3	1


=== Second read: Adapter 3 ===

Sequence: GACTACNVGGGTMTCTAATCC; Type: regular 5'; Length: 21; Trimmed: 119794 times

Minimum overlap: 15
No. of allowed errors:
1-5 bp: 0; 6-12 bp: 1; 13-19 bp: 2; 20 bp: 3

Overview of removed sequences
length	count	expect	max.err	error counts
17	1	0.0	2	0 0 1
18	16	0.0	2	1 5 5 5
19	131	0.0	2	5 12 102 12
20	5516	0.0	3	135 4968 344 69
21	113546	0.0	3	105951 6570 727 298
22	496	0.0	3	51 350 69 26
23	2	0.0	3	0 1 1
27	1	0.0	3	0 1
41	1	0.0	3	0 0 0 1
46	1	0.0	3	0 0 1
50	1	0.0	3	0 0 0 1
52	1	0.0	3	0 0 1
61	2	0.0	3	0 0 0 2
62	8	0.0	3	1 1 0 6
63	15	0.0	3	0 2 3 10
64	33	0.0	3	0 4 12 17
65	22	0.0	3	0 0 8 14
66	1	0.0	3	0 0 1


=== Second read: Adapter 4 ===

Sequence: CTGCWGCVHCCCRTAGG; Type: regular 3'; Length: 17; Trimmed: 2 times

Minimum overlap: 15
No. of allowed errors:
1-5 bp: 0; 6-12 bp: 1; 13-17 bp: 2

Bases preceding removed adapters:
  A: 0.0%
  C: 50.0%
  G: 50.0%
  T: 0.0%
  none/other: 0.0%

Overview of removed sequences
length	count	expect	max.err	error counts
20	1	0.0	2	0 0 1
281	1	0.0	2	0 0 1


WARNING:
    One or more of your adapter sequences may be incomplete.
    Please see the detailed output above.
