This is cutadapt 5.0 with Python 3.13.1
Command line parameters: -m 50 -O 15 -e 0.15 -g CCTAYGGGDBGCWGCAG -G GACTACNVGGGTMTCTAATCC -a GGATTAGAKACCCBNGTAGTC -A CTGCWGCVHCCCRTAGG -o plate3.1/cutadapt/3969R_S2_week18_S26_L001_R1_001.fastq.gz -p plate3.1/cutadapt/3969R_S2_week18_S26_L001_R2_001.fastq.gz plate3.1/filtN/3969R_S2_week18_S26_L001_R1_001.fastq.gz plate3.1/filtN/3969R_S2_week18_S26_L001_R2_001.fastq.gz
Processing paired-end reads on 1 core ...

=== Summary ===

Total read pairs processed:            118,684
  Read 1 with adapter:                 118,538 (99.9%)
  Read 2 with adapter:                 117,094 (98.7%)

== Read fate breakdown ==
Pairs that were too short:              10,614 (8.9%)
Pairs written (passing filters):       108,070 (91.1%)

Total basepairs processed:    68,556,028 bp
  Read 1:    35,723,883 bp
  Read 2:    32,832,145 bp
Total written (filtered):     60,976,915 bp (88.9%)
  Read 1:    30,695,447 bp
  Read 2:    30,281,468 bp

=== First read: Adapter 1 ===

Sequence: CCTAYGGGDBGCWGCAG; Type: regular 5'; Length: 17; Trimmed: 118454 times

Minimum overlap: 15
No. of allowed errors:
1-5 bp: 0; 6-12 bp: 1; 13-17 bp: 2

Overview of removed sequences
length	count	expect	max.err	error counts
15	162	0.0	2	6 41 115
16	2028	0.0	2	457 1465 106
17	115925	0.0	2	114412 1477 36
18	338	0.0	2	54 278 6
19	1	0.0	2	0 0 1


=== First read: Adapter 2 ===

Sequence: GGATTAGAKACCCBNGTAGTC; Type: regular 3'; Length: 21; Trimmed: 84 times

Minimum overlap: 15
No. of allowed errors:
1-5 bp: 0; 6-12 bp: 1; 13-19 bp: 2; 20 bp: 3

Bases preceding removed adapters:
  A: 16.7%
  C: 1.2%
  G: 82.1%
  T: 0.0%
  none/other: 0.0%
WARNING:
    The adapter is preceded by 'G' extremely often.
    The provided adapter sequence could be incomplete at its 5' end.
    Ignore this warning when trimming primers.

Overview of removed sequences
length	count	expect	max.err	error counts
24	78	0.0	3	67 11
25	5	0.0	3	4 1
26	1	0.0	3	1


=== Second read: Adapter 3 ===

Sequence: GACTACNVGGGTMTCTAATCC; Type: regular 5'; Length: 21; Trimmed: 117091 times

Minimum overlap: 15
No. of allowed errors:
1-5 bp: 0; 6-12 bp: 1; 13-19 bp: 2; 20 bp: 3

Overview of removed sequences
length	count	expect	max.err	error counts
16	3	0.0	2	3
17	2	0.0	2	0 0 2
18	20	0.0	2	2 9 1 8
19	165	0.0	2	7 19 126 13
20	6486	0.0	3	202 5794 397 93
21	109795	0.0	3	102457 6398 657 283
22	370	0.0	3	23 285 44 18
23	1	0.0	3	0 0 1
38	1	0.0	3	0 0 1
49	1	0.0	3	1
56	1	0.0	3	0 0 1
57	1	0.0	3	0 0 0 1
58	1	0.0	3	0 1
59	1	0.0	3	0 0 0 1
61	4	0.0	3	1 0 2 1
62	8	0.0	3	1 3 1 3
63	23	0.0	3	1 5 6 11
64	154	0.0	3	9 26 49 70
65	49	0.0	3	0 13 9 27
66	5	0.0	3	0 1 0 4


=== Second read: Adapter 4 ===

Sequence: CTGCWGCVHCCCRTAGG; Type: regular 3'; Length: 17; Trimmed: 3 times

Minimum overlap: 15
No. of allowed errors:
1-5 bp: 0; 6-12 bp: 1; 13-17 bp: 2

Bases preceding removed adapters:
  A: 66.7%
  C: 0.0%
  G: 0.0%
  T: 33.3%
  none/other: 0.0%

Overview of removed sequences
length	count	expect	max.err	error counts
31	1	0.0	2	0 0 1
184	1	0.0	2	0 0 1
279	1	0.0	2	0 1


WARNING:
    One or more of your adapter sequences may be incomplete.
    Please see the detailed output above.
