This is cutadapt 5.0 with Python 3.13.1
Command line parameters: -A XXX -q 20,20 -m 50 -o plate3.1/cutadapt_qc/073R_R_M_S2_Pellet_week9_S61_L001_R1_001.fastq.gz -p plate3.1/cutadapt_qc/073R_R_M_S2_Pellet_week9_S61_L001_R2_001.fastq.gz plate3.1/cutadapt/073R_R_M_S2_Pellet_week9_S61_L001_R1_001.fastq.gz plate3.1/cutadapt/073R_R_M_S2_Pellet_week9_S61_L001_R2_001.fastq.gz
Processing paired-end reads on 1 core ...

=== Summary ===

Total read pairs processed:            143,433
  Read 2 with adapter:                       0 (0.0%)

== Read fate breakdown ==
Pairs that were too short:               1,638 (1.1%)
Pairs written (passing filters):       141,795 (98.9%)

Total basepairs processed:    80,932,814 bp
  Read 1:    40,739,537 bp
  Read 2:    40,193,277 bp
Quality-trimmed:               3,522,303 bp (4.4%)
  Read 1:       514,678 bp
  Read 2:     3,007,625 bp
Total written (filtered):     76,931,426 bp (95.1%)
  Read 1:    39,771,670 bp
  Read 2:    37,159,756 bp

=== Second read: Adapter 1 ===

Sequence: XXX; Type: regular 3'; Length: 3; Trimmed: 0 times
