This is cutadapt 5.0 with Python 3.13.1
Command line parameters: -m 50 -O 15 -e 0.15 -g CCTAYGGGDBGCWGCAG -G GACTACNVGGGTMTCTAATCC -a GGATTAGAKACCCBNGTAGTC -A CTGCWGCVHCCCRTAGG -o plate3.1/cutadapt/1152R_L_M_S2_diabetes_S9_L001_R1_001.fastq.gz -p plate3.1/cutadapt/1152R_L_M_S2_diabetes_S9_L001_R2_001.fastq.gz plate3.1/filtN/1152R_L_M_S2_diabetes_S9_L001_R1_001.fastq.gz plate3.1/filtN/1152R_L_M_S2_diabetes_S9_L001_R2_001.fastq.gz
Processing paired-end reads on 1 core ...

=== Summary ===

Total read pairs processed:            143,439
  Read 1 with adapter:                 143,263 (99.9%)
  Read 2 with adapter:                 141,258 (98.5%)

== Read fate breakdown ==
Pairs that were too short:              12,822 (8.9%)
Pairs written (passing filters):       130,617 (91.1%)

Total basepairs processed:    82,859,978 bp
  Read 1:    43,175,139 bp
  Read 2:    39,684,839 bp
Total written (filtered):     73,706,468 bp (89.0%)
  Read 1:    37,100,064 bp
  Read 2:    36,606,404 bp

=== First read: Adapter 1 ===

Sequence: CCTAYGGGDBGCWGCAG; Type: regular 5'; Length: 17; Trimmed: 143203 times

Minimum overlap: 15
No. of allowed errors:
1-5 bp: 0; 6-12 bp: 1; 13-17 bp: 2

Overview of removed sequences
length	count	expect	max.err	error counts
14	2	0.0	2	0 2
15	189	0.0	2	9 65 115
16	2726	0.0	2	700 1888 138
17	139899	0.0	2	138092 1771 36
18	387	0.0	2	61 317 9


=== First read: Adapter 2 ===

Sequence: GGATTAGAKACCCBNGTAGTC; Type: regular 3'; Length: 21; Trimmed: 60 times

Minimum overlap: 15
No. of allowed errors:
1-5 bp: 0; 6-12 bp: 1; 13-19 bp: 2; 20 bp: 3

Bases preceding removed adapters:
  A: 41.7%
  C: 0.0%
  G: 58.3%
  T: 0.0%
  none/other: 0.0%

Overview of removed sequences
length	count	expect	max.err	error counts
24	56	0.0	3	50 6
25	3	0.0	3	3
27	1	0.0	3	1


=== Second read: Adapter 3 ===

Sequence: GACTACNVGGGTMTCTAATCC; Type: regular 5'; Length: 21; Trimmed: 141258 times

Minimum overlap: 15
No. of allowed errors:
1-5 bp: 0; 6-12 bp: 1; 13-19 bp: 2; 20 bp: 3

Overview of removed sequences
length	count	expect	max.err	error counts
15	2	0.0	2	1 1
17	3	0.0	2	0 0 3
18	7	0.0	2	0 3 2 2
19	98	0.0	2	1 9 75 13
20	6192	0.0	3	152 5551 390 99
21	134253	0.0	3	125186 7775 869 423
22	488	0.0	3	44 375 51 18
23	1	0.0	3	0 0 0 1
60	2	0.0	3	0 1 0 1
61	4	0.0	3	0 1 0 3
62	6	0.0	3	1 0 3 2
63	19	0.0	3	2 2 8 7
64	124	0.0	3	9 14 36 65
65	54	0.0	3	0 5 20 29
66	5	0.0	3	1 2 0 2


=== Second read: Adapter 4 ===

Sequence: CTGCWGCVHCCCRTAGG; Type: regular 3'; Length: 17; Trimmed: 0 times
