This is cutadapt 5.0 with Python 3.13.1
Command line parameters: -m 50 -O 15 -e 0.15 -g CCTAYGGGDBGCWGCAG -G GACTACNVGGGTMTCTAATCC -a GGATTAGAKACCCBNGTAGTC -A CTGCWGCVHCCCRTAGG -o plate3.1/cutadapt/3918R_S2_week29_S32_L001_R1_001.fastq.gz -p plate3.1/cutadapt/3918R_S2_week29_S32_L001_R2_001.fastq.gz plate3.1/filtN/3918R_S2_week29_S32_L001_R1_001.fastq.gz plate3.1/filtN/3918R_S2_week29_S32_L001_R2_001.fastq.gz
Processing paired-end reads on 1 core ...

=== Summary ===

Total read pairs processed:            125,383
  Read 1 with adapter:                 125,206 (99.9%)
  Read 2 with adapter:                 123,639 (98.6%)

== Read fate breakdown ==
Pairs that were too short:              11,263 (9.0%)
Pairs written (passing filters):       114,120 (91.0%)

Total basepairs processed:    72,419,579 bp
  Read 1:    37,740,283 bp
  Read 2:    34,679,296 bp
Total written (filtered):     64,391,749 bp (88.9%)
  Read 1:    32,415,269 bp
  Read 2:    31,976,480 bp

=== First read: Adapter 1 ===

Sequence: CCTAYGGGDBGCWGCAG; Type: regular 5'; Length: 17; Trimmed: 125115 times

Minimum overlap: 15
No. of allowed errors:
1-5 bp: 0; 6-12 bp: 1; 13-17 bp: 2

Overview of removed sequences
length	count	expect	max.err	error counts
14	8	0.0	2	0 4 4
15	231	0.0	2	11 80 140
16	2928	0.0	2	739 2040 149
17	121585	0.0	2	119742 1793 50
18	362	0.0	2	58 294 10
19	1	0.0	2	0 0 1


=== First read: Adapter 2 ===

Sequence: GGATTAGAKACCCBNGTAGTC; Type: regular 3'; Length: 21; Trimmed: 91 times

Minimum overlap: 15
No. of allowed errors:
1-5 bp: 0; 6-12 bp: 1; 13-19 bp: 2; 20 bp: 3

Bases preceding removed adapters:
  A: 48.4%
  C: 3.3%
  G: 48.4%
  T: 0.0%
  none/other: 0.0%

Overview of removed sequences
length	count	expect	max.err	error counts
23	1	0.0	3	1
24	54	0.0	3	46 8
25	2	0.0	3	2
26	1	0.0	3	0 0 1
279	3	0.0	3	3
284	10	0.0	3	6 4
285	20	0.0	3	16 4


=== Second read: Adapter 3 ===

Sequence: GACTACNVGGGTMTCTAATCC; Type: regular 5'; Length: 21; Trimmed: 123639 times

Minimum overlap: 15
No. of allowed errors:
1-5 bp: 0; 6-12 bp: 1; 13-19 bp: 2; 20 bp: 3

Overview of removed sequences
length	count	expect	max.err	error counts
15	5	0.0	2	3 2
16	3	0.0	2	0 1 2
17	3	0.0	2	1 0 2
18	26	0.0	2	5 13 1 7
19	181	0.0	2	8 16 148 9
20	6804	0.0	3	183 6078 422 121
21	115950	0.0	3	107939 6972 732 307
22	368	0.0	3	42 266 46 14
23	1	0.0	3	0 1
44	1	0.0	3	0 0 0 1
49	3	0.0	3	0 1 2
50	1	0.0	3	0 0 0 1
52	1	0.0	3	0 0 1
57	3	0.0	3	1 0 1 1
58	1	0.0	3	0 1
59	3	0.0	3	0 0 2 1
60	2	0.0	3	0 0 1 1
61	2	0.0	3	0 1 0 1
62	10	0.0	3	0 2 2 6
63	31	0.0	3	1 7 12 11
64	157	0.0	3	8 27 49 73
65	78	0.0	3	5 9 26 38
66	5	0.0	3	0 0 1 4


=== Second read: Adapter 4 ===

Sequence: CTGCWGCVHCCCRTAGG; Type: regular 3'; Length: 17; Trimmed: 0 times
