This is cutadapt 5.0 with Python 3.13.1
Command line parameters: -m 50 -O 15 -e 0.15 -g CCTAYGGGDBGCWGCAG -G GACTACNVGGGTMTCTAATCC -a GGATTAGAKACCCBNGTAGTC -A CTGCWGCVHCCCRTAGG -o plate3.1/cutadapt/2404R_0_F_S2_week9_S66_L001_R1_001.fastq.gz -p plate3.1/cutadapt/2404R_0_F_S2_week9_S66_L001_R2_001.fastq.gz plate3.1/filtN/2404R_0_F_S2_week9_S66_L001_R1_001.fastq.gz plate3.1/filtN/2404R_0_F_S2_week9_S66_L001_R2_001.fastq.gz
Processing paired-end reads on 1 core ...

=== Summary ===

Total read pairs processed:            117,287
  Read 1 with adapter:                 117,161 (99.9%)
  Read 2 with adapter:                 116,056 (99.0%)

== Read fate breakdown ==
Pairs that were too short:              10,469 (8.9%)
Pairs written (passing filters):       106,818 (91.1%)

Total basepairs processed:    67,754,760 bp
  Read 1:    35,303,387 bp
  Read 2:    32,451,373 bp
Total written (filtered):     60,263,919 bp (88.9%)
  Read 1:    30,339,819 bp
  Read 2:    29,924,100 bp

=== First read: Adapter 1 ===

Sequence: CCTAYGGGDBGCWGCAG; Type: regular 5'; Length: 17; Trimmed: 117102 times

Minimum overlap: 15
No. of allowed errors:
1-5 bp: 0; 6-12 bp: 1; 13-17 bp: 2

Overview of removed sequences
length	count	expect	max.err	error counts
14	2	0.0	2	0 0 2
15	136	0.0	2	3 42 91
16	2028	0.0	2	485 1445 98
17	114601	0.0	2	113004 1568 29
18	334	0.0	2	48 269 17
19	1	0.0	2	0 0 1


=== First read: Adapter 2 ===

Sequence: GGATTAGAKACCCBNGTAGTC; Type: regular 3'; Length: 21; Trimmed: 59 times

Minimum overlap: 15
No. of allowed errors:
1-5 bp: 0; 6-12 bp: 1; 13-19 bp: 2; 20 bp: 3

Bases preceding removed adapters:
  A: 16.9%
  C: 0.0%
  G: 83.1%
  T: 0.0%
  none/other: 0.0%
WARNING:
    The adapter is preceded by 'G' extremely often.
    The provided adapter sequence could be incomplete at its 5' end.
    Ignore this warning when trimming primers.

Overview of removed sequences
length	count	expect	max.err	error counts
24	57	0.0	3	51 6
25	1	0.0	3	1
26	1	0.0	3	1


=== Second read: Adapter 3 ===

Sequence: GACTACNVGGGTMTCTAATCC; Type: regular 5'; Length: 21; Trimmed: 116054 times

Minimum overlap: 15
No. of allowed errors:
1-5 bp: 0; 6-12 bp: 1; 13-19 bp: 2; 20 bp: 3

Overview of removed sequences
length	count	expect	max.err	error counts
15	1	0.0	2	0 0 1
17	2	0.0	2	0 1 1
18	18	0.0	2	2 6 4 6
19	105	0.0	2	6 13 79 7
20	5717	0.0	3	122 5210 323 62
21	109532	0.0	3	102884 5892 518 238
22	452	0.0	3	42 342 53 15
34	1	0.0	3	0 0 1
47	1	0.0	3	0 0 0 1
49	1	0.0	3	0 0 0 1
51	2	0.0	3	0 0 0 2
58	1	0.0	3	0 1
59	5	0.0	3	0 2 1 2
61	9	0.0	3	0 3 3 3
62	5	0.0	3	0 2 0 3
63	24	0.0	3	3 5 5 11
64	104	0.0	3	9 22 28 45
65	72	0.0	3	0 13 23 36
66	2	0.0	3	0 0 2


=== Second read: Adapter 4 ===

Sequence: CTGCWGCVHCCCRTAGG; Type: regular 3'; Length: 17; Trimmed: 2 times

Minimum overlap: 15
No. of allowed errors:
1-5 bp: 0; 6-12 bp: 1; 13-17 bp: 2

Bases preceding removed adapters:
  A: 0.0%
  C: 50.0%
  G: 0.0%
  T: 50.0%
  none/other: 0.0%

Overview of removed sequences
length	count	expect	max.err	error counts
187	1	0.0	2	0 0 1
286	1	0.0	2	0 0 1


WARNING:
    One or more of your adapter sequences may be incomplete.
    Please see the detailed output above.
