This is cutadapt 5.0 with Python 3.13.1
Command line parameters: -A XXX -q 20,20 -m 50 -o plate3.1/cutadapt_qc/Negative_extraction_S85_L001_R1_001.fastq.gz -p plate3.1/cutadapt_qc/Negative_extraction_S85_L001_R2_001.fastq.gz plate3.1/cutadapt/Negative_extraction_S85_L001_R1_001.fastq.gz plate3.1/cutadapt/Negative_extraction_S85_L001_R2_001.fastq.gz
Processing paired-end reads on 1 core ...

=== Summary ===

Total read pairs processed:            218,312
  Read 2 with adapter:                       0 (0.0%)

== Read fate breakdown ==
Pairs that were too short:               2,087 (1.0%)
Pairs written (passing filters):       216,225 (99.0%)

Total basepairs processed:   123,156,348 bp
  Read 1:    62,002,729 bp
  Read 2:    61,153,619 bp
Quality-trimmed:               6,503,437 bp (5.3%)
  Read 1:     1,421,737 bp
  Read 2:     5,081,700 bp
Total written (filtered):    116,057,950 bp (94.2%)
  Read 1:    60,025,409 bp
  Read 2:    56,032,541 bp

=== Second read: Adapter 1 ===

Sequence: XXX; Type: regular 3'; Length: 3; Trimmed: 0 times
