This is cutadapt 5.0 with Python 3.13.1
Command line parameters: -m 50 -O 15 -e 0.15 -g CCTAYGGGDBGCWGCAG -G GACTACNVGGGTMTCTAATCC -a GGATTAGAKACCCBNGTAGTC -A CTGCWGCVHCCCRTAGG -o plate3.1/cutadapt/073R_R_M_S2_diabetes_S7_L001_R1_001.fastq.gz -p plate3.1/cutadapt/073R_R_M_S2_diabetes_S7_L001_R2_001.fastq.gz plate3.1/filtN/073R_R_M_S2_diabetes_S7_L001_R1_001.fastq.gz plate3.1/filtN/073R_R_M_S2_diabetes_S7_L001_R2_001.fastq.gz
Processing paired-end reads on 1 core ...

=== Summary ===

Total read pairs processed:            111,738
  Read 1 with adapter:                 111,622 (99.9%)
  Read 2 with adapter:                 110,595 (99.0%)

== Read fate breakdown ==
Pairs that were too short:              10,052 (9.0%)
Pairs written (passing filters):       101,686 (91.0%)

Total basepairs processed:    64,527,824 bp
  Read 1:    33,633,138 bp
  Read 2:    30,894,686 bp
Total written (filtered):     57,364,911 bp (88.9%)
  Read 1:    28,882,069 bp
  Read 2:    28,482,842 bp

=== First read: Adapter 1 ===

Sequence: CCTAYGGGDBGCWGCAG; Type: regular 5'; Length: 17; Trimmed: 111590 times

Minimum overlap: 15
No. of allowed errors:
1-5 bp: 0; 6-12 bp: 1; 13-17 bp: 2

Overview of removed sequences
length	count	expect	max.err	error counts
14	1	0.0	2	0 0 1
15	141	0.0	2	5 46 90
16	1840	0.0	2	466 1286 88
17	109296	0.0	2	107888 1377 31
18	309	0.0	2	40 258 11
19	3	0.0	2	0 1 2


=== First read: Adapter 2 ===

Sequence: GGATTAGAKACCCBNGTAGTC; Type: regular 3'; Length: 21; Trimmed: 32 times

Minimum overlap: 15
No. of allowed errors:
1-5 bp: 0; 6-12 bp: 1; 13-19 bp: 2; 20 bp: 3

Bases preceding removed adapters:
  A: 40.6%
  C: 0.0%
  G: 59.4%
  T: 0.0%
  none/other: 0.0%

Overview of removed sequences
length	count	expect	max.err	error counts
24	28	0.0	3	27 1
25	4	0.0	3	4


=== Second read: Adapter 3 ===

Sequence: GACTACNVGGGTMTCTAATCC; Type: regular 5'; Length: 21; Trimmed: 110595 times

Minimum overlap: 15
No. of allowed errors:
1-5 bp: 0; 6-12 bp: 1; 13-19 bp: 2; 20 bp: 3

Overview of removed sequences
length	count	expect	max.err	error counts
15	5	0.0	2	3 1 1
16	6	0.0	2	2 2 2
17	3	0.0	2	0 1 2
18	15	0.0	2	0 8 5 2
19	89	0.0	2	2 10 71 6
20	5168	0.0	3	138 4622 337 71
21	104553	0.0	3	97955 5809 562 227
22	477	0.0	3	35 341 64 37
36	1	0.0	3	0 0 1
46	1	0.0	3	0 1
54	1	0.0	3	0 0 0 1
56	1	0.0	3	0 1
58	1	0.0	3	0 1
60	5	0.0	3	0 0 3 2
61	7	0.0	3	1 3 1 2
62	4	0.0	3	0 0 0 4
63	34	0.0	3	3 9 10 12
64	123	0.0	3	14 23 29 57
65	96	0.0	3	4 22 31 39
66	5	0.0	3	0 1 1 3


=== Second read: Adapter 4 ===

Sequence: CTGCWGCVHCCCRTAGG; Type: regular 3'; Length: 17; Trimmed: 0 times
