This is cutadapt 5.0 with Python 3.13.1
Command line parameters: -A XXX -q 20,20 -m 50 -o plate3.1/cutadapt_qc/2446R_R_F_S2_Pellet_week9_S68_L001_R1_001.fastq.gz -p plate3.1/cutadapt_qc/2446R_R_F_S2_Pellet_week9_S68_L001_R2_001.fastq.gz plate3.1/cutadapt/2446R_R_F_S2_Pellet_week9_S68_L001_R1_001.fastq.gz plate3.1/cutadapt/2446R_R_F_S2_Pellet_week9_S68_L001_R2_001.fastq.gz
Processing paired-end reads on 1 core ...

=== Summary ===

Total read pairs processed:            102,593
  Read 2 with adapter:                       0 (0.0%)

== Read fate breakdown ==
Pairs that were too short:               1,083 (1.1%)
Pairs written (passing filters):       101,510 (98.9%)

Total basepairs processed:    57,879,051 bp
  Read 1:    29,140,460 bp
  Read 2:    28,738,591 bp
Quality-trimmed:               2,614,782 bp (4.5%)
  Read 1:       401,976 bp
  Read 2:     2,212,806 bp
Total written (filtered):     54,945,846 bp (94.9%)
  Read 1:    28,438,346 bp
  Read 2:    26,507,500 bp

=== Second read: Adapter 1 ===

Sequence: XXX; Type: regular 3'; Length: 3; Trimmed: 0 times
