This is cutadapt 5.0 with Python 3.13.1
Command line parameters: -m 50 -O 15 -e 0.15 -g CCTAYGGGDBGCWGCAG -G GACTACNVGGGTMTCTAATCC -a GGATTAGAKACCCBNGTAGTC -A CTGCWGCVHCCCRTAGG -o plate3.1/cutadapt/S5_defined_inocula_S87_L001_R1_001.fastq.gz -p plate3.1/cutadapt/S5_defined_inocula_S87_L001_R2_001.fastq.gz plate3.1/filtN/S5_defined_inocula_S87_L001_R1_001.fastq.gz plate3.1/filtN/S5_defined_inocula_S87_L001_R2_001.fastq.gz
Processing paired-end reads on 1 core ...

=== Summary ===

Total read pairs processed:            195,955
  Read 1 with adapter:                 195,714 (99.9%)
  Read 2 with adapter:                 193,797 (98.9%)

== Read fate breakdown ==
Pairs that were too short:              17,636 (9.0%)
Pairs written (passing filters):       178,319 (91.0%)

Total basepairs processed:   113,160,180 bp
  Read 1:    58,982,455 bp
  Read 2:    54,177,725 bp
Total written (filtered):    100,603,398 bp (88.9%)
  Read 1:    50,649,305 bp
  Read 2:    49,954,093 bp

=== First read: Adapter 1 ===

Sequence: CCTAYGGGDBGCWGCAG; Type: regular 5'; Length: 17; Trimmed: 195678 times

Minimum overlap: 15
No. of allowed errors:
1-5 bp: 0; 6-12 bp: 1; 13-17 bp: 2

Overview of removed sequences
length	count	expect	max.err	error counts
14	3	0.0	2	0 1 2
15	239	0.0	2	13 67 159
16	3373	0.0	2	834 2362 177
17	191514	0.0	2	188878 2588 48
18	548	0.0	2	86 440 22
19	1	0.0	2	0 0 1


=== First read: Adapter 2 ===

Sequence: GGATTAGAKACCCBNGTAGTC; Type: regular 3'; Length: 21; Trimmed: 36 times

Minimum overlap: 15
No. of allowed errors:
1-5 bp: 0; 6-12 bp: 1; 13-19 bp: 2; 20 bp: 3

Bases preceding removed adapters:
  A: 97.2%
  C: 0.0%
  G: 2.8%
  T: 0.0%
  none/other: 0.0%
WARNING:
    The adapter is preceded by 'A' extremely often.
    The provided adapter sequence could be incomplete at its 5' end.
    Ignore this warning when trimming primers.

Overview of removed sequences
length	count	expect	max.err	error counts
24	35	0.0	3	32 3
25	1	0.0	3	1


=== Second read: Adapter 3 ===

Sequence: GACTACNVGGGTMTCTAATCC; Type: regular 5'; Length: 21; Trimmed: 193793 times

Minimum overlap: 15
No. of allowed errors:
1-5 bp: 0; 6-12 bp: 1; 13-19 bp: 2; 20 bp: 3

Overview of removed sequences
length	count	expect	max.err	error counts
15	1	0.0	2	1
16	3	0.0	2	2 1
17	8	0.0	2	2 2 4
18	24	0.0	2	1 9 5 9
19	219	0.0	2	3 13 185 18
20	9816	0.0	3	184 8936 559 137
21	182303	0.0	3	170417 10383 1029 474
22	973	0.0	3	102 714 101 56
23	4	0.0	3	0 2 2
43	1	0.0	3	0 0 0 1
46	1	0.0	3	0 0 1
51	2	0.0	3	0 0 0 2
54	1	0.0	3	1
55	1	0.0	3	0 0 1
56	1	0.0	3	0 1
57	2	0.0	3	1 0 1
58	1	0.0	3	0 1
59	2	0.0	3	0 0 0 2
60	2	0.0	3	0 0 0 2
61	6	0.0	3	2 2 1 1
62	15	0.0	3	1 2 6 6
63	51	0.0	3	6 11 18 16
64	208	0.0	3	17 45 75 71
65	132	0.0	3	17 28 50 37
66	16	0.0	3	1 6 3 6


=== Second read: Adapter 4 ===

Sequence: CTGCWGCVHCCCRTAGG; Type: regular 3'; Length: 17; Trimmed: 4 times

Minimum overlap: 15
No. of allowed errors:
1-5 bp: 0; 6-12 bp: 1; 13-17 bp: 2

Bases preceding removed adapters:
  A: 0.0%
  C: 25.0%
  G: 0.0%
  T: 75.0%
  none/other: 0.0%

Overview of removed sequences
length	count	expect	max.err	error counts
23	1	0.0	2	0 0 1
32	1	0.0	2	0 0 1
275	1	0.0	2	1
288	1	0.0	2	0 1


WARNING:
    One or more of your adapter sequences may be incomplete.
    Please see the detailed output above.
