This is cutadapt 5.0 with Python 3.13.1
Command line parameters: -m 50 -O 15 -e 0.15 -g CCTAYGGGDBGCWGCAG -G GACTACNVGGGTMTCTAATCC -a GGATTAGAKACCCBNGTAGTC -A CTGCWGCVHCCCRTAGG -o plate3.1/cutadapt/3880R_0_F_S2_week5_S49_L001_R1_001.fastq.gz -p plate3.1/cutadapt/3880R_0_F_S2_week5_S49_L001_R2_001.fastq.gz plate3.1/filtN/3880R_0_F_S2_week5_S49_L001_R1_001.fastq.gz plate3.1/filtN/3880R_0_F_S2_week5_S49_L001_R2_001.fastq.gz
Processing paired-end reads on 1 core ...

=== Summary ===

Total read pairs processed:            139,352
  Read 1 with adapter:                 139,180 (99.9%)
  Read 2 with adapter:                 137,228 (98.5%)

== Read fate breakdown ==
Pairs that were too short:              12,342 (8.9%)
Pairs written (passing filters):       127,010 (91.1%)

Total basepairs processed:    80,529,242 bp
  Read 1:    41,944,947 bp
  Read 2:    38,584,295 bp
Total written (filtered):     71,672,761 bp (89.0%)
  Read 1:    36,075,319 bp
  Read 2:    35,597,442 bp

=== First read: Adapter 1 ===

Sequence: CCTAYGGGDBGCWGCAG; Type: regular 5'; Length: 17; Trimmed: 139087 times

Minimum overlap: 15
No. of allowed errors:
1-5 bp: 0; 6-12 bp: 1; 13-17 bp: 2

Overview of removed sequences
length	count	expect	max.err	error counts
14	5	0.0	2	0 1 4
15	144	0.0	2	13 51 80
16	2562	0.0	2	614 1811 137
17	136004	0.0	2	134246 1702 56
18	371	0.0	2	54 309 8
26	1	0.0	2	1


=== First read: Adapter 2 ===

Sequence: GGATTAGAKACCCBNGTAGTC; Type: regular 3'; Length: 21; Trimmed: 93 times

Minimum overlap: 15
No. of allowed errors:
1-5 bp: 0; 6-12 bp: 1; 13-19 bp: 2; 20 bp: 3

Bases preceding removed adapters:
  A: 20.4%
  C: 0.0%
  G: 79.6%
  T: 0.0%
  none/other: 0.0%

Overview of removed sequences
length	count	expect	max.err	error counts
24	91	0.0	3	84 7
25	2	0.0	3	2


=== Second read: Adapter 3 ===

Sequence: GACTACNVGGGTMTCTAATCC; Type: regular 5'; Length: 21; Trimmed: 137222 times

Minimum overlap: 15
No. of allowed errors:
1-5 bp: 0; 6-12 bp: 1; 13-19 bp: 2; 20 bp: 3

Overview of removed sequences
length	count	expect	max.err	error counts
15	4	0.0	2	0 3 1
16	3	0.0	2	1 0 2
17	8	0.0	2	2 2 4
18	32	0.0	2	3 10 7 12
19	275	0.0	2	8 26 214 27
20	7940	0.0	3	234 7057 516 133
21	128158	0.0	3	120005 7117 704 332
22	589	0.0	3	57 440 63 29
23	3	0.0	3	0 1 1 1
36	1	0.0	3	0 1
45	1	0.0	3	0 0 0 1
53	1	0.0	3	0 0 0 1
56	2	0.0	3	0 0 0 2
57	1	0.0	3	0 1
58	3	0.0	3	0 0 1 2
59	2	0.0	3	0 0 1 1
60	3	0.0	3	0 0 3
61	10	0.0	3	1 3 5 1
62	8	0.0	3	0 2 1 5
63	29	0.0	3	0 7 10 12
64	100	0.0	3	4 8 38 50
65	48	0.0	3	0 7 15 26
67	1	0.0	3	0 0 1


=== Second read: Adapter 4 ===

Sequence: CTGCWGCVHCCCRTAGG; Type: regular 3'; Length: 17; Trimmed: 6 times

Minimum overlap: 15
No. of allowed errors:
1-5 bp: 0; 6-12 bp: 1; 13-17 bp: 2

Bases preceding removed adapters:
  A: 0.0%
  C: 16.7%
  G: 50.0%
  T: 33.3%
  none/other: 0.0%

Overview of removed sequences
length	count	expect	max.err	error counts
16	1	0.0	2	0 0 1
21	1	0.0	2	0 0 1
22	2	0.0	2	2
55	1	0.0	2	0 0 1
277	1	0.0	2	0 0 1
