This is cutadapt 5.0 with Python 3.13.1
Command line parameters: -A XXX -q 20,20 -m 50 -o plate3.1/cutadapt_qc/2446R_RL_F_S2_Pellet_week9_S69_L001_R1_001.fastq.gz -p plate3.1/cutadapt_qc/2446R_RL_F_S2_Pellet_week9_S69_L001_R2_001.fastq.gz plate3.1/cutadapt/2446R_RL_F_S2_Pellet_week9_S69_L001_R1_001.fastq.gz plate3.1/cutadapt/2446R_RL_F_S2_Pellet_week9_S69_L001_R2_001.fastq.gz
Processing paired-end reads on 1 core ...

=== Summary ===

Total read pairs processed:            133,819
  Read 2 with adapter:                       0 (0.0%)

== Read fate breakdown ==
Pairs that were too short:               1,534 (1.1%)
Pairs written (passing filters):       132,285 (98.9%)

Total basepairs processed:    75,493,235 bp
  Read 1:    38,008,511 bp
  Read 2:    37,484,724 bp
Quality-trimmed:               3,117,104 bp (4.1%)
  Read 1:       442,764 bp
  Read 2:     2,674,340 bp
Total written (filtered):     71,924,302 bp (95.3%)
  Read 1:    37,140,564 bp
  Read 2:    34,783,738 bp

=== Second read: Adapter 1 ===

Sequence: XXX; Type: regular 3'; Length: 3; Trimmed: 0 times
