This is cutadapt 5.0 with Python 3.13.1
Command line parameters: -m 50 -O 15 -e 0.15 -g CCTAYGGGDBGCWGCAG -G GACTACNVGGGTMTCTAATCC -a GGATTAGAKACCCBNGTAGTC -A CTGCWGCVHCCCRTAGG -o plate3.1/cutadapt/3980R_L_F_S2_week5_S59_L001_R1_001.fastq.gz -p plate3.1/cutadapt/3980R_L_F_S2_week5_S59_L001_R2_001.fastq.gz plate3.1/filtN/3980R_L_F_S2_week5_S59_L001_R1_001.fastq.gz plate3.1/filtN/3980R_L_F_S2_week5_S59_L001_R2_001.fastq.gz
Processing paired-end reads on 1 core ...

=== Summary ===

Total read pairs processed:            157,880
  Read 1 with adapter:                 157,663 (99.9%)
  Read 2 with adapter:                 155,754 (98.7%)

== Read fate breakdown ==
Pairs that were too short:              14,308 (9.1%)
Pairs written (passing filters):       143,572 (90.9%)

Total basepairs processed:    91,145,302 bp
  Read 1:    47,521,880 bp
  Read 2:    43,623,422 bp
Total written (filtered):     81,010,303 bp (88.9%)
  Read 1:    40,780,223 bp
  Read 2:    40,230,080 bp

=== First read: Adapter 1 ===

Sequence: CCTAYGGGDBGCWGCAG; Type: regular 5'; Length: 17; Trimmed: 157575 times

Minimum overlap: 15
No. of allowed errors:
1-5 bp: 0; 6-12 bp: 1; 13-17 bp: 2

Overview of removed sequences
length	count	expect	max.err	error counts
14	3	0.0	2	0 1 2
15	224	0.0	2	11 70 143
16	3180	0.0	2	879 2123 178
17	153747	0.0	2	151608 2094 45
18	421	0.0	2	67 335 19


=== First read: Adapter 2 ===

Sequence: GGATTAGAKACCCBNGTAGTC; Type: regular 3'; Length: 21; Trimmed: 88 times

Minimum overlap: 15
No. of allowed errors:
1-5 bp: 0; 6-12 bp: 1; 13-19 bp: 2; 20 bp: 3

Bases preceding removed adapters:
  A: 31.8%
  C: 0.0%
  G: 68.2%
  T: 0.0%
  none/other: 0.0%

Overview of removed sequences
length	count	expect	max.err	error counts
24	85	0.0	3	75 10
25	2	0.0	3	2
28	1	0.0	3	1


=== Second read: Adapter 3 ===

Sequence: GACTACNVGGGTMTCTAATCC; Type: regular 5'; Length: 21; Trimmed: 155753 times

Minimum overlap: 15
No. of allowed errors:
1-5 bp: 0; 6-12 bp: 1; 13-19 bp: 2; 20 bp: 3

Overview of removed sequences
length	count	expect	max.err	error counts
15	1	0.0	2	0 1
16	7	0.0	2	1 3 3
17	3	0.0	2	1 1 1
18	19	0.0	2	4 4 2 9
19	176	0.0	2	2 5 149 20
20	7651	0.0	3	151 6961 440 99
21	146961	0.0	3	137209 8444 863 445
22	636	0.0	3	58 476 63 39
23	3	0.0	3	0 0 3
30	1	0.0	3	1
43	1	0.0	3	0 0 0 1
45	1	0.0	3	0 0 0 1
51	1	0.0	3	0 0 1
53	1	0.0	3	0 0 0 1
54	3	0.0	3	0 0 2 1
56	1	0.0	3	0 0 1
57	4	0.0	3	0 2 1 1
58	3	0.0	3	0 1 0 2
59	1	0.0	3	0 0 0 1
60	1	0.0	3	0 0 1
61	7	0.0	3	0 0 2 5
62	10	0.0	3	1 2 3 4
63	31	0.0	3	2 2 9 18
64	131	0.0	3	7 22 43 59
65	89	0.0	3	1 9 35 44
66	9	0.0	3	0 2 1 6
67	1	0.0	3	0 0 0 1


=== Second read: Adapter 4 ===

Sequence: CTGCWGCVHCCCRTAGG; Type: regular 3'; Length: 17; Trimmed: 1 times

Minimum overlap: 15
No. of allowed errors:
1-5 bp: 0; 6-12 bp: 1; 13-17 bp: 2

Bases preceding removed adapters:
  A: 0.0%
  C: 100.0%
  G: 0.0%
  T: 0.0%
  none/other: 0.0%

Overview of removed sequences
length	count	expect	max.err	error counts
20	1	0.0	2	0 0 1
