This is cutadapt 5.0 with Python 3.13.1
Command line parameters: -m 50 -O 15 -e 0.15 -g CCTAYGGGDBGCWGCAG -G GACTACNVGGGTMTCTAATCC -a GGATTAGAKACCCBNGTAGTC -A CTGCWGCVHCCCRTAGG -o plate3.1/cutadapt/2404R_L_F_S2_diabetes_S11_L001_R1_001.fastq.gz -p plate3.1/cutadapt/2404R_L_F_S2_diabetes_S11_L001_R2_001.fastq.gz plate3.1/filtN/2404R_L_F_S2_diabetes_S11_L001_R1_001.fastq.gz plate3.1/filtN/2404R_L_F_S2_diabetes_S11_L001_R2_001.fastq.gz
Processing paired-end reads on 1 core ...

=== Summary ===

Total read pairs processed:            129,574
  Read 1 with adapter:                 129,405 (99.9%)
  Read 2 with adapter:                 127,626 (98.5%)

== Read fate breakdown ==
Pairs that were too short:              11,630 (9.0%)
Pairs written (passing filters):       117,944 (91.0%)

Total basepairs processed:    74,835,695 bp
  Read 1:    39,001,773 bp
  Read 2:    35,833,922 bp
Total written (filtered):     66,553,682 bp (88.9%)
  Read 1:    33,500,785 bp
  Read 2:    33,052,897 bp

=== First read: Adapter 1 ===

Sequence: CCTAYGGGDBGCWGCAG; Type: regular 5'; Length: 17; Trimmed: 129351 times

Minimum overlap: 15
No. of allowed errors:
1-5 bp: 0; 6-12 bp: 1; 13-17 bp: 2

Overview of removed sequences
length	count	expect	max.err	error counts
14	7	0.0	2	0 4 3
15	175	0.0	2	15 51 109
16	2640	0.0	2	702 1814 124
17	126194	0.0	2	124451 1715 28
18	334	0.0	2	57 271 6
27	1	0.0	2	1


=== First read: Adapter 2 ===

Sequence: GGATTAGAKACCCBNGTAGTC; Type: regular 3'; Length: 21; Trimmed: 54 times

Minimum overlap: 15
No. of allowed errors:
1-5 bp: 0; 6-12 bp: 1; 13-19 bp: 2; 20 bp: 3

Bases preceding removed adapters:
  A: 35.2%
  C: 0.0%
  G: 64.8%
  T: 0.0%
  none/other: 0.0%

Overview of removed sequences
length	count	expect	max.err	error counts
24	49	0.0	3	45 4
25	5	0.0	3	5


=== Second read: Adapter 3 ===

Sequence: GACTACNVGGGTMTCTAATCC; Type: regular 5'; Length: 21; Trimmed: 127625 times

Minimum overlap: 15
No. of allowed errors:
1-5 bp: 0; 6-12 bp: 1; 13-19 bp: 2; 20 bp: 3

Overview of removed sequences
length	count	expect	max.err	error counts
15	2	0.0	2	2
16	5	0.0	2	3 1 1
17	4	0.0	2	0 1 3
18	16	0.0	2	1 8 5 2
19	103	0.0	2	2 9 87 5
20	5661	0.0	3	164 5171 262 64
21	121154	0.0	3	113271 6842 699 342
22	445	0.0	3	28 327 58 32
39	1	0.0	3	0 0 0 1
56	1	0.0	3	0 0 0 1
57	2	0.0	3	0 0 1 1
58	1	0.0	3	0 1
59	2	0.0	3	0 0 0 2
60	1	0.0	3	0 0 1
61	4	0.0	3	0 2 0 2
62	6	0.0	3	0 0 2 4
63	28	0.0	3	0 3 7 18
64	124	0.0	3	3 17 50 54
65	62	0.0	3	4 7 22 29
66	3	0.0	3	0 0 0 3


=== Second read: Adapter 4 ===

Sequence: CTGCWGCVHCCCRTAGG; Type: regular 3'; Length: 17; Trimmed: 1 times

Minimum overlap: 15
No. of allowed errors:
1-5 bp: 0; 6-12 bp: 1; 13-17 bp: 2

Bases preceding removed adapters:
  A: 0.0%
  C: 100.0%
  G: 0.0%
  T: 0.0%
  none/other: 0.0%

Overview of removed sequences
length	count	expect	max.err	error counts
77	1	0.0	2	0 0 1
