This is cutadapt 5.0 with Python 3.13.1
Command line parameters: -A XXX -q 20,20 -m 50 -o plate3.1/cutadapt_qc/3918R_RL_M_S2_week9_S80_L001_R1_001.fastq.gz -p plate3.1/cutadapt_qc/3918R_RL_M_S2_week9_S80_L001_R2_001.fastq.gz plate3.1/cutadapt/3918R_RL_M_S2_week9_S80_L001_R1_001.fastq.gz plate3.1/cutadapt/3918R_RL_M_S2_week9_S80_L001_R2_001.fastq.gz
Processing paired-end reads on 1 core ...

=== Summary ===

Total read pairs processed:            119,457
  Read 2 with adapter:                       0 (0.0%)

== Read fate breakdown ==
Pairs that were too short:               1,670 (1.4%)
Pairs written (passing filters):       117,787 (98.6%)

Total basepairs processed:    67,420,682 bp
  Read 1:    33,930,413 bp
  Read 2:    33,490,269 bp
Quality-trimmed:               3,479,193 bp (5.2%)
  Read 1:       430,103 bp
  Read 2:     3,049,090 bp
Total written (filtered):     63,457,809 bp (94.1%)
  Read 1:    33,035,923 bp
  Read 2:    30,421,886 bp

=== Second read: Adapter 1 ===

Sequence: XXX; Type: regular 3'; Length: 3; Trimmed: 0 times
