This is cutadapt 5.0 with Python 3.13.1
Command line parameters: -m 50 -O 15 -e 0.15 -g CCTAYGGGDBGCWGCAG -G GACTACNVGGGTMTCTAATCC -a GGATTAGAKACCCBNGTAGTC -A CTGCWGCVHCCCRTAGG -o plate3.1/cutadapt/2453R_0_F_S2_Pellet_week9_S70_L001_R1_001.fastq.gz -p plate3.1/cutadapt/2453R_0_F_S2_Pellet_week9_S70_L001_R2_001.fastq.gz plate3.1/filtN/2453R_0_F_S2_Pellet_week9_S70_L001_R1_001.fastq.gz plate3.1/filtN/2453R_0_F_S2_Pellet_week9_S70_L001_R2_001.fastq.gz
Processing paired-end reads on 1 core ...

=== Summary ===

Total read pairs processed:            121,418
  Read 1 with adapter:                 121,294 (99.9%)
  Read 2 with adapter:                 120,174 (99.0%)

== Read fate breakdown ==
Pairs that were too short:              11,223 (9.2%)
Pairs written (passing filters):       110,195 (90.8%)

Total basepairs processed:    70,035,929 bp
  Read 1:    36,546,818 bp
  Read 2:    33,489,111 bp
Total written (filtered):     62,169,638 bp (88.8%)
  Read 1:    31,298,924 bp
  Read 2:    30,870,714 bp

=== First read: Adapter 1 ===

Sequence: CCTAYGGGDBGCWGCAG; Type: regular 5'; Length: 17; Trimmed: 121244 times

Minimum overlap: 15
No. of allowed errors:
1-5 bp: 0; 6-12 bp: 1; 13-17 bp: 2

Overview of removed sequences
length	count	expect	max.err	error counts
14	3	0.0	2	0 2 1
15	121	0.0	2	7 42 72
16	2150	0.0	2	580 1461 109
17	118610	0.0	2	116791 1784 35
18	360	0.0	2	58 288 14


=== First read: Adapter 2 ===

Sequence: GGATTAGAKACCCBNGTAGTC; Type: regular 3'; Length: 21; Trimmed: 50 times

Minimum overlap: 15
No. of allowed errors:
1-5 bp: 0; 6-12 bp: 1; 13-19 bp: 2; 20 bp: 3

Bases preceding removed adapters:
  A: 16.0%
  C: 0.0%
  G: 84.0%
  T: 0.0%
  none/other: 0.0%
WARNING:
    The adapter is preceded by 'G' extremely often.
    The provided adapter sequence could be incomplete at its 5' end.
    Ignore this warning when trimming primers.

Overview of removed sequences
length	count	expect	max.err	error counts
24	50	0.0	3	49 1


=== Second read: Adapter 3 ===

Sequence: GACTACNVGGGTMTCTAATCC; Type: regular 5'; Length: 21; Trimmed: 120172 times

Minimum overlap: 15
No. of allowed errors:
1-5 bp: 0; 6-12 bp: 1; 13-19 bp: 2; 20 bp: 3

Overview of removed sequences
length	count	expect	max.err	error counts
15	2	0.0	2	0 1 1
16	3	0.0	2	1 2
17	6	0.0	2	1 2 3
18	17	0.0	2	3 3 7 4
19	115	0.0	2	2 11 91 11
20	5915	0.0	3	151 5412 289 63
21	113436	0.0	3	106555 6108 518 255
22	471	0.0	3	47 341 58 25
41	1	0.0	3	0 0 0 1
55	1	0.0	3	0 0 0 1
56	1	0.0	3	0 0 0 1
57	2	0.0	3	0 0 1 1
58	1	0.0	3	0 0 1
59	3	0.0	3	0 0 2 1
60	5	0.0	3	1 1 0 3
61	7	0.0	3	1 2 2 2
62	6	0.0	3	0 1 0 5
63	19	0.0	3	2 2 7 8
64	104	0.0	3	3 23 30 48
65	55	0.0	3	10 9 15 21
66	1	0.0	3	0 0 1
67	1	0.0	3	0 0 1


=== Second read: Adapter 4 ===

Sequence: CTGCWGCVHCCCRTAGG; Type: regular 3'; Length: 17; Trimmed: 2 times

Minimum overlap: 15
No. of allowed errors:
1-5 bp: 0; 6-12 bp: 1; 13-17 bp: 2

Bases preceding removed adapters:
  A: 50.0%
  C: 50.0%
  G: 0.0%
  T: 0.0%
  none/other: 0.0%

Overview of removed sequences
length	count	expect	max.err	error counts
23	1	0.0	2	0 0 1
44	1	0.0	2	0 0 1


WARNING:
    One or more of your adapter sequences may be incomplete.
    Please see the detailed output above.
