This is cutadapt 5.0 with Python 3.13.1
Command line parameters: -A XXX -q 20,20 -m 50 -o plate3.1/cutadapt_qc/2446R_L_F_S2_diabetes_S12_L001_R1_001.fastq.gz -p plate3.1/cutadapt_qc/2446R_L_F_S2_diabetes_S12_L001_R2_001.fastq.gz plate3.1/cutadapt/2446R_L_F_S2_diabetes_S12_L001_R1_001.fastq.gz plate3.1/cutadapt/2446R_L_F_S2_diabetes_S12_L001_R2_001.fastq.gz
Processing paired-end reads on 1 core ...

=== Summary ===

Total read pairs processed:            131,574
  Read 2 with adapter:                       0 (0.0%)

== Read fate breakdown ==
Pairs that were too short:               1,687 (1.3%)
Pairs written (passing filters):       129,887 (98.7%)

Total basepairs processed:    74,243,640 bp
  Read 1:    37,371,903 bp
  Read 2:    36,871,737 bp
Quality-trimmed:               3,384,470 bp (4.6%)
  Read 1:       520,931 bp
  Read 2:     2,863,539 bp
Total written (filtered):     70,365,254 bp (94.8%)
  Read 1:    36,380,722 bp
  Read 2:    33,984,532 bp

=== Second read: Adapter 1 ===

Sequence: XXX; Type: regular 3'; Length: 3; Trimmed: 0 times
