This is cutadapt 5.0 with Python 3.13.1
Command line parameters: -m 50 -O 15 -e 0.15 -g CCTAYGGGDBGCWGCAG -G GACTACNVGGGTMTCTAATCC -a GGATTAGAKACCCBNGTAGTC -A CTGCWGCVHCCCRTAGG -o plate3.1/cutadapt/3918R_0_M_S2_week5_S53_L001_R1_001.fastq.gz -p plate3.1/cutadapt/3918R_0_M_S2_week5_S53_L001_R2_001.fastq.gz plate3.1/filtN/3918R_0_M_S2_week5_S53_L001_R1_001.fastq.gz plate3.1/filtN/3918R_0_M_S2_week5_S53_L001_R2_001.fastq.gz
Processing paired-end reads on 1 core ...

=== Summary ===

Total read pairs processed:            130,152
  Read 1 with adapter:                 130,002 (99.9%)
  Read 2 with adapter:                 128,191 (98.5%)

== Read fate breakdown ==
Pairs that were too short:              11,851 (9.1%)
Pairs written (passing filters):       118,301 (90.9%)

Total basepairs processed:    75,128,160 bp
  Read 1:    39,175,752 bp
  Read 2:    35,952,408 bp
Total written (filtered):     66,756,318 bp (88.9%)
  Read 1:    33,601,307 bp
  Read 2:    33,155,011 bp

=== First read: Adapter 1 ===

Sequence: CCTAYGGGDBGCWGCAG; Type: regular 5'; Length: 17; Trimmed: 129912 times

Minimum overlap: 15
No. of allowed errors:
1-5 bp: 0; 6-12 bp: 1; 13-17 bp: 2

Overview of removed sequences
length	count	expect	max.err	error counts
14	2	0.0	2	0 1 1
15	140	0.0	2	7 38 95
16	2221	0.0	2	663 1439 119
17	127151	0.0	2	125185 1930 36
18	394	0.0	2	81 305 8
19	3	0.0	2	0 0 3
22	1	0.0	2	0 0 1


=== First read: Adapter 2 ===

Sequence: GGATTAGAKACCCBNGTAGTC; Type: regular 3'; Length: 21; Trimmed: 90 times

Minimum overlap: 15
No. of allowed errors:
1-5 bp: 0; 6-12 bp: 1; 13-19 bp: 2; 20 bp: 3

Bases preceding removed adapters:
  A: 30.0%
  C: 2.2%
  G: 65.6%
  T: 2.2%
  none/other: 0.0%

Overview of removed sequences
length	count	expect	max.err	error counts
24	72	0.0	3	62 10
26	1	0.0	3	1
279	1	0.0	3	1
280	2	0.0	3	2
283	2	0.0	3	2
285	11	0.0	3	11
286	1	0.0	3	1


=== Second read: Adapter 3 ===

Sequence: GACTACNVGGGTMTCTAATCC; Type: regular 5'; Length: 21; Trimmed: 128190 times

Minimum overlap: 15
No. of allowed errors:
1-5 bp: 0; 6-12 bp: 1; 13-19 bp: 2; 20 bp: 3

Overview of removed sequences
length	count	expect	max.err	error counts
16	1	0.0	2	0 1
17	6	0.0	2	1 2 3
18	21	0.0	2	2 9 4 6
19	248	0.0	2	5 29 193 21
20	7628	0.0	3	236 6783 500 109
21	119491	0.0	3	112016 6488 670 317
22	564	0.0	3	54 399 77 34
42	1	0.0	3	1
50	1	0.0	3	0 0 1
52	1	0.0	3	0 0 0 1
56	1	0.0	3	0 0 0 1
57	1	0.0	3	0 0 0 1
59	5	0.0	3	0 0 4 1
60	2	0.0	3	0 0 1 1
61	4	0.0	3	0 0 2 2
62	9	0.0	3	0 1 2 6
63	35	0.0	3	3 4 9 19
64	115	0.0	3	2 19 45 49
65	55	0.0	3	0 1 23 31
66	1	0.0	3	0 0 1


=== Second read: Adapter 4 ===

Sequence: CTGCWGCVHCCCRTAGG; Type: regular 3'; Length: 17; Trimmed: 1 times

Minimum overlap: 15
No. of allowed errors:
1-5 bp: 0; 6-12 bp: 1; 13-17 bp: 2

Bases preceding removed adapters:
  A: 0.0%
  C: 100.0%
  G: 0.0%
  T: 0.0%
  none/other: 0.0%

Overview of removed sequences
length	count	expect	max.err	error counts
239	1	0.0	2	0 1
