This is cutadapt 5.0 with Python 3.13.1
Command line parameters: -m 50 -O 15 -e 0.15 -g CCTAYGGGDBGCWGCAG -G GACTACNVGGGTMTCTAATCC -a GGATTAGAKACCCBNGTAGTC -A CTGCWGCVHCCCRTAGG -o plate3.1/cutadapt/3980R_R_F_S2_diabetes_S20_L001_R1_001.fastq.gz -p plate3.1/cutadapt/3980R_R_F_S2_diabetes_S20_L001_R2_001.fastq.gz plate3.1/filtN/3980R_R_F_S2_diabetes_S20_L001_R1_001.fastq.gz plate3.1/filtN/3980R_R_F_S2_diabetes_S20_L001_R2_001.fastq.gz
Processing paired-end reads on 1 core ...

=== Summary ===

Total read pairs processed:            161,672
  Read 1 with adapter:                 161,442 (99.9%)
  Read 2 with adapter:                 160,085 (99.0%)

== Read fate breakdown ==
Pairs that were too short:              14,530 (9.0%)
Pairs written (passing filters):       147,142 (91.0%)

Total basepairs processed:    93,370,772 bp
  Read 1:    48,663,272 bp
  Read 2:    44,707,500 bp
Total written (filtered):     83,012,710 bp (88.9%)
  Read 1:    41,794,346 bp
  Read 2:    41,218,364 bp

=== First read: Adapter 1 ===

Sequence: CCTAYGGGDBGCWGCAG; Type: regular 5'; Length: 17; Trimmed: 161353 times

Minimum overlap: 15
No. of allowed errors:
1-5 bp: 0; 6-12 bp: 1; 13-17 bp: 2

Overview of removed sequences
length	count	expect	max.err	error counts
14	11	0.0	2	0 4 7
15	270	0.0	2	16 79 175
16	3143	0.0	2	777 2196 170
17	157490	0.0	2	155365 2080 45
18	439	0.0	2	67 361 11


=== First read: Adapter 2 ===

Sequence: GGATTAGAKACCCBNGTAGTC; Type: regular 3'; Length: 21; Trimmed: 89 times

Minimum overlap: 15
No. of allowed errors:
1-5 bp: 0; 6-12 bp: 1; 13-19 bp: 2; 20 bp: 3

Bases preceding removed adapters:
  A: 23.6%
  C: 0.0%
  G: 76.4%
  T: 0.0%
  none/other: 0.0%

Overview of removed sequences
length	count	expect	max.err	error counts
23	1	0.0	3	0 1
24	83	0.0	3	73 10
25	4	0.0	3	4
26	1	0.0	3	1


=== Second read: Adapter 3 ===

Sequence: GACTACNVGGGTMTCTAATCC; Type: regular 5'; Length: 21; Trimmed: 160078 times

Minimum overlap: 15
No. of allowed errors:
1-5 bp: 0; 6-12 bp: 1; 13-19 bp: 2; 20 bp: 3

Overview of removed sequences
length	count	expect	max.err	error counts
15	6	0.0	2	3 2 1
16	3	0.0	2	0 0 3
17	5	0.0	2	0 3 2
18	16	0.0	2	4 5 2 5
19	176	0.0	2	9 16 139 12
20	7295	0.0	3	292 6528 388 87
21	151709	0.0	3	142774 8052 620 263
22	564	0.0	3	47 416 70 31
23	1	0.0	3	0 0 1
57	1	0.0	3	0 0 1
58	2	0.0	3	0 0 0 2
59	1	0.0	3	0 0 0 1
60	1	0.0	3	0 0 1
61	6	0.0	3	1 2 1 2
62	7	0.0	3	1 4 2
63	33	0.0	3	3 2 10 18
64	154	0.0	3	9 27 63 55
65	92	0.0	3	2 17 28 45
66	6	0.0	3	0 1 2 3


=== Second read: Adapter 4 ===

Sequence: CTGCWGCVHCCCRTAGG; Type: regular 3'; Length: 17; Trimmed: 7 times

Minimum overlap: 15
No. of allowed errors:
1-5 bp: 0; 6-12 bp: 1; 13-17 bp: 2

Bases preceding removed adapters:
  A: 0.0%
  C: 100.0%
  G: 0.0%
  T: 0.0%
  none/other: 0.0%

Overview of removed sequences
length	count	expect	max.err	error counts
32	1	0.0	2	0 0 1
297	6	0.0	2	0 0 6
