This is cutadapt 5.0 with Python 3.13.1
Command line parameters: -A XXX -q 20,20 -m 50 -o plate3.1/cutadapt_qc/1152R_L_M_S2_diabetes_S9_L001_R1_001.fastq.gz -p plate3.1/cutadapt_qc/1152R_L_M_S2_diabetes_S9_L001_R2_001.fastq.gz plate3.1/cutadapt/1152R_L_M_S2_diabetes_S9_L001_R1_001.fastq.gz plate3.1/cutadapt/1152R_L_M_S2_diabetes_S9_L001_R2_001.fastq.gz
Processing paired-end reads on 1 core ...

=== Summary ===

Total read pairs processed:            130,617
  Read 2 with adapter:                       0 (0.0%)

== Read fate breakdown ==
Pairs that were too short:               1,703 (1.3%)
Pairs written (passing filters):       128,914 (98.7%)

Total basepairs processed:    73,706,468 bp
  Read 1:    37,100,064 bp
  Read 2:    36,606,404 bp
Quality-trimmed:               3,080,030 bp (4.2%)
  Read 1:       404,413 bp
  Read 2:     2,675,617 bp
Total written (filtered):     70,128,514 bp (95.1%)
  Read 1:    36,222,766 bp
  Read 2:    33,905,748 bp

=== Second read: Adapter 1 ===

Sequence: XXX; Type: regular 3'; Length: 3; Trimmed: 0 times
