This is cutadapt 5.0 with Python 3.13.1
Command line parameters: -m 50 -O 15 -e 0.15 -g CCTAYGGGDBGCWGCAG -G GACTACNVGGGTMTCTAATCC -a GGATTAGAKACCCBNGTAGTC -A CTGCWGCVHCCCRTAGG -o plate3.1/cutadapt/2404R_S2_week14_S22_L001_R1_001.fastq.gz -p plate3.1/cutadapt/2404R_S2_week14_S22_L001_R2_001.fastq.gz plate3.1/filtN/2404R_S2_week14_S22_L001_R1_001.fastq.gz plate3.1/filtN/2404R_S2_week14_S22_L001_R2_001.fastq.gz
Processing paired-end reads on 1 core ...

=== Summary ===

Total read pairs processed:            157,253
  Read 1 with adapter:                 157,101 (99.9%)
  Read 2 with adapter:                 155,779 (99.1%)

== Read fate breakdown ==
Pairs that were too short:              14,482 (9.2%)
Pairs written (passing filters):       142,771 (90.8%)

Total basepairs processed:    90,721,531 bp
  Read 1:    47,333,153 bp
  Read 2:    43,388,378 bp
Total written (filtered):     80,551,814 bp (88.8%)
  Read 1:    40,551,373 bp
  Read 2:    40,000,441 bp

=== First read: Adapter 1 ===

Sequence: CCTAYGGGDBGCWGCAG; Type: regular 5'; Length: 17; Trimmed: 157023 times

Minimum overlap: 15
No. of allowed errors:
1-5 bp: 0; 6-12 bp: 1; 13-17 bp: 2

Overview of removed sequences
length	count	expect	max.err	error counts
14	3	0.0	2	0 2 1
15	184	0.0	2	15 74 95
16	2757	0.0	2	741 1899 117
17	153605	0.0	2	151380 2174 51
18	473	0.0	2	66 397 10
19	1	0.0	2	0 0 1


=== First read: Adapter 2 ===

Sequence: GGATTAGAKACCCBNGTAGTC; Type: regular 3'; Length: 21; Trimmed: 78 times

Minimum overlap: 15
No. of allowed errors:
1-5 bp: 0; 6-12 bp: 1; 13-19 bp: 2; 20 bp: 3

Bases preceding removed adapters:
  A: 29.5%
  C: 0.0%
  G: 70.5%
  T: 0.0%
  none/other: 0.0%

Overview of removed sequences
length	count	expect	max.err	error counts
24	72	0.0	3	61 11
25	6	0.0	3	5 1


=== Second read: Adapter 3 ===

Sequence: GACTACNVGGGTMTCTAATCC; Type: regular 5'; Length: 21; Trimmed: 155778 times

Minimum overlap: 15
No. of allowed errors:
1-5 bp: 0; 6-12 bp: 1; 13-19 bp: 2; 20 bp: 3

Overview of removed sequences
length	count	expect	max.err	error counts
15	2	0.0	2	2
16	2	0.0	2	0 2
17	3	0.0	2	2 0 1
18	17	0.0	2	3 5 4 5
19	155	0.0	2	6 15 121 13
20	7996	0.0	3	277 7235 377 107
21	146948	0.0	3	138292 7814 570 272
22	514	0.0	3	39 395 58 22
25	1	0.0	3	0 1
52	2	0.0	3	0 0 1 1
53	2	0.0	3	0 0 0 2
57	1	0.0	3	0 0 0 1
58	1	0.0	3	0 0 1
59	1	0.0	3	0 0 1
61	3	0.0	3	0 1 1 1
62	2	0.0	3	0 1 0 1
63	16	0.0	3	0 1 5 10
64	69	0.0	3	3 8 24 34
65	42	0.0	3	0 5 12 25
66	1	0.0	3	0 0 0 1


=== Second read: Adapter 4 ===

Sequence: CTGCWGCVHCCCRTAGG; Type: regular 3'; Length: 17; Trimmed: 1 times

Minimum overlap: 15
No. of allowed errors:
1-5 bp: 0; 6-12 bp: 1; 13-17 bp: 2

Bases preceding removed adapters:
  A: 0.0%
  C: 100.0%
  G: 0.0%
  T: 0.0%
  none/other: 0.0%

Overview of removed sequences
length	count	expect	max.err	error counts
281	1	0.0	2	0 0 1
