This is cutadapt 5.0 with Python 3.13.1
Command line parameters: -A XXX -q 20,20 -m 50 -o plate3.1/cutadapt_qc/1067R_S2_week27_S30_L001_R1_001.fastq.gz -p plate3.1/cutadapt_qc/1067R_S2_week27_S30_L001_R2_001.fastq.gz plate3.1/cutadapt/1067R_S2_week27_S30_L001_R1_001.fastq.gz plate3.1/cutadapt/1067R_S2_week27_S30_L001_R2_001.fastq.gz
Processing paired-end reads on 1 core ...

=== Summary ===

Total read pairs processed:            112,561
  Read 2 with adapter:                       0 (0.0%)

== Read fate breakdown ==
Pairs that were too short:               1,365 (1.2%)
Pairs written (passing filters):       111,196 (98.8%)

Total basepairs processed:    63,509,973 bp
  Read 1:    31,971,083 bp
  Read 2:    31,538,890 bp
Quality-trimmed:               2,717,524 bp (4.3%)
  Read 1:       421,146 bp
  Read 2:     2,296,378 bp
Total written (filtered):     60,392,408 bp (95.1%)
  Read 1:    31,171,176 bp
  Read 2:    29,221,232 bp

=== Second read: Adapter 1 ===

Sequence: XXX; Type: regular 3'; Length: 3; Trimmed: 0 times
