This is cutadapt 5.0 with Python 3.13.1
Command line parameters: -m 50 -O 15 -e 0.15 -g CCTAYGGGDBGCWGCAG -G GACTACNVGGGTMTCTAATCC -a GGATTAGAKACCCBNGTAGTC -A CTGCWGCVHCCCRTAGG -o plate3.1/cutadapt/Negtive_Control_S90_L001_R1_001.fastq.gz -p plate3.1/cutadapt/Negtive_Control_S90_L001_R2_001.fastq.gz plate3.1/filtN/Negtive_Control_S90_L001_R1_001.fastq.gz plate3.1/filtN/Negtive_Control_S90_L001_R2_001.fastq.gz
Processing paired-end reads on 1 core ...

=== Summary ===

Total read pairs processed:             21,551
  Read 1 with adapter:                  21,540 (99.9%)
  Read 2 with adapter:                  21,338 (99.0%)

== Read fate breakdown ==
Pairs that were too short:              19,858 (92.1%)
Pairs written (passing filters):         1,693 (7.9%)

Total basepairs processed:    12,606,170 bp
  Read 1:     6,486,695 bp
  Read 2:     6,119,475 bp
Total written (filtered):        953,979 bp (7.6%)
  Read 1:       479,498 bp
  Read 2:       474,481 bp

=== First read: Adapter 1 ===

Sequence: CCTAYGGGDBGCWGCAG; Type: regular 5'; Length: 17; Trimmed: 1874 times

Minimum overlap: 15
No. of allowed errors:
1-5 bp: 0; 6-12 bp: 1; 13-17 bp: 2

Overview of removed sequences
length	count	expect	max.err	error counts
16	4	0.0	2	1 2 1
17	1865	0.0	2	1838 27
18	5	0.0	2	0 2 3


=== First read: Adapter 2 ===

Sequence: GGATTAGAKACCCBNGTAGTC; Type: regular 3'; Length: 21; Trimmed: 19666 times

Minimum overlap: 15
No. of allowed errors:
1-5 bp: 0; 6-12 bp: 1; 13-19 bp: 2; 20 bp: 3

Bases preceding removed adapters:
  A: 52.2%
  C: 12.5%
  G: 32.1%
  T: 3.2%
  none/other: 0.0%

Overview of removed sequences
length	count	expect	max.err	error counts
27	2	0.0	3	2
117	10	0.0	3	9 1
212	2	0.0	3	2
262	4	0.0	3	4
263	1	0.0	3	1
264	846	0.0	3	720 124 2
265	27	0.0	3	26 1
266	2	0.0	3	2
268	6	0.0	3	6
269	1	0.0	3	1
272	7	0.0	3	7
275	3	0.0	3	2 1
276	19	0.0	3	18 1
277	195	0.0	3	177 17 0 1
278	138	0.0	3	125 13
279	2184	0.0	3	1959 224 1
280	190	0.0	3	171 19
281	16	0.0	3	14 1 0 1
282	343	0.0	3	303 40
283	146	0.0	3	133 13
284	5161	0.0	3	4588 570 3
285	10053	0.0	3	8644 1391 17 1
286	272	0.0	3	223 37 9 3
287	22	0.0	3	18 4
288	9	0.0	3	7 2
289	2	0.0	3	2
290	1	0.0	3	1
291	2	0.0	3	2
292	2	0.0	3	2


=== Second read: Adapter 3 ===

Sequence: GACTACNVGGGTMTCTAATCC; Type: regular 5'; Length: 21; Trimmed: 21221 times

Minimum overlap: 15
No. of allowed errors:
1-5 bp: 0; 6-12 bp: 1; 13-19 bp: 2; 20 bp: 3

Overview of removed sequences
length	count	expect	max.err	error counts
18	1	0.0	2	1
19	2	0.0	2	0 1 1
20	791	0.0	3	26 736 24 5
21	20329	0.0	3	19444 825 40 20
22	79	0.0	3	11 64 4
55	1	0.0	3	0 1
57	2	0.0	3	1 0 1
59	1	0.0	3	0 0 0 1
61	1	0.0	3	0 0 1
63	4	0.0	3	1 0 1 2
64	8	0.0	3	1 1 2 4
65	1	0.0	3	0 0 1
66	1	0.0	3	0 0 0 1


=== Second read: Adapter 4 ===

Sequence: CTGCWGCVHCCCRTAGG; Type: regular 3'; Length: 17; Trimmed: 117 times

Minimum overlap: 15
No. of allowed errors:
1-5 bp: 0; 6-12 bp: 1; 13-17 bp: 2

Bases preceding removed adapters:
  A: 0.0%
  C: 75.2%
  G: 6.0%
  T: 18.8%
  none/other: 0.0%

Overview of removed sequences
length	count	expect	max.err	error counts
16	2	0.0	2	1 0 1
17	2	0.0	2	2
217	1	0.0	2	0 0 1
232	2	0.0	2	0 1 1
236	3	0.0	2	0 1 2
237	3	0.0	2	0 0 3
238	5	0.0	2	0 3 2
239	3	0.0	2	1 1 1
242	1	0.0	2	0 1
246	1	0.0	2	0 0 1
260	2	0.0	2	2
261	2	0.0	2	1 0 1
262	3	0.0	2	3
274	1	0.0	2	1
275	5	0.0	2	5
276	4	0.0	2	4
278	1	0.0	2	1
279	6	0.0	2	4 1 1
280	12	0.0	2	7 3 2
281	22	0.0	2	19 1 2
282	17	0.0	2	10 5 2
283	14	0.0	2	12 2
284	1	0.0	2	0 1
286	1	0.0	2	1
289	2	0.0	2	2
290	1	0.0	2	1
