This is cutadapt 5.0 with Python 3.13.1
Command line parameters: -A XXX -q 20,20 -m 50 -o plate3.1/cutadapt_qc/2446R_R_F_S2_week5_S43_L001_R1_001.fastq.gz -p plate3.1/cutadapt_qc/2446R_R_F_S2_week5_S43_L001_R2_001.fastq.gz plate3.1/cutadapt/2446R_R_F_S2_week5_S43_L001_R1_001.fastq.gz plate3.1/cutadapt/2446R_R_F_S2_week5_S43_L001_R2_001.fastq.gz
Processing paired-end reads on 1 core ...

=== Summary ===

Total read pairs processed:            126,127
  Read 2 with adapter:                       0 (0.0%)

== Read fate breakdown ==
Pairs that were too short:               1,785 (1.4%)
Pairs written (passing filters):       124,342 (98.6%)

Total basepairs processed:    71,156,546 bp
  Read 1:    35,824,969 bp
  Read 2:    35,331,577 bp
Quality-trimmed:               3,230,016 bp (4.5%)
  Read 1:       389,289 bp
  Read 2:     2,840,727 bp
Total written (filtered):     67,399,616 bp (94.7%)
  Read 1:    34,935,074 bp
  Read 2:    32,464,542 bp

=== Second read: Adapter 1 ===

Sequence: XXX; Type: regular 3'; Length: 3; Trimmed: 0 times
