This is cutadapt 5.0 with Python 3.13.1
Command line parameters: -m 50 -O 15 -e 0.15 -g CCTAYGGGDBGCWGCAG -G GACTACNVGGGTMTCTAATCC -a GGATTAGAKACCCBNGTAGTC -A CTGCWGCVHCCCRTAGG -o plate3.1/cutadapt/1152R_0_M_S2_week5_S36_L001_R1_001.fastq.gz -p plate3.1/cutadapt/1152R_0_M_S2_week5_S36_L001_R2_001.fastq.gz plate3.1/filtN/1152R_0_M_S2_week5_S36_L001_R1_001.fastq.gz plate3.1/filtN/1152R_0_M_S2_week5_S36_L001_R2_001.fastq.gz
Processing paired-end reads on 1 core ...

=== Summary ===

Total read pairs processed:            147,718
  Read 1 with adapter:                 147,556 (99.9%)
  Read 2 with adapter:                 146,021 (98.9%)

== Read fate breakdown ==
Pairs that were too short:              13,392 (9.1%)
Pairs written (passing filters):       134,326 (90.9%)

Total basepairs processed:    85,276,618 bp
  Read 1:    44,463,115 bp
  Read 2:    40,813,503 bp
Total written (filtered):     75,789,109 bp (88.9%)
  Read 1:    38,153,128 bp
  Read 2:    37,635,981 bp

=== First read: Adapter 1 ===

Sequence: CCTAYGGGDBGCWGCAG; Type: regular 5'; Length: 17; Trimmed: 147462 times

Minimum overlap: 15
No. of allowed errors:
1-5 bp: 0; 6-12 bp: 1; 13-17 bp: 2

Overview of removed sequences
length	count	expect	max.err	error counts
14	6	0.0	2	0 1 5
15	240	0.0	2	12 82 146
16	2956	0.0	2	651 2130 175
17	143879	0.0	2	141885 1958 36
18	378	0.0	2	63 302 13
19	2	0.0	2	1 0 1
37	1	0.0	2	1


=== First read: Adapter 2 ===

Sequence: GGATTAGAKACCCBNGTAGTC; Type: regular 3'; Length: 21; Trimmed: 94 times

Minimum overlap: 15
No. of allowed errors:
1-5 bp: 0; 6-12 bp: 1; 13-19 bp: 2; 20 bp: 3

Bases preceding removed adapters:
  A: 23.4%
  C: 0.0%
  G: 75.5%
  T: 1.1%
  none/other: 0.0%

Overview of removed sequences
length	count	expect	max.err	error counts
24	91	0.0	3	78 13
25	2	0.0	3	1 1
250	1	0.0	3	1


=== Second read: Adapter 3 ===

Sequence: GACTACNVGGGTMTCTAATCC; Type: regular 5'; Length: 21; Trimmed: 146020 times

Minimum overlap: 15
No. of allowed errors:
1-5 bp: 0; 6-12 bp: 1; 13-19 bp: 2; 20 bp: 3

Overview of removed sequences
length	count	expect	max.err	error counts
15	3	0.0	2	1 2
16	1	0.0	2	0 1
17	4	0.0	2	1 0 3
18	19	0.0	2	4 9 2 4
19	155	0.0	2	5 11 123 16
20	7394	0.0	3	189 6702 415 88
21	137605	0.0	3	129060 7631 622 292
22	619	0.0	3	58 450 75 36
23	1	0.0	3	0 0 1
48	1	0.0	3	0 0 1
52	1	0.0	3	0 0 1
57	4	0.0	3	0 2 2
58	4	0.0	3	1 0 1 2
59	1	0.0	3	0 0 0 1
60	5	0.0	3	0 1 2 2
61	7	0.0	3	0 3 2 2
62	5	0.0	3	0 0 3 2
63	29	0.0	3	2 7 7 13
64	103	0.0	3	5 22 30 46
65	56	0.0	3	1 7 12 36
66	3	0.0	3	1 1 0 1


=== Second read: Adapter 4 ===

Sequence: CTGCWGCVHCCCRTAGG; Type: regular 3'; Length: 17; Trimmed: 1 times

Minimum overlap: 15
No. of allowed errors:
1-5 bp: 0; 6-12 bp: 1; 13-17 bp: 2

Bases preceding removed adapters:
  A: 0.0%
  C: 100.0%
  G: 0.0%
  T: 0.0%
  none/other: 0.0%

Overview of removed sequences
length	count	expect	max.err	error counts
281	1	0.0	2	1
