This is cutadapt 5.0 with Python 3.13.1
Command line parameters: -A XXX -q 20,20 -m 50 -o plate3.1/cutadapt_qc/3880R_S2_week15_S25_L001_R1_001.fastq.gz -p plate3.1/cutadapt_qc/3880R_S2_week15_S25_L001_R2_001.fastq.gz plate3.1/cutadapt/3880R_S2_week15_S25_L001_R1_001.fastq.gz plate3.1/cutadapt/3880R_S2_week15_S25_L001_R2_001.fastq.gz
Processing paired-end reads on 1 core ...

=== Summary ===

Total read pairs processed:             99,931
  Read 2 with adapter:                       0 (0.0%)

== Read fate breakdown ==
Pairs that were too short:               1,161 (1.2%)
Pairs written (passing filters):        98,770 (98.8%)

Total basepairs processed:    56,387,833 bp
  Read 1:    28,383,900 bp
  Read 2:    28,003,933 bp
Quality-trimmed:               2,659,203 bp (4.7%)
  Read 1:       377,744 bp
  Read 2:     2,281,459 bp
Total written (filtered):     53,389,811 bp (94.7%)
  Read 1:    27,684,230 bp
  Read 2:    25,705,581 bp

=== Second read: Adapter 1 ===

Sequence: XXX; Type: regular 3'; Length: 3; Trimmed: 0 times
