This is cutadapt 5.0 with Python 3.13.1
Command line parameters: -A XXX -q 20,20 -m 50 -o plate3.1/cutadapt_qc/3909R_L_M_S2_week9_S77_L001_R1_001.fastq.gz -p plate3.1/cutadapt_qc/3909R_L_M_S2_week9_S77_L001_R2_001.fastq.gz plate3.1/cutadapt/3909R_L_M_S2_week9_S77_L001_R1_001.fastq.gz plate3.1/cutadapt/3909R_L_M_S2_week9_S77_L001_R2_001.fastq.gz
Processing paired-end reads on 1 core ...

=== Summary ===

Total read pairs processed:            120,080
  Read 2 with adapter:                       0 (0.0%)

== Read fate breakdown ==
Pairs that were too short:               1,797 (1.5%)
Pairs written (passing filters):       118,283 (98.5%)

Total basepairs processed:    67,769,302 bp
  Read 1:    34,105,858 bp
  Read 2:    33,663,444 bp
Quality-trimmed:               3,369,910 bp (5.0%)
  Read 1:       445,256 bp
  Read 2:     2,924,654 bp
Total written (filtered):     63,876,593 bp (94.3%)
  Read 1:    33,160,564 bp
  Read 2:    30,716,029 bp

=== Second read: Adapter 1 ===

Sequence: XXX; Type: regular 3'; Length: 3; Trimmed: 0 times
