This is cutadapt 5.0 with Python 3.13.1
Command line parameters: -m 50 -O 15 -e 0.15 -g CCTAYGGGDBGCWGCAG -G GACTACNVGGGTMTCTAATCC -a GGATTAGAKACCCBNGTAGTC -A CTGCWGCVHCCCRTAGG -o plate3.1/cutadapt/3909R_L_M_S2_week9_S77_L001_R1_001.fastq.gz -p plate3.1/cutadapt/3909R_L_M_S2_week9_S77_L001_R2_001.fastq.gz plate3.1/filtN/3909R_L_M_S2_week9_S77_L001_R1_001.fastq.gz plate3.1/filtN/3909R_L_M_S2_week9_S77_L001_R2_001.fastq.gz
Processing paired-end reads on 1 core ...

=== Summary ===

Total read pairs processed:            132,017
  Read 1 with adapter:                 131,895 (99.9%)
  Read 2 with adapter:                 129,673 (98.2%)

== Read fate breakdown ==
Pairs that were too short:              11,937 (9.0%)
Pairs written (passing filters):       120,080 (91.0%)

Total basepairs processed:    76,226,690 bp
  Read 1:    39,737,112 bp
  Read 2:    36,489,578 bp
Total written (filtered):     67,769,302 bp (88.9%)
  Read 1:    34,105,858 bp
  Read 2:    33,663,444 bp

=== First read: Adapter 1 ===

Sequence: CCTAYGGGDBGCWGCAG; Type: regular 5'; Length: 17; Trimmed: 131800 times

Minimum overlap: 15
No. of allowed errors:
1-5 bp: 0; 6-12 bp: 1; 13-17 bp: 2

Overview of removed sequences
length	count	expect	max.err	error counts
14	3	0.0	2	0 0 3
15	122	0.0	2	7 40 75
16	2280	0.0	2	631 1521 128
17	128936	0.0	2	127005 1879 52
18	458	0.0	2	86 354 18
19	1	0.0	2	0 0 1


=== First read: Adapter 2 ===

Sequence: GGATTAGAKACCCBNGTAGTC; Type: regular 3'; Length: 21; Trimmed: 95 times

Minimum overlap: 15
No. of allowed errors:
1-5 bp: 0; 6-12 bp: 1; 13-19 bp: 2; 20 bp: 3

Bases preceding removed adapters:
  A: 27.4%
  C: 0.0%
  G: 68.4%
  T: 4.2%
  none/other: 0.0%

Overview of removed sequences
length	count	expect	max.err	error counts
24	77	0.0	3	70 7
25	1	0.0	3	1
250	1	0.0	3	1
280	3	0.0	3	3
283	3	0.0	3	2 1
285	10	0.0	3	7 3


=== Second read: Adapter 3 ===

Sequence: GACTACNVGGGTMTCTAATCC; Type: regular 5'; Length: 21; Trimmed: 129670 times

Minimum overlap: 15
No. of allowed errors:
1-5 bp: 0; 6-12 bp: 1; 13-19 bp: 2; 20 bp: 3

Overview of removed sequences
length	count	expect	max.err	error counts
15	1	0.0	2	0 0 1
18	6	0.0	2	0 3 2 1
19	140	0.0	2	7 10 110 13
20	6128	0.0	3	145 5565 325 93
21	122763	0.0	3	115047 6636 719 361
22	506	0.0	3	37 380 57 32
23	2	0.0	3	0 0 2
29	1	0.0	3	1
36	1	0.0	3	0 0 0 1
38	1	0.0	3	0 1
50	2	0.0	3	0 0 0 2
56	1	0.0	3	0 0 1
57	2	0.0	3	0 0 0 2
58	4	0.0	3	0 1 0 3
59	1	0.0	3	0 0 0 1
60	1	0.0	3	0 1
61	5	0.0	3	0 1 2 2
62	4	0.0	3	0 1 0 3
63	14	0.0	3	1 0 3 10
64	53	0.0	3	0 5 11 37
65	31	0.0	3	0 3 8 20
66	3	0.0	3	0 1 0 2


=== Second read: Adapter 4 ===

Sequence: CTGCWGCVHCCCRTAGG; Type: regular 3'; Length: 17; Trimmed: 3 times

Minimum overlap: 15
No. of allowed errors:
1-5 bp: 0; 6-12 bp: 1; 13-17 bp: 2

Bases preceding removed adapters:
  A: 0.0%
  C: 0.0%
  G: 66.7%
  T: 33.3%
  none/other: 0.0%

Overview of removed sequences
length	count	expect	max.err	error counts
14	1	0.0	2	0 0 1
49	1	0.0	2	0 0 1
187	1	0.0	2	0 0 1
