This is cutadapt 5.0 with Python 3.13.1
Command line parameters: -m 50 -O 15 -e 0.15 -g CCTAYGGGDBGCWGCAG -G GACTACNVGGGTMTCTAATCC -a GGATTAGAKACCCBNGTAGTC -A CTGCWGCVHCCCRTAGG -o plate3.1/cutadapt/3980R_R_F_S2_week5_S60_L001_R1_001.fastq.gz -p plate3.1/cutadapt/3980R_R_F_S2_week5_S60_L001_R2_001.fastq.gz plate3.1/filtN/3980R_R_F_S2_week5_S60_L001_R1_001.fastq.gz plate3.1/filtN/3980R_R_F_S2_week5_S60_L001_R2_001.fastq.gz
Processing paired-end reads on 1 core ...

=== Summary ===

Total read pairs processed:            172,626
  Read 1 with adapter:                 172,404 (99.9%)
  Read 2 with adapter:                 170,338 (98.7%)

== Read fate breakdown ==
Pairs that were too short:              15,444 (8.9%)
Pairs written (passing filters):       157,182 (91.1%)

Total basepairs processed:    99,714,648 bp
  Read 1:    51,960,420 bp
  Read 2:    47,754,228 bp
Total written (filtered):     88,692,511 bp (88.9%)
  Read 1:    44,645,898 bp
  Read 2:    44,046,613 bp

=== First read: Adapter 1 ===

Sequence: CCTAYGGGDBGCWGCAG; Type: regular 5'; Length: 17; Trimmed: 172325 times

Minimum overlap: 15
No. of allowed errors:
1-5 bp: 0; 6-12 bp: 1; 13-17 bp: 2

Overview of removed sequences
length	count	expect	max.err	error counts
14	5	0.0	2	0 2 3
15	211	0.0	2	8 64 139
16	3367	0.0	2	744 2431 192
17	168277	0.0	2	166093 2142 42
18	464	0.0	2	80 375 9
19	1	0.0	2	0 0 1


=== First read: Adapter 2 ===

Sequence: GGATTAGAKACCCBNGTAGTC; Type: regular 3'; Length: 21; Trimmed: 79 times

Minimum overlap: 15
No. of allowed errors:
1-5 bp: 0; 6-12 bp: 1; 13-19 bp: 2; 20 bp: 3

Bases preceding removed adapters:
  A: 45.6%
  C: 0.0%
  G: 54.4%
  T: 0.0%
  none/other: 0.0%

Overview of removed sequences
length	count	expect	max.err	error counts
24	74	0.0	3	64 10
25	5	0.0	3	5


=== Second read: Adapter 3 ===

Sequence: GACTACNVGGGTMTCTAATCC; Type: regular 5'; Length: 21; Trimmed: 170337 times

Minimum overlap: 15
No. of allowed errors:
1-5 bp: 0; 6-12 bp: 1; 13-19 bp: 2; 20 bp: 3

Overview of removed sequences
length	count	expect	max.err	error counts
15	1	0.0	2	0 1
16	1	0.0	2	0 1
17	3	0.0	2	0 2 1
18	17	0.0	2	2 5 2 8
19	190	0.0	2	2 14 152 22
20	8194	0.0	3	157 7461 460 116
21	160991	0.0	3	150368 9229 957 437
22	694	0.0	3	59 527 78 30
23	5	0.0	3	0 2 2 1
25	1	0.0	3	0 1
52	1	0.0	3	0 0 0 1
57	2	0.0	3	1 0 0 1
59	3	0.0	3	0 0 1 2
60	1	0.0	3	0 0 1
61	5	0.0	3	0 1 1 3
62	6	0.0	3	0 2 2 2
63	20	0.0	3	2 4 7 7
64	107	0.0	3	1 26 31 49
65	94	0.0	3	1 14 29 50
66	1	0.0	3	0 0 0 1


=== Second read: Adapter 4 ===

Sequence: CTGCWGCVHCCCRTAGG; Type: regular 3'; Length: 17; Trimmed: 1 times

Minimum overlap: 15
No. of allowed errors:
1-5 bp: 0; 6-12 bp: 1; 13-17 bp: 2

Bases preceding removed adapters:
  A: 0.0%
  C: 100.0%
  G: 0.0%
  T: 0.0%
  none/other: 0.0%

Overview of removed sequences
length	count	expect	max.err	error counts
20	1	0.0	2	0 0 1
