This is cutadapt 5.0 with Python 3.13.1
Command line parameters: -m 50 -O 15 -e 0.15 -g CCTAYGGGDBGCWGCAG -G GACTACNVGGGTMTCTAATCC -a GGATTAGAKACCCBNGTAGTC -A CTGCWGCVHCCCRTAGG -o plate3.1/cutadapt/1067R_R_M_S2_diabetes_S8_L001_R1_001.fastq.gz -p plate3.1/cutadapt/1067R_R_M_S2_diabetes_S8_L001_R2_001.fastq.gz plate3.1/filtN/1067R_R_M_S2_diabetes_S8_L001_R1_001.fastq.gz plate3.1/filtN/1067R_R_M_S2_diabetes_S8_L001_R2_001.fastq.gz
Processing paired-end reads on 1 core ...

=== Summary ===

Total read pairs processed:             88,656
  Read 1 with adapter:                  88,553 (99.9%)
  Read 2 with adapter:                  87,690 (98.9%)

== Read fate breakdown ==
Pairs that were too short:               7,767 (8.8%)
Pairs written (passing filters):        80,889 (91.2%)

Total basepairs processed:    51,259,657 bp
  Read 1:    26,685,456 bp
  Read 2:    24,574,201 bp
Total written (filtered):     45,635,451 bp (89.0%)
  Read 1:    22,975,630 bp
  Read 2:    22,659,821 bp

=== First read: Adapter 1 ===

Sequence: CCTAYGGGDBGCWGCAG; Type: regular 5'; Length: 17; Trimmed: 88506 times

Minimum overlap: 15
No. of allowed errors:
1-5 bp: 0; 6-12 bp: 1; 13-17 bp: 2

Overview of removed sequences
length	count	expect	max.err	error counts
14	2	0.0	2	0 1 1
15	159	0.0	2	2 64 93
16	2003	0.0	2	534 1361 108
17	86087	0.0	2	84778 1288 21
18	254	0.0	2	37 210 7
19	1	0.0	2	0 0 1


=== First read: Adapter 2 ===

Sequence: GGATTAGAKACCCBNGTAGTC; Type: regular 3'; Length: 21; Trimmed: 47 times

Minimum overlap: 15
No. of allowed errors:
1-5 bp: 0; 6-12 bp: 1; 13-19 bp: 2; 20 bp: 3

Bases preceding removed adapters:
  A: 51.1%
  C: 4.3%
  G: 44.7%
  T: 0.0%
  none/other: 0.0%

Overview of removed sequences
length	count	expect	max.err	error counts
24	26	0.0	3	23 2 1
25	1	0.0	3	1
191	1	0.0	3	1
279	2	0.0	3	1 1
284	4	0.0	3	4
285	13	0.0	3	11 2


=== Second read: Adapter 3 ===

Sequence: GACTACNVGGGTMTCTAATCC; Type: regular 5'; Length: 21; Trimmed: 87688 times

Minimum overlap: 15
No. of allowed errors:
1-5 bp: 0; 6-12 bp: 1; 13-19 bp: 2; 20 bp: 3

Overview of removed sequences
length	count	expect	max.err	error counts
15	1	0.0	2	1
16	3	0.0	2	1 2
17	2	0.0	2	0 1 1
18	11	0.0	2	1 2 7 1
19	73	0.0	2	1 7 54 11
20	4091	0.0	3	99 3734 209 49
21	82916	0.0	3	77743 4593 389 191
22	392	0.0	3	45 286 40 21
23	2	0.0	3	0 0 2
34	1	0.0	3	0 1
52	2	0.0	3	0 1 1
53	2	0.0	3	0 0 2
55	1	0.0	3	0 0 0 1
56	1	0.0	3	0 0 0 1
57	2	0.0	3	0 0 0 2
58	1	0.0	3	0 1
59	2	0.0	3	0 0 1 1
60	3	0.0	3	1 0 0 2
61	2	0.0	3	1 0 1
62	4	0.0	3	1 1 2
63	16	0.0	3	0 4 4 8
64	83	0.0	3	4 13 29 37
65	65	0.0	3	6 16 20 23
66	11	0.0	3	0 1 5 5
152	1	0.0	3	0 0 0 1


=== Second read: Adapter 4 ===

Sequence: CTGCWGCVHCCCRTAGG; Type: regular 3'; Length: 17; Trimmed: 2 times

Minimum overlap: 15
No. of allowed errors:
1-5 bp: 0; 6-12 bp: 1; 13-17 bp: 2

Bases preceding removed adapters:
  A: 0.0%
  C: 50.0%
  G: 50.0%
  T: 0.0%
  none/other: 0.0%

Overview of removed sequences
length	count	expect	max.err	error counts
20	1	0.0	2	0 0 1
281	1	0.0	2	1
