This is cutadapt 5.0 with Python 3.13.1
Command line parameters: -m 50 -O 15 -e 0.15 -g CCTAYGGGDBGCWGCAG -G GACTACNVGGGTMTCTAATCC -a GGATTAGAKACCCBNGTAGTC -A CTGCWGCVHCCCRTAGG -o plate3.1/cutadapt/1067R_L_M_S2_week9_S63_L001_R1_001.fastq.gz -p plate3.1/cutadapt/1067R_L_M_S2_week9_S63_L001_R2_001.fastq.gz plate3.1/filtN/1067R_L_M_S2_week9_S63_L001_R1_001.fastq.gz plate3.1/filtN/1067R_L_M_S2_week9_S63_L001_R2_001.fastq.gz
Processing paired-end reads on 1 core ...

=== Summary ===

Total read pairs processed:            144,082
  Read 1 with adapter:                 143,899 (99.9%)
  Read 2 with adapter:                 142,116 (98.6%)

== Read fate breakdown ==
Pairs that were too short:              12,961 (9.0%)
Pairs written (passing filters):       131,121 (91.0%)

Total basepairs processed:    83,208,841 bp
  Read 1:    43,368,678 bp
  Read 2:    39,840,163 bp
Total written (filtered):     73,987,218 bp (88.9%)
  Read 1:    37,243,020 bp
  Read 2:    36,744,198 bp

=== First read: Adapter 1 ===

Sequence: CCTAYGGGDBGCWGCAG; Type: regular 5'; Length: 17; Trimmed: 143818 times

Minimum overlap: 15
No. of allowed errors:
1-5 bp: 0; 6-12 bp: 1; 13-17 bp: 2

Overview of removed sequences
length	count	expect	max.err	error counts
14	8	0.0	2	0 2 6
15	173	0.0	2	9 60 104
16	2498	0.0	2	612 1749 137
17	140763	0.0	2	138841 1872 50
18	376	0.0	2	75 294 7


=== First read: Adapter 2 ===

Sequence: GGATTAGAKACCCBNGTAGTC; Type: regular 3'; Length: 21; Trimmed: 81 times

Minimum overlap: 15
No. of allowed errors:
1-5 bp: 0; 6-12 bp: 1; 13-19 bp: 2; 20 bp: 3

Bases preceding removed adapters:
  A: 24.7%
  C: 0.0%
  G: 75.3%
  T: 0.0%
  none/other: 0.0%

Overview of removed sequences
length	count	expect	max.err	error counts
24	76	0.0	3	64 11 1
25	4	0.0	3	3 1
27	1	0.0	3	1


=== Second read: Adapter 3 ===

Sequence: GACTACNVGGGTMTCTAATCC; Type: regular 5'; Length: 21; Trimmed: 142116 times

Minimum overlap: 15
No. of allowed errors:
1-5 bp: 0; 6-12 bp: 1; 13-19 bp: 2; 20 bp: 3

Overview of removed sequences
length	count	expect	max.err	error counts
16	3	0.0	2	1 1 1
17	1	0.0	2	0 0 1
18	15	0.0	2	4 3 3 5
19	171	0.0	2	8 20 134 9
20	6818	0.0	3	125 6193 406 94
21	134300	0.0	3	125171 7901 826 402
22	583	0.0	3	61 425 65 32
23	3	0.0	3	0 0 2 1
27	1	0.0	3	0 0 0 1
36	1	0.0	3	0 0 0 1
52	1	0.0	3	0 1
54	1	0.0	3	0 1
57	2	0.0	3	0 1 0 1
59	3	0.0	3	0 0 1 2
61	8	0.0	3	3 3 2
62	6	0.0	3	0 2 2 2
63	25	0.0	3	0 4 8 13
64	94	0.0	3	5 16 32 41
65	77	0.0	3	2 14 22 39
66	3	0.0	3	0 0 1 2


=== Second read: Adapter 4 ===

Sequence: CTGCWGCVHCCCRTAGG; Type: regular 3'; Length: 17; Trimmed: 0 times
