This is cutadapt 5.0 with Python 3.13.1
Command line parameters: -m 50 -O 15 -e 0.15 -g CCTAYGGGDBGCWGCAG -G GACTACNVGGGTMTCTAATCC -a GGATTAGAKACCCBNGTAGTC -A CTGCWGCVHCCCRTAGG -o plate3.1/cutadapt/2453R_L_F_S2_week5_S46_L001_R1_001.fastq.gz -p plate3.1/cutadapt/2453R_L_F_S2_week5_S46_L001_R2_001.fastq.gz plate3.1/filtN/2453R_L_F_S2_week5_S46_L001_R1_001.fastq.gz plate3.1/filtN/2453R_L_F_S2_week5_S46_L001_R2_001.fastq.gz
Processing paired-end reads on 1 core ...

=== Summary ===

Total read pairs processed:            141,966
  Read 1 with adapter:                 141,819 (99.9%)
  Read 2 with adapter:                 140,202 (98.8%)

== Read fate breakdown ==
Pairs that were too short:              13,299 (9.4%)
Pairs written (passing filters):       128,667 (90.6%)

Total basepairs processed:    81,840,782 bp
  Read 1:    42,731,764 bp
  Read 2:    39,109,018 bp
Total written (filtered):     72,591,618 bp (88.7%)
  Read 1:    36,545,510 bp
  Read 2:    36,046,108 bp

=== First read: Adapter 1 ===

Sequence: CCTAYGGGDBGCWGCAG; Type: regular 5'; Length: 17; Trimmed: 141742 times

Minimum overlap: 15
No. of allowed errors:
1-5 bp: 0; 6-12 bp: 1; 13-17 bp: 2

Overview of removed sequences
length	count	expect	max.err	error counts
14	3	0.0	2	0 2 1
15	146	0.0	2	6 49 91
16	2438	0.0	2	621 1705 112
17	138797	0.0	2	136757 2002 38
18	357	0.0	2	56 293 8
23	1	0.0	2	1


=== First read: Adapter 2 ===

Sequence: GGATTAGAKACCCBNGTAGTC; Type: regular 3'; Length: 21; Trimmed: 77 times

Minimum overlap: 15
No. of allowed errors:
1-5 bp: 0; 6-12 bp: 1; 13-19 bp: 2; 20 bp: 3

Bases preceding removed adapters:
  A: 40.3%
  C: 0.0%
  G: 59.7%
  T: 0.0%
  none/other: 0.0%

Overview of removed sequences
length	count	expect	max.err	error counts
24	73	0.0	3	60 13
25	3	0.0	3	2 1
28	1	0.0	3	1


=== Second read: Adapter 3 ===

Sequence: GACTACNVGGGTMTCTAATCC; Type: regular 5'; Length: 21; Trimmed: 140201 times

Minimum overlap: 15
No. of allowed errors:
1-5 bp: 0; 6-12 bp: 1; 13-19 bp: 2; 20 bp: 3

Overview of removed sequences
length	count	expect	max.err	error counts
15	3	0.0	2	3
16	4	0.0	2	4
17	3	0.0	2	0 1 2
18	16	0.0	2	2 4 4 6
19	181	0.0	2	7 20 135 19
20	7066	0.0	3	209 6361 398 98
21	132121	0.0	3	123844 7201 701 375
22	424	0.0	3	33 316 48 27
23	1	0.0	3	0 0 0 1
38	1	0.0	3	0 0 0 1
48	1	0.0	3	0 0 0 1
53	1	0.0	3	0 1
55	1	0.0	3	0 0 0 1
56	1	0.0	3	0 0 0 1
57	2	0.0	3	0 0 0 2
58	3	0.0	3	0 2 0 1
59	2	0.0	3	1 0 1
60	2	0.0	3	0 1 0 1
61	10	0.0	3	2 1 3 4
62	13	0.0	3	0 1 7 5
63	38	0.0	3	4 7 8 19
64	221	0.0	3	20 44 74 83
65	81	0.0	3	7 14 25 35
66	5	0.0	3	0 0 1 4


=== Second read: Adapter 4 ===

Sequence: CTGCWGCVHCCCRTAGG; Type: regular 3'; Length: 17; Trimmed: 1 times

Minimum overlap: 15
No. of allowed errors:
1-5 bp: 0; 6-12 bp: 1; 13-17 bp: 2

Bases preceding removed adapters:
  A: 0.0%
  C: 100.0%
  G: 0.0%
  T: 0.0%
  none/other: 0.0%

Overview of removed sequences
length	count	expect	max.err	error counts
281	1	0.0	2	0 1
