This is cutadapt 5.0 with Python 3.13.1
Command line parameters: -m 50 -O 15 -e 0.15 -g CCTAYGGGDBGCWGCAG -G GACTACNVGGGTMTCTAATCC -a GGATTAGAKACCCBNGTAGTC -A CTGCWGCVHCCCRTAGG -o plate3.1/cutadapt/073R_R_M_S2_Pellet_week9_S61_L001_R1_001.fastq.gz -p plate3.1/cutadapt/073R_R_M_S2_Pellet_week9_S61_L001_R2_001.fastq.gz plate3.1/filtN/073R_R_M_S2_Pellet_week9_S61_L001_R1_001.fastq.gz plate3.1/filtN/073R_R_M_S2_Pellet_week9_S61_L001_R2_001.fastq.gz
Processing paired-end reads on 1 core ...

=== Summary ===

Total read pairs processed:            157,467
  Read 1 with adapter:                 157,289 (99.9%)
  Read 2 with adapter:                 155,326 (98.6%)

== Read fate breakdown ==
Pairs that were too short:              14,034 (8.9%)
Pairs written (passing filters):       143,433 (91.1%)

Total basepairs processed:    90,979,473 bp
  Read 1:    47,397,566 bp
  Read 2:    43,581,907 bp
Total written (filtered):     80,932,814 bp (89.0%)
  Read 1:    40,739,537 bp
  Read 2:    40,193,277 bp

=== First read: Adapter 1 ===

Sequence: CCTAYGGGDBGCWGCAG; Type: regular 5'; Length: 17; Trimmed: 157190 times

Minimum overlap: 15
No. of allowed errors:
1-5 bp: 0; 6-12 bp: 1; 13-17 bp: 2

Overview of removed sequences
length	count	expect	max.err	error counts
14	4	0.0	2	0 1 3
15	135	0.0	2	7 54 74
16	2634	0.0	2	754 1748 132
17	153908	0.0	2	151599 2262 47
18	509	0.0	2	94 405 10


=== First read: Adapter 2 ===

Sequence: GGATTAGAKACCCBNGTAGTC; Type: regular 3'; Length: 21; Trimmed: 99 times

Minimum overlap: 15
No. of allowed errors:
1-5 bp: 0; 6-12 bp: 1; 13-19 bp: 2; 20 bp: 3

Bases preceding removed adapters:
  A: 37.4%
  C: 0.0%
  G: 59.6%
  T: 3.0%
  none/other: 0.0%

Overview of removed sequences
length	count	expect	max.err	error counts
23	1	0.0	3	0 1
24	74	0.0	3	67 7
25	5	0.0	3	5
280	3	0.0	3	3
283	2	0.0	3	2
285	14	0.0	3	11 3


=== Second read: Adapter 3 ===

Sequence: GACTACNVGGGTMTCTAATCC; Type: regular 5'; Length: 21; Trimmed: 155325 times

Minimum overlap: 15
No. of allowed errors:
1-5 bp: 0; 6-12 bp: 1; 13-19 bp: 2; 20 bp: 3

Overview of removed sequences
length	count	expect	max.err	error counts
15	3	0.0	2	2 1
16	3	0.0	2	1 1 1
17	6	0.0	2	1 1 4
18	17	0.0	2	4 5 5 3
19	135	0.0	2	5 11 113 6
20	7310	0.0	3	165 6635 416 94
21	146944	0.0	3	137082 8553 878 431
22	638	0.0	3	59 467 77 35
23	4	0.0	3	1 0 3
24	3	0.0	3	3
48	1	0.0	3	1
49	1	0.0	3	0 0 0 1
56	1	0.0	3	0 0 0 1
57	4	0.0	3	0 1 1 2
58	3	0.0	3	1 1 0 1
59	2	0.0	3	0 0 0 2
60	3	0.0	3	0 0 2 1
61	11	0.0	3	3 3 3 2
62	16	0.0	3	1 1 2 12
63	26	0.0	3	0 9 5 12
64	115	0.0	3	4 13 46 52
65	74	0.0	3	2 11 29 32
66	4	0.0	3	0 0 1 3
67	1	0.0	3	0 1


=== Second read: Adapter 4 ===

Sequence: CTGCWGCVHCCCRTAGG; Type: regular 3'; Length: 17; Trimmed: 1 times

Minimum overlap: 15
No. of allowed errors:
1-5 bp: 0; 6-12 bp: 1; 13-17 bp: 2

Bases preceding removed adapters:
  A: 0.0%
  C: 100.0%
  G: 0.0%
  T: 0.0%
  none/other: 0.0%

Overview of removed sequences
length	count	expect	max.err	error counts
260	1	0.0	2	0 0 1
