This is cutadapt 5.0 with Python 3.13.1
Command line parameters: -A XXX -q 20,20 -m 50 -o plate3.1/cutadapt_qc/1174R_0_M_S2_diabetes_S10_L001_R1_001.fastq.gz -p plate3.1/cutadapt_qc/1174R_0_M_S2_diabetes_S10_L001_R2_001.fastq.gz plate3.1/cutadapt/1174R_0_M_S2_diabetes_S10_L001_R1_001.fastq.gz plate3.1/cutadapt/1174R_0_M_S2_diabetes_S10_L001_R2_001.fastq.gz
Processing paired-end reads on 1 core ...

=== Summary ===

Total read pairs processed:            120,845
  Read 2 with adapter:                       0 (0.0%)

== Read fate breakdown ==
Pairs that were too short:               1,550 (1.3%)
Pairs written (passing filters):       119,295 (98.7%)

Total basepairs processed:    68,192,597 bp
  Read 1:    34,323,875 bp
  Read 2:    33,868,722 bp
Quality-trimmed:               3,388,065 bp (5.0%)
  Read 1:       467,323 bp
  Read 2:     2,920,742 bp
Total written (filtered):     64,350,611 bp (94.4%)
  Read 1:    33,425,411 bp
  Read 2:    30,925,200 bp

=== Second read: Adapter 1 ===

Sequence: XXX; Type: regular 3'; Length: 3; Trimmed: 0 times
