This is cutadapt 5.0 with Python 3.13.1
Command line parameters: -A XXX -q 20,20 -m 50 -o plate3.1/cutadapt_qc/3909R_L_M_S2_week5_S52_L001_R1_001.fastq.gz -p plate3.1/cutadapt_qc/3909R_L_M_S2_week5_S52_L001_R2_001.fastq.gz plate3.1/cutadapt/3909R_L_M_S2_week5_S52_L001_R1_001.fastq.gz plate3.1/cutadapt/3909R_L_M_S2_week5_S52_L001_R2_001.fastq.gz
Processing paired-end reads on 1 core ...

=== Summary ===

Total read pairs processed:            100,564
  Read 2 with adapter:                       0 (0.0%)

== Read fate breakdown ==
Pairs that were too short:               1,566 (1.6%)
Pairs written (passing filters):        98,998 (98.4%)

Total basepairs processed:    56,749,990 bp
  Read 1:    28,563,277 bp
  Read 2:    28,186,713 bp
Quality-trimmed:               2,758,252 bp (4.9%)
  Read 1:       400,982 bp
  Read 2:     2,357,270 bp
Total written (filtered):     53,533,023 bp (94.3%)
  Read 1:    27,727,078 bp
  Read 2:    25,805,945 bp

=== Second read: Adapter 1 ===

Sequence: XXX; Type: regular 3'; Length: 3; Trimmed: 0 times
