This is cutadapt 5.0 with Python 3.13.1
Command line parameters: -m 50 -O 15 -e 0.15 -g CCTAYGGGDBGCWGCAG -G GACTACNVGGGTMTCTAATCC -a GGATTAGAKACCCBNGTAGTC -A CTGCWGCVHCCCRTAGG -o plate3.1/cutadapt/1067R_L_M_S2_week5_S35_L001_R1_001.fastq.gz -p plate3.1/cutadapt/1067R_L_M_S2_week5_S35_L001_R2_001.fastq.gz plate3.1/filtN/1067R_L_M_S2_week5_S35_L001_R1_001.fastq.gz plate3.1/filtN/1067R_L_M_S2_week5_S35_L001_R2_001.fastq.gz
Processing paired-end reads on 1 core ...

=== Summary ===

Total read pairs processed:            115,694
  Read 1 with adapter:                 115,533 (99.9%)
  Read 2 with adapter:                 114,410 (98.9%)

== Read fate breakdown ==
Pairs that were too short:              10,661 (9.2%)
Pairs written (passing filters):       105,033 (90.8%)

Total basepairs processed:    66,743,594 bp
  Read 1:    34,823,894 bp
  Read 2:    31,919,700 bp
Total written (filtered):     59,262,038 bp (88.8%)
  Read 1:    29,833,680 bp
  Read 2:    29,428,358 bp

=== First read: Adapter 1 ===

Sequence: CCTAYGGGDBGCWGCAG; Type: regular 5'; Length: 17; Trimmed: 115479 times

Minimum overlap: 15
No. of allowed errors:
1-5 bp: 0; 6-12 bp: 1; 13-17 bp: 2

Overview of removed sequences
length	count	expect	max.err	error counts
14	2	0.0	2	0 0 2
15	160	0.0	2	4 48 108
16	2269	0.0	2	596 1551 122
17	112717	0.0	2	111188 1492 37
18	331	0.0	2	53 266 12


=== First read: Adapter 2 ===

Sequence: GGATTAGAKACCCBNGTAGTC; Type: regular 3'; Length: 21; Trimmed: 54 times

Minimum overlap: 15
No. of allowed errors:
1-5 bp: 0; 6-12 bp: 1; 13-19 bp: 2; 20 bp: 3

Bases preceding removed adapters:
  A: 35.2%
  C: 0.0%
  G: 64.8%
  T: 0.0%
  none/other: 0.0%

Overview of removed sequences
length	count	expect	max.err	error counts
24	50	0.0	3	41 9
25	3	0.0	3	3
26	1	0.0	3	1


=== Second read: Adapter 3 ===

Sequence: GACTACNVGGGTMTCTAATCC; Type: regular 5'; Length: 21; Trimmed: 114409 times

Minimum overlap: 15
No. of allowed errors:
1-5 bp: 0; 6-12 bp: 1; 13-19 bp: 2; 20 bp: 3

Overview of removed sequences
length	count	expect	max.err	error counts
15	1	0.0	2	0 0 1
16	2	0.0	2	1 1
17	2	0.0	2	0 0 2
18	16	0.0	2	1 9 3 3
19	103	0.0	2	0 8 87 8
20	5758	0.0	3	124 5235 318 81
21	107890	0.0	3	101116 5998 554 222
22	468	0.0	3	34 354 58 22
50	1	0.0	3	1
57	1	0.0	3	0 0 0 1
59	2	0.0	3	0 0 0 2
60	2	0.0	3	0 1 0 1
61	6	0.0	3	0 2 2 2
62	5	0.0	3	0 0 2 3
63	12	0.0	3	0 2 5 5
64	92	0.0	3	5 11 24 52
65	44	0.0	3	1 5 18 20
66	4	0.0	3	1 1 0 2


=== Second read: Adapter 4 ===

Sequence: CTGCWGCVHCCCRTAGG; Type: regular 3'; Length: 17; Trimmed: 1 times

Minimum overlap: 15
No. of allowed errors:
1-5 bp: 0; 6-12 bp: 1; 13-17 bp: 2

Bases preceding removed adapters:
  A: 0.0%
  C: 100.0%
  G: 0.0%
  T: 0.0%
  none/other: 0.0%

Overview of removed sequences
length	count	expect	max.err	error counts
281	1	0.0	2	0 0 1
