This is cutadapt 5.0 with Python 3.13.1
Command line parameters: -A XXX -q 20,20 -m 50 -o plate3.1/cutadapt_qc/3909R_L_M_S2_diabetes_S16_L001_R1_001.fastq.gz -p plate3.1/cutadapt_qc/3909R_L_M_S2_diabetes_S16_L001_R2_001.fastq.gz plate3.1/cutadapt/3909R_L_M_S2_diabetes_S16_L001_R1_001.fastq.gz plate3.1/cutadapt/3909R_L_M_S2_diabetes_S16_L001_R2_001.fastq.gz
Processing paired-end reads on 1 core ...

=== Summary ===

Total read pairs processed:            141,663
  Read 2 with adapter:                       0 (0.0%)

== Read fate breakdown ==
Pairs that were too short:               1,841 (1.3%)
Pairs written (passing filters):       139,822 (98.7%)

Total basepairs processed:    79,939,254 bp
  Read 1:    40,239,067 bp
  Read 2:    39,700,187 bp
Quality-trimmed:               3,289,759 bp (4.1%)
  Read 1:       413,647 bp
  Read 2:     2,876,112 bp
Total written (filtered):     76,108,927 bp (95.2%)
  Read 1:    39,311,790 bp
  Read 2:    36,797,137 bp

=== Second read: Adapter 1 ===

Sequence: XXX; Type: regular 3'; Length: 3; Trimmed: 0 times
