This is cutadapt 5.0 with Python 3.13.1
Command line parameters: -m 50 -O 15 -e 0.15 -g CCTAYGGGDBGCWGCAG -G GACTACNVGGGTMTCTAATCC -a GGATTAGAKACCCBNGTAGTC -A CTGCWGCVHCCCRTAGG -o plate3.1/cutadapt/2402R_R_F_S5_Pellet_week9_S5_L001_R1_001.fastq.gz -p plate3.1/cutadapt/2402R_R_F_S5_Pellet_week9_S5_L001_R2_001.fastq.gz plate3.1/filtN/2402R_R_F_S5_Pellet_week9_S5_L001_R1_001.fastq.gz plate3.1/filtN/2402R_R_F_S5_Pellet_week9_S5_L001_R2_001.fastq.gz
Processing paired-end reads on 1 core ...

=== Summary ===

Total read pairs processed:             98,326
  Read 1 with adapter:                  98,229 (99.9%)
  Read 2 with adapter:                  97,268 (98.9%)

== Read fate breakdown ==
Pairs that were too short:               8,790 (8.9%)
Pairs written (passing filters):        89,536 (91.1%)

Total basepairs processed:    56,801,727 bp
  Read 1:    29,596,125 bp
  Read 2:    27,205,602 bp
Total written (filtered):     50,511,911 bp (88.9%)
  Read 1:    25,430,949 bp
  Read 2:    25,080,962 bp

=== First read: Adapter 1 ===

Sequence: CCTAYGGGDBGCWGCAG; Type: regular 5'; Length: 17; Trimmed: 98165 times

Minimum overlap: 15
No. of allowed errors:
1-5 bp: 0; 6-12 bp: 1; 13-17 bp: 2

Overview of removed sequences
length	count	expect	max.err	error counts
15	93	0.0	2	13 27 53
16	1735	0.0	2	477 1175 83
17	96007	0.0	2	94451 1525 31
18	328	0.0	2	47 270 11
19	1	0.0	2	0 1
45	1	0.0	2	1


=== First read: Adapter 2 ===

Sequence: GGATTAGAKACCCBNGTAGTC; Type: regular 3'; Length: 21; Trimmed: 64 times

Minimum overlap: 15
No. of allowed errors:
1-5 bp: 0; 6-12 bp: 1; 13-19 bp: 2; 20 bp: 3

Bases preceding removed adapters:
  A: 39.1%
  C: 0.0%
  G: 59.4%
  T: 1.6%
  none/other: 0.0%

Overview of removed sequences
length	count	expect	max.err	error counts
24	48	0.0	3	41 7
25	4	0.0	3	3 1
280	1	0.0	3	1
283	1	0.0	3	1
285	10	0.0	3	9 1


=== Second read: Adapter 3 ===

Sequence: GACTACNVGGGTMTCTAATCC; Type: regular 5'; Length: 21; Trimmed: 97267 times

Minimum overlap: 15
No. of allowed errors:
1-5 bp: 0; 6-12 bp: 1; 13-19 bp: 2; 20 bp: 3

Overview of removed sequences
length	count	expect	max.err	error counts
15	2	0.0	2	1 0 1
16	2	0.0	2	0 1 1
17	1	0.0	2	0 0 1
18	7	0.0	2	1 3 0 3
19	71	0.0	2	3 8 55 5
20	4389	0.0	3	121 3958 244 66
21	92166	0.0	3	86376 5116 460 214
22	387	0.0	3	38 280 44 25
23	3	0.0	3	0 1 2
44	1	0.0	3	1
55	1	0.0	3	0 0 0 1
56	1	0.0	3	0 1
57	1	0.0	3	1
58	1	0.0	3	0 0 0 1
59	2	0.0	3	0 0 0 2
60	1	0.0	3	0 0 0 1
61	3	0.0	3	0 1 1 1
62	5	0.0	3	1 0 2 2
63	31	0.0	3	0 4 13 14
64	113	0.0	3	8 30 23 52
65	70	0.0	3	4 12 27 27
66	9	0.0	3	0 2 4 3


=== Second read: Adapter 4 ===

Sequence: CTGCWGCVHCCCRTAGG; Type: regular 3'; Length: 17; Trimmed: 1 times

Minimum overlap: 15
No. of allowed errors:
1-5 bp: 0; 6-12 bp: 1; 13-17 bp: 2

Bases preceding removed adapters:
  A: 0.0%
  C: 100.0%
  G: 0.0%
  T: 0.0%
  none/other: 0.0%

Overview of removed sequences
length	count	expect	max.err	error counts
282	1	0.0	2	1
