This is cutadapt 5.0 with Python 3.13.1
Command line parameters: -A XXX -q 20,20 -m 50 -o plate3.1/cutadapt_qc/3918R_L_M_S2_week5_S54_L001_R1_001.fastq.gz -p plate3.1/cutadapt_qc/3918R_L_M_S2_week5_S54_L001_R2_001.fastq.gz plate3.1/cutadapt/3918R_L_M_S2_week5_S54_L001_R1_001.fastq.gz plate3.1/cutadapt/3918R_L_M_S2_week5_S54_L001_R2_001.fastq.gz
Processing paired-end reads on 1 core ...

=== Summary ===

Total read pairs processed:            110,889
  Read 2 with adapter:                       0 (0.0%)

== Read fate breakdown ==
Pairs that were too short:               1,633 (1.5%)
Pairs written (passing filters):       109,256 (98.5%)

Total basepairs processed:    62,576,694 bp
  Read 1:    31,496,200 bp
  Read 2:    31,080,494 bp
Quality-trimmed:               2,929,262 bp (4.7%)
  Read 1:       430,097 bp
  Read 2:     2,499,165 bp
Total written (filtered):     59,171,294 bp (94.6%)
  Read 1:    30,613,899 bp
  Read 2:    28,557,395 bp

=== Second read: Adapter 1 ===

Sequence: XXX; Type: regular 3'; Length: 3; Trimmed: 0 times
