This is cutadapt 5.0 with Python 3.13.1
Command line parameters: -m 50 -O 15 -e 0.15 -g CCTAYGGGDBGCWGCAG -G GACTACNVGGGTMTCTAATCC -a GGATTAGAKACCCBNGTAGTC -A CTGCWGCVHCCCRTAGG -o plate3.1/cutadapt/3980R_S2_week14_S23_L001_R1_001.fastq.gz -p plate3.1/cutadapt/3980R_S2_week14_S23_L001_R2_001.fastq.gz plate3.1/filtN/3980R_S2_week14_S23_L001_R1_001.fastq.gz plate3.1/filtN/3980R_S2_week14_S23_L001_R2_001.fastq.gz
Processing paired-end reads on 1 core ...

=== Summary ===

Total read pairs processed:            162,091
  Read 1 with adapter:                 161,897 (99.9%)
  Read 2 with adapter:                 160,339 (98.9%)

== Read fate breakdown ==
Pairs that were too short:              14,464 (8.9%)
Pairs written (passing filters):       147,627 (91.1%)

Total basepairs processed:    93,639,202 bp
  Read 1:    48,789,387 bp
  Read 2:    44,849,815 bp
Total written (filtered):     83,296,152 bp (89.0%)
  Read 1:    41,930,989 bp
  Read 2:    41,365,163 bp

=== First read: Adapter 1 ===

Sequence: CCTAYGGGDBGCWGCAG; Type: regular 5'; Length: 17; Trimmed: 161808 times

Minimum overlap: 15
No. of allowed errors:
1-5 bp: 0; 6-12 bp: 1; 13-17 bp: 2

Overview of removed sequences
length	count	expect	max.err	error counts
14	2	0.0	2	0 1 1
15	175	0.0	2	9 62 104
16	2825	0.0	2	718 1936 171
17	158366	0.0	2	156335 1991 40
18	438	0.0	2	85 346 7
19	2	0.0	2	0 0 2


=== First read: Adapter 2 ===

Sequence: GGATTAGAKACCCBNGTAGTC; Type: regular 3'; Length: 21; Trimmed: 89 times

Minimum overlap: 15
No. of allowed errors:
1-5 bp: 0; 6-12 bp: 1; 13-19 bp: 2; 20 bp: 3

Bases preceding removed adapters:
  A: 9.0%
  C: 0.0%
  G: 91.0%
  T: 0.0%
  none/other: 0.0%
WARNING:
    The adapter is preceded by 'G' extremely often.
    The provided adapter sequence could be incomplete at its 5' end.
    Ignore this warning when trimming primers.

Overview of removed sequences
length	count	expect	max.err	error counts
23	1	0.0	3	1
24	84	0.0	3	70 14
25	4	0.0	3	4


=== Second read: Adapter 3 ===

Sequence: GACTACNVGGGTMTCTAATCC; Type: regular 5'; Length: 21; Trimmed: 160336 times

Minimum overlap: 15
No. of allowed errors:
1-5 bp: 0; 6-12 bp: 1; 13-19 bp: 2; 20 bp: 3

Overview of removed sequences
length	count	expect	max.err	error counts
15	1	0.0	2	0 0 1
16	1	0.0	2	0 1
17	1	0.0	2	0 0 1
18	12	0.0	2	1 5 4 2
19	166	0.0	2	4 23 126 13
20	8009	0.0	3	295 7180 408 126
21	151487	0.0	3	142653 7892 657 285
22	510	0.0	3	55 385 48 22
23	1	0.0	3	0 0 1
24	1	0.0	3	1
42	1	0.0	3	0 1
54	2	0.0	3	0 1 0 1
55	1	0.0	3	0 1
58	2	0.0	3	0 0 1 1
60	1	0.0	3	0 0 1
61	2	0.0	3	0 1 1
62	5	0.0	3	0 1 0 4
63	13	0.0	3	0 2 2 9
64	82	0.0	3	4 11 23 44
65	38	0.0	3	1 5 14 18


=== Second read: Adapter 4 ===

Sequence: CTGCWGCVHCCCRTAGG; Type: regular 3'; Length: 17; Trimmed: 3 times

Minimum overlap: 15
No. of allowed errors:
1-5 bp: 0; 6-12 bp: 1; 13-17 bp: 2

Bases preceding removed adapters:
  A: 33.3%
  C: 66.7%
  G: 0.0%
  T: 0.0%
  none/other: 0.0%

Overview of removed sequences
length	count	expect	max.err	error counts
20	1	0.0	2	0 0 1
279	1	0.0	2	0 0 1
297	1	0.0	2	0 0 1


WARNING:
    One or more of your adapter sequences may be incomplete.
    Please see the detailed output above.
