This is cutadapt 5.0 with Python 3.13.1
Command line parameters: -A XXX -q 20,20 -m 50 -o plate3.1/cutadapt_qc/096R_0_M_S5_week5_S4_L001_R1_001.fastq.gz -p plate3.1/cutadapt_qc/096R_0_M_S5_week5_S4_L001_R2_001.fastq.gz plate3.1/cutadapt/096R_0_M_S5_week5_S4_L001_R1_001.fastq.gz plate3.1/cutadapt/096R_0_M_S5_week5_S4_L001_R2_001.fastq.gz
Processing paired-end reads on 1 core ...

=== Summary ===

Total read pairs processed:             85,455
  Read 2 with adapter:                       0 (0.0%)

== Read fate breakdown ==
Pairs that were too short:                 823 (1.0%)
Pairs written (passing filters):        84,632 (99.0%)

Total basepairs processed:    48,212,105 bp
  Read 1:    24,272,776 bp
  Read 2:    23,939,329 bp
Quality-trimmed:               2,093,880 bp (4.3%)
  Read 1:       318,354 bp
  Read 2:     1,775,526 bp
Total written (filtered):     45,876,927 bp (95.2%)
  Read 1:    23,727,185 bp
  Read 2:    22,149,742 bp

=== Second read: Adapter 1 ===

Sequence: XXX; Type: regular 3'; Length: 3; Trimmed: 0 times
