This is cutadapt 5.0 with Python 3.13.1
Command line parameters: -m 50 -O 15 -e 0.15 -g CCTAYGGGDBGCWGCAG -G GACTACNVGGGTMTCTAATCC -a GGATTAGAKACCCBNGTAGTC -A CTGCWGCVHCCCRTAGG -o plate3.1/cutadapt/2446R_RL_F_S2_week5_S44_L001_R1_001.fastq.gz -p plate3.1/cutadapt/2446R_RL_F_S2_week5_S44_L001_R2_001.fastq.gz plate3.1/filtN/2446R_RL_F_S2_week5_S44_L001_R1_001.fastq.gz plate3.1/filtN/2446R_RL_F_S2_week5_S44_L001_R2_001.fastq.gz
Processing paired-end reads on 1 core ...

=== Summary ===

Total read pairs processed:            125,868
  Read 1 with adapter:                 125,731 (99.9%)
  Read 2 with adapter:                 124,231 (98.7%)

== Read fate breakdown ==
Pairs that were too short:              11,529 (9.2%)
Pairs written (passing filters):       114,339 (90.8%)

Total basepairs processed:    72,632,198 bp
  Read 1:    37,886,267 bp
  Read 2:    34,745,931 bp
Total written (filtered):     64,508,412 bp (88.8%)
  Read 1:    32,476,313 bp
  Read 2:    32,032,099 bp

=== First read: Adapter 1 ===

Sequence: CCTAYGGGDBGCWGCAG; Type: regular 5'; Length: 17; Trimmed: 125659 times

Minimum overlap: 15
No. of allowed errors:
1-5 bp: 0; 6-12 bp: 1; 13-17 bp: 2

Overview of removed sequences
length	count	expect	max.err	error counts
14	3	0.0	2	0 1 2
15	169	0.0	2	11 62 96
16	2535	0.0	2	598 1801 136
17	122611	0.0	2	120834 1745 32
18	339	0.0	2	55 272 12
19	1	0.0	2	0 0 1
20	1	0.0	2	0 1


=== First read: Adapter 2 ===

Sequence: GGATTAGAKACCCBNGTAGTC; Type: regular 3'; Length: 21; Trimmed: 72 times

Minimum overlap: 15
No. of allowed errors:
1-5 bp: 0; 6-12 bp: 1; 13-19 bp: 2; 20 bp: 3

Bases preceding removed adapters:
  A: 22.2%
  C: 0.0%
  G: 77.8%
  T: 0.0%
  none/other: 0.0%

Overview of removed sequences
length	count	expect	max.err	error counts
24	69	0.0	3	63 6
25	3	0.0	3	3


=== Second read: Adapter 3 ===

Sequence: GACTACNVGGGTMTCTAATCC; Type: regular 5'; Length: 21; Trimmed: 124230 times

Minimum overlap: 15
No. of allowed errors:
1-5 bp: 0; 6-12 bp: 1; 13-19 bp: 2; 20 bp: 3

Overview of removed sequences
length	count	expect	max.err	error counts
16	3	0.0	2	1 1 1
17	4	0.0	2	2 1 1
18	11	0.0	2	1 4 4 2
19	155	0.0	2	5 17 120 13
20	6261	0.0	3	216 5633 339 73
21	116996	0.0	3	109882 6259 582 273
22	432	0.0	3	37 315 52 28
24	1	0.0	3	0 1
27	1	0.0	3	0 0 0 1
55	1	0.0	3	0 0 1
56	1	0.0	3	0 0 1
58	3	0.0	3	0 0 2 1
59	4	0.0	3	0 0 0 4
60	4	0.0	3	0 1 1 2
61	13	0.0	3	1 3 6 3
62	9	0.0	3	0 1 4 4
63	49	0.0	3	4 13 19 13
64	199	0.0	3	13 43 75 68
65	80	0.0	3	10 16 24 30
66	3	0.0	3	0 0 2 1


=== Second read: Adapter 4 ===

Sequence: CTGCWGCVHCCCRTAGG; Type: regular 3'; Length: 17; Trimmed: 1 times

Minimum overlap: 15
No. of allowed errors:
1-5 bp: 0; 6-12 bp: 1; 13-17 bp: 2

Bases preceding removed adapters:
  A: 0.0%
  C: 0.0%
  G: 100.0%
  T: 0.0%
  none/other: 0.0%

Overview of removed sequences
length	count	expect	max.err	error counts
21	1	0.0	2	0 0 1
