This is cutadapt 5.0 with Python 3.13.1
Command line parameters: -m 50 -O 15 -e 0.15 -g CCTAYGGGDBGCWGCAG -G GACTACNVGGGTMTCTAATCC -a GGATTAGAKACCCBNGTAGTC -A CTGCWGCVHCCCRTAGG -o plate3.1/cutadapt/3880R_L_F_S2_week5_S50_L001_R1_001.fastq.gz -p plate3.1/cutadapt/3880R_L_F_S2_week5_S50_L001_R2_001.fastq.gz plate3.1/filtN/3880R_L_F_S2_week5_S50_L001_R1_001.fastq.gz plate3.1/filtN/3880R_L_F_S2_week5_S50_L001_R2_001.fastq.gz
Processing paired-end reads on 1 core ...

=== Summary ===

Total read pairs processed:            112,670
  Read 1 with adapter:                 112,546 (99.9%)
  Read 2 with adapter:                 110,906 (98.4%)

== Read fate breakdown ==
Pairs that were too short:              10,055 (8.9%)
Pairs written (passing filters):       102,615 (91.1%)

Total basepairs processed:    65,088,781 bp
  Read 1:    33,913,670 bp
  Read 2:    31,175,111 bp
Total written (filtered):     57,907,347 bp (89.0%)
  Read 1:    29,145,549 bp
  Read 2:    28,761,798 bp

=== First read: Adapter 1 ===

Sequence: CCTAYGGGDBGCWGCAG; Type: regular 5'; Length: 17; Trimmed: 112436 times

Minimum overlap: 15
No. of allowed errors:
1-5 bp: 0; 6-12 bp: 1; 13-17 bp: 2

Overview of removed sequences
length	count	expect	max.err	error counts
14	2	0.0	2	0 1 1
15	119	0.0	2	13 33 73
16	1893	0.0	2	433 1355 105
17	110104	0.0	2	108545 1530 29
18	316	0.0	2	46 259 11
24	1	0.0	2	1
26	1	0.0	2	1


=== First read: Adapter 2 ===

Sequence: GGATTAGAKACCCBNGTAGTC; Type: regular 3'; Length: 21; Trimmed: 110 times

Minimum overlap: 15
No. of allowed errors:
1-5 bp: 0; 6-12 bp: 1; 13-19 bp: 2; 20 bp: 3

Bases preceding removed adapters:
  A: 18.2%
  C: 0.0%
  G: 81.8%
  T: 0.0%
  none/other: 0.0%
WARNING:
    The adapter is preceded by 'G' extremely often.
    The provided adapter sequence could be incomplete at its 5' end.
    Ignore this warning when trimming primers.

Overview of removed sequences
length	count	expect	max.err	error counts
23	2	0.0	3	2
24	104	0.0	3	87 17
25	3	0.0	3	3
26	1	0.0	3	1


=== Second read: Adapter 3 ===

Sequence: GACTACNVGGGTMTCTAATCC; Type: regular 5'; Length: 21; Trimmed: 110905 times

Minimum overlap: 15
No. of allowed errors:
1-5 bp: 0; 6-12 bp: 1; 13-19 bp: 2; 20 bp: 3

Overview of removed sequences
length	count	expect	max.err	error counts
15	5	0.0	2	3 1 1
16	4	0.0	2	0 4
17	10	0.0	2	1 4 5
18	31	0.0	2	2 12 6 11
19	223	0.0	2	4 30 171 18
20	6680	0.0	3	221 5943 421 95
21	103297	0.0	3	96914 5559 550 274
22	491	0.0	3	51 356 61 23
23	1	0.0	3	0 0 0 1
44	1	0.0	3	0 0 1
47	1	0.0	3	0 0 0 1
52	2	0.0	3	0 0 1 1
55	2	0.0	3	0 0 0 2
56	2	0.0	3	0 0 0 2
58	5	0.0	3	0 0 1 4
59	2	0.0	3	0 0 1 1
60	4	0.0	3	0 1 1 2
61	8	0.0	3	0 1 3 4
62	10	0.0	3	0 1 4 5
63	19	0.0	3	1 4 4 10
64	76	0.0	3	3 8 31 34
65	31	0.0	3	1 2 5 23


=== Second read: Adapter 4 ===

Sequence: CTGCWGCVHCCCRTAGG; Type: regular 3'; Length: 17; Trimmed: 1 times

Minimum overlap: 15
No. of allowed errors:
1-5 bp: 0; 6-12 bp: 1; 13-17 bp: 2

Bases preceding removed adapters:
  A: 0.0%
  C: 100.0%
  G: 0.0%
  T: 0.0%
  none/other: 0.0%

Overview of removed sequences
length	count	expect	max.err	error counts
144	1	0.0	2	0 0 1


WARNING:
    One or more of your adapter sequences may be incomplete.
    Please see the detailed output above.
