This is cutadapt 5.0 with Python 3.13.1
Command line parameters: -m 50 -O 15 -e 0.15 -g CCTAYGGGDBGCWGCAG -G GACTACNVGGGTMTCTAATCC -a GGATTAGAKACCCBNGTAGTC -A CTGCWGCVHCCCRTAGG -o plate3.1/cutadapt/1174R_0_M_S2_diabetes_S10_L001_R1_001.fastq.gz -p plate3.1/cutadapt/1174R_0_M_S2_diabetes_S10_L001_R2_001.fastq.gz plate3.1/filtN/1174R_0_M_S2_diabetes_S10_L001_R1_001.fastq.gz plate3.1/filtN/1174R_0_M_S2_diabetes_S10_L001_R2_001.fastq.gz
Processing paired-end reads on 1 core ...

=== Summary ===

Total read pairs processed:            132,583
  Read 1 with adapter:                 132,413 (99.9%)
  Read 2 with adapter:                 130,533 (98.5%)

== Read fate breakdown ==
Pairs that were too short:              11,738 (8.9%)
Pairs written (passing filters):       120,845 (91.1%)

Total basepairs processed:    76,618,104 bp
  Read 1:    39,907,482 bp
  Read 2:    36,710,622 bp
Total written (filtered):     68,192,597 bp (89.0%)
  Read 1:    34,323,875 bp
  Read 2:    33,868,722 bp

=== First read: Adapter 1 ===

Sequence: CCTAYGGGDBGCWGCAG; Type: regular 5'; Length: 17; Trimmed: 132285 times

Minimum overlap: 15
No. of allowed errors:
1-5 bp: 0; 6-12 bp: 1; 13-17 bp: 2

Overview of removed sequences
length	count	expect	max.err	error counts
14	7	0.0	2	0 1 6
15	151	0.0	2	8 51 92
16	2331	0.0	2	558 1670 103
17	129429	0.0	2	127664 1733 32
18	366	0.0	2	61 297 8
19	1	0.0	2	0 0 1


=== First read: Adapter 2 ===

Sequence: GGATTAGAKACCCBNGTAGTC; Type: regular 3'; Length: 21; Trimmed: 128 times

Minimum overlap: 15
No. of allowed errors:
1-5 bp: 0; 6-12 bp: 1; 13-19 bp: 2; 20 bp: 3

Bases preceding removed adapters:
  A: 13.3%
  C: 0.0%
  G: 86.7%
  T: 0.0%
  none/other: 0.0%
WARNING:
    The adapter is preceded by 'G' extremely often.
    The provided adapter sequence could be incomplete at its 5' end.
    Ignore this warning when trimming primers.

Overview of removed sequences
length	count	expect	max.err	error counts
24	124	0.0	3	115 9
25	3	0.0	3	2 1
35	1	0.0	3	1


=== Second read: Adapter 3 ===

Sequence: GACTACNVGGGTMTCTAATCC; Type: regular 5'; Length: 21; Trimmed: 130530 times

Minimum overlap: 15
No. of allowed errors:
1-5 bp: 0; 6-12 bp: 1; 13-19 bp: 2; 20 bp: 3

Overview of removed sequences
length	count	expect	max.err	error counts
15	3	0.0	2	2 0 1
18	14	0.0	2	0 6 3 5
19	106	0.0	2	9 12 76 9
20	5935	0.0	3	153 5379 323 80
21	123834	0.0	3	115849 6918 701 366
22	452	0.0	3	33 351 51 17
23	1	0.0	3	0 0 1
30	1	0.0	3	1
47	1	0.0	3	0 0 0 1
52	1	0.0	3	0 0 0 1
56	1	0.0	3	0 0 0 1
59	1	0.0	3	0 0 1
61	2	0.0	3	0 0 2
62	1	0.0	3	0 0 1
63	25	0.0	3	0 2 7 16
64	105	0.0	3	4 20 34 47
65	43	0.0	3	1 5 10 27
66	4	0.0	3	0 1 2 1


=== Second read: Adapter 4 ===

Sequence: CTGCWGCVHCCCRTAGG; Type: regular 3'; Length: 17; Trimmed: 3 times

Minimum overlap: 15
No. of allowed errors:
1-5 bp: 0; 6-12 bp: 1; 13-17 bp: 2

Bases preceding removed adapters:
  A: 33.3%
  C: 33.3%
  G: 0.0%
  T: 33.3%
  none/other: 0.0%

Overview of removed sequences
length	count	expect	max.err	error counts
184	1	0.0	2	0 0 1
187	1	0.0	2	0 0 1
281	1	0.0	2	1


WARNING:
    One or more of your adapter sequences may be incomplete.
    Please see the detailed output above.
