This is cutadapt 5.0 with Python 3.13.1
Command line parameters: -m 50 -O 15 -e 0.15 -g CCTAYGGGDBGCWGCAG -G GACTACNVGGGTMTCTAATCC -a GGATTAGAKACCCBNGTAGTC -A CTGCWGCVHCCCRTAGG -o plate3.1/cutadapt/3918R_RR_M_S2_week5_S56_L001_R1_001.fastq.gz -p plate3.1/cutadapt/3918R_RR_M_S2_week5_S56_L001_R2_001.fastq.gz plate3.1/filtN/3918R_RR_M_S2_week5_S56_L001_R1_001.fastq.gz plate3.1/filtN/3918R_RR_M_S2_week5_S56_L001_R2_001.fastq.gz
Processing paired-end reads on 1 core ...

=== Summary ===

Total read pairs processed:            134,265
  Read 1 with adapter:                 134,047 (99.8%)
  Read 2 with adapter:                 132,166 (98.4%)

== Read fate breakdown ==
Pairs that were too short:              12,014 (8.9%)
Pairs written (passing filters):       122,251 (91.1%)

Total basepairs processed:    77,563,858 bp
  Read 1:    40,413,763 bp
  Read 2:    37,150,095 bp
Total written (filtered):     68,989,515 bp (88.9%)
  Read 1:    34,725,104 bp
  Read 2:    34,264,411 bp

=== First read: Adapter 1 ===

Sequence: CCTAYGGGDBGCWGCAG; Type: regular 5'; Length: 17; Trimmed: 133913 times

Minimum overlap: 15
No. of allowed errors:
1-5 bp: 0; 6-12 bp: 1; 13-17 bp: 2

Overview of removed sequences
length	count	expect	max.err	error counts
14	9	0.0	2	0 4 5
15	236	0.0	2	15 78 143
16	3069	0.0	2	769 2152 148
17	130258	0.0	2	128363 1849 46
18	339	0.0	2	65 264 10
19	1	0.0	2	0 0 1
21	1	0.0	2	1


=== First read: Adapter 2 ===

Sequence: GGATTAGAKACCCBNGTAGTC; Type: regular 3'; Length: 21; Trimmed: 134 times

Minimum overlap: 15
No. of allowed errors:
1-5 bp: 0; 6-12 bp: 1; 13-19 bp: 2; 20 bp: 3

Bases preceding removed adapters:
  A: 35.8%
  C: 2.2%
  G: 60.4%
  T: 1.5%
  none/other: 0.0%

Overview of removed sequences
length	count	expect	max.err	error counts
24	92	0.0	3	85 7
25	4	0.0	3	4
26	1	0.0	3	1
276	1	0.0	3	1
277	1	0.0	3	1
279	3	0.0	3	3
283	1	0.0	3	1
284	7	0.0	3	7
285	24	0.0	3	20 4


=== Second read: Adapter 3 ===

Sequence: GACTACNVGGGTMTCTAATCC; Type: regular 5'; Length: 21; Trimmed: 132162 times

Minimum overlap: 15
No. of allowed errors:
1-5 bp: 0; 6-12 bp: 1; 13-19 bp: 2; 20 bp: 3

Overview of removed sequences
length	count	expect	max.err	error counts
15	2	0.0	2	0 1 1
16	4	0.0	2	0 3 1
17	8	0.0	2	1 3 4
18	35	0.0	2	4 11 8 12
19	236	0.0	2	4 23 175 34
20	7854	0.0	3	241 7025 486 102
21	123230	0.0	3	115597 6704 629 300
22	571	0.0	3	56 412 72 31
26	1	0.0	3	0 0 1
49	1	0.0	3	0 0 0 1
57	5	0.0	3	1 0 0 4
58	2	0.0	3	0 0 0 2
59	3	0.0	3	0 2 0 1
61	5	0.0	3	0 2 1 2
62	13	0.0	3	1 4 4 4
63	29	0.0	3	0 10 7 12
64	116	0.0	3	4 12 39 61
65	45	0.0	3	1 7 16 21
66	2	0.0	3	0 0 0 2


=== Second read: Adapter 4 ===

Sequence: CTGCWGCVHCCCRTAGG; Type: regular 3'; Length: 17; Trimmed: 4 times

Minimum overlap: 15
No. of allowed errors:
1-5 bp: 0; 6-12 bp: 1; 13-17 bp: 2

Bases preceding removed adapters:
  A: 0.0%
  C: 25.0%
  G: 25.0%
  T: 50.0%
  none/other: 0.0%

Overview of removed sequences
length	count	expect	max.err	error counts
14	1	0.0	2	0 0 1
23	1	0.0	2	0 0 1
281	1	0.0	2	0 1
288	1	0.0	2	0 0 1
