This is cutadapt 5.0 with Python 3.13.1
Command line parameters: -A XXX -q 20,20 -m 50 -o plate3.1/cutadapt_qc/3918R_L_M_S2_week9_S79_L001_R1_001.fastq.gz -p plate3.1/cutadapt_qc/3918R_L_M_S2_week9_S79_L001_R2_001.fastq.gz plate3.1/cutadapt/3918R_L_M_S2_week9_S79_L001_R1_001.fastq.gz plate3.1/cutadapt/3918R_L_M_S2_week9_S79_L001_R2_001.fastq.gz
Processing paired-end reads on 1 core ...

=== Summary ===

Total read pairs processed:            130,994
  Read 2 with adapter:                       0 (0.0%)

== Read fate breakdown ==
Pairs that were too short:               1,883 (1.4%)
Pairs written (passing filters):       129,111 (98.6%)

Total basepairs processed:    73,928,599 bp
  Read 1:    37,206,730 bp
  Read 2:    36,721,869 bp
Quality-trimmed:               3,539,886 bp (4.8%)
  Read 1:       469,484 bp
  Read 2:     3,070,402 bp
Total written (filtered):     69,841,036 bp (94.5%)
  Read 1:    36,213,968 bp
  Read 2:    33,627,068 bp

=== Second read: Adapter 1 ===

Sequence: XXX; Type: regular 3'; Length: 3; Trimmed: 0 times
