This is cutadapt 5.0 with Python 3.13.1
Command line parameters: -m 50 -O 15 -e 0.15 -g CCTAYGGGDBGCWGCAG -G GACTACNVGGGTMTCTAATCC -a GGATTAGAKACCCBNGTAGTC -A CTGCWGCVHCCCRTAGG -o plate3.1/cutadapt/3909R_L_M_S2_week5_S52_L001_R1_001.fastq.gz -p plate3.1/cutadapt/3909R_L_M_S2_week5_S52_L001_R2_001.fastq.gz plate3.1/filtN/3909R_L_M_S2_week5_S52_L001_R1_001.fastq.gz plate3.1/filtN/3909R_L_M_S2_week5_S52_L001_R2_001.fastq.gz
Processing paired-end reads on 1 core ...

=== Summary ===

Total read pairs processed:            110,628
  Read 1 with adapter:                 110,501 (99.9%)
  Read 2 with adapter:                 108,834 (98.4%)

== Read fate breakdown ==
Pairs that were too short:              10,064 (9.1%)
Pairs written (passing filters):       100,564 (90.9%)

Total basepairs processed:    63,857,219 bp
  Read 1:    33,299,028 bp
  Read 2:    30,558,191 bp
Total written (filtered):     56,749,990 bp (88.9%)
  Read 1:    28,563,277 bp
  Read 2:    28,186,713 bp

=== First read: Adapter 1 ===

Sequence: CCTAYGGGDBGCWGCAG; Type: regular 5'; Length: 17; Trimmed: 110422 times

Minimum overlap: 15
No. of allowed errors:
1-5 bp: 0; 6-12 bp: 1; 13-17 bp: 2

Overview of removed sequences
length	count	expect	max.err	error counts
14	3	0.0	2	0 2 1
15	162	0.0	2	1 49 112
16	2190	0.0	2	489 1575 126
17	107740	0.0	2	106189 1528 23
18	326	0.0	2	63 254 9
19	1	0.0	2	0 0 1


=== First read: Adapter 2 ===

Sequence: GGATTAGAKACCCBNGTAGTC; Type: regular 3'; Length: 21; Trimmed: 79 times

Minimum overlap: 15
No. of allowed errors:
1-5 bp: 0; 6-12 bp: 1; 13-19 bp: 2; 20 bp: 3

Bases preceding removed adapters:
  A: 25.3%
  C: 0.0%
  G: 73.4%
  T: 1.3%
  none/other: 0.0%

Overview of removed sequences
length	count	expect	max.err	error counts
24	71	0.0	3	66 5
25	5	0.0	3	5
26	1	0.0	3	1
204	1	0.0	3	1
250	1	0.0	3	1


=== Second read: Adapter 3 ===

Sequence: GACTACNVGGGTMTCTAATCC; Type: regular 5'; Length: 21; Trimmed: 108831 times

Minimum overlap: 15
No. of allowed errors:
1-5 bp: 0; 6-12 bp: 1; 13-19 bp: 2; 20 bp: 3

Overview of removed sequences
length	count	expect	max.err	error counts
15	2	0.0	2	2
16	3	0.0	2	0 2 1
17	3	0.0	2	0 3
18	25	0.0	2	1 10 2 12
19	207	0.0	2	5 17 173 12
20	6506	0.0	3	164 5888 369 85
21	101438	0.0	3	95090 5566 526 256
22	448	0.0	3	39 334 50 25
23	3	0.0	3	0 3
48	1	0.0	3	0 1
50	1	0.0	3	0 0 0 1
56	3	0.0	3	0 0 1 2
57	1	0.0	3	0 0 0 1
58	4	0.0	3	0 2 0 2
60	3	0.0	3	0 0 2 1
61	8	0.0	3	0 2 3 3
62	15	0.0	3	2 2 3 8
63	26	0.0	3	0 4 7 15
64	94	0.0	3	3 10 28 53
65	38	0.0	3	1 4 10 23
66	1	0.0	3	0 0 0 1
67	1	0.0	3	0 0 0 1


=== Second read: Adapter 4 ===

Sequence: CTGCWGCVHCCCRTAGG; Type: regular 3'; Length: 17; Trimmed: 3 times

Minimum overlap: 15
No. of allowed errors:
1-5 bp: 0; 6-12 bp: 1; 13-17 bp: 2

Bases preceding removed adapters:
  A: 0.0%
  C: 33.3%
  G: 66.7%
  T: 0.0%
  none/other: 0.0%

Overview of removed sequences
length	count	expect	max.err	error counts
19	1	0.0	2	1
87	1	0.0	2	0 0 1
288	1	0.0	2	0 0 1
