This is cutadapt 5.0 with Python 3.13.1
Command line parameters: -m 50 -O 15 -e 0.15 -g CCTAYGGGDBGCWGCAG -G GACTACNVGGGTMTCTAATCC -a GGATTAGAKACCCBNGTAGTC -A CTGCWGCVHCCCRTAGG -o plate3.1/cutadapt/1152R_R_M_S2_week9_S65_L001_R1_001.fastq.gz -p plate3.1/cutadapt/1152R_R_M_S2_week9_S65_L001_R2_001.fastq.gz plate3.1/filtN/1152R_R_M_S2_week9_S65_L001_R1_001.fastq.gz plate3.1/filtN/1152R_R_M_S2_week9_S65_L001_R2_001.fastq.gz
Processing paired-end reads on 1 core ...

=== Summary ===

Total read pairs processed:            104,727
  Read 1 with adapter:                 104,615 (99.9%)
  Read 2 with adapter:                 103,673 (99.0%)

== Read fate breakdown ==
Pairs that were too short:               9,377 (9.0%)
Pairs written (passing filters):        95,350 (91.0%)

Total basepairs processed:    60,491,172 bp
  Read 1:    31,522,826 bp
  Read 2:    28,968,346 bp
Total written (filtered):     53,794,068 bp (88.9%)
  Read 1:    27,082,594 bp
  Read 2:    26,711,474 bp

=== First read: Adapter 1 ===

Sequence: CCTAYGGGDBGCWGCAG; Type: regular 5'; Length: 17; Trimmed: 104567 times

Minimum overlap: 15
No. of allowed errors:
1-5 bp: 0; 6-12 bp: 1; 13-17 bp: 2

Overview of removed sequences
length	count	expect	max.err	error counts
14	3	0.0	2	0 2 1
15	126	0.0	2	5 42 79
16	1950	0.0	2	524 1313 113
17	102194	0.0	2	100800 1358 36
18	291	0.0	2	46 238 7
19	3	0.0	2	0 0 3


=== First read: Adapter 2 ===

Sequence: GGATTAGAKACCCBNGTAGTC; Type: regular 3'; Length: 21; Trimmed: 48 times

Minimum overlap: 15
No. of allowed errors:
1-5 bp: 0; 6-12 bp: 1; 13-19 bp: 2; 20 bp: 3

Bases preceding removed adapters:
  A: 16.7%
  C: 0.0%
  G: 83.3%
  T: 0.0%
  none/other: 0.0%
WARNING:
    The adapter is preceded by 'G' extremely often.
    The provided adapter sequence could be incomplete at its 5' end.
    Ignore this warning when trimming primers.

Overview of removed sequences
length	count	expect	max.err	error counts
24	45	0.0	3	36 9
25	3	0.0	3	3


=== Second read: Adapter 3 ===

Sequence: GACTACNVGGGTMTCTAATCC; Type: regular 5'; Length: 21; Trimmed: 103673 times

Minimum overlap: 15
No. of allowed errors:
1-5 bp: 0; 6-12 bp: 1; 13-19 bp: 2; 20 bp: 3

Overview of removed sequences
length	count	expect	max.err	error counts
16	1	0.0	2	1
17	2	0.0	2	0 0 2
18	9	0.0	2	2 5 1 1
19	87	0.0	2	2 13 65 7
20	5039	0.0	3	104 4589 265 81
21	97974	0.0	3	91859 5420 469 226
22	374	0.0	3	48 254 51 21
23	1	0.0	3	0 0 1
47	1	0.0	3	0 0 0 1
56	1	0.0	3	0 0 1
58	1	0.0	3	0 1
59	2	0.0	3	0 0 1 1
61	6	0.0	3	0 1 4 1
62	6	0.0	3	1 2 2 1
63	18	0.0	3	0 4 3 11
64	95	0.0	3	5 13 26 51
65	53	0.0	3	2 10 17 24
66	3	0.0	3	0 1 0 2


=== Second read: Adapter 4 ===

Sequence: CTGCWGCVHCCCRTAGG; Type: regular 3'; Length: 17; Trimmed: 0 times

WARNING:
    One or more of your adapter sequences may be incomplete.
    Please see the detailed output above.
