This is cutadapt 5.0 with Python 3.13.1
Command line parameters: -A XXX -q 20,20 -m 50 -o plate3.1/cutadapt_qc/1152R_L_M_S2_week9_S64_L001_R1_001.fastq.gz -p plate3.1/cutadapt_qc/1152R_L_M_S2_week9_S64_L001_R2_001.fastq.gz plate3.1/cutadapt/1152R_L_M_S2_week9_S64_L001_R1_001.fastq.gz plate3.1/cutadapt/1152R_L_M_S2_week9_S64_L001_R2_001.fastq.gz
Processing paired-end reads on 1 core ...

=== Summary ===

Total read pairs processed:            122,736
  Read 2 with adapter:                       0 (0.0%)

== Read fate breakdown ==
Pairs that were too short:               1,407 (1.1%)
Pairs written (passing filters):       121,329 (98.9%)

Total basepairs processed:    69,257,887 bp
  Read 1:    34,862,538 bp
  Read 2:    34,395,349 bp
Quality-trimmed:               3,223,581 bp (4.7%)
  Read 1:       450,875 bp
  Read 2:     2,772,706 bp
Total written (filtered):     65,623,704 bp (94.8%)
  Read 1:    34,021,925 bp
  Read 2:    31,601,779 bp

=== Second read: Adapter 1 ===

Sequence: XXX; Type: regular 3'; Length: 3; Trimmed: 0 times
