This is cutadapt 5.0 with Python 3.13.1
Command line parameters: -A XXX -q 20,20 -m 50 -o plate3.1/cutadapt_qc/3880R_L_F_S2_week5_S50_L001_R1_001.fastq.gz -p plate3.1/cutadapt_qc/3880R_L_F_S2_week5_S50_L001_R2_001.fastq.gz plate3.1/cutadapt/3880R_L_F_S2_week5_S50_L001_R1_001.fastq.gz plate3.1/cutadapt/3880R_L_F_S2_week5_S50_L001_R2_001.fastq.gz
Processing paired-end reads on 1 core ...

=== Summary ===

Total read pairs processed:            102,615
  Read 2 with adapter:                       0 (0.0%)

== Read fate breakdown ==
Pairs that were too short:               1,525 (1.5%)
Pairs written (passing filters):       101,090 (98.5%)

Total basepairs processed:    57,907,347 bp
  Read 1:    29,145,549 bp
  Read 2:    28,761,798 bp
Quality-trimmed:               3,031,944 bp (5.2%)
  Read 1:       414,747 bp
  Read 2:     2,617,197 bp
Total written (filtered):     54,429,546 bp (94.0%)
  Read 1:    28,306,420 bp
  Read 2:    26,123,126 bp

=== Second read: Adapter 1 ===

Sequence: XXX; Type: regular 3'; Length: 3; Trimmed: 0 times
