This is cutadapt 5.0 with Python 3.13.1
Command line parameters: -A XXX -q 20,20 -m 50 -o plate3.1/cutadapt_qc/2453R_0_F_S2_Pellet_week9_S70_L001_R1_001.fastq.gz -p plate3.1/cutadapt_qc/2453R_0_F_S2_Pellet_week9_S70_L001_R2_001.fastq.gz plate3.1/cutadapt/2453R_0_F_S2_Pellet_week9_S70_L001_R1_001.fastq.gz plate3.1/cutadapt/2453R_0_F_S2_Pellet_week9_S70_L001_R2_001.fastq.gz
Processing paired-end reads on 1 core ...

=== Summary ===

Total read pairs processed:            110,195
  Read 2 with adapter:                       0 (0.0%)

== Read fate breakdown ==
Pairs that were too short:               1,192 (1.1%)
Pairs written (passing filters):       109,003 (98.9%)

Total basepairs processed:    62,169,638 bp
  Read 1:    31,298,924 bp
  Read 2:    30,870,714 bp
Quality-trimmed:               2,829,324 bp (4.6%)
  Read 1:       436,996 bp
  Read 2:     2,392,328 bp
Total written (filtered):     58,991,186 bp (94.9%)
  Read 1:    30,532,704 bp
  Read 2:    28,458,482 bp

=== Second read: Adapter 1 ===

Sequence: XXX; Type: regular 3'; Length: 3; Trimmed: 0 times
