This is cutadapt 5.0 with Python 3.13.1
Command line parameters: -A XXX -q 20,20 -m 50 -o plate3.1/cutadapt_qc/3980R_0_F_S2_week5_S58_L001_R1_001.fastq.gz -p plate3.1/cutadapt_qc/3980R_0_F_S2_week5_S58_L001_R2_001.fastq.gz plate3.1/cutadapt/3980R_0_F_S2_week5_S58_L001_R1_001.fastq.gz plate3.1/cutadapt/3980R_0_F_S2_week5_S58_L001_R2_001.fastq.gz
Processing paired-end reads on 1 core ...

=== Summary ===

Total read pairs processed:            124,902
  Read 2 with adapter:                       0 (0.0%)

== Read fate breakdown ==
Pairs that were too short:               1,470 (1.2%)
Pairs written (passing filters):       123,432 (98.8%)

Total basepairs processed:    70,482,428 bp
  Read 1:    35,476,729 bp
  Read 2:    35,005,699 bp
Quality-trimmed:               3,466,712 bp (4.9%)
  Read 1:       476,279 bp
  Read 2:     2,990,433 bp
Total written (filtered):     66,586,015 bp (94.5%)
  Read 1:    34,594,040 bp
  Read 2:    31,991,975 bp

=== Second read: Adapter 1 ===

Sequence: XXX; Type: regular 3'; Length: 3; Trimmed: 0 times
