This is cutadapt 5.0 with Python 3.13.1
Command line parameters: -m 50 -O 15 -e 0.15 -g CCTAYGGGDBGCWGCAG -G GACTACNVGGGTMTCTAATCC -a GGATTAGAKACCCBNGTAGTC -A CTGCWGCVHCCCRTAGG -o plate3.1/cutadapt/1067R_0_M_S2_week9_S62_L001_R1_001.fastq.gz -p plate3.1/cutadapt/1067R_0_M_S2_week9_S62_L001_R2_001.fastq.gz plate3.1/filtN/1067R_0_M_S2_week9_S62_L001_R1_001.fastq.gz plate3.1/filtN/1067R_0_M_S2_week9_S62_L001_R2_001.fastq.gz
Processing paired-end reads on 1 core ...

=== Summary ===

Total read pairs processed:            149,295
  Read 1 with adapter:                 149,125 (99.9%)
  Read 2 with adapter:                 147,266 (98.6%)

== Read fate breakdown ==
Pairs that were too short:              13,987 (9.4%)
Pairs written (passing filters):       135,308 (90.6%)

Total basepairs processed:    86,066,099 bp
  Read 1:    44,937,795 bp
  Read 2:    41,128,304 bp
Total written (filtered):     76,347,542 bp (88.7%)
  Read 1:    38,432,084 bp
  Read 2:    37,915,458 bp

=== First read: Adapter 1 ===

Sequence: CCTAYGGGDBGCWGCAG; Type: regular 5'; Length: 17; Trimmed: 149065 times

Minimum overlap: 15
No. of allowed errors:
1-5 bp: 0; 6-12 bp: 1; 13-17 bp: 2

Overview of removed sequences
length	count	expect	max.err	error counts
14	2	0.0	2	0 0 2
15	153	0.0	2	11 53 89
16	2664	0.0	2	745 1790 129
17	145825	0.0	2	143797 1979 49
18	421	0.0	2	75 332 14


=== First read: Adapter 2 ===

Sequence: GGATTAGAKACCCBNGTAGTC; Type: regular 3'; Length: 21; Trimmed: 60 times

Minimum overlap: 15
No. of allowed errors:
1-5 bp: 0; 6-12 bp: 1; 13-19 bp: 2; 20 bp: 3

Bases preceding removed adapters:
  A: 28.3%
  C: 0.0%
  G: 71.7%
  T: 0.0%
  none/other: 0.0%

Overview of removed sequences
length	count	expect	max.err	error counts
24	58	0.0	3	52 6
25	2	0.0	3	2


=== Second read: Adapter 3 ===

Sequence: GACTACNVGGGTMTCTAATCC; Type: regular 5'; Length: 21; Trimmed: 147264 times

Minimum overlap: 15
No. of allowed errors:
1-5 bp: 0; 6-12 bp: 1; 13-19 bp: 2; 20 bp: 3

Overview of removed sequences
length	count	expect	max.err	error counts
15	3	0.0	2	3
17	6	0.0	2	0 2 4
18	14	0.0	2	2 6 2 4
19	157	0.0	2	4 12 119 22
20	7310	0.0	3	129 6634 433 114
21	138844	0.0	3	129393 8230 849 372
22	681	0.0	3	76 505 67 33
23	1	0.0	3	1
31	1	0.0	3	0 1
40	1	0.0	3	1
47	1	0.0	3	0 0 0 1
50	1	0.0	3	0 0 0 1
53	1	0.0	3	0 0 1
54	1	0.0	3	0 1
58	2	0.0	3	1 0 1
59	1	0.0	3	0 0 1
60	1	0.0	3	0 0 0 1
61	5	0.0	3	0 1 3 1
62	7	0.0	3	0 1 5 1
63	25	0.0	3	2 6 7 10
64	115	0.0	3	5 21 36 53
65	75	0.0	3	3 16 20 36
66	11	0.0	3	0 0 0 11


=== Second read: Adapter 4 ===

Sequence: CTGCWGCVHCCCRTAGG; Type: regular 3'; Length: 17; Trimmed: 2 times

Minimum overlap: 15
No. of allowed errors:
1-5 bp: 0; 6-12 bp: 1; 13-17 bp: 2

Bases preceding removed adapters:
  A: 0.0%
  C: 50.0%
  G: 50.0%
  T: 0.0%
  none/other: 0.0%

Overview of removed sequences
length	count	expect	max.err	error counts
184	1	0.0	2	0 0 1
237	1	0.0	2	0 0 1
