This is cutadapt 5.0 with Python 3.13.1
Command line parameters: -A XXX -q 20,20 -m 50 -o plate3.1/cutadapt_qc/073R_R_M_S2_week5_S33_L001_R1_001.fastq.gz -p plate3.1/cutadapt_qc/073R_R_M_S2_week5_S33_L001_R2_001.fastq.gz plate3.1/cutadapt/073R_R_M_S2_week5_S33_L001_R1_001.fastq.gz plate3.1/cutadapt/073R_R_M_S2_week5_S33_L001_R2_001.fastq.gz
Processing paired-end reads on 1 core ...

=== Summary ===

Total read pairs processed:            113,094
  Read 2 with adapter:                       0 (0.0%)

== Read fate breakdown ==
Pairs that were too short:               1,157 (1.0%)
Pairs written (passing filters):       111,937 (99.0%)

Total basepairs processed:    63,810,836 bp
  Read 1:    32,122,325 bp
  Read 2:    31,688,511 bp
Quality-trimmed:               2,949,591 bp (4.6%)
  Read 1:       427,448 bp
  Read 2:     2,522,143 bp
Total written (filtered):     60,524,256 bp (94.8%)
  Read 1:    31,373,846 bp
  Read 2:    29,150,410 bp

=== Second read: Adapter 1 ===

Sequence: XXX; Type: regular 3'; Length: 3; Trimmed: 0 times
