This is cutadapt 5.0 with Python 3.13.1
Command line parameters: -A XXX -q 20,20 -m 50 -o plate3.1/cutadapt_qc/2404R_L_F_S2_week5_S41_L001_R1_001.fastq.gz -p plate3.1/cutadapt_qc/2404R_L_F_S2_week5_S41_L001_R2_001.fastq.gz plate3.1/cutadapt/2404R_L_F_S2_week5_S41_L001_R1_001.fastq.gz plate3.1/cutadapt/2404R_L_F_S2_week5_S41_L001_R2_001.fastq.gz
Processing paired-end reads on 1 core ...

=== Summary ===

Total read pairs processed:            127,046
  Read 2 with adapter:                       0 (0.0%)

== Read fate breakdown ==
Pairs that were too short:               1,836 (1.4%)
Pairs written (passing filters):       125,210 (98.6%)

Total basepairs processed:    71,678,877 bp
  Read 1:    36,085,979 bp
  Read 2:    35,592,898 bp
Quality-trimmed:               3,257,642 bp (4.5%)
  Read 1:       438,464 bp
  Read 2:     2,819,178 bp
Total written (filtered):     67,880,582 bp (94.7%)
  Read 1:    35,135,762 bp
  Read 2:    32,744,820 bp

=== Second read: Adapter 1 ===

Sequence: XXX; Type: regular 3'; Length: 3; Trimmed: 0 times
