This is cutadapt 5.0 with Python 3.13.1
Command line parameters: -A XXX -q 20,20 -m 50 -o plate3.1/cutadapt_qc/2453R_R_F_S2_diabetes_S14_L001_R1_001.fastq.gz -p plate3.1/cutadapt_qc/2453R_R_F_S2_diabetes_S14_L001_R2_001.fastq.gz plate3.1/cutadapt/2453R_R_F_S2_diabetes_S14_L001_R1_001.fastq.gz plate3.1/cutadapt/2453R_R_F_S2_diabetes_S14_L001_R2_001.fastq.gz
Processing paired-end reads on 1 core ...

=== Summary ===

Total read pairs processed:            117,941
  Read 2 with adapter:                       0 (0.0%)

== Read fate breakdown ==
Pairs that were too short:               1,489 (1.3%)
Pairs written (passing filters):       116,452 (98.7%)

Total basepairs processed:    66,551,225 bp
  Read 1:    33,498,818 bp
  Read 2:    33,052,407 bp
Quality-trimmed:               2,862,168 bp (4.3%)
  Read 1:       434,234 bp
  Read 2:     2,427,934 bp
Total written (filtered):     63,252,767 bp (95.0%)
  Read 1:    32,651,344 bp
  Read 2:    30,601,423 bp

=== Second read: Adapter 1 ===

Sequence: XXX; Type: regular 3'; Length: 3; Trimmed: 0 times
