This is cutadapt 5.0 with Python 3.13.1
Command line parameters: -A XXX -q 20,20 -m 50 -o plate3.1/cutadapt_qc/1152R_S2_week28_S31_L001_R1_001.fastq.gz -p plate3.1/cutadapt_qc/1152R_S2_week28_S31_L001_R2_001.fastq.gz plate3.1/cutadapt/1152R_S2_week28_S31_L001_R1_001.fastq.gz plate3.1/cutadapt/1152R_S2_week28_S31_L001_R2_001.fastq.gz
Processing paired-end reads on 1 core ...

=== Summary ===

Total read pairs processed:            121,591
  Read 2 with adapter:                       0 (0.0%)

== Read fate breakdown ==
Pairs that were too short:               1,415 (1.2%)
Pairs written (passing filters):       120,176 (98.8%)

Total basepairs processed:    68,603,827 bp
  Read 1:    34,535,797 bp
  Read 2:    34,068,030 bp
Quality-trimmed:               3,222,857 bp (4.7%)
  Read 1:       480,517 bp
  Read 2:     2,742,340 bp
Total written (filtered):     64,966,265 bp (94.7%)
  Read 1:    33,661,279 bp
  Read 2:    31,304,986 bp

=== Second read: Adapter 1 ===

Sequence: XXX; Type: regular 3'; Length: 3; Trimmed: 0 times
