This is cutadapt 5.0 with Python 3.13.1
Command line parameters: -m 50 -O 15 -e 0.15 -g CCTAYGGGDBGCWGCAG -G GACTACNVGGGTMTCTAATCC -a GGATTAGAKACCCBNGTAGTC -A CTGCWGCVHCCCRTAGG -o plate3.1/cutadapt/016R_R_F_NS6_Pellet_week9_S2_L001_R1_001.fastq.gz -p plate3.1/cutadapt/016R_R_F_NS6_Pellet_week9_S2_L001_R2_001.fastq.gz plate3.1/filtN/016R_R_F_NS6_Pellet_week9_S2_L001_R1_001.fastq.gz plate3.1/filtN/016R_R_F_NS6_Pellet_week9_S2_L001_R2_001.fastq.gz
Processing paired-end reads on 1 core ...

=== Summary ===

Total read pairs processed:            107,264
  Read 1 with adapter:                 107,144 (99.9%)
  Read 2 with adapter:                 106,109 (98.9%)

== Read fate breakdown ==
Pairs that were too short:               9,382 (8.7%)
Pairs written (passing filters):        97,882 (91.3%)

Total basepairs processed:    62,018,631 bp
  Read 1:    32,286,463 bp
  Read 2:    29,732,168 bp
Total written (filtered):     55,220,556 bp (89.0%)
  Read 1:    27,801,569 bp
  Read 2:    27,418,987 bp

=== First read: Adapter 1 ===

Sequence: CCTAYGGGDBGCWGCAG; Type: regular 5'; Length: 17; Trimmed: 107097 times

Minimum overlap: 15
No. of allowed errors:
1-5 bp: 0; 6-12 bp: 1; 13-17 bp: 2

Overview of removed sequences
length	count	expect	max.err	error counts
14	1	0.0	2	0 0 1
15	130	0.0	2	6 38 86
16	1795	0.0	2	443 1259 93
17	104862	0.0	2	103443 1392 27
18	309	0.0	2	44 263 2


=== First read: Adapter 2 ===

Sequence: GGATTAGAKACCCBNGTAGTC; Type: regular 3'; Length: 21; Trimmed: 47 times

Minimum overlap: 15
No. of allowed errors:
1-5 bp: 0; 6-12 bp: 1; 13-19 bp: 2; 20 bp: 3

Bases preceding removed adapters:
  A: 51.1%
  C: 0.0%
  G: 48.9%
  T: 0.0%
  none/other: 0.0%

Overview of removed sequences
length	count	expect	max.err	error counts
24	43	0.0	3	37 6
25	2	0.0	3	2
26	1	0.0	3	1
82	1	0.0	3	1


=== Second read: Adapter 3 ===

Sequence: GACTACNVGGGTMTCTAATCC; Type: regular 5'; Length: 21; Trimmed: 106108 times

Minimum overlap: 15
No. of allowed errors:
1-5 bp: 0; 6-12 bp: 1; 13-19 bp: 2; 20 bp: 3

Overview of removed sequences
length	count	expect	max.err	error counts
15	1	0.0	2	1
16	3	0.0	2	1 2
17	3	0.0	2	1 0 2
18	9	0.0	2	0 4 1 4
19	94	0.0	2	1 13 67 13
20	4788	0.0	3	132 4308 271 77
21	100513	0.0	3	94204 5521 530 258
22	439	0.0	3	52 326 38 23
23	2	0.0	3	0 1 1
47	1	0.0	3	0 0 0 1
57	1	0.0	3	1
58	1	0.0	3	1
59	3	0.0	3	0 1 1 1
60	3	0.0	3	0 1 0 2
61	5	0.0	3	1 1 3
62	7	0.0	3	0 1 3 3
63	24	0.0	3	2 7 6 9
64	118	0.0	3	11 26 38 43
65	86	0.0	3	8 18 25 35
66	7	0.0	3	0 1 4 2


=== Second read: Adapter 4 ===

Sequence: CTGCWGCVHCCCRTAGG; Type: regular 3'; Length: 17; Trimmed: 1 times

Minimum overlap: 15
No. of allowed errors:
1-5 bp: 0; 6-12 bp: 1; 13-17 bp: 2

Bases preceding removed adapters:
  A: 100.0%
  C: 0.0%
  G: 0.0%
  T: 0.0%
  none/other: 0.0%

Overview of removed sequences
length	count	expect	max.err	error counts
20	1	0.0	2	0 0 1
