This is cutadapt 5.0 with Python 3.13.1
Command line parameters: -m 50 -O 15 -e 0.15 -g CCTAYGGGDBGCWGCAG -G GACTACNVGGGTMTCTAATCC -a GGATTAGAKACCCBNGTAGTC -A CTGCWGCVHCCCRTAGG -o plate3.1/cutadapt/2404R_L_F_S2_week9_S67_L001_R1_001.fastq.gz -p plate3.1/cutadapt/2404R_L_F_S2_week9_S67_L001_R2_001.fastq.gz plate3.1/filtN/2404R_L_F_S2_week9_S67_L001_R1_001.fastq.gz plate3.1/filtN/2404R_L_F_S2_week9_S67_L001_R2_001.fastq.gz
Processing paired-end reads on 1 core ...

=== Summary ===

Total read pairs processed:            123,045
  Read 1 with adapter:                 122,861 (99.9%)
  Read 2 with adapter:                 121,776 (99.0%)

== Read fate breakdown ==
Pairs that were too short:              11,358 (9.2%)
Pairs written (passing filters):       111,687 (90.8%)

Total basepairs processed:    70,976,567 bp
  Read 1:    37,036,544 bp
  Read 2:    33,940,023 bp
Total written (filtered):     63,009,635 bp (88.8%)
  Read 1:    31,723,916 bp
  Read 2:    31,285,719 bp

=== First read: Adapter 1 ===

Sequence: CCTAYGGGDBGCWGCAG; Type: regular 5'; Length: 17; Trimmed: 122789 times

Minimum overlap: 15
No. of allowed errors:
1-5 bp: 0; 6-12 bp: 1; 13-17 bp: 2

Overview of removed sequences
length	count	expect	max.err	error counts
14	10	0.0	2	0 1 9
15	180	0.0	2	9 66 105
16	2490	0.0	2	659 1685 146
17	119763	0.0	2	118136 1599 28
18	346	0.0	2	56 277 13


=== First read: Adapter 2 ===

Sequence: GGATTAGAKACCCBNGTAGTC; Type: regular 3'; Length: 21; Trimmed: 72 times

Minimum overlap: 15
No. of allowed errors:
1-5 bp: 0; 6-12 bp: 1; 13-19 bp: 2; 20 bp: 3

Bases preceding removed adapters:
  A: 18.1%
  C: 0.0%
  G: 81.9%
  T: 0.0%
  none/other: 0.0%
WARNING:
    The adapter is preceded by 'G' extremely often.
    The provided adapter sequence could be incomplete at its 5' end.
    Ignore this warning when trimming primers.

Overview of removed sequences
length	count	expect	max.err	error counts
24	69	0.0	3	66 3
25	3	0.0	3	2 0 1


=== Second read: Adapter 3 ===

Sequence: GACTACNVGGGTMTCTAATCC; Type: regular 5'; Length: 21; Trimmed: 121776 times

Minimum overlap: 15
No. of allowed errors:
1-5 bp: 0; 6-12 bp: 1; 13-19 bp: 2; 20 bp: 3

Overview of removed sequences
length	count	expect	max.err	error counts
15	5	0.0	2	2 2 1
16	1	0.0	2	1
17	6	0.0	2	1 2 3
18	13	0.0	2	2 7 2 2
19	128	0.0	2	4 17 97 10
20	6217	0.0	3	147 5703 286 81
21	114649	0.0	3	107574 6314 495 266
22	469	0.0	3	58 347 47 17
23	1	0.0	3	0 0 1
45	1	0.0	3	1
48	1	0.0	3	0 1
52	1	0.0	3	0 0 0 1
53	1	0.0	3	0 0 1
57	3	0.0	3	1 1 1
58	3	0.0	3	0 1 0 2
60	4	0.0	3	0 1 1 2
61	7	0.0	3	2 1 2 2
62	6	0.0	3	0 1 3 2
63	45	0.0	3	3 10 14 18
64	128	0.0	3	9 22 34 63
65	84	0.0	3	6 18 19 41
66	3	0.0	3	0 1 0 2


=== Second read: Adapter 4 ===

Sequence: CTGCWGCVHCCCRTAGG; Type: regular 3'; Length: 17; Trimmed: 0 times

WARNING:
    One or more of your adapter sequences may be incomplete.
    Please see the detailed output above.
