This is cutadapt 5.0 with Python 3.13.1
Command line parameters: -A XXX -q 20,20 -m 50 -o plate3.1/cutadapt_qc/3795R_L_F_S2_week5_S48_L001_R1_001.fastq.gz -p plate3.1/cutadapt_qc/3795R_L_F_S2_week5_S48_L001_R2_001.fastq.gz plate3.1/cutadapt/3795R_L_F_S2_week5_S48_L001_R1_001.fastq.gz plate3.1/cutadapt/3795R_L_F_S2_week5_S48_L001_R2_001.fastq.gz
Processing paired-end reads on 1 core ...

=== Summary ===

Total read pairs processed:            130,527
  Read 2 with adapter:                       0 (0.0%)

== Read fate breakdown ==
Pairs that were too short:               1,858 (1.4%)
Pairs written (passing filters):       128,669 (98.6%)

Total basepairs processed:    73,641,756 bp
  Read 1:    37,074,689 bp
  Read 2:    36,567,067 bp
Quality-trimmed:               3,581,084 bp (4.9%)
  Read 1:       480,685 bp
  Read 2:     3,100,399 bp
Total written (filtered):     69,512,579 bp (94.4%)
  Read 1:    36,074,734 bp
  Read 2:    33,437,845 bp

=== Second read: Adapter 1 ===

Sequence: XXX; Type: regular 3'; Length: 3; Trimmed: 0 times
