Building DAG of jobs...
Using shell: /usr/bin/bash
Provided cores: 1 (use --cores to define parallelism)
Rules claiming more threads will be scaled down.
Provided resources: mem_mb=5759, mem_mib=5493, disk_mb=5759, disk_mib=5493
Select jobs to execute...

[Thu Jun 26 00:33:13 2025]
rule dada2Filter:
    input: plate3.1/cutadapt_qc/016R_0_F_NS6_week5_S1_L001_R1_001.fastq.gz, plate3.1/cutadapt_qc/016R_R_F_NS6_Pellet_week9_S2_L001_R1_001.fastq.gz, plate3.1/cutadapt_qc/073R_R_M_S2_Pellet_week9_S61_L001_R1_001.fastq.gz, plate3.1/cutadapt_qc/073R_R_M_S2_diabetes_S7_L001_R1_001.fastq.gz, plate3.1/cutadapt_qc/073R_R_M_S2_week5_S33_L001_R1_001.fastq.gz, plate3.1/cutadapt_qc/073R_S2_week21_S27_L001_R1_001.fastq.gz, plate3.1/cutadapt_qc/096R_0_M_S5_week5_S4_L001_R1_001.fastq.gz, plate3.1/cutadapt_qc/1067R_0_M_S2_week5_S34_L001_R1_001.fastq.gz, plate3.1/cutadapt_qc/1067R_0_M_S2_week9_S62_L001_R1_001.fastq.gz, plate3.1/cutadapt_qc/1067R_L_M_S2_week5_S35_L001_R1_001.fastq.gz, plate3.1/cutadapt_qc/1067R_L_M_S2_week9_S63_L001_R1_001.fastq.gz, plate3.1/cutadapt_qc/1067R_R_M_S2_diabetes_S8_L001_R1_001.fastq.gz, plate3.1/cutadapt_qc/1067R_S2_week27_S30_L001_R1_001.fastq.gz, plate3.1/cutadapt_qc/1075R_RL_M_NS6_Pellet_week9_S3_L001_R1_001.fastq.gz, plate3.1/cutadapt_qc/1152R_0_M_S2_week5_S36_L001_R1_001.fastq.gz, plate3.1/cutadapt_qc/1152R_L_M_S2_diabetes_S9_L001_R1_001.fastq.gz, plate3.1/cutadapt_qc/1152R_L_M_S2_week5_S37_L001_R1_001.fastq.gz, plate3.1/cutadapt_qc/1152R_L_M_S2_week9_S64_L001_R1_001.fastq.gz, plate3.1/cutadapt_qc/1152R_R_M_S2_week5_S38_L001_R1_001.fastq.gz, plate3.1/cutadapt_qc/1152R_R_M_S2_week9_S65_L001_R1_001.fastq.gz, plate3.1/cutadapt_qc/1152R_S2_week28_S31_L001_R1_001.fastq.gz, plate3.1/cutadapt_qc/1174R_0_M_S2_diabetes_S10_L001_R1_001.fastq.gz, plate3.1/cutadapt_qc/1174R_0_M_S2_week5_S39_L001_R1_001.fastq.gz, plate3.1/cutadapt_qc/1174R_S2_week14_S21_L001_R1_001.fastq.gz, plate3.1/cutadapt_qc/2402R_R_F_S5_Pellet_week9_S5_L001_R1_001.fastq.gz, plate3.1/cutadapt_qc/2404R_0_F_S2_week5_S40_L001_R1_001.fastq.gz, plate3.1/cutadapt_qc/2404R_0_F_S2_week9_S66_L001_R1_001.fastq.gz, plate3.1/cutadapt_qc/2404R_L_F_S2_diabetes_S11_L001_R1_001.fastq.gz, plate3.1/cutadapt_qc/2404R_L_F_S2_week5_S41_L001_R1_001.fastq.gz, plate3.1/cutadapt_qc/2404R_L_F_S2_week9_S67_L001_R1_001.fastq.gz, plate3.1/cutadapt_qc/2404R_S2_week14_S22_L001_R1_001.fastq.gz, plate3.1/cutadapt_qc/2446R_0_F_S2_week5_S42_L001_R1_001.fastq.gz, plate3.1/cutadapt_qc/2446R_L_F_S2_diabetes_S12_L001_R1_001.fastq.gz, plate3.1/cutadapt_qc/2446R_RL_F_S2_Pellet_week9_S69_L001_R1_001.fastq.gz, plate3.1/cutadapt_qc/2446R_RL_F_S2_week5_S44_L001_R1_001.fastq.gz, plate3.1/cutadapt_qc/2446R_R_F_S2_Pellet_week9_S68_L001_R1_001.fastq.gz, plate3.1/cutadapt_qc/2446R_R_F_S2_week5_S43_L001_R1_001.fastq.gz, plate3.1/cutadapt_qc/2446R_S2_week15_S24_L001_R1_001.fastq.gz, plate3.1/cutadapt_qc/2453R_0_F_S2_Pellet_week9_S70_L001_R1_001.fastq.gz, plate3.1/cutadapt_qc/2453R_0_F_S2_week5_S45_L001_R1_001.fastq.gz, plate3.1/cutadapt_qc/2453R_L_F_S2_Pellet_week9_S71_L001_R1_001.fastq.gz, plate3.1/cutadapt_qc/2453R_L_F_S2_diabetes_S13_L001_R1_001.fastq.gz, plate3.1/cutadapt_qc/2453R_L_F_S2_week5_S46_L001_R1_001.fastq.gz, plate3.1/cutadapt_qc/2453R_R_F_S2_Pellet_week9_S72_L001_R1_001.fastq.gz, plate3.1/cutadapt_qc/2453R_R_F_S2_diabetes_S14_L001_R1_001.fastq.gz, plate3.1/cutadapt_qc/2453R_R_F_S2_week5_S47_L001_R1_001.fastq.gz, plate3.1/cutadapt_qc/2453R_S2_week21_S28_L001_R1_001.fastq.gz, plate3.1/cutadapt_qc/2475R_RL_M_S5_Pellet_week9_S6_L001_R1_001.fastq.gz, plate3.1/cutadapt_qc/3795R_L_F_S2_week5_S48_L001_R1_001.fastq.gz, plate3.1/cutadapt_qc/3795R_L_F_S2_week9_S73_L001_R1_001.fastq.gz, plate3.1/cutadapt_qc/3880R_0_F_S2_week5_S49_L001_R1_001.fastq.gz, plate3.1/cutadapt_qc/3880R_0_F_S2_week9_S74_L001_R1_001.fastq.gz, plate3.1/cutadapt_qc/3880R_L_F_S2_week5_S50_L001_R1_001.fastq.gz, plate3.1/cutadapt_qc/3880R_L_F_S2_week9_S75_L001_R1_001.fastq.gz, plate3.1/cutadapt_qc/3880R_R_F_S2_week5_S51_L001_R1_001.fastq.gz, plate3.1/cutadapt_qc/3880R_R_F_S2_week9_S76_L001_R1_001.fastq.gz, plate3.1/cutadapt_qc/3880R_S2_week15_S25_L001_R1_001.fastq.gz, plate3.1/cutadapt_qc/3909R_0_M_S2_diabetes_S15_L001_R1_001.fastq.gz, plate3.1/cutadapt_qc/3909R_L_M_S2_diabetes_S16_L001_R1_001.fastq.gz, plate3.1/cutadapt_qc/3909R_L_M_S2_week5_S52_L001_R1_001.fastq.gz, plate3.1/cutadapt_qc/3909R_L_M_S2_week9_S77_L001_R1_001.fastq.gz, plate3.1/cutadapt_qc/3909R_S2_week21_S29_L001_R1_001.fastq.gz, plate3.1/cutadapt_qc/3918R_0_M_S2_diabetes_S17_L001_R1_001.fastq.gz, plate3.1/cutadapt_qc/3918R_0_M_S2_week5_S53_L001_R1_001.fastq.gz, plate3.1/cutadapt_qc/3918R_0_M_S2_week9_S78_L001_R1_001.fastq.gz, plate3.1/cutadapt_qc/3918R_L_M_S2_week5_S54_L001_R1_001.fastq.gz, plate3.1/cutadapt_qc/3918R_L_M_S2_week9_S79_L001_R1_001.fastq.gz, plate3.1/cutadapt_qc/3918R_RL_M_S2_week5_S55_L001_R1_001.fastq.gz, plate3.1/cutadapt_qc/3918R_RL_M_S2_week9_S80_L001_R1_001.fastq.gz, plate3.1/cutadapt_qc/3918R_RR_M_S2_week5_S56_L001_R1_001.fastq.gz, plate3.1/cutadapt_qc/3918R_RR_M_S2_week9_S81_L001_R1_001.fastq.gz, plate3.1/cutadapt_qc/3918R_S2_week29_S32_L001_R1_001.fastq.gz, plate3.1/cutadapt_qc/3969R_R_F_S2_Pellet_week9_S82_L001_R1_001.fastq.gz, plate3.1/cutadapt_qc/3969R_R_F_S2_diabetes_S18_L001_R1_001.fastq.gz, plate3.1/cutadapt_qc/3969R_R_F_S2_week5_S57_L001_R1_001.fastq.gz, plate3.1/cutadapt_qc/3969R_S2_week18_S26_L001_R1_001.fastq.gz, plate3.1/cutadapt_qc/3980R_0_F_S2_diabetes_S19_L001_R1_001.fastq.gz, plate3.1/cutadapt_qc/3980R_0_F_S2_week5_S58_L001_R1_001.fastq.gz, plate3.1/cutadapt_qc/3980R_L_F_S2_Pellet_week9_S83_L001_R1_001.fastq.gz, plate3.1/cutadapt_qc/3980R_L_F_S2_week5_S59_L001_R1_001.fastq.gz, plate3.1/cutadapt_qc/3980R_R_F_S2_Pellet_week9_S84_L001_R1_001.fastq.gz, plate3.1/cutadapt_qc/3980R_R_F_S2_diabetes_S20_L001_R1_001.fastq.gz, plate3.1/cutadapt_qc/3980R_R_F_S2_week5_S60_L001_R1_001.fastq.gz, plate3.1/cutadapt_qc/3980R_S2_week14_S23_L001_R1_001.fastq.gz, plate3.1/cutadapt_qc/NS6_defined_inocula_S86_L001_R1_001.fastq.gz, plate3.1/cutadapt_qc/Negative_extraction_S85_L001_R1_001.fastq.gz, plate3.1/cutadapt_qc/Negtive_Control_S90_L001_R1_001.fastq.gz, plate3.1/cutadapt_qc/Positive_Control_S89_L001_R1_001.fastq.gz, plate3.1/cutadapt_qc/S2_defined_inocula_S88_L001_R1_001.fastq.gz, plate3.1/cutadapt_qc/S5_defined_inocula_S87_L001_R1_001.fastq.gz, plate3.1/cutadapt_qc/016R_0_F_NS6_week5_S1_L001_R2_001.fastq.gz, plate3.1/cutadapt_qc/016R_R_F_NS6_Pellet_week9_S2_L001_R2_001.fastq.gz, plate3.1/cutadapt_qc/073R_R_M_S2_Pellet_week9_S61_L001_R2_001.fastq.gz, plate3.1/cutadapt_qc/073R_R_M_S2_diabetes_S7_L001_R2_001.fastq.gz, plate3.1/cutadapt_qc/073R_R_M_S2_week5_S33_L001_R2_001.fastq.gz, plate3.1/cutadapt_qc/073R_S2_week21_S27_L001_R2_001.fastq.gz, plate3.1/cutadapt_qc/096R_0_M_S5_week5_S4_L001_R2_001.fastq.gz, plate3.1/cutadapt_qc/1067R_0_M_S2_week5_S34_L001_R2_001.fastq.gz, plate3.1/cutadapt_qc/1067R_0_M_S2_week9_S62_L001_R2_001.fastq.gz, plate3.1/cutadapt_qc/1067R_L_M_S2_week5_S35_L001_R2_001.fastq.gz, plate3.1/cutadapt_qc/1067R_L_M_S2_week9_S63_L001_R2_001.fastq.gz, plate3.1/cutadapt_qc/1067R_R_M_S2_diabetes_S8_L001_R2_001.fastq.gz, plate3.1/cutadapt_qc/1067R_S2_week27_S30_L001_R2_001.fastq.gz, plate3.1/cutadapt_qc/1075R_RL_M_NS6_Pellet_week9_S3_L001_R2_001.fastq.gz, plate3.1/cutadapt_qc/1152R_0_M_S2_week5_S36_L001_R2_001.fastq.gz, plate3.1/cutadapt_qc/1152R_L_M_S2_diabetes_S9_L001_R2_001.fastq.gz, plate3.1/cutadapt_qc/1152R_L_M_S2_week5_S37_L001_R2_001.fastq.gz, plate3.1/cutadapt_qc/1152R_L_M_S2_week9_S64_L001_R2_001.fastq.gz, plate3.1/cutadapt_qc/1152R_R_M_S2_week5_S38_L001_R2_001.fastq.gz, plate3.1/cutadapt_qc/1152R_R_M_S2_week9_S65_L001_R2_001.fastq.gz, plate3.1/cutadapt_qc/1152R_S2_week28_S31_L001_R2_001.fastq.gz, plate3.1/cutadapt_qc/1174R_0_M_S2_diabetes_S10_L001_R2_001.fastq.gz, plate3.1/cutadapt_qc/1174R_0_M_S2_week5_S39_L001_R2_001.fastq.gz, plate3.1/cutadapt_qc/1174R_S2_week14_S21_L001_R2_001.fastq.gz, plate3.1/cutadapt_qc/2402R_R_F_S5_Pellet_week9_S5_L001_R2_001.fastq.gz, plate3.1/cutadapt_qc/2404R_0_F_S2_week5_S40_L001_R2_001.fastq.gz, plate3.1/cutadapt_qc/2404R_0_F_S2_week9_S66_L001_R2_001.fastq.gz, plate3.1/cutadapt_qc/2404R_L_F_S2_diabetes_S11_L001_R2_001.fastq.gz, plate3.1/cutadapt_qc/2404R_L_F_S2_week5_S41_L001_R2_001.fastq.gz, plate3.1/cutadapt_qc/2404R_L_F_S2_week9_S67_L001_R2_001.fastq.gz, plate3.1/cutadapt_qc/2404R_S2_week14_S22_L001_R2_001.fastq.gz, plate3.1/cutadapt_qc/2446R_0_F_S2_week5_S42_L001_R2_001.fastq.gz, plate3.1/cutadapt_qc/2446R_L_F_S2_diabetes_S12_L001_R2_001.fastq.gz, plate3.1/cutadapt_qc/2446R_RL_F_S2_Pellet_week9_S69_L001_R2_001.fastq.gz, plate3.1/cutadapt_qc/2446R_RL_F_S2_week5_S44_L001_R2_001.fastq.gz, plate3.1/cutadapt_qc/2446R_R_F_S2_Pellet_week9_S68_L001_R2_001.fastq.gz, plate3.1/cutadapt_qc/2446R_R_F_S2_week5_S43_L001_R2_001.fastq.gz, plate3.1/cutadapt_qc/2446R_S2_week15_S24_L001_R2_001.fastq.gz, plate3.1/cutadapt_qc/2453R_0_F_S2_Pellet_week9_S70_L001_R2_001.fastq.gz, plate3.1/cutadapt_qc/2453R_0_F_S2_week5_S45_L001_R2_001.fastq.gz, plate3.1/cutadapt_qc/2453R_L_F_S2_Pellet_week9_S71_L001_R2_001.fastq.gz, plate3.1/cutadapt_qc/2453R_L_F_S2_diabetes_S13_L001_R2_001.fastq.gz, plate3.1/cutadapt_qc/2453R_L_F_S2_week5_S46_L001_R2_001.fastq.gz, plate3.1/cutadapt_qc/2453R_R_F_S2_Pellet_week9_S72_L001_R2_001.fastq.gz, plate3.1/cutadapt_qc/2453R_R_F_S2_diabetes_S14_L001_R2_001.fastq.gz, plate3.1/cutadapt_qc/2453R_R_F_S2_week5_S47_L001_R2_001.fastq.gz, plate3.1/cutadapt_qc/2453R_S2_week21_S28_L001_R2_001.fastq.gz, plate3.1/cutadapt_qc/2475R_RL_M_S5_Pellet_week9_S6_L001_R2_001.fastq.gz, plate3.1/cutadapt_qc/3795R_L_F_S2_week5_S48_L001_R2_001.fastq.gz, plate3.1/cutadapt_qc/3795R_L_F_S2_week9_S73_L001_R2_001.fastq.gz, plate3.1/cutadapt_qc/3880R_0_F_S2_week5_S49_L001_R2_001.fastq.gz, plate3.1/cutadapt_qc/3880R_0_F_S2_week9_S74_L001_R2_001.fastq.gz, plate3.1/cutadapt_qc/3880R_L_F_S2_week5_S50_L001_R2_001.fastq.gz, plate3.1/cutadapt_qc/3880R_L_F_S2_week9_S75_L001_R2_001.fastq.gz, plate3.1/cutadapt_qc/3880R_R_F_S2_week5_S51_L001_R2_001.fastq.gz, plate3.1/cutadapt_qc/3880R_R_F_S2_week9_S76_L001_R2_001.fastq.gz, plate3.1/cutadapt_qc/3880R_S2_week15_S25_L001_R2_001.fastq.gz, plate3.1/cutadapt_qc/3909R_0_M_S2_diabetes_S15_L001_R2_001.fastq.gz, plate3.1/cutadapt_qc/3909R_L_M_S2_diabetes_S16_L001_R2_001.fastq.gz, plate3.1/cutadapt_qc/3909R_L_M_S2_week5_S52_L001_R2_001.fastq.gz, plate3.1/cutadapt_qc/3909R_L_M_S2_week9_S77_L001_R2_001.fastq.gz, plate3.1/cutadapt_qc/3909R_S2_week21_S29_L001_R2_001.fastq.gz, plate3.1/cutadapt_qc/3918R_0_M_S2_diabetes_S17_L001_R2_001.fastq.gz, plate3.1/cutadapt_qc/3918R_0_M_S2_week5_S53_L001_R2_001.fastq.gz, plate3.1/cutadapt_qc/3918R_0_M_S2_week9_S78_L001_R2_001.fastq.gz, plate3.1/cutadapt_qc/3918R_L_M_S2_week5_S54_L001_R2_001.fastq.gz, plate3.1/cutadapt_qc/3918R_L_M_S2_week9_S79_L001_R2_001.fastq.gz, plate3.1/cutadapt_qc/3918R_RL_M_S2_week5_S55_L001_R2_001.fastq.gz, plate3.1/cutadapt_qc/3918R_RL_M_S2_week9_S80_L001_R2_001.fastq.gz, plate3.1/cutadapt_qc/3918R_RR_M_S2_week5_S56_L001_R2_001.fastq.gz, plate3.1/cutadapt_qc/3918R_RR_M_S2_week9_S81_L001_R2_001.fastq.gz, plate3.1/cutadapt_qc/3918R_S2_week29_S32_L001_R2_001.fastq.gz, plate3.1/cutadapt_qc/3969R_R_F_S2_Pellet_week9_S82_L001_R2_001.fastq.gz, plate3.1/cutadapt_qc/3969R_R_F_S2_diabetes_S18_L001_R2_001.fastq.gz, plate3.1/cutadapt_qc/3969R_R_F_S2_week5_S57_L001_R2_001.fastq.gz, plate3.1/cutadapt_qc/3969R_S2_week18_S26_L001_R2_001.fastq.gz, plate3.1/cutadapt_qc/3980R_0_F_S2_diabetes_S19_L001_R2_001.fastq.gz, plate3.1/cutadapt_qc/3980R_0_F_S2_week5_S58_L001_R2_001.fastq.gz, plate3.1/cutadapt_qc/3980R_L_F_S2_Pellet_week9_S83_L001_R2_001.fastq.gz, plate3.1/cutadapt_qc/3980R_L_F_S2_week5_S59_L001_R2_001.fastq.gz, plate3.1/cutadapt_qc/3980R_R_F_S2_Pellet_week9_S84_L001_R2_001.fastq.gz, plate3.1/cutadapt_qc/3980R_R_F_S2_diabetes_S20_L001_R2_001.fastq.gz, plate3.1/cutadapt_qc/3980R_R_F_S2_week5_S60_L001_R2_001.fastq.gz, plate3.1/cutadapt_qc/3980R_S2_week14_S23_L001_R2_001.fastq.gz, plate3.1/cutadapt_qc/NS6_defined_inocula_S86_L001_R2_001.fastq.gz, plate3.1/cutadapt_qc/Negative_extraction_S85_L001_R2_001.fastq.gz, plate3.1/cutadapt_qc/Negtive_Control_S90_L001_R2_001.fastq.gz, plate3.1/cutadapt_qc/Positive_Control_S89_L001_R2_001.fastq.gz, plate3.1/cutadapt_qc/S2_defined_inocula_S88_L001_R2_001.fastq.gz, plate3.1/cutadapt_qc/S5_defined_inocula_S87_L001_R2_001.fastq.gz
    output: plate3.1/dada2/dada2_filter/016R_0_F_NS6_week5_S1_L001_R1_001.fastq.gz, plate3.1/dada2/dada2_filter/016R_R_F_NS6_Pellet_week9_S2_L001_R1_001.fastq.gz, plate3.1/dada2/dada2_filter/073R_R_M_S2_Pellet_week9_S61_L001_R1_001.fastq.gz, plate3.1/dada2/dada2_filter/073R_R_M_S2_diabetes_S7_L001_R1_001.fastq.gz, plate3.1/dada2/dada2_filter/073R_R_M_S2_week5_S33_L001_R1_001.fastq.gz, plate3.1/dada2/dada2_filter/073R_S2_week21_S27_L001_R1_001.fastq.gz, plate3.1/dada2/dada2_filter/096R_0_M_S5_week5_S4_L001_R1_001.fastq.gz, plate3.1/dada2/dada2_filter/1067R_0_M_S2_week5_S34_L001_R1_001.fastq.gz, plate3.1/dada2/dada2_filter/1067R_0_M_S2_week9_S62_L001_R1_001.fastq.gz, plate3.1/dada2/dada2_filter/1067R_L_M_S2_week5_S35_L001_R1_001.fastq.gz, plate3.1/dada2/dada2_filter/1067R_L_M_S2_week9_S63_L001_R1_001.fastq.gz, plate3.1/dada2/dada2_filter/1067R_R_M_S2_diabetes_S8_L001_R1_001.fastq.gz, plate3.1/dada2/dada2_filter/1067R_S2_week27_S30_L001_R1_001.fastq.gz, plate3.1/dada2/dada2_filter/1075R_RL_M_NS6_Pellet_week9_S3_L001_R1_001.fastq.gz, plate3.1/dada2/dada2_filter/1152R_0_M_S2_week5_S36_L001_R1_001.fastq.gz, plate3.1/dada2/dada2_filter/1152R_L_M_S2_diabetes_S9_L001_R1_001.fastq.gz, plate3.1/dada2/dada2_filter/1152R_L_M_S2_week5_S37_L001_R1_001.fastq.gz, plate3.1/dada2/dada2_filter/1152R_L_M_S2_week9_S64_L001_R1_001.fastq.gz, plate3.1/dada2/dada2_filter/1152R_R_M_S2_week5_S38_L001_R1_001.fastq.gz, plate3.1/dada2/dada2_filter/1152R_R_M_S2_week9_S65_L001_R1_001.fastq.gz, plate3.1/dada2/dada2_filter/1152R_S2_week28_S31_L001_R1_001.fastq.gz, plate3.1/dada2/dada2_filter/1174R_0_M_S2_diabetes_S10_L001_R1_001.fastq.gz, plate3.1/dada2/dada2_filter/1174R_0_M_S2_week5_S39_L001_R1_001.fastq.gz, plate3.1/dada2/dada2_filter/1174R_S2_week14_S21_L001_R1_001.fastq.gz, plate3.1/dada2/dada2_filter/2402R_R_F_S5_Pellet_week9_S5_L001_R1_001.fastq.gz, plate3.1/dada2/dada2_filter/2404R_0_F_S2_week5_S40_L001_R1_001.fastq.gz, plate3.1/dada2/dada2_filter/2404R_0_F_S2_week9_S66_L001_R1_001.fastq.gz, plate3.1/dada2/dada2_filter/2404R_L_F_S2_diabetes_S11_L001_R1_001.fastq.gz, plate3.1/dada2/dada2_filter/2404R_L_F_S2_week5_S41_L001_R1_001.fastq.gz, plate3.1/dada2/dada2_filter/2404R_L_F_S2_week9_S67_L001_R1_001.fastq.gz, plate3.1/dada2/dada2_filter/2404R_S2_week14_S22_L001_R1_001.fastq.gz, plate3.1/dada2/dada2_filter/2446R_0_F_S2_week5_S42_L001_R1_001.fastq.gz, plate3.1/dada2/dada2_filter/2446R_L_F_S2_diabetes_S12_L001_R1_001.fastq.gz, plate3.1/dada2/dada2_filter/2446R_RL_F_S2_Pellet_week9_S69_L001_R1_001.fastq.gz, plate3.1/dada2/dada2_filter/2446R_RL_F_S2_week5_S44_L001_R1_001.fastq.gz, plate3.1/dada2/dada2_filter/2446R_R_F_S2_Pellet_week9_S68_L001_R1_001.fastq.gz, plate3.1/dada2/dada2_filter/2446R_R_F_S2_week5_S43_L001_R1_001.fastq.gz, plate3.1/dada2/dada2_filter/2446R_S2_week15_S24_L001_R1_001.fastq.gz, plate3.1/dada2/dada2_filter/2453R_0_F_S2_Pellet_week9_S70_L001_R1_001.fastq.gz, plate3.1/dada2/dada2_filter/2453R_0_F_S2_week5_S45_L001_R1_001.fastq.gz, plate3.1/dada2/dada2_filter/2453R_L_F_S2_Pellet_week9_S71_L001_R1_001.fastq.gz, plate3.1/dada2/dada2_filter/2453R_L_F_S2_diabetes_S13_L001_R1_001.fastq.gz, plate3.1/dada2/dada2_filter/2453R_L_F_S2_week5_S46_L001_R1_001.fastq.gz, plate3.1/dada2/dada2_filter/2453R_R_F_S2_Pellet_week9_S72_L001_R1_001.fastq.gz, plate3.1/dada2/dada2_filter/2453R_R_F_S2_diabetes_S14_L001_R1_001.fastq.gz, plate3.1/dada2/dada2_filter/2453R_R_F_S2_week5_S47_L001_R1_001.fastq.gz, plate3.1/dada2/dada2_filter/2453R_S2_week21_S28_L001_R1_001.fastq.gz, plate3.1/dada2/dada2_filter/2475R_RL_M_S5_Pellet_week9_S6_L001_R1_001.fastq.gz, plate3.1/dada2/dada2_filter/3795R_L_F_S2_week5_S48_L001_R1_001.fastq.gz, plate3.1/dada2/dada2_filter/3795R_L_F_S2_week9_S73_L001_R1_001.fastq.gz, plate3.1/dada2/dada2_filter/3880R_0_F_S2_week5_S49_L001_R1_001.fastq.gz, plate3.1/dada2/dada2_filter/3880R_0_F_S2_week9_S74_L001_R1_001.fastq.gz, plate3.1/dada2/dada2_filter/3880R_L_F_S2_week5_S50_L001_R1_001.fastq.gz, plate3.1/dada2/dada2_filter/3880R_L_F_S2_week9_S75_L001_R1_001.fastq.gz, plate3.1/dada2/dada2_filter/3880R_R_F_S2_week5_S51_L001_R1_001.fastq.gz, plate3.1/dada2/dada2_filter/3880R_R_F_S2_week9_S76_L001_R1_001.fastq.gz, plate3.1/dada2/dada2_filter/3880R_S2_week15_S25_L001_R1_001.fastq.gz, plate3.1/dada2/dada2_filter/3909R_0_M_S2_diabetes_S15_L001_R1_001.fastq.gz, plate3.1/dada2/dada2_filter/3909R_L_M_S2_diabetes_S16_L001_R1_001.fastq.gz, plate3.1/dada2/dada2_filter/3909R_L_M_S2_week5_S52_L001_R1_001.fastq.gz, plate3.1/dada2/dada2_filter/3909R_L_M_S2_week9_S77_L001_R1_001.fastq.gz, plate3.1/dada2/dada2_filter/3909R_S2_week21_S29_L001_R1_001.fastq.gz, plate3.1/dada2/dada2_filter/3918R_0_M_S2_diabetes_S17_L001_R1_001.fastq.gz, plate3.1/dada2/dada2_filter/3918R_0_M_S2_week5_S53_L001_R1_001.fastq.gz, plate3.1/dada2/dada2_filter/3918R_0_M_S2_week9_S78_L001_R1_001.fastq.gz, plate3.1/dada2/dada2_filter/3918R_L_M_S2_week5_S54_L001_R1_001.fastq.gz, plate3.1/dada2/dada2_filter/3918R_L_M_S2_week9_S79_L001_R1_001.fastq.gz, plate3.1/dada2/dada2_filter/3918R_RL_M_S2_week5_S55_L001_R1_001.fastq.gz, plate3.1/dada2/dada2_filter/3918R_RL_M_S2_week9_S80_L001_R1_001.fastq.gz, plate3.1/dada2/dada2_filter/3918R_RR_M_S2_week5_S56_L001_R1_001.fastq.gz, plate3.1/dada2/dada2_filter/3918R_RR_M_S2_week9_S81_L001_R1_001.fastq.gz, plate3.1/dada2/dada2_filter/3918R_S2_week29_S32_L001_R1_001.fastq.gz, plate3.1/dada2/dada2_filter/3969R_R_F_S2_Pellet_week9_S82_L001_R1_001.fastq.gz, plate3.1/dada2/dada2_filter/3969R_R_F_S2_diabetes_S18_L001_R1_001.fastq.gz, plate3.1/dada2/dada2_filter/3969R_R_F_S2_week5_S57_L001_R1_001.fastq.gz, plate3.1/dada2/dada2_filter/3969R_S2_week18_S26_L001_R1_001.fastq.gz, plate3.1/dada2/dada2_filter/3980R_0_F_S2_diabetes_S19_L001_R1_001.fastq.gz, plate3.1/dada2/dada2_filter/3980R_0_F_S2_week5_S58_L001_R1_001.fastq.gz, plate3.1/dada2/dada2_filter/3980R_L_F_S2_Pellet_week9_S83_L001_R1_001.fastq.gz, plate3.1/dada2/dada2_filter/3980R_L_F_S2_week5_S59_L001_R1_001.fastq.gz, plate3.1/dada2/dada2_filter/3980R_R_F_S2_Pellet_week9_S84_L001_R1_001.fastq.gz, plate3.1/dada2/dada2_filter/3980R_R_F_S2_diabetes_S20_L001_R1_001.fastq.gz, plate3.1/dada2/dada2_filter/3980R_R_F_S2_week5_S60_L001_R1_001.fastq.gz, plate3.1/dada2/dada2_filter/3980R_S2_week14_S23_L001_R1_001.fastq.gz, plate3.1/dada2/dada2_filter/NS6_defined_inocula_S86_L001_R1_001.fastq.gz, plate3.1/dada2/dada2_filter/Negative_extraction_S85_L001_R1_001.fastq.gz, plate3.1/dada2/dada2_filter/Negtive_Control_S90_L001_R1_001.fastq.gz, plate3.1/dada2/dada2_filter/Positive_Control_S89_L001_R1_001.fastq.gz, plate3.1/dada2/dada2_filter/S2_defined_inocula_S88_L001_R1_001.fastq.gz, plate3.1/dada2/dada2_filter/S5_defined_inocula_S87_L001_R1_001.fastq.gz, plate3.1/dada2/dada2_filter/016R_0_F_NS6_week5_S1_L001_R2_001.fastq.gz, plate3.1/dada2/dada2_filter/016R_R_F_NS6_Pellet_week9_S2_L001_R2_001.fastq.gz, plate3.1/dada2/dada2_filter/073R_R_M_S2_Pellet_week9_S61_L001_R2_001.fastq.gz, plate3.1/dada2/dada2_filter/073R_R_M_S2_diabetes_S7_L001_R2_001.fastq.gz, plate3.1/dada2/dada2_filter/073R_R_M_S2_week5_S33_L001_R2_001.fastq.gz, plate3.1/dada2/dada2_filter/073R_S2_week21_S27_L001_R2_001.fastq.gz, plate3.1/dada2/dada2_filter/096R_0_M_S5_week5_S4_L001_R2_001.fastq.gz, plate3.1/dada2/dada2_filter/1067R_0_M_S2_week5_S34_L001_R2_001.fastq.gz, plate3.1/dada2/dada2_filter/1067R_0_M_S2_week9_S62_L001_R2_001.fastq.gz, plate3.1/dada2/dada2_filter/1067R_L_M_S2_week5_S35_L001_R2_001.fastq.gz, plate3.1/dada2/dada2_filter/1067R_L_M_S2_week9_S63_L001_R2_001.fastq.gz, plate3.1/dada2/dada2_filter/1067R_R_M_S2_diabetes_S8_L001_R2_001.fastq.gz, plate3.1/dada2/dada2_filter/1067R_S2_week27_S30_L001_R2_001.fastq.gz, plate3.1/dada2/dada2_filter/1075R_RL_M_NS6_Pellet_week9_S3_L001_R2_001.fastq.gz, plate3.1/dada2/dada2_filter/1152R_0_M_S2_week5_S36_L001_R2_001.fastq.gz, plate3.1/dada2/dada2_filter/1152R_L_M_S2_diabetes_S9_L001_R2_001.fastq.gz, plate3.1/dada2/dada2_filter/1152R_L_M_S2_week5_S37_L001_R2_001.fastq.gz, plate3.1/dada2/dada2_filter/1152R_L_M_S2_week9_S64_L001_R2_001.fastq.gz, plate3.1/dada2/dada2_filter/1152R_R_M_S2_week5_S38_L001_R2_001.fastq.gz, plate3.1/dada2/dada2_filter/1152R_R_M_S2_week9_S65_L001_R2_001.fastq.gz, plate3.1/dada2/dada2_filter/1152R_S2_week28_S31_L001_R2_001.fastq.gz, plate3.1/dada2/dada2_filter/1174R_0_M_S2_diabetes_S10_L001_R2_001.fastq.gz, plate3.1/dada2/dada2_filter/1174R_0_M_S2_week5_S39_L001_R2_001.fastq.gz, plate3.1/dada2/dada2_filter/1174R_S2_week14_S21_L001_R2_001.fastq.gz, plate3.1/dada2/dada2_filter/2402R_R_F_S5_Pellet_week9_S5_L001_R2_001.fastq.gz, plate3.1/dada2/dada2_filter/2404R_0_F_S2_week5_S40_L001_R2_001.fastq.gz, plate3.1/dada2/dada2_filter/2404R_0_F_S2_week9_S66_L001_R2_001.fastq.gz, plate3.1/dada2/dada2_filter/2404R_L_F_S2_diabetes_S11_L001_R2_001.fastq.gz, plate3.1/dada2/dada2_filter/2404R_L_F_S2_week5_S41_L001_R2_001.fastq.gz, plate3.1/dada2/dada2_filter/2404R_L_F_S2_week9_S67_L001_R2_001.fastq.gz, plate3.1/dada2/dada2_filter/2404R_S2_week14_S22_L001_R2_001.fastq.gz, plate3.1/dada2/dada2_filter/2446R_0_F_S2_week5_S42_L001_R2_001.fastq.gz, plate3.1/dada2/dada2_filter/2446R_L_F_S2_diabetes_S12_L001_R2_001.fastq.gz, plate3.1/dada2/dada2_filter/2446R_RL_F_S2_Pellet_week9_S69_L001_R2_001.fastq.gz, plate3.1/dada2/dada2_filter/2446R_RL_F_S2_week5_S44_L001_R2_001.fastq.gz, plate3.1/dada2/dada2_filter/2446R_R_F_S2_Pellet_week9_S68_L001_R2_001.fastq.gz, plate3.1/dada2/dada2_filter/2446R_R_F_S2_week5_S43_L001_R2_001.fastq.gz, plate3.1/dada2/dada2_filter/2446R_S2_week15_S24_L001_R2_001.fastq.gz, plate3.1/dada2/dada2_filter/2453R_0_F_S2_Pellet_week9_S70_L001_R2_001.fastq.gz, plate3.1/dada2/dada2_filter/2453R_0_F_S2_week5_S45_L001_R2_001.fastq.gz, plate3.1/dada2/dada2_filter/2453R_L_F_S2_Pellet_week9_S71_L001_R2_001.fastq.gz, plate3.1/dada2/dada2_filter/2453R_L_F_S2_diabetes_S13_L001_R2_001.fastq.gz, plate3.1/dada2/dada2_filter/2453R_L_F_S2_week5_S46_L001_R2_001.fastq.gz, plate3.1/dada2/dada2_filter/2453R_R_F_S2_Pellet_week9_S72_L001_R2_001.fastq.gz, plate3.1/dada2/dada2_filter/2453R_R_F_S2_diabetes_S14_L001_R2_001.fastq.gz, plate3.1/dada2/dada2_filter/2453R_R_F_S2_week5_S47_L001_R2_001.fastq.gz, plate3.1/dada2/dada2_filter/2453R_S2_week21_S28_L001_R2_001.fastq.gz, plate3.1/dada2/dada2_filter/2475R_RL_M_S5_Pellet_week9_S6_L001_R2_001.fastq.gz, plate3.1/dada2/dada2_filter/3795R_L_F_S2_week5_S48_L001_R2_001.fastq.gz, plate3.1/dada2/dada2_filter/3795R_L_F_S2_week9_S73_L001_R2_001.fastq.gz, plate3.1/dada2/dada2_filter/3880R_0_F_S2_week5_S49_L001_R2_001.fastq.gz, plate3.1/dada2/dada2_filter/3880R_0_F_S2_week9_S74_L001_R2_001.fastq.gz, plate3.1/dada2/dada2_filter/3880R_L_F_S2_week5_S50_L001_R2_001.fastq.gz, plate3.1/dada2/dada2_filter/3880R_L_F_S2_week9_S75_L001_R2_001.fastq.gz, plate3.1/dada2/dada2_filter/3880R_R_F_S2_week5_S51_L001_R2_001.fastq.gz, plate3.1/dada2/dada2_filter/3880R_R_F_S2_week9_S76_L001_R2_001.fastq.gz, plate3.1/dada2/dada2_filter/3880R_S2_week15_S25_L001_R2_001.fastq.gz, plate3.1/dada2/dada2_filter/3909R_0_M_S2_diabetes_S15_L001_R2_001.fastq.gz, plate3.1/dada2/dada2_filter/3909R_L_M_S2_diabetes_S16_L001_R2_001.fastq.gz, plate3.1/dada2/dada2_filter/3909R_L_M_S2_week5_S52_L001_R2_001.fastq.gz, plate3.1/dada2/dada2_filter/3909R_L_M_S2_week9_S77_L001_R2_001.fastq.gz, plate3.1/dada2/dada2_filter/3909R_S2_week21_S29_L001_R2_001.fastq.gz, plate3.1/dada2/dada2_filter/3918R_0_M_S2_diabetes_S17_L001_R2_001.fastq.gz, plate3.1/dada2/dada2_filter/3918R_0_M_S2_week5_S53_L001_R2_001.fastq.gz, plate3.1/dada2/dada2_filter/3918R_0_M_S2_week9_S78_L001_R2_001.fastq.gz, plate3.1/dada2/dada2_filter/3918R_L_M_S2_week5_S54_L001_R2_001.fastq.gz, plate3.1/dada2/dada2_filter/3918R_L_M_S2_week9_S79_L001_R2_001.fastq.gz, plate3.1/dada2/dada2_filter/3918R_RL_M_S2_week5_S55_L001_R2_001.fastq.gz, plate3.1/dada2/dada2_filter/3918R_RL_M_S2_week9_S80_L001_R2_001.fastq.gz, plate3.1/dada2/dada2_filter/3918R_RR_M_S2_week5_S56_L001_R2_001.fastq.gz, plate3.1/dada2/dada2_filter/3918R_RR_M_S2_week9_S81_L001_R2_001.fastq.gz, plate3.1/dada2/dada2_filter/3918R_S2_week29_S32_L001_R2_001.fastq.gz, plate3.1/dada2/dada2_filter/3969R_R_F_S2_Pellet_week9_S82_L001_R2_001.fastq.gz, plate3.1/dada2/dada2_filter/3969R_R_F_S2_diabetes_S18_L001_R2_001.fastq.gz, plate3.1/dada2/dada2_filter/3969R_R_F_S2_week5_S57_L001_R2_001.fastq.gz, plate3.1/dada2/dada2_filter/3969R_S2_week18_S26_L001_R2_001.fastq.gz, plate3.1/dada2/dada2_filter/3980R_0_F_S2_diabetes_S19_L001_R2_001.fastq.gz, plate3.1/dada2/dada2_filter/3980R_0_F_S2_week5_S58_L001_R2_001.fastq.gz, plate3.1/dada2/dada2_filter/3980R_L_F_S2_Pellet_week9_S83_L001_R2_001.fastq.gz, plate3.1/dada2/dada2_filter/3980R_L_F_S2_week5_S59_L001_R2_001.fastq.gz, plate3.1/dada2/dada2_filter/3980R_R_F_S2_Pellet_week9_S84_L001_R2_001.fastq.gz, plate3.1/dada2/dada2_filter/3980R_R_F_S2_diabetes_S20_L001_R2_001.fastq.gz, plate3.1/dada2/dada2_filter/3980R_R_F_S2_week5_S60_L001_R2_001.fastq.gz, plate3.1/dada2/dada2_filter/3980R_S2_week14_S23_L001_R2_001.fastq.gz, plate3.1/dada2/dada2_filter/NS6_defined_inocula_S86_L001_R2_001.fastq.gz, plate3.1/dada2/dada2_filter/Negative_extraction_S85_L001_R2_001.fastq.gz, plate3.1/dada2/dada2_filter/Negtive_Control_S90_L001_R2_001.fastq.gz, plate3.1/dada2/dada2_filter/Positive_Control_S89_L001_R2_001.fastq.gz, plate3.1/dada2/dada2_filter/S2_defined_inocula_S88_L001_R2_001.fastq.gz, plate3.1/dada2/dada2_filter/S5_defined_inocula_S87_L001_R2_001.fastq.gz, plate3.1/dada2/Nreads_filtered.txt, plate3.1/dada2/percent_phix.txt
    jobid: 0
    reason: Forced execution
    resources: mem_mb=5759, mem_mib=5493, disk_mb=5759, disk_mib=5493, tmpdir=/home/daniel.castanedamogo/tmp

Activating conda environment: dada2
Read in 93314 paired-sequences, output 65685 (70.4%) filtered paired-sequences.
Read in 96924 paired-sequences, output 70112 (72.3%) filtered paired-sequences.
Read in 141795 paired-sequences, output 100141 (70.6%) filtered paired-sequences.
Read in 100660 paired-sequences, output 72094 (71.6%) filtered paired-sequences.
Read in 111937 paired-sequences, output 77364 (69.1%) filtered paired-sequences.
Read in 116096 paired-sequences, output 81006 (69.8%) filtered paired-sequences.
Read in 84632 paired-sequences, output 58730 (69.4%) filtered paired-sequences.
Read in 130095 paired-sequences, output 91647 (70.4%) filtered paired-sequences.
Read in 133810 paired-sequences, output 94096 (70.3%) filtered paired-sequences.
Read in 103962 paired-sequences, output 74992 (72.1%) filtered paired-sequences.
Read in 129674 paired-sequences, output 89177 (68.8%) filtered paired-sequences.
Read in 80122 paired-sequences, output 56608 (70.7%) filtered paired-sequences.
Read in 111196 paired-sequences, output 78533 (70.6%) filtered paired-sequences.
Read in 96031 paired-sequences, output 70104 (73%) filtered paired-sequences.
Read in 132967 paired-sequences, output 95280 (71.7%) filtered paired-sequences.
Read in 128914 paired-sequences, output 91114 (70.7%) filtered paired-sequences.
Read in 135009 paired-sequences, output 97936 (72.5%) filtered paired-sequences.
Read in 121329 paired-sequences, output 82793 (68.2%) filtered paired-sequences.
Read in 95198 paired-sequences, output 66639 (70%) filtered paired-sequences.
Read in 94313 paired-sequences, output 65870 (69.8%) filtered paired-sequences.
Read in 120176 paired-sequences, output 83950 (69.9%) filtered paired-sequences.
Read in 119295 paired-sequences, output 80690 (67.6%) filtered paired-sequences.
Read in 104545 paired-sequences, output 75636 (72.3%) filtered paired-sequences.
Read in 124070 paired-sequences, output 88517 (71.3%) filtered paired-sequences.
Read in 88628 paired-sequences, output 59636 (67.3%) filtered paired-sequences.
Read in 118644 paired-sequences, output 83623 (70.5%) filtered paired-sequences.
Read in 105658 paired-sequences, output 73572 (69.6%) filtered paired-sequences.
Read in 116390 paired-sequences, output 82565 (70.9%) filtered paired-sequences.
Read in 125210 paired-sequences, output 86575 (69.1%) filtered paired-sequences.
Read in 110382 paired-sequences, output 76981 (69.7%) filtered paired-sequences.
Read in 141510 paired-sequences, output 101056 (71.4%) filtered paired-sequences.
Read in 116737 paired-sequences, output 81835 (70.1%) filtered paired-sequences.
Read in 129887 paired-sequences, output 89243 (68.7%) filtered paired-sequences.
Read in 132285 paired-sequences, output 94812 (71.7%) filtered paired-sequences.
Read in 112688 paired-sequences, output 77515 (68.8%) filtered paired-sequences.
Read in 101510 paired-sequences, output 71181 (70.1%) filtered paired-sequences.
Read in 124342 paired-sequences, output 87779 (70.6%) filtered paired-sequences.
Read in 103977 paired-sequences, output 73843 (71%) filtered paired-sequences.
Read in 109003 paired-sequences, output 74921 (68.7%) filtered paired-sequences.
Read in 97910 paired-sequences, output 68220 (69.7%) filtered paired-sequences.
Read in 110116 paired-sequences, output 78565 (71.3%) filtered paired-sequences.
Read in 149930 paired-sequences, output 106959 (71.3%) filtered paired-sequences.
Read in 126854 paired-sequences, output 89000 (70.2%) filtered paired-sequences.
Read in 95110 paired-sequences, output 66551 (70%) filtered paired-sequences.
Read in 116452 paired-sequences, output 81592 (70.1%) filtered paired-sequences.
Read in 91188 paired-sequences, output 63620 (69.8%) filtered paired-sequences.
Read in 99200 paired-sequences, output 69943 (70.5%) filtered paired-sequences.
Read in 103684 paired-sequences, output 69432 (67%) filtered paired-sequences.
Read in 128669 paired-sequences, output 87949 (68.4%) filtered paired-sequences.
Read in 109540 paired-sequences, output 70995 (64.8%) filtered paired-sequences.
Read in 125146 paired-sequences, output 82392 (65.8%) filtered paired-sequences.
Read in 127169 paired-sequences, output 80343 (63.2%) filtered paired-sequences.
Read in 101090 paired-sequences, output 68160 (67.4%) filtered paired-sequences.
Read in 148494 paired-sequences, output 98955 (66.6%) filtered paired-sequences.
Read in 121989 paired-sequences, output 84443 (69.2%) filtered paired-sequences.
Read in 108289 paired-sequences, output 73907 (68.2%) filtered paired-sequences.
Read in 98770 paired-sequences, output 67597 (68.4%) filtered paired-sequences.
Read in 109751 paired-sequences, output 76644 (69.8%) filtered paired-sequences.
Read in 139822 paired-sequences, output 99389 (71.1%) filtered paired-sequences.
Read in 98998 paired-sequences, output 68653 (69.3%) filtered paired-sequences.
Read in 118283 paired-sequences, output 80973 (68.5%) filtered paired-sequences.
Read in 110561 paired-sequences, output 77932 (70.5%) filtered paired-sequences.
Read in 141939 paired-sequences, output 102103 (71.9%) filtered paired-sequences.
Read in 116606 paired-sequences, output 82155 (70.5%) filtered paired-sequences.
Read in 102434 paired-sequences, output 70127 (68.5%) filtered paired-sequences.
Read in 109256 paired-sequences, output 75567 (69.2%) filtered paired-sequences.
Read in 129111 paired-sequences, output 88985 (68.9%) filtered paired-sequences.
Read in 110916 paired-sequences, output 76788 (69.2%) filtered paired-sequences.
Read in 117787 paired-sequences, output 78727 (66.8%) filtered paired-sequences.
Read in 120383 paired-sequences, output 80639 (67%) filtered paired-sequences.
Read in 103625 paired-sequences, output 71773 (69.3%) filtered paired-sequences.
Read in 112779 paired-sequences, output 80126 (71%) filtered paired-sequences.
Read in 118770 paired-sequences, output 81860 (68.9%) filtered paired-sequences.
Read in 121379 paired-sequences, output 87755 (72.3%) filtered paired-sequences.
Read in 139634 paired-sequences, output 93922 (67.3%) filtered paired-sequences.
Read in 106736 paired-sequences, output 74393 (69.7%) filtered paired-sequences.
Read in 131286 paired-sequences, output 93291 (71.1%) filtered paired-sequences.
Read in 123432 paired-sequences, output 83516 (67.7%) filtered paired-sequences.
Read in 116591 paired-sequences, output 80764 (69.3%) filtered paired-sequences.
Read in 141975 paired-sequences, output 99242 (69.9%) filtered paired-sequences.
Read in 122936 paired-sequences, output 85796 (69.8%) filtered paired-sequences.
Read in 145774 paired-sequences, output 105536 (72.4%) filtered paired-sequences.
Read in 155570 paired-sequences, output 110788 (71.2%) filtered paired-sequences.
Read in 146184 paired-sequences, output 105789 (72.4%) filtered paired-sequences.
Read in 153862 paired-sequences, output 104970 (68.2%) filtered paired-sequences.
Read in 216225 paired-sequences, output 127041 (58.8%) filtered paired-sequences.
Read in 1540 paired-sequences, output 488 (31.7%) filtered paired-sequences.
Read in 140648 paired-sequences, output 88577 (63%) filtered paired-sequences.
Read in 116439 paired-sequences, output 77097 (66.2%) filtered paired-sequences.
Read in 176664 paired-sequences, output 115236 (65.2%) filtered paired-sequences.
Overwriting file:/bulk/sycuro_bulk/daniel/diabetes/UC_UT_collaboration/FemMicro16S_Daniel/blackbox_testing/FemMicro16S_plate3/plate3.1/dada2/dada2_filter/016R_0_F_NS6_week5_S1_L001_R1_001.fastq.gz
Overwriting file:/bulk/sycuro_bulk/daniel/diabetes/UC_UT_collaboration/FemMicro16S_Daniel/blackbox_testing/FemMicro16S_plate3/plate3.1/dada2/dada2_filter/016R_0_F_NS6_week5_S1_L001_R2_001.fastq.gz
Read in 93314 paired-sequences, output 65685 (70.4%) filtered paired-sequences.
Overwriting file:/bulk/sycuro_bulk/daniel/diabetes/UC_UT_collaboration/FemMicro16S_Daniel/blackbox_testing/FemMicro16S_plate3/plate3.1/dada2/dada2_filter/016R_R_F_NS6_Pellet_week9_S2_L001_R1_001.fastq.gz
Overwriting file:/bulk/sycuro_bulk/daniel/diabetes/UC_UT_collaboration/FemMicro16S_Daniel/blackbox_testing/FemMicro16S_plate3/plate3.1/dada2/dada2_filter/016R_R_F_NS6_Pellet_week9_S2_L001_R2_001.fastq.gz
Read in 96924 paired-sequences, output 70112 (72.3%) filtered paired-sequences.
Overwriting file:/bulk/sycuro_bulk/daniel/diabetes/UC_UT_collaboration/FemMicro16S_Daniel/blackbox_testing/FemMicro16S_plate3/plate3.1/dada2/dada2_filter/073R_R_M_S2_Pellet_week9_S61_L001_R1_001.fastq.gz
Overwriting file:/bulk/sycuro_bulk/daniel/diabetes/UC_UT_collaboration/FemMicro16S_Daniel/blackbox_testing/FemMicro16S_plate3/plate3.1/dada2/dada2_filter/073R_R_M_S2_Pellet_week9_S61_L001_R2_001.fastq.gz
Read in 141795 paired-sequences, output 100141 (70.6%) filtered paired-sequences.
Overwriting file:/bulk/sycuro_bulk/daniel/diabetes/UC_UT_collaboration/FemMicro16S_Daniel/blackbox_testing/FemMicro16S_plate3/plate3.1/dada2/dada2_filter/073R_R_M_S2_diabetes_S7_L001_R1_001.fastq.gz
Overwriting file:/bulk/sycuro_bulk/daniel/diabetes/UC_UT_collaboration/FemMicro16S_Daniel/blackbox_testing/FemMicro16S_plate3/plate3.1/dada2/dada2_filter/073R_R_M_S2_diabetes_S7_L001_R2_001.fastq.gz
Read in 100660 paired-sequences, output 72094 (71.6%) filtered paired-sequences.
Overwriting file:/bulk/sycuro_bulk/daniel/diabetes/UC_UT_collaboration/FemMicro16S_Daniel/blackbox_testing/FemMicro16S_plate3/plate3.1/dada2/dada2_filter/073R_R_M_S2_week5_S33_L001_R1_001.fastq.gz
Overwriting file:/bulk/sycuro_bulk/daniel/diabetes/UC_UT_collaboration/FemMicro16S_Daniel/blackbox_testing/FemMicro16S_plate3/plate3.1/dada2/dada2_filter/073R_R_M_S2_week5_S33_L001_R2_001.fastq.gz
Read in 111937 paired-sequences, output 77364 (69.1%) filtered paired-sequences.
Overwriting file:/bulk/sycuro_bulk/daniel/diabetes/UC_UT_collaboration/FemMicro16S_Daniel/blackbox_testing/FemMicro16S_plate3/plate3.1/dada2/dada2_filter/073R_S2_week21_S27_L001_R1_001.fastq.gz
Overwriting file:/bulk/sycuro_bulk/daniel/diabetes/UC_UT_collaboration/FemMicro16S_Daniel/blackbox_testing/FemMicro16S_plate3/plate3.1/dada2/dada2_filter/073R_S2_week21_S27_L001_R2_001.fastq.gz
Read in 116096 paired-sequences, output 81006 (69.8%) filtered paired-sequences.
Overwriting file:/bulk/sycuro_bulk/daniel/diabetes/UC_UT_collaboration/FemMicro16S_Daniel/blackbox_testing/FemMicro16S_plate3/plate3.1/dada2/dada2_filter/096R_0_M_S5_week5_S4_L001_R1_001.fastq.gz
Overwriting file:/bulk/sycuro_bulk/daniel/diabetes/UC_UT_collaboration/FemMicro16S_Daniel/blackbox_testing/FemMicro16S_plate3/plate3.1/dada2/dada2_filter/096R_0_M_S5_week5_S4_L001_R2_001.fastq.gz
Read in 84632 paired-sequences, output 58730 (69.4%) filtered paired-sequences.
Overwriting file:/bulk/sycuro_bulk/daniel/diabetes/UC_UT_collaboration/FemMicro16S_Daniel/blackbox_testing/FemMicro16S_plate3/plate3.1/dada2/dada2_filter/1067R_0_M_S2_week5_S34_L001_R1_001.fastq.gz
Overwriting file:/bulk/sycuro_bulk/daniel/diabetes/UC_UT_collaboration/FemMicro16S_Daniel/blackbox_testing/FemMicro16S_plate3/plate3.1/dada2/dada2_filter/1067R_0_M_S2_week5_S34_L001_R2_001.fastq.gz
Read in 130095 paired-sequences, output 91647 (70.4%) filtered paired-sequences.
Overwriting file:/bulk/sycuro_bulk/daniel/diabetes/UC_UT_collaboration/FemMicro16S_Daniel/blackbox_testing/FemMicro16S_plate3/plate3.1/dada2/dada2_filter/1067R_0_M_S2_week9_S62_L001_R1_001.fastq.gz
Overwriting file:/bulk/sycuro_bulk/daniel/diabetes/UC_UT_collaboration/FemMicro16S_Daniel/blackbox_testing/FemMicro16S_plate3/plate3.1/dada2/dada2_filter/1067R_0_M_S2_week9_S62_L001_R2_001.fastq.gz
Read in 133810 paired-sequences, output 94096 (70.3%) filtered paired-sequences.
Overwriting file:/bulk/sycuro_bulk/daniel/diabetes/UC_UT_collaboration/FemMicro16S_Daniel/blackbox_testing/FemMicro16S_plate3/plate3.1/dada2/dada2_filter/1067R_L_M_S2_week5_S35_L001_R1_001.fastq.gz
Overwriting file:/bulk/sycuro_bulk/daniel/diabetes/UC_UT_collaboration/FemMicro16S_Daniel/blackbox_testing/FemMicro16S_plate3/plate3.1/dada2/dada2_filter/1067R_L_M_S2_week5_S35_L001_R2_001.fastq.gz
Read in 103962 paired-sequences, output 74992 (72.1%) filtered paired-sequences.
Overwriting file:/bulk/sycuro_bulk/daniel/diabetes/UC_UT_collaboration/FemMicro16S_Daniel/blackbox_testing/FemMicro16S_plate3/plate3.1/dada2/dada2_filter/1067R_L_M_S2_week9_S63_L001_R1_001.fastq.gz
Overwriting file:/bulk/sycuro_bulk/daniel/diabetes/UC_UT_collaboration/FemMicro16S_Daniel/blackbox_testing/FemMicro16S_plate3/plate3.1/dada2/dada2_filter/1067R_L_M_S2_week9_S63_L001_R2_001.fastq.gz
Read in 129674 paired-sequences, output 89177 (68.8%) filtered paired-sequences.
Overwriting file:/bulk/sycuro_bulk/daniel/diabetes/UC_UT_collaboration/FemMicro16S_Daniel/blackbox_testing/FemMicro16S_plate3/plate3.1/dada2/dada2_filter/1067R_R_M_S2_diabetes_S8_L001_R1_001.fastq.gz
Overwriting file:/bulk/sycuro_bulk/daniel/diabetes/UC_UT_collaboration/FemMicro16S_Daniel/blackbox_testing/FemMicro16S_plate3/plate3.1/dada2/dada2_filter/1067R_R_M_S2_diabetes_S8_L001_R2_001.fastq.gz
Read in 80122 paired-sequences, output 56608 (70.7%) filtered paired-sequences.
Overwriting file:/bulk/sycuro_bulk/daniel/diabetes/UC_UT_collaboration/FemMicro16S_Daniel/blackbox_testing/FemMicro16S_plate3/plate3.1/dada2/dada2_filter/1067R_S2_week27_S30_L001_R1_001.fastq.gz
Overwriting file:/bulk/sycuro_bulk/daniel/diabetes/UC_UT_collaboration/FemMicro16S_Daniel/blackbox_testing/FemMicro16S_plate3/plate3.1/dada2/dada2_filter/1067R_S2_week27_S30_L001_R2_001.fastq.gz
Read in 111196 paired-sequences, output 78533 (70.6%) filtered paired-sequences.
Overwriting file:/bulk/sycuro_bulk/daniel/diabetes/UC_UT_collaboration/FemMicro16S_Daniel/blackbox_testing/FemMicro16S_plate3/plate3.1/dada2/dada2_filter/1075R_RL_M_NS6_Pellet_week9_S3_L001_R1_001.fastq.gz
Overwriting file:/bulk/sycuro_bulk/daniel/diabetes/UC_UT_collaboration/FemMicro16S_Daniel/blackbox_testing/FemMicro16S_plate3/plate3.1/dada2/dada2_filter/1075R_RL_M_NS6_Pellet_week9_S3_L001_R2_001.fastq.gz
Read in 96031 paired-sequences, output 70104 (73%) filtered paired-sequences.
Overwriting file:/bulk/sycuro_bulk/daniel/diabetes/UC_UT_collaboration/FemMicro16S_Daniel/blackbox_testing/FemMicro16S_plate3/plate3.1/dada2/dada2_filter/1152R_0_M_S2_week5_S36_L001_R1_001.fastq.gz
Overwriting file:/bulk/sycuro_bulk/daniel/diabetes/UC_UT_collaboration/FemMicro16S_Daniel/blackbox_testing/FemMicro16S_plate3/plate3.1/dada2/dada2_filter/1152R_0_M_S2_week5_S36_L001_R2_001.fastq.gz
Read in 132967 paired-sequences, output 95280 (71.7%) filtered paired-sequences.
Overwriting file:/bulk/sycuro_bulk/daniel/diabetes/UC_UT_collaboration/FemMicro16S_Daniel/blackbox_testing/FemMicro16S_plate3/plate3.1/dada2/dada2_filter/1152R_L_M_S2_diabetes_S9_L001_R1_001.fastq.gz
Overwriting file:/bulk/sycuro_bulk/daniel/diabetes/UC_UT_collaboration/FemMicro16S_Daniel/blackbox_testing/FemMicro16S_plate3/plate3.1/dada2/dada2_filter/1152R_L_M_S2_diabetes_S9_L001_R2_001.fastq.gz
Read in 128914 paired-sequences, output 91114 (70.7%) filtered paired-sequences.
Overwriting file:/bulk/sycuro_bulk/daniel/diabetes/UC_UT_collaboration/FemMicro16S_Daniel/blackbox_testing/FemMicro16S_plate3/plate3.1/dada2/dada2_filter/1152R_L_M_S2_week5_S37_L001_R1_001.fastq.gz
Overwriting file:/bulk/sycuro_bulk/daniel/diabetes/UC_UT_collaboration/FemMicro16S_Daniel/blackbox_testing/FemMicro16S_plate3/plate3.1/dada2/dada2_filter/1152R_L_M_S2_week5_S37_L001_R2_001.fastq.gz
Read in 135009 paired-sequences, output 97936 (72.5%) filtered paired-sequences.
Overwriting file:/bulk/sycuro_bulk/daniel/diabetes/UC_UT_collaboration/FemMicro16S_Daniel/blackbox_testing/FemMicro16S_plate3/plate3.1/dada2/dada2_filter/1152R_L_M_S2_week9_S64_L001_R1_001.fastq.gz
Overwriting file:/bulk/sycuro_bulk/daniel/diabetes/UC_UT_collaboration/FemMicro16S_Daniel/blackbox_testing/FemMicro16S_plate3/plate3.1/dada2/dada2_filter/1152R_L_M_S2_week9_S64_L001_R2_001.fastq.gz
Read in 121329 paired-sequences, output 82793 (68.2%) filtered paired-sequences.
Overwriting file:/bulk/sycuro_bulk/daniel/diabetes/UC_UT_collaboration/FemMicro16S_Daniel/blackbox_testing/FemMicro16S_plate3/plate3.1/dada2/dada2_filter/1152R_R_M_S2_week5_S38_L001_R1_001.fastq.gz
Overwriting file:/bulk/sycuro_bulk/daniel/diabetes/UC_UT_collaboration/FemMicro16S_Daniel/blackbox_testing/FemMicro16S_plate3/plate3.1/dada2/dada2_filter/1152R_R_M_S2_week5_S38_L001_R2_001.fastq.gz
Read in 95198 paired-sequences, output 66639 (70%) filtered paired-sequences.
Overwriting file:/bulk/sycuro_bulk/daniel/diabetes/UC_UT_collaboration/FemMicro16S_Daniel/blackbox_testing/FemMicro16S_plate3/plate3.1/dada2/dada2_filter/1152R_R_M_S2_week9_S65_L001_R1_001.fastq.gz
Overwriting file:/bulk/sycuro_bulk/daniel/diabetes/UC_UT_collaboration/FemMicro16S_Daniel/blackbox_testing/FemMicro16S_plate3/plate3.1/dada2/dada2_filter/1152R_R_M_S2_week9_S65_L001_R2_001.fastq.gz
Read in 94313 paired-sequences, output 65870 (69.8%) filtered paired-sequences.
Overwriting file:/bulk/sycuro_bulk/daniel/diabetes/UC_UT_collaboration/FemMicro16S_Daniel/blackbox_testing/FemMicro16S_plate3/plate3.1/dada2/dada2_filter/1152R_S2_week28_S31_L001_R1_001.fastq.gz
Overwriting file:/bulk/sycuro_bulk/daniel/diabetes/UC_UT_collaboration/FemMicro16S_Daniel/blackbox_testing/FemMicro16S_plate3/plate3.1/dada2/dada2_filter/1152R_S2_week28_S31_L001_R2_001.fastq.gz
Read in 120176 paired-sequences, output 83950 (69.9%) filtered paired-sequences.
Overwriting file:/bulk/sycuro_bulk/daniel/diabetes/UC_UT_collaboration/FemMicro16S_Daniel/blackbox_testing/FemMicro16S_plate3/plate3.1/dada2/dada2_filter/1174R_0_M_S2_diabetes_S10_L001_R1_001.fastq.gz
Overwriting file:/bulk/sycuro_bulk/daniel/diabetes/UC_UT_collaboration/FemMicro16S_Daniel/blackbox_testing/FemMicro16S_plate3/plate3.1/dada2/dada2_filter/1174R_0_M_S2_diabetes_S10_L001_R2_001.fastq.gz
Read in 119295 paired-sequences, output 80690 (67.6%) filtered paired-sequences.
Overwriting file:/bulk/sycuro_bulk/daniel/diabetes/UC_UT_collaboration/FemMicro16S_Daniel/blackbox_testing/FemMicro16S_plate3/plate3.1/dada2/dada2_filter/1174R_0_M_S2_week5_S39_L001_R1_001.fastq.gz
Overwriting file:/bulk/sycuro_bulk/daniel/diabetes/UC_UT_collaboration/FemMicro16S_Daniel/blackbox_testing/FemMicro16S_plate3/plate3.1/dada2/dada2_filter/1174R_0_M_S2_week5_S39_L001_R2_001.fastq.gz
Read in 104545 paired-sequences, output 75636 (72.3%) filtered paired-sequences.
Overwriting file:/bulk/sycuro_bulk/daniel/diabetes/UC_UT_collaboration/FemMicro16S_Daniel/blackbox_testing/FemMicro16S_plate3/plate3.1/dada2/dada2_filter/1174R_S2_week14_S21_L001_R1_001.fastq.gz
Overwriting file:/bulk/sycuro_bulk/daniel/diabetes/UC_UT_collaboration/FemMicro16S_Daniel/blackbox_testing/FemMicro16S_plate3/plate3.1/dada2/dada2_filter/1174R_S2_week14_S21_L001_R2_001.fastq.gz
Read in 124070 paired-sequences, output 88517 (71.3%) filtered paired-sequences.
Overwriting file:/bulk/sycuro_bulk/daniel/diabetes/UC_UT_collaboration/FemMicro16S_Daniel/blackbox_testing/FemMicro16S_plate3/plate3.1/dada2/dada2_filter/2402R_R_F_S5_Pellet_week9_S5_L001_R1_001.fastq.gz
Overwriting file:/bulk/sycuro_bulk/daniel/diabetes/UC_UT_collaboration/FemMicro16S_Daniel/blackbox_testing/FemMicro16S_plate3/plate3.1/dada2/dada2_filter/2402R_R_F_S5_Pellet_week9_S5_L001_R2_001.fastq.gz
Read in 88628 paired-sequences, output 59636 (67.3%) filtered paired-sequences.
Overwriting file:/bulk/sycuro_bulk/daniel/diabetes/UC_UT_collaboration/FemMicro16S_Daniel/blackbox_testing/FemMicro16S_plate3/plate3.1/dada2/dada2_filter/2404R_0_F_S2_week5_S40_L001_R1_001.fastq.gz
Overwriting file:/bulk/sycuro_bulk/daniel/diabetes/UC_UT_collaboration/FemMicro16S_Daniel/blackbox_testing/FemMicro16S_plate3/plate3.1/dada2/dada2_filter/2404R_0_F_S2_week5_S40_L001_R2_001.fastq.gz
Read in 118644 paired-sequences, output 83623 (70.5%) filtered paired-sequences.
Overwriting file:/bulk/sycuro_bulk/daniel/diabetes/UC_UT_collaboration/FemMicro16S_Daniel/blackbox_testing/FemMicro16S_plate3/plate3.1/dada2/dada2_filter/2404R_0_F_S2_week9_S66_L001_R1_001.fastq.gz
Overwriting file:/bulk/sycuro_bulk/daniel/diabetes/UC_UT_collaboration/FemMicro16S_Daniel/blackbox_testing/FemMicro16S_plate3/plate3.1/dada2/dada2_filter/2404R_0_F_S2_week9_S66_L001_R2_001.fastq.gz
Read in 105658 paired-sequences, output 73572 (69.6%) filtered paired-sequences.
Overwriting file:/bulk/sycuro_bulk/daniel/diabetes/UC_UT_collaboration/FemMicro16S_Daniel/blackbox_testing/FemMicro16S_plate3/plate3.1/dada2/dada2_filter/2404R_L_F_S2_diabetes_S11_L001_R1_001.fastq.gz
Overwriting file:/bulk/sycuro_bulk/daniel/diabetes/UC_UT_collaboration/FemMicro16S_Daniel/blackbox_testing/FemMicro16S_plate3/plate3.1/dada2/dada2_filter/2404R_L_F_S2_diabetes_S11_L001_R2_001.fastq.gz
Read in 116390 paired-sequences, output 82565 (70.9%) filtered paired-sequences.
Overwriting file:/bulk/sycuro_bulk/daniel/diabetes/UC_UT_collaboration/FemMicro16S_Daniel/blackbox_testing/FemMicro16S_plate3/plate3.1/dada2/dada2_filter/2404R_L_F_S2_week5_S41_L001_R1_001.fastq.gz
Overwriting file:/bulk/sycuro_bulk/daniel/diabetes/UC_UT_collaboration/FemMicro16S_Daniel/blackbox_testing/FemMicro16S_plate3/plate3.1/dada2/dada2_filter/2404R_L_F_S2_week5_S41_L001_R2_001.fastq.gz
Read in 125210 paired-sequences, output 86575 (69.1%) filtered paired-sequences.
Overwriting file:/bulk/sycuro_bulk/daniel/diabetes/UC_UT_collaboration/FemMicro16S_Daniel/blackbox_testing/FemMicro16S_plate3/plate3.1/dada2/dada2_filter/2404R_L_F_S2_week9_S67_L001_R1_001.fastq.gz
Overwriting file:/bulk/sycuro_bulk/daniel/diabetes/UC_UT_collaboration/FemMicro16S_Daniel/blackbox_testing/FemMicro16S_plate3/plate3.1/dada2/dada2_filter/2404R_L_F_S2_week9_S67_L001_R2_001.fastq.gz
Read in 110382 paired-sequences, output 76981 (69.7%) filtered paired-sequences.
Overwriting file:/bulk/sycuro_bulk/daniel/diabetes/UC_UT_collaboration/FemMicro16S_Daniel/blackbox_testing/FemMicro16S_plate3/plate3.1/dada2/dada2_filter/2404R_S2_week14_S22_L001_R1_001.fastq.gz
Overwriting file:/bulk/sycuro_bulk/daniel/diabetes/UC_UT_collaboration/FemMicro16S_Daniel/blackbox_testing/FemMicro16S_plate3/plate3.1/dada2/dada2_filter/2404R_S2_week14_S22_L001_R2_001.fastq.gz
Read in 141510 paired-sequences, output 101056 (71.4%) filtered paired-sequences.
Overwriting file:/bulk/sycuro_bulk/daniel/diabetes/UC_UT_collaboration/FemMicro16S_Daniel/blackbox_testing/FemMicro16S_plate3/plate3.1/dada2/dada2_filter/2446R_0_F_S2_week5_S42_L001_R1_001.fastq.gz
Overwriting file:/bulk/sycuro_bulk/daniel/diabetes/UC_UT_collaboration/FemMicro16S_Daniel/blackbox_testing/FemMicro16S_plate3/plate3.1/dada2/dada2_filter/2446R_0_F_S2_week5_S42_L001_R2_001.fastq.gz
Read in 116737 paired-sequences, output 81835 (70.1%) filtered paired-sequences.
Overwriting file:/bulk/sycuro_bulk/daniel/diabetes/UC_UT_collaboration/FemMicro16S_Daniel/blackbox_testing/FemMicro16S_plate3/plate3.1/dada2/dada2_filter/2446R_L_F_S2_diabetes_S12_L001_R1_001.fastq.gz
Overwriting file:/bulk/sycuro_bulk/daniel/diabetes/UC_UT_collaboration/FemMicro16S_Daniel/blackbox_testing/FemMicro16S_plate3/plate3.1/dada2/dada2_filter/2446R_L_F_S2_diabetes_S12_L001_R2_001.fastq.gz
Read in 129887 paired-sequences, output 89243 (68.7%) filtered paired-sequences.
Overwriting file:/bulk/sycuro_bulk/daniel/diabetes/UC_UT_collaboration/FemMicro16S_Daniel/blackbox_testing/FemMicro16S_plate3/plate3.1/dada2/dada2_filter/2446R_RL_F_S2_Pellet_week9_S69_L001_R1_001.fastq.gz
Overwriting file:/bulk/sycuro_bulk/daniel/diabetes/UC_UT_collaboration/FemMicro16S_Daniel/blackbox_testing/FemMicro16S_plate3/plate3.1/dada2/dada2_filter/2446R_RL_F_S2_Pellet_week9_S69_L001_R2_001.fastq.gz
Read in 132285 paired-sequences, output 94812 (71.7%) filtered paired-sequences.
Overwriting file:/bulk/sycuro_bulk/daniel/diabetes/UC_UT_collaboration/FemMicro16S_Daniel/blackbox_testing/FemMicro16S_plate3/plate3.1/dada2/dada2_filter/2446R_RL_F_S2_week5_S44_L001_R1_001.fastq.gz
Overwriting file:/bulk/sycuro_bulk/daniel/diabetes/UC_UT_collaboration/FemMicro16S_Daniel/blackbox_testing/FemMicro16S_plate3/plate3.1/dada2/dada2_filter/2446R_RL_F_S2_week5_S44_L001_R2_001.fastq.gz
Read in 112688 paired-sequences, output 77515 (68.8%) filtered paired-sequences.
Overwriting file:/bulk/sycuro_bulk/daniel/diabetes/UC_UT_collaboration/FemMicro16S_Daniel/blackbox_testing/FemMicro16S_plate3/plate3.1/dada2/dada2_filter/2446R_R_F_S2_Pellet_week9_S68_L001_R1_001.fastq.gz
Overwriting file:/bulk/sycuro_bulk/daniel/diabetes/UC_UT_collaboration/FemMicro16S_Daniel/blackbox_testing/FemMicro16S_plate3/plate3.1/dada2/dada2_filter/2446R_R_F_S2_Pellet_week9_S68_L001_R2_001.fastq.gz
Read in 101510 paired-sequences, output 71181 (70.1%) filtered paired-sequences.
Overwriting file:/bulk/sycuro_bulk/daniel/diabetes/UC_UT_collaboration/FemMicro16S_Daniel/blackbox_testing/FemMicro16S_plate3/plate3.1/dada2/dada2_filter/2446R_R_F_S2_week5_S43_L001_R1_001.fastq.gz
Overwriting file:/bulk/sycuro_bulk/daniel/diabetes/UC_UT_collaboration/FemMicro16S_Daniel/blackbox_testing/FemMicro16S_plate3/plate3.1/dada2/dada2_filter/2446R_R_F_S2_week5_S43_L001_R2_001.fastq.gz
Read in 124342 paired-sequences, output 87779 (70.6%) filtered paired-sequences.
Overwriting file:/bulk/sycuro_bulk/daniel/diabetes/UC_UT_collaboration/FemMicro16S_Daniel/blackbox_testing/FemMicro16S_plate3/plate3.1/dada2/dada2_filter/2446R_S2_week15_S24_L001_R1_001.fastq.gz
Overwriting file:/bulk/sycuro_bulk/daniel/diabetes/UC_UT_collaboration/FemMicro16S_Daniel/blackbox_testing/FemMicro16S_plate3/plate3.1/dada2/dada2_filter/2446R_S2_week15_S24_L001_R2_001.fastq.gz
Read in 103977 paired-sequences, output 73843 (71%) filtered paired-sequences.
Overwriting file:/bulk/sycuro_bulk/daniel/diabetes/UC_UT_collaboration/FemMicro16S_Daniel/blackbox_testing/FemMicro16S_plate3/plate3.1/dada2/dada2_filter/2453R_0_F_S2_Pellet_week9_S70_L001_R1_001.fastq.gz
Overwriting file:/bulk/sycuro_bulk/daniel/diabetes/UC_UT_collaboration/FemMicro16S_Daniel/blackbox_testing/FemMicro16S_plate3/plate3.1/dada2/dada2_filter/2453R_0_F_S2_Pellet_week9_S70_L001_R2_001.fastq.gz
Read in 109003 paired-sequences, output 74921 (68.7%) filtered paired-sequences.
Overwriting file:/bulk/sycuro_bulk/daniel/diabetes/UC_UT_collaboration/FemMicro16S_Daniel/blackbox_testing/FemMicro16S_plate3/plate3.1/dada2/dada2_filter/2453R_0_F_S2_week5_S45_L001_R1_001.fastq.gz
Overwriting file:/bulk/sycuro_bulk/daniel/diabetes/UC_UT_collaboration/FemMicro16S_Daniel/blackbox_testing/FemMicro16S_plate3/plate3.1/dada2/dada2_filter/2453R_0_F_S2_week5_S45_L001_R2_001.fastq.gz
Read in 97910 paired-sequences, output 68220 (69.7%) filtered paired-sequences.
Overwriting file:/bulk/sycuro_bulk/daniel/diabetes/UC_UT_collaboration/FemMicro16S_Daniel/blackbox_testing/FemMicro16S_plate3/plate3.1/dada2/dada2_filter/2453R_L_F_S2_Pellet_week9_S71_L001_R1_001.fastq.gz
Overwriting file:/bulk/sycuro_bulk/daniel/diabetes/UC_UT_collaboration/FemMicro16S_Daniel/blackbox_testing/FemMicro16S_plate3/plate3.1/dada2/dada2_filter/2453R_L_F_S2_Pellet_week9_S71_L001_R2_001.fastq.gz
Read in 110116 paired-sequences, output 78565 (71.3%) filtered paired-sequences.
Overwriting file:/bulk/sycuro_bulk/daniel/diabetes/UC_UT_collaboration/FemMicro16S_Daniel/blackbox_testing/FemMicro16S_plate3/plate3.1/dada2/dada2_filter/2453R_L_F_S2_diabetes_S13_L001_R1_001.fastq.gz
Overwriting file:/bulk/sycuro_bulk/daniel/diabetes/UC_UT_collaboration/FemMicro16S_Daniel/blackbox_testing/FemMicro16S_plate3/plate3.1/dada2/dada2_filter/2453R_L_F_S2_diabetes_S13_L001_R2_001.fastq.gz
Read in 149930 paired-sequences, output 106959 (71.3%) filtered paired-sequences.
Overwriting file:/bulk/sycuro_bulk/daniel/diabetes/UC_UT_collaboration/FemMicro16S_Daniel/blackbox_testing/FemMicro16S_plate3/plate3.1/dada2/dada2_filter/2453R_L_F_S2_week5_S46_L001_R1_001.fastq.gz
Overwriting file:/bulk/sycuro_bulk/daniel/diabetes/UC_UT_collaboration/FemMicro16S_Daniel/blackbox_testing/FemMicro16S_plate3/plate3.1/dada2/dada2_filter/2453R_L_F_S2_week5_S46_L001_R2_001.fastq.gz
Read in 126854 paired-sequences, output 89000 (70.2%) filtered paired-sequences.
Overwriting file:/bulk/sycuro_bulk/daniel/diabetes/UC_UT_collaboration/FemMicro16S_Daniel/blackbox_testing/FemMicro16S_plate3/plate3.1/dada2/dada2_filter/2453R_R_F_S2_Pellet_week9_S72_L001_R1_001.fastq.gz
Overwriting file:/bulk/sycuro_bulk/daniel/diabetes/UC_UT_collaboration/FemMicro16S_Daniel/blackbox_testing/FemMicro16S_plate3/plate3.1/dada2/dada2_filter/2453R_R_F_S2_Pellet_week9_S72_L001_R2_001.fastq.gz
Read in 95110 paired-sequences, output 66551 (70%) filtered paired-sequences.
Overwriting file:/bulk/sycuro_bulk/daniel/diabetes/UC_UT_collaboration/FemMicro16S_Daniel/blackbox_testing/FemMicro16S_plate3/plate3.1/dada2/dada2_filter/2453R_R_F_S2_diabetes_S14_L001_R1_001.fastq.gz
Overwriting file:/bulk/sycuro_bulk/daniel/diabetes/UC_UT_collaboration/FemMicro16S_Daniel/blackbox_testing/FemMicro16S_plate3/plate3.1/dada2/dada2_filter/2453R_R_F_S2_diabetes_S14_L001_R2_001.fastq.gz
Read in 116452 paired-sequences, output 81592 (70.1%) filtered paired-sequences.
Overwriting file:/bulk/sycuro_bulk/daniel/diabetes/UC_UT_collaboration/FemMicro16S_Daniel/blackbox_testing/FemMicro16S_plate3/plate3.1/dada2/dada2_filter/2453R_R_F_S2_week5_S47_L001_R1_001.fastq.gz
Overwriting file:/bulk/sycuro_bulk/daniel/diabetes/UC_UT_collaboration/FemMicro16S_Daniel/blackbox_testing/FemMicro16S_plate3/plate3.1/dada2/dada2_filter/2453R_R_F_S2_week5_S47_L001_R2_001.fastq.gz
Read in 91188 paired-sequences, output 63620 (69.8%) filtered paired-sequences.
Overwriting file:/bulk/sycuro_bulk/daniel/diabetes/UC_UT_collaboration/FemMicro16S_Daniel/blackbox_testing/FemMicro16S_plate3/plate3.1/dada2/dada2_filter/2453R_S2_week21_S28_L001_R1_001.fastq.gz
Overwriting file:/bulk/sycuro_bulk/daniel/diabetes/UC_UT_collaboration/FemMicro16S_Daniel/blackbox_testing/FemMicro16S_plate3/plate3.1/dada2/dada2_filter/2453R_S2_week21_S28_L001_R2_001.fastq.gz
Read in 99200 paired-sequences, output 69943 (70.5%) filtered paired-sequences.
Overwriting file:/bulk/sycuro_bulk/daniel/diabetes/UC_UT_collaboration/FemMicro16S_Daniel/blackbox_testing/FemMicro16S_plate3/plate3.1/dada2/dada2_filter/2475R_RL_M_S5_Pellet_week9_S6_L001_R1_001.fastq.gz
Overwriting file:/bulk/sycuro_bulk/daniel/diabetes/UC_UT_collaboration/FemMicro16S_Daniel/blackbox_testing/FemMicro16S_plate3/plate3.1/dada2/dada2_filter/2475R_RL_M_S5_Pellet_week9_S6_L001_R2_001.fastq.gz
Read in 103684 paired-sequences, output 69432 (67%) filtered paired-sequences.
Overwriting file:/bulk/sycuro_bulk/daniel/diabetes/UC_UT_collaboration/FemMicro16S_Daniel/blackbox_testing/FemMicro16S_plate3/plate3.1/dada2/dada2_filter/3795R_L_F_S2_week5_S48_L001_R1_001.fastq.gz
Overwriting file:/bulk/sycuro_bulk/daniel/diabetes/UC_UT_collaboration/FemMicro16S_Daniel/blackbox_testing/FemMicro16S_plate3/plate3.1/dada2/dada2_filter/3795R_L_F_S2_week5_S48_L001_R2_001.fastq.gz
Read in 128669 paired-sequences, output 87949 (68.4%) filtered paired-sequences.
Overwriting file:/bulk/sycuro_bulk/daniel/diabetes/UC_UT_collaboration/FemMicro16S_Daniel/blackbox_testing/FemMicro16S_plate3/plate3.1/dada2/dada2_filter/3795R_L_F_S2_week9_S73_L001_R1_001.fastq.gz
Overwriting file:/bulk/sycuro_bulk/daniel/diabetes/UC_UT_collaboration/FemMicro16S_Daniel/blackbox_testing/FemMicro16S_plate3/plate3.1/dada2/dada2_filter/3795R_L_F_S2_week9_S73_L001_R2_001.fastq.gz
Read in 109540 paired-sequences, output 70995 (64.8%) filtered paired-sequences.
Overwriting file:/bulk/sycuro_bulk/daniel/diabetes/UC_UT_collaboration/FemMicro16S_Daniel/blackbox_testing/FemMicro16S_plate3/plate3.1/dada2/dada2_filter/3880R_0_F_S2_week5_S49_L001_R1_001.fastq.gz
Overwriting file:/bulk/sycuro_bulk/daniel/diabetes/UC_UT_collaboration/FemMicro16S_Daniel/blackbox_testing/FemMicro16S_plate3/plate3.1/dada2/dada2_filter/3880R_0_F_S2_week5_S49_L001_R2_001.fastq.gz
Read in 125146 paired-sequences, output 82392 (65.8%) filtered paired-sequences.
Overwriting file:/bulk/sycuro_bulk/daniel/diabetes/UC_UT_collaboration/FemMicro16S_Daniel/blackbox_testing/FemMicro16S_plate3/plate3.1/dada2/dada2_filter/3880R_0_F_S2_week9_S74_L001_R1_001.fastq.gz
Overwriting file:/bulk/sycuro_bulk/daniel/diabetes/UC_UT_collaboration/FemMicro16S_Daniel/blackbox_testing/FemMicro16S_plate3/plate3.1/dada2/dada2_filter/3880R_0_F_S2_week9_S74_L001_R2_001.fastq.gz
Read in 127169 paired-sequences, output 80343 (63.2%) filtered paired-sequences.
Overwriting file:/bulk/sycuro_bulk/daniel/diabetes/UC_UT_collaboration/FemMicro16S_Daniel/blackbox_testing/FemMicro16S_plate3/plate3.1/dada2/dada2_filter/3880R_L_F_S2_week5_S50_L001_R1_001.fastq.gz
Overwriting file:/bulk/sycuro_bulk/daniel/diabetes/UC_UT_collaboration/FemMicro16S_Daniel/blackbox_testing/FemMicro16S_plate3/plate3.1/dada2/dada2_filter/3880R_L_F_S2_week5_S50_L001_R2_001.fastq.gz
Read in 101090 paired-sequences, output 68160 (67.4%) filtered paired-sequences.
Overwriting file:/bulk/sycuro_bulk/daniel/diabetes/UC_UT_collaboration/FemMicro16S_Daniel/blackbox_testing/FemMicro16S_plate3/plate3.1/dada2/dada2_filter/3880R_L_F_S2_week9_S75_L001_R1_001.fastq.gz
Overwriting file:/bulk/sycuro_bulk/daniel/diabetes/UC_UT_collaboration/FemMicro16S_Daniel/blackbox_testing/FemMicro16S_plate3/plate3.1/dada2/dada2_filter/3880R_L_F_S2_week9_S75_L001_R2_001.fastq.gz
Read in 148494 paired-sequences, output 98955 (66.6%) filtered paired-sequences.
Overwriting file:/bulk/sycuro_bulk/daniel/diabetes/UC_UT_collaboration/FemMicro16S_Daniel/blackbox_testing/FemMicro16S_plate3/plate3.1/dada2/dada2_filter/3880R_R_F_S2_week5_S51_L001_R1_001.fastq.gz
Overwriting file:/bulk/sycuro_bulk/daniel/diabetes/UC_UT_collaboration/FemMicro16S_Daniel/blackbox_testing/FemMicro16S_plate3/plate3.1/dada2/dada2_filter/3880R_R_F_S2_week5_S51_L001_R2_001.fastq.gz
Read in 121989 paired-sequences, output 84443 (69.2%) filtered paired-sequences.
Overwriting file:/bulk/sycuro_bulk/daniel/diabetes/UC_UT_collaboration/FemMicro16S_Daniel/blackbox_testing/FemMicro16S_plate3/plate3.1/dada2/dada2_filter/3880R_R_F_S2_week9_S76_L001_R1_001.fastq.gz
Overwriting file:/bulk/sycuro_bulk/daniel/diabetes/UC_UT_collaboration/FemMicro16S_Daniel/blackbox_testing/FemMicro16S_plate3/plate3.1/dada2/dada2_filter/3880R_R_F_S2_week9_S76_L001_R2_001.fastq.gz
Read in 108289 paired-sequences, output 73907 (68.2%) filtered paired-sequences.
Overwriting file:/bulk/sycuro_bulk/daniel/diabetes/UC_UT_collaboration/FemMicro16S_Daniel/blackbox_testing/FemMicro16S_plate3/plate3.1/dada2/dada2_filter/3880R_S2_week15_S25_L001_R1_001.fastq.gz
Overwriting file:/bulk/sycuro_bulk/daniel/diabetes/UC_UT_collaboration/FemMicro16S_Daniel/blackbox_testing/FemMicro16S_plate3/plate3.1/dada2/dada2_filter/3880R_S2_week15_S25_L001_R2_001.fastq.gz
Read in 98770 paired-sequences, output 67597 (68.4%) filtered paired-sequences.
Overwriting file:/bulk/sycuro_bulk/daniel/diabetes/UC_UT_collaboration/FemMicro16S_Daniel/blackbox_testing/FemMicro16S_plate3/plate3.1/dada2/dada2_filter/3909R_0_M_S2_diabetes_S15_L001_R1_001.fastq.gz
Overwriting file:/bulk/sycuro_bulk/daniel/diabetes/UC_UT_collaboration/FemMicro16S_Daniel/blackbox_testing/FemMicro16S_plate3/plate3.1/dada2/dada2_filter/3909R_0_M_S2_diabetes_S15_L001_R2_001.fastq.gz
Read in 109751 paired-sequences, output 76644 (69.8%) filtered paired-sequences.
Overwriting file:/bulk/sycuro_bulk/daniel/diabetes/UC_UT_collaboration/FemMicro16S_Daniel/blackbox_testing/FemMicro16S_plate3/plate3.1/dada2/dada2_filter/3909R_L_M_S2_diabetes_S16_L001_R1_001.fastq.gz
Overwriting file:/bulk/sycuro_bulk/daniel/diabetes/UC_UT_collaboration/FemMicro16S_Daniel/blackbox_testing/FemMicro16S_plate3/plate3.1/dada2/dada2_filter/3909R_L_M_S2_diabetes_S16_L001_R2_001.fastq.gz
Read in 139822 paired-sequences, output 99389 (71.1%) filtered paired-sequences.
Overwriting file:/bulk/sycuro_bulk/daniel/diabetes/UC_UT_collaboration/FemMicro16S_Daniel/blackbox_testing/FemMicro16S_plate3/plate3.1/dada2/dada2_filter/3909R_L_M_S2_week5_S52_L001_R1_001.fastq.gz
Overwriting file:/bulk/sycuro_bulk/daniel/diabetes/UC_UT_collaboration/FemMicro16S_Daniel/blackbox_testing/FemMicro16S_plate3/plate3.1/dada2/dada2_filter/3909R_L_M_S2_week5_S52_L001_R2_001.fastq.gz
Read in 98998 paired-sequences, output 68653 (69.3%) filtered paired-sequences.
Overwriting file:/bulk/sycuro_bulk/daniel/diabetes/UC_UT_collaboration/FemMicro16S_Daniel/blackbox_testing/FemMicro16S_plate3/plate3.1/dada2/dada2_filter/3909R_L_M_S2_week9_S77_L001_R1_001.fastq.gz
Overwriting file:/bulk/sycuro_bulk/daniel/diabetes/UC_UT_collaboration/FemMicro16S_Daniel/blackbox_testing/FemMicro16S_plate3/plate3.1/dada2/dada2_filter/3909R_L_M_S2_week9_S77_L001_R2_001.fastq.gz
Read in 118283 paired-sequences, output 80973 (68.5%) filtered paired-sequences.
Overwriting file:/bulk/sycuro_bulk/daniel/diabetes/UC_UT_collaboration/FemMicro16S_Daniel/blackbox_testing/FemMicro16S_plate3/plate3.1/dada2/dada2_filter/3909R_S2_week21_S29_L001_R1_001.fastq.gz
Overwriting file:/bulk/sycuro_bulk/daniel/diabetes/UC_UT_collaboration/FemMicro16S_Daniel/blackbox_testing/FemMicro16S_plate3/plate3.1/dada2/dada2_filter/3909R_S2_week21_S29_L001_R2_001.fastq.gz
Read in 110561 paired-sequences, output 77932 (70.5%) filtered paired-sequences.
Overwriting file:/bulk/sycuro_bulk/daniel/diabetes/UC_UT_collaboration/FemMicro16S_Daniel/blackbox_testing/FemMicro16S_plate3/plate3.1/dada2/dada2_filter/3918R_0_M_S2_diabetes_S17_L001_R1_001.fastq.gz
Overwriting file:/bulk/sycuro_bulk/daniel/diabetes/UC_UT_collaboration/FemMicro16S_Daniel/blackbox_testing/FemMicro16S_plate3/plate3.1/dada2/dada2_filter/3918R_0_M_S2_diabetes_S17_L001_R2_001.fastq.gz
Read in 141939 paired-sequences, output 102103 (71.9%) filtered paired-sequences.
Overwriting file:/bulk/sycuro_bulk/daniel/diabetes/UC_UT_collaboration/FemMicro16S_Daniel/blackbox_testing/FemMicro16S_plate3/plate3.1/dada2/dada2_filter/3918R_0_M_S2_week5_S53_L001_R1_001.fastq.gz
Overwriting file:/bulk/sycuro_bulk/daniel/diabetes/UC_UT_collaboration/FemMicro16S_Daniel/blackbox_testing/FemMicro16S_plate3/plate3.1/dada2/dada2_filter/3918R_0_M_S2_week5_S53_L001_R2_001.fastq.gz
Read in 116606 paired-sequences, output 82155 (70.5%) filtered paired-sequences.
Overwriting file:/bulk/sycuro_bulk/daniel/diabetes/UC_UT_collaboration/FemMicro16S_Daniel/blackbox_testing/FemMicro16S_plate3/plate3.1/dada2/dada2_filter/3918R_0_M_S2_week9_S78_L001_R1_001.fastq.gz
Overwriting file:/bulk/sycuro_bulk/daniel/diabetes/UC_UT_collaboration/FemMicro16S_Daniel/blackbox_testing/FemMicro16S_plate3/plate3.1/dada2/dada2_filter/3918R_0_M_S2_week9_S78_L001_R2_001.fastq.gz
Read in 102434 paired-sequences, output 70127 (68.5%) filtered paired-sequences.
Overwriting file:/bulk/sycuro_bulk/daniel/diabetes/UC_UT_collaboration/FemMicro16S_Daniel/blackbox_testing/FemMicro16S_plate3/plate3.1/dada2/dada2_filter/3918R_L_M_S2_week5_S54_L001_R1_001.fastq.gz
Overwriting file:/bulk/sycuro_bulk/daniel/diabetes/UC_UT_collaboration/FemMicro16S_Daniel/blackbox_testing/FemMicro16S_plate3/plate3.1/dada2/dada2_filter/3918R_L_M_S2_week5_S54_L001_R2_001.fastq.gz
Read in 109256 paired-sequences, output 75567 (69.2%) filtered paired-sequences.
Overwriting file:/bulk/sycuro_bulk/daniel/diabetes/UC_UT_collaboration/FemMicro16S_Daniel/blackbox_testing/FemMicro16S_plate3/plate3.1/dada2/dada2_filter/3918R_L_M_S2_week9_S79_L001_R1_001.fastq.gz
Overwriting file:/bulk/sycuro_bulk/daniel/diabetes/UC_UT_collaboration/FemMicro16S_Daniel/blackbox_testing/FemMicro16S_plate3/plate3.1/dada2/dada2_filter/3918R_L_M_S2_week9_S79_L001_R2_001.fastq.gz
Read in 129111 paired-sequences, output 88985 (68.9%) filtered paired-sequences.
Overwriting file:/bulk/sycuro_bulk/daniel/diabetes/UC_UT_collaboration/FemMicro16S_Daniel/blackbox_testing/FemMicro16S_plate3/plate3.1/dada2/dada2_filter/3918R_RL_M_S2_week5_S55_L001_R1_001.fastq.gz
Overwriting file:/bulk/sycuro_bulk/daniel/diabetes/UC_UT_collaboration/FemMicro16S_Daniel/blackbox_testing/FemMicro16S_plate3/plate3.1/dada2/dada2_filter/3918R_RL_M_S2_week5_S55_L001_R2_001.fastq.gz
Read in 110916 paired-sequences, output 76788 (69.2%) filtered paired-sequences.
Overwriting file:/bulk/sycuro_bulk/daniel/diabetes/UC_UT_collaboration/FemMicro16S_Daniel/blackbox_testing/FemMicro16S_plate3/plate3.1/dada2/dada2_filter/3918R_RL_M_S2_week9_S80_L001_R1_001.fastq.gz
Overwriting file:/bulk/sycuro_bulk/daniel/diabetes/UC_UT_collaboration/FemMicro16S_Daniel/blackbox_testing/FemMicro16S_plate3/plate3.1/dada2/dada2_filter/3918R_RL_M_S2_week9_S80_L001_R2_001.fastq.gz
Read in 117787 paired-sequences, output 78727 (66.8%) filtered paired-sequences.
Overwriting file:/bulk/sycuro_bulk/daniel/diabetes/UC_UT_collaboration/FemMicro16S_Daniel/blackbox_testing/FemMicro16S_plate3/plate3.1/dada2/dada2_filter/3918R_RR_M_S2_week5_S56_L001_R1_001.fastq.gz
Overwriting file:/bulk/sycuro_bulk/daniel/diabetes/UC_UT_collaboration/FemMicro16S_Daniel/blackbox_testing/FemMicro16S_plate3/plate3.1/dada2/dada2_filter/3918R_RR_M_S2_week5_S56_L001_R2_001.fastq.gz
Read in 120383 paired-sequences, output 80639 (67%) filtered paired-sequences.
Overwriting file:/bulk/sycuro_bulk/daniel/diabetes/UC_UT_collaboration/FemMicro16S_Daniel/blackbox_testing/FemMicro16S_plate3/plate3.1/dada2/dada2_filter/3918R_RR_M_S2_week9_S81_L001_R1_001.fastq.gz
Overwriting file:/bulk/sycuro_bulk/daniel/diabetes/UC_UT_collaboration/FemMicro16S_Daniel/blackbox_testing/FemMicro16S_plate3/plate3.1/dada2/dada2_filter/3918R_RR_M_S2_week9_S81_L001_R2_001.fastq.gz
Read in 103625 paired-sequences, output 71773 (69.3%) filtered paired-sequences.
Overwriting file:/bulk/sycuro_bulk/daniel/diabetes/UC_UT_collaboration/FemMicro16S_Daniel/blackbox_testing/FemMicro16S_plate3/plate3.1/dada2/dada2_filter/3918R_S2_week29_S32_L001_R1_001.fastq.gz
Overwriting file:/bulk/sycuro_bulk/daniel/diabetes/UC_UT_collaboration/FemMicro16S_Daniel/blackbox_testing/FemMicro16S_plate3/plate3.1/dada2/dada2_filter/3918R_S2_week29_S32_L001_R2_001.fastq.gz
Read in 112779 paired-sequences, output 80126 (71%) filtered paired-sequences.
Overwriting file:/bulk/sycuro_bulk/daniel/diabetes/UC_UT_collaboration/FemMicro16S_Daniel/blackbox_testing/FemMicro16S_plate3/plate3.1/dada2/dada2_filter/3969R_R_F_S2_Pellet_week9_S82_L001_R1_001.fastq.gz
Overwriting file:/bulk/sycuro_bulk/daniel/diabetes/UC_UT_collaboration/FemMicro16S_Daniel/blackbox_testing/FemMicro16S_plate3/plate3.1/dada2/dada2_filter/3969R_R_F_S2_Pellet_week9_S82_L001_R2_001.fastq.gz
Read in 118770 paired-sequences, output 81860 (68.9%) filtered paired-sequences.
Overwriting file:/bulk/sycuro_bulk/daniel/diabetes/UC_UT_collaboration/FemMicro16S_Daniel/blackbox_testing/FemMicro16S_plate3/plate3.1/dada2/dada2_filter/3969R_R_F_S2_diabetes_S18_L001_R1_001.fastq.gz
Overwriting file:/bulk/sycuro_bulk/daniel/diabetes/UC_UT_collaboration/FemMicro16S_Daniel/blackbox_testing/FemMicro16S_plate3/plate3.1/dada2/dada2_filter/3969R_R_F_S2_diabetes_S18_L001_R2_001.fastq.gz
Read in 121379 paired-sequences, output 87755 (72.3%) filtered paired-sequences.
Overwriting file:/bulk/sycuro_bulk/daniel/diabetes/UC_UT_collaboration/FemMicro16S_Daniel/blackbox_testing/FemMicro16S_plate3/plate3.1/dada2/dada2_filter/3969R_R_F_S2_week5_S57_L001_R1_001.fastq.gz
Overwriting file:/bulk/sycuro_bulk/daniel/diabetes/UC_UT_collaboration/FemMicro16S_Daniel/blackbox_testing/FemMicro16S_plate3/plate3.1/dada2/dada2_filter/3969R_R_F_S2_week5_S57_L001_R2_001.fastq.gz
Read in 139634 paired-sequences, output 93922 (67.3%) filtered paired-sequences.
Overwriting file:/bulk/sycuro_bulk/daniel/diabetes/UC_UT_collaboration/FemMicro16S_Daniel/blackbox_testing/FemMicro16S_plate3/plate3.1/dada2/dada2_filter/3969R_S2_week18_S26_L001_R1_001.fastq.gz
Overwriting file:/bulk/sycuro_bulk/daniel/diabetes/UC_UT_collaboration/FemMicro16S_Daniel/blackbox_testing/FemMicro16S_plate3/plate3.1/dada2/dada2_filter/3969R_S2_week18_S26_L001_R2_001.fastq.gz
Read in 106736 paired-sequences, output 74393 (69.7%) filtered paired-sequences.
Overwriting file:/bulk/sycuro_bulk/daniel/diabetes/UC_UT_collaboration/FemMicro16S_Daniel/blackbox_testing/FemMicro16S_plate3/plate3.1/dada2/dada2_filter/3980R_0_F_S2_diabetes_S19_L001_R1_001.fastq.gz
Overwriting file:/bulk/sycuro_bulk/daniel/diabetes/UC_UT_collaboration/FemMicro16S_Daniel/blackbox_testing/FemMicro16S_plate3/plate3.1/dada2/dada2_filter/3980R_0_F_S2_diabetes_S19_L001_R2_001.fastq.gz
Read in 131286 paired-sequences, output 93291 (71.1%) filtered paired-sequences.
Overwriting file:/bulk/sycuro_bulk/daniel/diabetes/UC_UT_collaboration/FemMicro16S_Daniel/blackbox_testing/FemMicro16S_plate3/plate3.1/dada2/dada2_filter/3980R_0_F_S2_week5_S58_L001_R1_001.fastq.gz
Overwriting file:/bulk/sycuro_bulk/daniel/diabetes/UC_UT_collaboration/FemMicro16S_Daniel/blackbox_testing/FemMicro16S_plate3/plate3.1/dada2/dada2_filter/3980R_0_F_S2_week5_S58_L001_R2_001.fastq.gz
Read in 123432 paired-sequences, output 83516 (67.7%) filtered paired-sequences.
Overwriting file:/bulk/sycuro_bulk/daniel/diabetes/UC_UT_collaboration/FemMicro16S_Daniel/blackbox_testing/FemMicro16S_plate3/plate3.1/dada2/dada2_filter/3980R_L_F_S2_Pellet_week9_S83_L001_R1_001.fastq.gz
Overwriting file:/bulk/sycuro_bulk/daniel/diabetes/UC_UT_collaboration/FemMicro16S_Daniel/blackbox_testing/FemMicro16S_plate3/plate3.1/dada2/dada2_filter/3980R_L_F_S2_Pellet_week9_S83_L001_R2_001.fastq.gz
Read in 116591 paired-sequences, output 80764 (69.3%) filtered paired-sequences.
Overwriting file:/bulk/sycuro_bulk/daniel/diabetes/UC_UT_collaboration/FemMicro16S_Daniel/blackbox_testing/FemMicro16S_plate3/plate3.1/dada2/dada2_filter/3980R_L_F_S2_week5_S59_L001_R1_001.fastq.gz
Overwriting file:/bulk/sycuro_bulk/daniel/diabetes/UC_UT_collaboration/FemMicro16S_Daniel/blackbox_testing/FemMicro16S_plate3/plate3.1/dada2/dada2_filter/3980R_L_F_S2_week5_S59_L001_R2_001.fastq.gz
Read in 141975 paired-sequences, output 99242 (69.9%) filtered paired-sequences.
Overwriting file:/bulk/sycuro_bulk/daniel/diabetes/UC_UT_collaboration/FemMicro16S_Daniel/blackbox_testing/FemMicro16S_plate3/plate3.1/dada2/dada2_filter/3980R_R_F_S2_Pellet_week9_S84_L001_R1_001.fastq.gz
Overwriting file:/bulk/sycuro_bulk/daniel/diabetes/UC_UT_collaboration/FemMicro16S_Daniel/blackbox_testing/FemMicro16S_plate3/plate3.1/dada2/dada2_filter/3980R_R_F_S2_Pellet_week9_S84_L001_R2_001.fastq.gz
Read in 122936 paired-sequences, output 85796 (69.8%) filtered paired-sequences.
Overwriting file:/bulk/sycuro_bulk/daniel/diabetes/UC_UT_collaboration/FemMicro16S_Daniel/blackbox_testing/FemMicro16S_plate3/plate3.1/dada2/dada2_filter/3980R_R_F_S2_diabetes_S20_L001_R1_001.fastq.gz
Overwriting file:/bulk/sycuro_bulk/daniel/diabetes/UC_UT_collaboration/FemMicro16S_Daniel/blackbox_testing/FemMicro16S_plate3/plate3.1/dada2/dada2_filter/3980R_R_F_S2_diabetes_S20_L001_R2_001.fastq.gz
Read in 145774 paired-sequences, output 105536 (72.4%) filtered paired-sequences.
Overwriting file:/bulk/sycuro_bulk/daniel/diabetes/UC_UT_collaboration/FemMicro16S_Daniel/blackbox_testing/FemMicro16S_plate3/plate3.1/dada2/dada2_filter/3980R_R_F_S2_week5_S60_L001_R1_001.fastq.gz
Overwriting file:/bulk/sycuro_bulk/daniel/diabetes/UC_UT_collaboration/FemMicro16S_Daniel/blackbox_testing/FemMicro16S_plate3/plate3.1/dada2/dada2_filter/3980R_R_F_S2_week5_S60_L001_R2_001.fastq.gz
Read in 155570 paired-sequences, output 110788 (71.2%) filtered paired-sequences.
Overwriting file:/bulk/sycuro_bulk/daniel/diabetes/UC_UT_collaboration/FemMicro16S_Daniel/blackbox_testing/FemMicro16S_plate3/plate3.1/dada2/dada2_filter/3980R_S2_week14_S23_L001_R1_001.fastq.gz
Overwriting file:/bulk/sycuro_bulk/daniel/diabetes/UC_UT_collaboration/FemMicro16S_Daniel/blackbox_testing/FemMicro16S_plate3/plate3.1/dada2/dada2_filter/3980R_S2_week14_S23_L001_R2_001.fastq.gz
Read in 146184 paired-sequences, output 105789 (72.4%) filtered paired-sequences.
Overwriting file:/bulk/sycuro_bulk/daniel/diabetes/UC_UT_collaboration/FemMicro16S_Daniel/blackbox_testing/FemMicro16S_plate3/plate3.1/dada2/dada2_filter/NS6_defined_inocula_S86_L001_R1_001.fastq.gz
Overwriting file:/bulk/sycuro_bulk/daniel/diabetes/UC_UT_collaboration/FemMicro16S_Daniel/blackbox_testing/FemMicro16S_plate3/plate3.1/dada2/dada2_filter/NS6_defined_inocula_S86_L001_R2_001.fastq.gz
Read in 153862 paired-sequences, output 104970 (68.2%) filtered paired-sequences.
Overwriting file:/bulk/sycuro_bulk/daniel/diabetes/UC_UT_collaboration/FemMicro16S_Daniel/blackbox_testing/FemMicro16S_plate3/plate3.1/dada2/dada2_filter/Negative_extraction_S85_L001_R1_001.fastq.gz
Overwriting file:/bulk/sycuro_bulk/daniel/diabetes/UC_UT_collaboration/FemMicro16S_Daniel/blackbox_testing/FemMicro16S_plate3/plate3.1/dada2/dada2_filter/Negative_extraction_S85_L001_R2_001.fastq.gz
Read in 216225 paired-sequences, output 127041 (58.8%) filtered paired-sequences.
Overwriting file:/bulk/sycuro_bulk/daniel/diabetes/UC_UT_collaboration/FemMicro16S_Daniel/blackbox_testing/FemMicro16S_plate3/plate3.1/dada2/dada2_filter/Negtive_Control_S90_L001_R1_001.fastq.gz
Overwriting file:/bulk/sycuro_bulk/daniel/diabetes/UC_UT_collaboration/FemMicro16S_Daniel/blackbox_testing/FemMicro16S_plate3/plate3.1/dada2/dada2_filter/Negtive_Control_S90_L001_R2_001.fastq.gz
Read in 1540 paired-sequences, output 488 (31.7%) filtered paired-sequences.
Overwriting file:/bulk/sycuro_bulk/daniel/diabetes/UC_UT_collaboration/FemMicro16S_Daniel/blackbox_testing/FemMicro16S_plate3/plate3.1/dada2/dada2_filter/Positive_Control_S89_L001_R1_001.fastq.gz
Overwriting file:/bulk/sycuro_bulk/daniel/diabetes/UC_UT_collaboration/FemMicro16S_Daniel/blackbox_testing/FemMicro16S_plate3/plate3.1/dada2/dada2_filter/Positive_Control_S89_L001_R2_001.fastq.gz
Read in 140648 paired-sequences, output 88577 (63%) filtered paired-sequences.
Overwriting file:/bulk/sycuro_bulk/daniel/diabetes/UC_UT_collaboration/FemMicro16S_Daniel/blackbox_testing/FemMicro16S_plate3/plate3.1/dada2/dada2_filter/S2_defined_inocula_S88_L001_R1_001.fastq.gz
Overwriting file:/bulk/sycuro_bulk/daniel/diabetes/UC_UT_collaboration/FemMicro16S_Daniel/blackbox_testing/FemMicro16S_plate3/plate3.1/dada2/dada2_filter/S2_defined_inocula_S88_L001_R2_001.fastq.gz
Read in 116439 paired-sequences, output 77097 (66.2%) filtered paired-sequences.
Overwriting file:/bulk/sycuro_bulk/daniel/diabetes/UC_UT_collaboration/FemMicro16S_Daniel/blackbox_testing/FemMicro16S_plate3/plate3.1/dada2/dada2_filter/S5_defined_inocula_S87_L001_R1_001.fastq.gz
Overwriting file:/bulk/sycuro_bulk/daniel/diabetes/UC_UT_collaboration/FemMicro16S_Daniel/blackbox_testing/FemMicro16S_plate3/plate3.1/dada2/dada2_filter/S5_defined_inocula_S87_L001_R2_001.fastq.gz
Read in 176664 paired-sequences, output 115236 (65.2%) filtered paired-sequences.
Not cleaning up /bulk/sycuro_bulk/daniel/diabetes/UC_UT_collaboration/FemMicro16S_Daniel/blackbox_testing/FemMicro16S_plate3/.snakemake/scripts/tmp96txvufi.dada2_filter.R
[Thu Jun 26 01:31:56 2025]
Finished job 0.
1 of 1 steps (100%) done
