Building DAG of jobs...
Using shell: /usr/bin/bash
Provided cores: 1 (use --cores to define parallelism)
Rules claiming more threads will be scaled down.
Provided resources: mem_mb=1000, mem_mib=954, disk_mb=1000, disk_mib=954
Select jobs to execute...

[Thu Jun 26 00:26:51 2025]
rule fastqcFilt:
    input: plate3.1/cutadapt_qc/S5_defined_inocula_S87_L001_R1_001.fastq.gz, plate3.1/cutadapt_qc/S5_defined_inocula_S87_L001_R2_001.fastq.gz
    output: plate3.1/fastqc_filt/S5_defined_inocula_S87_L001_R1_001_fastqc.html, plate3.1/fastqc_filt/S5_defined_inocula_S87_L001_R2_001_fastqc.html
    jobid: 0
    reason: Forced execution
    wildcards: sample=S5_defined_inocula_S87_L001
    resources: mem_mb=1000, mem_mib=954, disk_mb=1000, disk_mib=954, tmpdir=/home/daniel.castanedamogo/tmp, tempdir=plate3.1/fastqc_filt/tmp/

Activating conda environment: QC
Started analysis of S5_defined_inocula_S87_L001_R1_001.fastq.gz
Approx 5% complete for S5_defined_inocula_S87_L001_R1_001.fastq.gz
Approx 10% complete for S5_defined_inocula_S87_L001_R1_001.fastq.gz
Approx 15% complete for S5_defined_inocula_S87_L001_R1_001.fastq.gz
Approx 20% complete for S5_defined_inocula_S87_L001_R1_001.fastq.gz
Approx 25% complete for S5_defined_inocula_S87_L001_R1_001.fastq.gz
Approx 30% complete for S5_defined_inocula_S87_L001_R1_001.fastq.gz
Approx 35% complete for S5_defined_inocula_S87_L001_R1_001.fastq.gz
Approx 40% complete for S5_defined_inocula_S87_L001_R1_001.fastq.gz
Approx 45% complete for S5_defined_inocula_S87_L001_R1_001.fastq.gz
Approx 50% complete for S5_defined_inocula_S87_L001_R1_001.fastq.gz
Approx 55% complete for S5_defined_inocula_S87_L001_R1_001.fastq.gz
Approx 60% complete for S5_defined_inocula_S87_L001_R1_001.fastq.gz
Approx 65% complete for S5_defined_inocula_S87_L001_R1_001.fastq.gz
Approx 70% complete for S5_defined_inocula_S87_L001_R1_001.fastq.gz
Approx 75% complete for S5_defined_inocula_S87_L001_R1_001.fastq.gz
Approx 80% complete for S5_defined_inocula_S87_L001_R1_001.fastq.gz
Approx 85% complete for S5_defined_inocula_S87_L001_R1_001.fastq.gz
Approx 90% complete for S5_defined_inocula_S87_L001_R1_001.fastq.gz
Approx 95% complete for S5_defined_inocula_S87_L001_R1_001.fastq.gz
Started analysis of S5_defined_inocula_S87_L001_R2_001.fastq.gz
Approx 5% complete for S5_defined_inocula_S87_L001_R2_001.fastq.gz
Approx 10% complete for S5_defined_inocula_S87_L001_R2_001.fastq.gz
Approx 15% complete for S5_defined_inocula_S87_L001_R2_001.fastq.gz
Approx 20% complete for S5_defined_inocula_S87_L001_R2_001.fastq.gz
Approx 25% complete for S5_defined_inocula_S87_L001_R2_001.fastq.gz
Approx 30% complete for S5_defined_inocula_S87_L001_R2_001.fastq.gz
Approx 35% complete for S5_defined_inocula_S87_L001_R2_001.fastq.gz
Approx 40% complete for S5_defined_inocula_S87_L001_R2_001.fastq.gz
Approx 45% complete for S5_defined_inocula_S87_L001_R2_001.fastq.gz
Approx 50% complete for S5_defined_inocula_S87_L001_R2_001.fastq.gz
Approx 55% complete for S5_defined_inocula_S87_L001_R2_001.fastq.gz
Approx 60% complete for S5_defined_inocula_S87_L001_R2_001.fastq.gz
Approx 65% complete for S5_defined_inocula_S87_L001_R2_001.fastq.gz
Approx 70% complete for S5_defined_inocula_S87_L001_R2_001.fastq.gz
Approx 75% complete for S5_defined_inocula_S87_L001_R2_001.fastq.gz
Approx 80% complete for S5_defined_inocula_S87_L001_R2_001.fastq.gz
Approx 85% complete for S5_defined_inocula_S87_L001_R2_001.fastq.gz
Approx 90% complete for S5_defined_inocula_S87_L001_R2_001.fastq.gz
Approx 95% complete for S5_defined_inocula_S87_L001_R2_001.fastq.gz
[Thu Jun 26 00:27:13 2025]
Finished job 0.
1 of 1 steps (100%) done
