Building DAG of jobs...
Using shell: /usr/bin/bash
Provided cores: 1 (use --cores to define parallelism)
Rules claiming more threads will be scaled down.
Provided resources: mem_mb=1000, mem_mib=954, disk_mb=1000, disk_mib=954
Select jobs to execute...

[Thu Jun 26 00:30:24 2025]
rule fastqcFilt:
    input: plate3.1/cutadapt_qc/Negtive_Control_S90_L001_R1_001.fastq.gz, plate3.1/cutadapt_qc/Negtive_Control_S90_L001_R2_001.fastq.gz
    output: plate3.1/fastqc_filt/Negtive_Control_S90_L001_R1_001_fastqc.html, plate3.1/fastqc_filt/Negtive_Control_S90_L001_R2_001_fastqc.html
    jobid: 0
    reason: Forced execution
    wildcards: sample=Negtive_Control_S90_L001
    resources: mem_mb=1000, mem_mib=954, disk_mb=1000, disk_mib=954, tmpdir=/home/daniel.castanedamogo/tmp, tempdir=plate3.1/fastqc_filt/tmp/

Activating conda environment: QC
Started analysis of Negtive_Control_S90_L001_R1_001.fastq.gz
Approx 65% complete for Negtive_Control_S90_L001_R1_001.fastq.gz
Started analysis of Negtive_Control_S90_L001_R2_001.fastq.gz
Approx 65% complete for Negtive_Control_S90_L001_R2_001.fastq.gz
[Thu Jun 26 00:30:43 2025]
Finished job 0.
1 of 1 steps (100%) done
