Processing: 016R_0_F_NS6_week5_S1_L001 
Sample 1 - 65685 reads in 11374 unique sequences.
Sample 1 - 65685 reads in 24171 unique sequences.
Processing: 016R_R_F_NS6_Pellet_week9_S2_L001 
Sample 1 - 70112 reads in 12161 unique sequences.
Sample 1 - 70112 reads in 24860 unique sequences.
Processing: 073R_R_M_S2_Pellet_week9_S61_L001 
Sample 1 - 100141 reads in 14494 unique sequences.
Sample 1 - 100141 reads in 32519 unique sequences.
Processing: 073R_R_M_S2_diabetes_S7_L001 
Sample 1 - 72094 reads in 11620 unique sequences.
Sample 1 - 72094 reads in 23789 unique sequences.
Processing: 073R_R_M_S2_week5_S33_L001 
Sample 1 - 77364 reads in 11102 unique sequences.
Sample 1 - 77364 reads in 27424 unique sequences.
Processing: 073R_S2_week21_S27_L001 
Sample 1 - 81006 reads in 12186 unique sequences.
Sample 1 - 81006 reads in 28364 unique sequences.
Processing: 096R_0_M_S5_week5_S4_L001 
Sample 1 - 58730 reads in 9109 unique sequences.
Sample 1 - 58730 reads in 20691 unique sequences.
Processing: 1067R_0_M_S2_week5_S34_L001 
Sample 1 - 91647 reads in 12832 unique sequences.
Sample 1 - 91647 reads in 31432 unique sequences.
Processing: 1067R_0_M_S2_week9_S62_L001 
Sample 1 - 94096 reads in 14322 unique sequences.
Sample 1 - 94096 reads in 30403 unique sequences.
Processing: 1067R_L_M_S2_week5_S35_L001 
Sample 1 - 74992 reads in 11822 unique sequences.
Sample 1 - 74992 reads in 25015 unique sequences.
Processing: 1067R_L_M_S2_week9_S63_L001 
Sample 1 - 89177 reads in 14007 unique sequences.
Sample 1 - 89177 reads in 31693 unique sequences.
Processing: 1067R_R_M_S2_diabetes_S8_L001 
Sample 1 - 56608 reads in 9575 unique sequences.
Sample 1 - 56608 reads in 20056 unique sequences.
Processing: 1067R_S2_week27_S30_L001 
Sample 1 - 78533 reads in 12883 unique sequences.
Sample 1 - 78533 reads in 25968 unique sequences.
Processing: 1075R_RL_M_NS6_Pellet_week9_S3_L001 
Sample 1 - 70104 reads in 12008 unique sequences.
Sample 1 - 70104 reads in 24296 unique sequences.
Processing: 1152R_0_M_S2_week5_S36_L001 
Sample 1 - 95280 reads in 13772 unique sequences.
Sample 1 - 95280 reads in 30907 unique sequences.
Processing: 1152R_L_M_S2_diabetes_S9_L001 
Sample 1 - 91114 reads in 13698 unique sequences.
Sample 1 - 91114 reads in 30176 unique sequences.
Processing: 1152R_L_M_S2_week5_S37_L001 
Sample 1 - 97936 reads in 14112 unique sequences.
Sample 1 - 97936 reads in 30403 unique sequences.
Processing: 1152R_L_M_S2_week9_S64_L001 
Sample 1 - 82793 reads in 12048 unique sequences.
Sample 1 - 82793 reads in 29677 unique sequences.
Processing: 1152R_R_M_S2_week5_S38_L001 
Sample 1 - 66639 reads in 10733 unique sequences.
Sample 1 - 66639 reads in 23752 unique sequences.
Processing: 1152R_R_M_S2_week9_S65_L001 
Sample 1 - 65870 reads in 10332 unique sequences.
Sample 1 - 65870 reads in 23205 unique sequences.
Processing: 1152R_S2_week28_S31_L001 
Sample 1 - 83950 reads in 12356 unique sequences.
Sample 1 - 83950 reads in 28445 unique sequences.
Processing: 1174R_0_M_S2_diabetes_S10_L001 
Sample 1 - 80690 reads in 12459 unique sequences.
Sample 1 - 80690 reads in 30255 unique sequences.
Processing: 1174R_0_M_S2_week5_S39_L001 
Sample 1 - 75636 reads in 11819 unique sequences.
Sample 1 - 75636 reads in 25107 unique sequences.
Processing: 1174R_S2_week14_S21_L001 
Sample 1 - 88517 reads in 14187 unique sequences.
Sample 1 - 88517 reads in 29061 unique sequences.
Processing: 2402R_R_F_S5_Pellet_week9_S5_L001 
Sample 1 - 59636 reads in 9407 unique sequences.
Sample 1 - 59636 reads in 22182 unique sequences.
Processing: 2404R_0_F_S2_week5_S40_L001 
Sample 1 - 83623 reads in 11336 unique sequences.
Sample 1 - 83623 reads in 28565 unique sequences.
Processing: 2404R_0_F_S2_week9_S66_L001 
Sample 1 - 73572 reads in 11142 unique sequences.
Sample 1 - 73572 reads in 25863 unique sequences.
Processing: 2404R_L_F_S2_diabetes_S11_L001 
Sample 1 - 82565 reads in 12967 unique sequences.
Sample 1 - 82565 reads in 27776 unique sequences.
Processing: 2404R_L_F_S2_week5_S41_L001 
Sample 1 - 86575 reads in 13371 unique sequences.
Sample 1 - 86575 reads in 30326 unique sequences.
Processing: 2404R_L_F_S2_week9_S67_L001 
Sample 1 - 76981 reads in 11474 unique sequences.
Sample 1 - 76981 reads in 27299 unique sequences.
Processing: 2404R_S2_week14_S22_L001 
Sample 1 - 101056 reads in 15126 unique sequences.
Sample 1 - 101056 reads in 32646 unique sequences.
Processing: 2446R_0_F_S2_week5_S42_L001 
Sample 1 - 81835 reads in 11851 unique sequences.
Sample 1 - 81835 reads in 27950 unique sequences.
Processing: 2446R_L_F_S2_diabetes_S12_L001 
Sample 1 - 89243 reads in 14411 unique sequences.
Sample 1 - 89243 reads in 31067 unique sequences.
Processing: 2446R_RL_F_S2_Pellet_week9_S69_L001 
Sample 1 - 94812 reads in 14485 unique sequences.
Sample 1 - 94812 reads in 29903 unique sequences.
Processing: 2446R_RL_F_S2_week5_S44_L001 
Sample 1 - 77515 reads in 11878 unique sequences.
Sample 1 - 77515 reads in 27708 unique sequences.
Processing: 2446R_R_F_S2_Pellet_week9_S68_L001 
Sample 1 - 71181 reads in 10945 unique sequences.
Sample 1 - 71181 reads in 24512 unique sequences.
Processing: 2446R_R_F_S2_week5_S43_L001 
Sample 1 - 87779 reads in 11576 unique sequences.
Sample 1 - 87779 reads in 28833 unique sequences.
Processing: 2446R_S2_week15_S24_L001 
Sample 1 - 73843 reads in 11116 unique sequences.
Sample 1 - 73843 reads in 25511 unique sequences.
Processing: 2453R_0_F_S2_Pellet_week9_S70_L001 
Sample 1 - 74921 reads in 11649 unique sequences.
Sample 1 - 74921 reads in 26052 unique sequences.
Processing: 2453R_0_F_S2_week5_S45_L001 
Sample 1 - 68220 reads in 10090 unique sequences.
Sample 1 - 68220 reads in 23701 unique sequences.
Processing: 2453R_L_F_S2_Pellet_week9_S71_L001 
Sample 1 - 78565 reads in 12567 unique sequences.
Sample 1 - 78565 reads in 26344 unique sequences.
Processing: 2453R_L_F_S2_diabetes_S13_L001 
Sample 1 - 106959 reads in 16109 unique sequences.
Sample 1 - 106959 reads in 33502 unique sequences.
Processing: 2453R_L_F_S2_week5_S46_L001 
Sample 1 - 89000 reads in 12835 unique sequences.
Sample 1 - 89000 reads in 28868 unique sequences.
Processing: 2453R_R_F_S2_Pellet_week9_S72_L001 
Sample 1 - 66551 reads in 10209 unique sequences.
Sample 1 - 66551 reads in 23961 unique sequences.
Processing: 2453R_R_F_S2_diabetes_S14_L001 
Sample 1 - 81592 reads in 13167 unique sequences.
Sample 1 - 81592 reads in 27423 unique sequences.
Processing: 2453R_R_F_S2_week5_S47_L001 
Sample 1 - 63620 reads in 9930 unique sequences.
Sample 1 - 63620 reads in 22017 unique sequences.
Processing: 2453R_S2_week21_S28_L001 
Sample 1 - 69943 reads in 11674 unique sequences.
Sample 1 - 69943 reads in 23918 unique sequences.
Processing: 2475R_RL_M_S5_Pellet_week9_S6_L001 
Sample 1 - 69432 reads in 10515 unique sequences.
Sample 1 - 69432 reads in 25153 unique sequences.
Processing: 3795R_L_F_S2_week5_S48_L001 
Sample 1 - 87949 reads in 12499 unique sequences.
Sample 1 - 87949 reads in 31171 unique sequences.
Processing: 3795R_L_F_S2_week9_S73_L001 
Sample 1 - 70995 reads in 10503 unique sequences.
Sample 1 - 70995 reads in 28878 unique sequences.
Processing: 3880R_0_F_S2_week5_S49_L001 
Sample 1 - 82392 reads in 12178 unique sequences.
Sample 1 - 82392 reads in 31211 unique sequences.
Processing: 3880R_0_F_S2_week9_S74_L001 
Sample 1 - 80343 reads in 10999 unique sequences.
Sample 1 - 80343 reads in 33266 unique sequences.
Processing: 3880R_L_F_S2_week5_S50_L001 
Sample 1 - 68160 reads in 10491 unique sequences.
Sample 1 - 68160 reads in 26280 unique sequences.
Processing: 3880R_L_F_S2_week9_S75_L001 
Sample 1 - 98955 reads in 13663 unique sequences.
Sample 1 - 98955 reads in 36980 unique sequences.
Processing: 3880R_R_F_S2_week5_S51_L001 
Sample 1 - 84443 reads in 12145 unique sequences.
Sample 1 - 84443 reads in 30121 unique sequences.
Processing: 3880R_R_F_S2_week9_S76_L001 
Sample 1 - 73907 reads in 12041 unique sequences.
Sample 1 - 73907 reads in 28016 unique sequences.
Processing: 3880R_S2_week15_S25_L001 
Sample 1 - 67597 reads in 10674 unique sequences.
Sample 1 - 67597 reads in 24212 unique sequences.
Processing: 3909R_0_M_S2_diabetes_S15_L001 
Sample 1 - 76644 reads in 12518 unique sequences.
Sample 1 - 76644 reads in 26422 unique sequences.
Processing: 3909R_L_M_S2_diabetes_S16_L001 
Sample 1 - 99389 reads in 14626 unique sequences.
Sample 1 - 99389 reads in 32986 unique sequences.
Processing: 3909R_L_M_S2_week5_S52_L001 
Sample 1 - 68653 reads in 10666 unique sequences.
Sample 1 - 68653 reads in 24643 unique sequences.
Processing: 3909R_L_M_S2_week9_S77_L001 
Sample 1 - 80973 reads in 12606 unique sequences.
Sample 1 - 80973 reads in 29773 unique sequences.
Processing: 3909R_S2_week21_S29_L001 
Sample 1 - 77932 reads in 12344 unique sequences.
Sample 1 - 77932 reads in 26279 unique sequences.
Processing: 3918R_0_M_S2_diabetes_S17_L001 
Sample 1 - 102103 reads in 14275 unique sequences.
Sample 1 - 102103 reads in 32511 unique sequences.
Processing: 3918R_0_M_S2_week5_S53_L001 
Sample 1 - 82155 reads in 12253 unique sequences.
Sample 1 - 82155 reads in 27586 unique sequences.
Processing: 3918R_0_M_S2_week9_S78_L001 
Sample 1 - 70127 reads in 11051 unique sequences.
Sample 1 - 70127 reads in 25313 unique sequences.
Processing: 3918R_L_M_S2_week5_S54_L001 
Sample 1 - 75567 reads in 11610 unique sequences.
Sample 1 - 75567 reads in 26569 unique sequences.
Processing: 3918R_L_M_S2_week9_S79_L001 
Sample 1 - 88985 reads in 13776 unique sequences.
Sample 1 - 88985 reads in 31936 unique sequences.
Processing: 3918R_RL_M_S2_week5_S55_L001 
Sample 1 - 76788 reads in 12104 unique sequences.
Sample 1 - 76788 reads in 27332 unique sequences.
Processing: 3918R_RL_M_S2_week9_S80_L001 
Sample 1 - 78727 reads in 11665 unique sequences.
Sample 1 - 78727 reads in 30673 unique sequences.
Processing: 3918R_RR_M_S2_week5_S56_L001 
Sample 1 - 80639 reads in 11845 unique sequences.
Sample 1 - 80639 reads in 30201 unique sequences.
Processing: 3918R_RR_M_S2_week9_S81_L001 
Sample 1 - 71773 reads in 11227 unique sequences.
Sample 1 - 71773 reads in 24659 unique sequences.
Processing: 3918R_S2_week29_S32_L001 
Sample 1 - 80126 reads in 12481 unique sequences.
Sample 1 - 80126 reads in 27324 unique sequences.
Processing: 3969R_R_F_S2_Pellet_week9_S82_L001 
Sample 1 - 81860 reads in 12353 unique sequences.
Sample 1 - 81860 reads in 29664 unique sequences.
Processing: 3969R_R_F_S2_diabetes_S18_L001 
Sample 1 - 87755 reads in 14069 unique sequences.
Sample 1 - 87755 reads in 29708 unique sequences.
Processing: 3969R_R_F_S2_week5_S57_L001 
Sample 1 - 93922 reads in 13407 unique sequences.
Sample 1 - 93922 reads in 33894 unique sequences.
Processing: 3969R_S2_week18_S26_L001 
Sample 1 - 74393 reads in 11691 unique sequences.
Sample 1 - 74393 reads in 26568 unique sequences.
Processing: 3980R_0_F_S2_diabetes_S19_L001 
Sample 1 - 93291 reads in 14162 unique sequences.
Sample 1 - 93291 reads in 31059 unique sequences.
Processing: 3980R_0_F_S2_week5_S58_L001 
Sample 1 - 83516 reads in 12105 unique sequences.
Sample 1 - 83516 reads in 31132 unique sequences.
Processing: 3980R_L_F_S2_Pellet_week9_S83_L001 
Sample 1 - 80764 reads in 12283 unique sequences.
Sample 1 - 80764 reads in 28660 unique sequences.
Processing: 3980R_L_F_S2_week5_S59_L001 
Sample 1 - 99242 reads in 14613 unique sequences.
Sample 1 - 99242 reads in 34085 unique sequences.
Processing: 3980R_R_F_S2_Pellet_week9_S84_L001 
Sample 1 - 85796 reads in 12940 unique sequences.
Sample 1 - 85796 reads in 29126 unique sequences.
Processing: 3980R_R_F_S2_diabetes_S20_L001 
Sample 1 - 105536 reads in 15109 unique sequences.
Sample 1 - 105536 reads in 32712 unique sequences.
Processing: 3980R_R_F_S2_week5_S60_L001 
Sample 1 - 110788 reads in 15000 unique sequences.
Sample 1 - 110788 reads in 34351 unique sequences.
Processing: 3980R_S2_week14_S23_L001 
Sample 1 - 105789 reads in 15350 unique sequences.
Sample 1 - 105789 reads in 33052 unique sequences.
Processing: NS6_defined_inocula_S86_L001 
Sample 1 - 104970 reads in 19561 unique sequences.
Sample 1 - 104970 reads in 37058 unique sequences.
Processing: Negative_extraction_S85_L001 
Sample 1 - 127041 reads in 17589 unique sequences.
Sample 1 - 127041 reads in 41143 unique sequences.
Processing: Negtive_Control_S90_L001 
Sample 1 - 488 reads in 417 unique sequences.
Sample 1 - 488 reads in 450 unique sequences.
Processing: Positive_Control_S89_L001 
Sample 1 - 88577 reads in 14997 unique sequences.
Sample 1 - 88577 reads in 31094 unique sequences.
Processing: S2_defined_inocula_S88_L001 
Sample 1 - 77097 reads in 14276 unique sequences.
Sample 1 - 77097 reads in 30879 unique sequences.
Processing: S5_defined_inocula_S87_L001 
Sample 1 - 115236 reads in 19712 unique sequences.
Sample 1 - 115236 reads in 42617 unique sequences.
