109160296 total bases in 385396 reads from 5 samples will be used for learning the error rates.
103955295 total bases in 385396 reads from 5 samples will be used for learning the error rates.
 [1] "plate3.1/dada2/dada2_filter/016R_0_F_NS6_week5_S1_L001_R1_001.fastq.gz"         
 [2] "plate3.1/dada2/dada2_filter/016R_R_F_NS6_Pellet_week9_S2_L001_R1_001.fastq.gz"  
 [3] "plate3.1/dada2/dada2_filter/073R_R_M_S2_Pellet_week9_S61_L001_R1_001.fastq.gz"  
 [4] "plate3.1/dada2/dada2_filter/073R_R_M_S2_diabetes_S7_L001_R1_001.fastq.gz"       
 [5] "plate3.1/dada2/dada2_filter/073R_R_M_S2_week5_S33_L001_R1_001.fastq.gz"         
 [6] "plate3.1/dada2/dada2_filter/073R_S2_week21_S27_L001_R1_001.fastq.gz"            
 [7] "plate3.1/dada2/dada2_filter/096R_0_M_S5_week5_S4_L001_R1_001.fastq.gz"          
 [8] "plate3.1/dada2/dada2_filter/1067R_0_M_S2_week5_S34_L001_R1_001.fastq.gz"        
 [9] "plate3.1/dada2/dada2_filter/1067R_0_M_S2_week9_S62_L001_R1_001.fastq.gz"        
[10] "plate3.1/dada2/dada2_filter/1067R_L_M_S2_week5_S35_L001_R1_001.fastq.gz"        
[11] "plate3.1/dada2/dada2_filter/1067R_L_M_S2_week9_S63_L001_R1_001.fastq.gz"        
[12] "plate3.1/dada2/dada2_filter/1067R_R_M_S2_diabetes_S8_L001_R1_001.fastq.gz"      
[13] "plate3.1/dada2/dada2_filter/1067R_S2_week27_S30_L001_R1_001.fastq.gz"           
[14] "plate3.1/dada2/dada2_filter/1075R_RL_M_NS6_Pellet_week9_S3_L001_R1_001.fastq.gz"
[15] "plate3.1/dada2/dada2_filter/1152R_0_M_S2_week5_S36_L001_R1_001.fastq.gz"        
[16] "plate3.1/dada2/dada2_filter/1152R_L_M_S2_diabetes_S9_L001_R1_001.fastq.gz"      
[17] "plate3.1/dada2/dada2_filter/1152R_L_M_S2_week5_S37_L001_R1_001.fastq.gz"        
[18] "plate3.1/dada2/dada2_filter/1152R_L_M_S2_week9_S64_L001_R1_001.fastq.gz"        
[19] "plate3.1/dada2/dada2_filter/1152R_R_M_S2_week5_S38_L001_R1_001.fastq.gz"        
[20] "plate3.1/dada2/dada2_filter/1152R_R_M_S2_week9_S65_L001_R1_001.fastq.gz"        
[21] "plate3.1/dada2/dada2_filter/1152R_S2_week28_S31_L001_R1_001.fastq.gz"           
[22] "plate3.1/dada2/dada2_filter/1174R_0_M_S2_diabetes_S10_L001_R1_001.fastq.gz"     
[23] "plate3.1/dada2/dada2_filter/1174R_0_M_S2_week5_S39_L001_R1_001.fastq.gz"        
[24] "plate3.1/dada2/dada2_filter/1174R_S2_week14_S21_L001_R1_001.fastq.gz"           
[25] "plate3.1/dada2/dada2_filter/2402R_R_F_S5_Pellet_week9_S5_L001_R1_001.fastq.gz"  
[26] "plate3.1/dada2/dada2_filter/2404R_0_F_S2_week5_S40_L001_R1_001.fastq.gz"        
[27] "plate3.1/dada2/dada2_filter/2404R_0_F_S2_week9_S66_L001_R1_001.fastq.gz"        
[28] "plate3.1/dada2/dada2_filter/2404R_L_F_S2_diabetes_S11_L001_R1_001.fastq.gz"     
[29] "plate3.1/dada2/dada2_filter/2404R_L_F_S2_week5_S41_L001_R1_001.fastq.gz"        
[30] "plate3.1/dada2/dada2_filter/2404R_L_F_S2_week9_S67_L001_R1_001.fastq.gz"        
[31] "plate3.1/dada2/dada2_filter/2404R_S2_week14_S22_L001_R1_001.fastq.gz"           
[32] "plate3.1/dada2/dada2_filter/2446R_0_F_S2_week5_S42_L001_R1_001.fastq.gz"        
[33] "plate3.1/dada2/dada2_filter/2446R_L_F_S2_diabetes_S12_L001_R1_001.fastq.gz"     
[34] "plate3.1/dada2/dada2_filter/2446R_RL_F_S2_Pellet_week9_S69_L001_R1_001.fastq.gz"
[35] "plate3.1/dada2/dada2_filter/2446R_RL_F_S2_week5_S44_L001_R1_001.fastq.gz"       
[36] "plate3.1/dada2/dada2_filter/2446R_R_F_S2_Pellet_week9_S68_L001_R1_001.fastq.gz" 
[37] "plate3.1/dada2/dada2_filter/2446R_R_F_S2_week5_S43_L001_R1_001.fastq.gz"        
[38] "plate3.1/dada2/dada2_filter/2446R_S2_week15_S24_L001_R1_001.fastq.gz"           
[39] "plate3.1/dada2/dada2_filter/2453R_0_F_S2_Pellet_week9_S70_L001_R1_001.fastq.gz" 
[40] "plate3.1/dada2/dada2_filter/2453R_0_F_S2_week5_S45_L001_R1_001.fastq.gz"        
[41] "plate3.1/dada2/dada2_filter/2453R_L_F_S2_Pellet_week9_S71_L001_R1_001.fastq.gz" 
[42] "plate3.1/dada2/dada2_filter/2453R_L_F_S2_diabetes_S13_L001_R1_001.fastq.gz"     
[43] "plate3.1/dada2/dada2_filter/2453R_L_F_S2_week5_S46_L001_R1_001.fastq.gz"        
[44] "plate3.1/dada2/dada2_filter/2453R_R_F_S2_Pellet_week9_S72_L001_R1_001.fastq.gz" 
[45] "plate3.1/dada2/dada2_filter/2453R_R_F_S2_diabetes_S14_L001_R1_001.fastq.gz"     
[46] "plate3.1/dada2/dada2_filter/2453R_R_F_S2_week5_S47_L001_R1_001.fastq.gz"        
[47] "plate3.1/dada2/dada2_filter/2453R_S2_week21_S28_L001_R1_001.fastq.gz"           
[48] "plate3.1/dada2/dada2_filter/2475R_RL_M_S5_Pellet_week9_S6_L001_R1_001.fastq.gz" 
[49] "plate3.1/dada2/dada2_filter/3795R_L_F_S2_week5_S48_L001_R1_001.fastq.gz"        
[50] "plate3.1/dada2/dada2_filter/3795R_L_F_S2_week9_S73_L001_R1_001.fastq.gz"        
[51] "plate3.1/dada2/dada2_filter/3880R_0_F_S2_week5_S49_L001_R1_001.fastq.gz"        
[52] "plate3.1/dada2/dada2_filter/3880R_0_F_S2_week9_S74_L001_R1_001.fastq.gz"        
[53] "plate3.1/dada2/dada2_filter/3880R_L_F_S2_week5_S50_L001_R1_001.fastq.gz"        
[54] "plate3.1/dada2/dada2_filter/3880R_L_F_S2_week9_S75_L001_R1_001.fastq.gz"        
[55] "plate3.1/dada2/dada2_filter/3880R_R_F_S2_week5_S51_L001_R1_001.fastq.gz"        
[56] "plate3.1/dada2/dada2_filter/3880R_R_F_S2_week9_S76_L001_R1_001.fastq.gz"        
[57] "plate3.1/dada2/dada2_filter/3880R_S2_week15_S25_L001_R1_001.fastq.gz"           
[58] "plate3.1/dada2/dada2_filter/3909R_0_M_S2_diabetes_S15_L001_R1_001.fastq.gz"     
[59] "plate3.1/dada2/dada2_filter/3909R_L_M_S2_diabetes_S16_L001_R1_001.fastq.gz"     
[60] "plate3.1/dada2/dada2_filter/3909R_L_M_S2_week5_S52_L001_R1_001.fastq.gz"        
[61] "plate3.1/dada2/dada2_filter/3909R_L_M_S2_week9_S77_L001_R1_001.fastq.gz"        
[62] "plate3.1/dada2/dada2_filter/3909R_S2_week21_S29_L001_R1_001.fastq.gz"           
[63] "plate3.1/dada2/dada2_filter/3918R_0_M_S2_diabetes_S17_L001_R1_001.fastq.gz"     
[64] "plate3.1/dada2/dada2_filter/3918R_0_M_S2_week5_S53_L001_R1_001.fastq.gz"        
[65] "plate3.1/dada2/dada2_filter/3918R_0_M_S2_week9_S78_L001_R1_001.fastq.gz"        
[66] "plate3.1/dada2/dada2_filter/3918R_L_M_S2_week5_S54_L001_R1_001.fastq.gz"        
[67] "plate3.1/dada2/dada2_filter/3918R_L_M_S2_week9_S79_L001_R1_001.fastq.gz"        
[68] "plate3.1/dada2/dada2_filter/3918R_RL_M_S2_week5_S55_L001_R1_001.fastq.gz"       
[69] "plate3.1/dada2/dada2_filter/3918R_RL_M_S2_week9_S80_L001_R1_001.fastq.gz"       
[70] "plate3.1/dada2/dada2_filter/3918R_RR_M_S2_week5_S56_L001_R1_001.fastq.gz"       
[71] "plate3.1/dada2/dada2_filter/3918R_RR_M_S2_week9_S81_L001_R1_001.fastq.gz"       
[72] "plate3.1/dada2/dada2_filter/3918R_S2_week29_S32_L001_R1_001.fastq.gz"           
[73] "plate3.1/dada2/dada2_filter/3969R_R_F_S2_Pellet_week9_S82_L001_R1_001.fastq.gz" 
[74] "plate3.1/dada2/dada2_filter/3969R_R_F_S2_diabetes_S18_L001_R1_001.fastq.gz"     
[75] "plate3.1/dada2/dada2_filter/3969R_R_F_S2_week5_S57_L001_R1_001.fastq.gz"        
[76] "plate3.1/dada2/dada2_filter/3969R_S2_week18_S26_L001_R1_001.fastq.gz"           
[77] "plate3.1/dada2/dada2_filter/3980R_0_F_S2_diabetes_S19_L001_R1_001.fastq.gz"     
[78] "plate3.1/dada2/dada2_filter/3980R_0_F_S2_week5_S58_L001_R1_001.fastq.gz"        
[79] "plate3.1/dada2/dada2_filter/3980R_L_F_S2_Pellet_week9_S83_L001_R1_001.fastq.gz" 
[80] "plate3.1/dada2/dada2_filter/3980R_L_F_S2_week5_S59_L001_R1_001.fastq.gz"        
[81] "plate3.1/dada2/dada2_filter/3980R_R_F_S2_Pellet_week9_S84_L001_R1_001.fastq.gz" 
[82] "plate3.1/dada2/dada2_filter/3980R_R_F_S2_diabetes_S20_L001_R1_001.fastq.gz"     
[83] "plate3.1/dada2/dada2_filter/3980R_R_F_S2_week5_S60_L001_R1_001.fastq.gz"        
[84] "plate3.1/dada2/dada2_filter/3980R_S2_week14_S23_L001_R1_001.fastq.gz"           
[85] "plate3.1/dada2/dada2_filter/NS6_defined_inocula_S86_L001_R1_001.fastq.gz"       
[86] "plate3.1/dada2/dada2_filter/Negative_extraction_S85_L001_R1_001.fastq.gz"       
[87] "plate3.1/dada2/dada2_filter/Negtive_Control_S90_L001_R1_001.fastq.gz"           
[88] "plate3.1/dada2/dada2_filter/Positive_Control_S89_L001_R1_001.fastq.gz"          
[89] "plate3.1/dada2/dada2_filter/S2_defined_inocula_S88_L001_R1_001.fastq.gz"        
[90] "plate3.1/dada2/dada2_filter/S5_defined_inocula_S87_L001_R1_001.fastq.gz"        
 [1] "plate3.1/dada2/dada2_filter/016R_0_F_NS6_week5_S1_L001_R2_001.fastq.gz"         
 [2] "plate3.1/dada2/dada2_filter/016R_R_F_NS6_Pellet_week9_S2_L001_R2_001.fastq.gz"  
 [3] "plate3.1/dada2/dada2_filter/073R_R_M_S2_Pellet_week9_S61_L001_R2_001.fastq.gz"  
 [4] "plate3.1/dada2/dada2_filter/073R_R_M_S2_diabetes_S7_L001_R2_001.fastq.gz"       
 [5] "plate3.1/dada2/dada2_filter/073R_R_M_S2_week5_S33_L001_R2_001.fastq.gz"         
 [6] "plate3.1/dada2/dada2_filter/073R_S2_week21_S27_L001_R2_001.fastq.gz"            
 [7] "plate3.1/dada2/dada2_filter/096R_0_M_S5_week5_S4_L001_R2_001.fastq.gz"          
 [8] "plate3.1/dada2/dada2_filter/1067R_0_M_S2_week5_S34_L001_R2_001.fastq.gz"        
 [9] "plate3.1/dada2/dada2_filter/1067R_0_M_S2_week9_S62_L001_R2_001.fastq.gz"        
[10] "plate3.1/dada2/dada2_filter/1067R_L_M_S2_week5_S35_L001_R2_001.fastq.gz"        
[11] "plate3.1/dada2/dada2_filter/1067R_L_M_S2_week9_S63_L001_R2_001.fastq.gz"        
[12] "plate3.1/dada2/dada2_filter/1067R_R_M_S2_diabetes_S8_L001_R2_001.fastq.gz"      
[13] "plate3.1/dada2/dada2_filter/1067R_S2_week27_S30_L001_R2_001.fastq.gz"           
[14] "plate3.1/dada2/dada2_filter/1075R_RL_M_NS6_Pellet_week9_S3_L001_R2_001.fastq.gz"
[15] "plate3.1/dada2/dada2_filter/1152R_0_M_S2_week5_S36_L001_R2_001.fastq.gz"        
[16] "plate3.1/dada2/dada2_filter/1152R_L_M_S2_diabetes_S9_L001_R2_001.fastq.gz"      
[17] "plate3.1/dada2/dada2_filter/1152R_L_M_S2_week5_S37_L001_R2_001.fastq.gz"        
[18] "plate3.1/dada2/dada2_filter/1152R_L_M_S2_week9_S64_L001_R2_001.fastq.gz"        
[19] "plate3.1/dada2/dada2_filter/1152R_R_M_S2_week5_S38_L001_R2_001.fastq.gz"        
[20] "plate3.1/dada2/dada2_filter/1152R_R_M_S2_week9_S65_L001_R2_001.fastq.gz"        
[21] "plate3.1/dada2/dada2_filter/1152R_S2_week28_S31_L001_R2_001.fastq.gz"           
[22] "plate3.1/dada2/dada2_filter/1174R_0_M_S2_diabetes_S10_L001_R2_001.fastq.gz"     
[23] "plate3.1/dada2/dada2_filter/1174R_0_M_S2_week5_S39_L001_R2_001.fastq.gz"        
[24] "plate3.1/dada2/dada2_filter/1174R_S2_week14_S21_L001_R2_001.fastq.gz"           
[25] "plate3.1/dada2/dada2_filter/2402R_R_F_S5_Pellet_week9_S5_L001_R2_001.fastq.gz"  
[26] "plate3.1/dada2/dada2_filter/2404R_0_F_S2_week5_S40_L001_R2_001.fastq.gz"        
[27] "plate3.1/dada2/dada2_filter/2404R_0_F_S2_week9_S66_L001_R2_001.fastq.gz"        
[28] "plate3.1/dada2/dada2_filter/2404R_L_F_S2_diabetes_S11_L001_R2_001.fastq.gz"     
[29] "plate3.1/dada2/dada2_filter/2404R_L_F_S2_week5_S41_L001_R2_001.fastq.gz"        
[30] "plate3.1/dada2/dada2_filter/2404R_L_F_S2_week9_S67_L001_R2_001.fastq.gz"        
[31] "plate3.1/dada2/dada2_filter/2404R_S2_week14_S22_L001_R2_001.fastq.gz"           
[32] "plate3.1/dada2/dada2_filter/2446R_0_F_S2_week5_S42_L001_R2_001.fastq.gz"        
[33] "plate3.1/dada2/dada2_filter/2446R_L_F_S2_diabetes_S12_L001_R2_001.fastq.gz"     
[34] "plate3.1/dada2/dada2_filter/2446R_RL_F_S2_Pellet_week9_S69_L001_R2_001.fastq.gz"
[35] "plate3.1/dada2/dada2_filter/2446R_RL_F_S2_week5_S44_L001_R2_001.fastq.gz"       
[36] "plate3.1/dada2/dada2_filter/2446R_R_F_S2_Pellet_week9_S68_L001_R2_001.fastq.gz" 
[37] "plate3.1/dada2/dada2_filter/2446R_R_F_S2_week5_S43_L001_R2_001.fastq.gz"        
[38] "plate3.1/dada2/dada2_filter/2446R_S2_week15_S24_L001_R2_001.fastq.gz"           
[39] "plate3.1/dada2/dada2_filter/2453R_0_F_S2_Pellet_week9_S70_L001_R2_001.fastq.gz" 
[40] "plate3.1/dada2/dada2_filter/2453R_0_F_S2_week5_S45_L001_R2_001.fastq.gz"        
[41] "plate3.1/dada2/dada2_filter/2453R_L_F_S2_Pellet_week9_S71_L001_R2_001.fastq.gz" 
[42] "plate3.1/dada2/dada2_filter/2453R_L_F_S2_diabetes_S13_L001_R2_001.fastq.gz"     
[43] "plate3.1/dada2/dada2_filter/2453R_L_F_S2_week5_S46_L001_R2_001.fastq.gz"        
[44] "plate3.1/dada2/dada2_filter/2453R_R_F_S2_Pellet_week9_S72_L001_R2_001.fastq.gz" 
[45] "plate3.1/dada2/dada2_filter/2453R_R_F_S2_diabetes_S14_L001_R2_001.fastq.gz"     
[46] "plate3.1/dada2/dada2_filter/2453R_R_F_S2_week5_S47_L001_R2_001.fastq.gz"        
[47] "plate3.1/dada2/dada2_filter/2453R_S2_week21_S28_L001_R2_001.fastq.gz"           
[48] "plate3.1/dada2/dada2_filter/2475R_RL_M_S5_Pellet_week9_S6_L001_R2_001.fastq.gz" 
[49] "plate3.1/dada2/dada2_filter/3795R_L_F_S2_week5_S48_L001_R2_001.fastq.gz"        
[50] "plate3.1/dada2/dada2_filter/3795R_L_F_S2_week9_S73_L001_R2_001.fastq.gz"        
[51] "plate3.1/dada2/dada2_filter/3880R_0_F_S2_week5_S49_L001_R2_001.fastq.gz"        
[52] "plate3.1/dada2/dada2_filter/3880R_0_F_S2_week9_S74_L001_R2_001.fastq.gz"        
[53] "plate3.1/dada2/dada2_filter/3880R_L_F_S2_week5_S50_L001_R2_001.fastq.gz"        
[54] "plate3.1/dada2/dada2_filter/3880R_L_F_S2_week9_S75_L001_R2_001.fastq.gz"        
[55] "plate3.1/dada2/dada2_filter/3880R_R_F_S2_week5_S51_L001_R2_001.fastq.gz"        
[56] "plate3.1/dada2/dada2_filter/3880R_R_F_S2_week9_S76_L001_R2_001.fastq.gz"        
[57] "plate3.1/dada2/dada2_filter/3880R_S2_week15_S25_L001_R2_001.fastq.gz"           
[58] "plate3.1/dada2/dada2_filter/3909R_0_M_S2_diabetes_S15_L001_R2_001.fastq.gz"     
[59] "plate3.1/dada2/dada2_filter/3909R_L_M_S2_diabetes_S16_L001_R2_001.fastq.gz"     
[60] "plate3.1/dada2/dada2_filter/3909R_L_M_S2_week5_S52_L001_R2_001.fastq.gz"        
[61] "plate3.1/dada2/dada2_filter/3909R_L_M_S2_week9_S77_L001_R2_001.fastq.gz"        
[62] "plate3.1/dada2/dada2_filter/3909R_S2_week21_S29_L001_R2_001.fastq.gz"           
[63] "plate3.1/dada2/dada2_filter/3918R_0_M_S2_diabetes_S17_L001_R2_001.fastq.gz"     
[64] "plate3.1/dada2/dada2_filter/3918R_0_M_S2_week5_S53_L001_R2_001.fastq.gz"        
[65] "plate3.1/dada2/dada2_filter/3918R_0_M_S2_week9_S78_L001_R2_001.fastq.gz"        
[66] "plate3.1/dada2/dada2_filter/3918R_L_M_S2_week5_S54_L001_R2_001.fastq.gz"        
[67] "plate3.1/dada2/dada2_filter/3918R_L_M_S2_week9_S79_L001_R2_001.fastq.gz"        
[68] "plate3.1/dada2/dada2_filter/3918R_RL_M_S2_week5_S55_L001_R2_001.fastq.gz"       
[69] "plate3.1/dada2/dada2_filter/3918R_RL_M_S2_week9_S80_L001_R2_001.fastq.gz"       
[70] "plate3.1/dada2/dada2_filter/3918R_RR_M_S2_week5_S56_L001_R2_001.fastq.gz"       
[71] "plate3.1/dada2/dada2_filter/3918R_RR_M_S2_week9_S81_L001_R2_001.fastq.gz"       
[72] "plate3.1/dada2/dada2_filter/3918R_S2_week29_S32_L001_R2_001.fastq.gz"           
[73] "plate3.1/dada2/dada2_filter/3969R_R_F_S2_Pellet_week9_S82_L001_R2_001.fastq.gz" 
[74] "plate3.1/dada2/dada2_filter/3969R_R_F_S2_diabetes_S18_L001_R2_001.fastq.gz"     
[75] "plate3.1/dada2/dada2_filter/3969R_R_F_S2_week5_S57_L001_R2_001.fastq.gz"        
[76] "plate3.1/dada2/dada2_filter/3969R_S2_week18_S26_L001_R2_001.fastq.gz"           
[77] "plate3.1/dada2/dada2_filter/3980R_0_F_S2_diabetes_S19_L001_R2_001.fastq.gz"     
[78] "plate3.1/dada2/dada2_filter/3980R_0_F_S2_week5_S58_L001_R2_001.fastq.gz"        
[79] "plate3.1/dada2/dada2_filter/3980R_L_F_S2_Pellet_week9_S83_L001_R2_001.fastq.gz" 
[80] "plate3.1/dada2/dada2_filter/3980R_L_F_S2_week5_S59_L001_R2_001.fastq.gz"        
[81] "plate3.1/dada2/dada2_filter/3980R_R_F_S2_Pellet_week9_S84_L001_R2_001.fastq.gz" 
[82] "plate3.1/dada2/dada2_filter/3980R_R_F_S2_diabetes_S20_L001_R2_001.fastq.gz"     
[83] "plate3.1/dada2/dada2_filter/3980R_R_F_S2_week5_S60_L001_R2_001.fastq.gz"        
[84] "plate3.1/dada2/dada2_filter/3980R_S2_week14_S23_L001_R2_001.fastq.gz"           
[85] "plate3.1/dada2/dada2_filter/NS6_defined_inocula_S86_L001_R2_001.fastq.gz"       
[86] "plate3.1/dada2/dada2_filter/Negative_extraction_S85_L001_R2_001.fastq.gz"       
[87] "plate3.1/dada2/dada2_filter/Negtive_Control_S90_L001_R2_001.fastq.gz"           
[88] "plate3.1/dada2/dada2_filter/Positive_Control_S89_L001_R2_001.fastq.gz"          
[89] "plate3.1/dada2/dada2_filter/S2_defined_inocula_S88_L001_R2_001.fastq.gz"        
[90] "plate3.1/dada2/dada2_filter/S5_defined_inocula_S87_L001_R2_001.fastq.gz"        
