[1] "ASV sequences written to FASTA file"
Determining distance matrix based on shared 8-mers:
================================================================================

Time difference of 0.35 secs

Clustering into groups by similarity:
================================================================================

Time difference of 0.05 secs

Aligning Sequences:
================================================================================

Time difference of 1.88 secs

Iteration 1 of 2:

Determining distance matrix based on alignment:
================================================================================

Time difference of 0.04 secs

Reclustering into groups by similarity:
================================================================================

Time difference of 0.05 secs

Realigning Sequences:
================================================================================

Time difference of 0.84 secs

Iteration 2 of 2:

Determining distance matrix based on alignment:
================================================================================

Time difference of 0.04 secs

Reclustering into groups by similarity:
================================================================================

Time difference of 0.05 secs

Realigning Sequences:
================================================================================

Time difference of 0.26 secs

Refining the alignment:
================================================================================

Time difference of 0.04 secs

[1] "Multiple sequence alignment written to FASTA file"
