2026-04-01 13:41:55.627077 INFO::Writing function arguments to log file
2026-04-01 13:41:55.628135 DEBUG::Function arguments
2026-04-01 13:41:55.628643 DEBUG::Output folder: /Users/danielcm/Desktop/SickKids/Maaslin2.5/maaslin2_Sex_and_consortia_pathway_Male_NS1_vs_Female_NS1_ref_Sex_and_consortia,Male_NS1
2026-04-01 13:41:55.62906 DEBUG::Min Abundance: 0.000000
2026-04-01 13:41:55.629453 DEBUG::Min Prevalence: 0.100000
2026-04-01 13:41:55.629841 DEBUG::Normalization: TSS
2026-04-01 13:41:55.630229 DEBUG::Transform: LOG
2026-04-01 13:41:55.630617 DEBUG::Analysis method: LM
2026-04-01 13:41:55.631008 DEBUG::Max significance: 0.250000
2026-04-01 13:41:55.631403 DEBUG::Random effects:
2026-04-01 13:41:55.631796 DEBUG::Fixed effects: Sex_and_consortia
2026-04-01 13:41:55.632184 DEBUG::Correction method: BH
2026-04-01 13:41:55.632649 DEBUG::Standardize: TRUE
2026-04-01 13:41:55.633154 DEBUG::Cores: 8
2026-04-01 13:41:55.633579 INFO::Verifying options selected are valid
2026-04-01 13:41:55.634551 INFO::Determining format of input files
2026-04-01 13:41:55.635506 INFO::Input format is data samples as columns and metadata samples as rows
2026-04-01 13:41:55.649757 DEBUG::Transformed data so samples are rows
2026-04-01 13:41:55.651592 DEBUG::The following samples were found to have features but no metadata. They will be removed. plate1_T1D_NS1_defined_mouse_ino,plate4_036R_0_M_NS1_week9_S62_L001,plate4_036R_L_M_NS1_week9_S63_L001,plate4_036R_RL_M_NS1_week9_S64_L001,plate4_036R_RR_M_NS1_week9_S65_L001,plate4_NS1_defined_inocula_S88_L,plate5_NS1_mouse_inoculum_S35_L0,plate1_1174R_0_M_S2_week9_S56_L0,plate1_160R_0_F_S2_week10_S49_L0,plate1_160R_L_F_S2_week10_S50_L0,plate1_2446R_0_F_S2_week9_S55_L0,plate1_3795R_R_F_S2_week10_S51_L,plate1_3896R_0_M_S2_week10_S52_L,plate1_3896R_L_M_S2_week10_S53_L,plate1_3909R_R_M_S2_week10_S54_L,plate1_T1D_S2_defined_mouse_inoc,plate2_073R_0_M_S2_week5_S52_L00,plate2_073R_0_M_S2_week6_S53_L00,plate2_073R_0_M_S2_week7_S54_L00,plate2_073R_0_M_S2_week9_S55_L00,plate2_1067R_R_M_S2_week5_S56_L0,plate2_1067R_R_M_S2_week6_S57_L0,plate2_1067R_R_M_S2_week7_S58_L0,plate2_1067R_R_M_S2_week9_S59_L0,plate2_1152R_0_M_S2_week9_S60_L0,plate2_1193R_R_F_NS1_week6_S2_L0.1,plate2_2404R_R_F_S2_week5_S35_L0,plate2_2404R_R_F_S2_week6_S36_L0,plate2_2404R_R_F_S2_week7_S37_L0,plate2_2404R_R_F_S2_week9_S38_L0,plate2_2446R_L_F_S2_week5_S39_L0,plate2_2446R_L_F_S2_week6_S40_L0,plate2_2446R_L_F_S2_week7_S41_L0,plate2_2446R_L_F_S2_week9_S42_L0,plate2_3795R_0_F_S2_week5_S43_L0,plate2_3795R_0_F_S2_week6_S44_L0,plate2_3795R_0_F_S2_week7_S45_L0,plate2_3795R_0_F_S2_week9_S46_L0,plate2_3909R_0_M_S2_week5_S61_L0,plate2_3909R_0_M_S2_week6_S62_L0,plate2_3909R_0_M_S2_week7_S63_L0,plate2_3909R_0_M_S2_week9_S64_L0,plate2_3918R_R_M_S2_week5_S65_L0,plate2_3918R_R_M_S2_week6_S66_L0,plate2_3918R_R_M_S2_week7_S67_L0,plate2_3918R_R_M_S2_week9_S68_L0,plate2_3969R_0_F_S2_week5_S47_L0,plate2_3969R_0_F_S2_week6_S48_L0,plate2_3969R_0_F_S2_week7_S49_L0,plate2_3969R_0_F_S2_week9_S50_L0,plate2_3980R_0_F_S2_week9_S51_L0,plate3_073R_R_M_S2_diabetes_S7_L,plate3_073R_R_M_S2_Pellet_week9_,plate3_073R_R_M_S2_week5_S33_L00,plate3_073R_S2_week21_S27_L001,plate3_1067R_0_M_S2_week5_S34_L0,plate3_1067R_0_M_S2_week9_S62_L0,plate3_1067R_L_M_S2_week5_S35_L0,plate3_1067R_L_M_S2_week9_S63_L0,plate3_1067R_R_M_S2_diabetes_S8_,plate3_1067R_S2_week27_S30_L001,plate3_1152R_0_M_S2_week5_S36_L0,plate3_1152R_L_M_S2_diabetes_S9_,plate3_1152R_L_M_S2_week5_S37_L0,plate3_1152R_L_M_S2_week9_S64_L0,plate3_1152R_R_M_S2_week5_S38_L0,plate3_1152R_R_M_S2_week9_S65_L0,plate3_1152R_S2_week28_S31_L001,plate3_1174R_0_M_S2_diabetes_S10,plate3_1174R_0_M_S2_week5_S39_L0,plate3_1174R_S2_week14_S21_L001,plate3_2404R_0_F_S2_week5_S40_L0,plate3_2404R_0_F_S2_week9_S66_L0,plate3_2404R_L_F_S2_diabetes_S11,plate3_2404R_L_F_S2_week5_S41_L0,plate3_2404R_L_F_S2_week9_S67_L0,plate3_2404R_S2_week14_S22_L001,plate3_2446R_0_F_S2_week5_S42_L0,plate3_2446R_L_F_S2_diabetes_S12,plate3_2446R_R_F_S2_Pellet_week9,plate3_2446R_R_F_S2_week5_S43_L0,plate3_2446R_RL_F_S2_Pellet_week,plate3_2446R_RL_F_S2_week5_S44_L,plate3_2446R_S2_week15_S24_L001,plate3_2453R_0_F_S2_Pellet_week9,plate3_2453R_0_F_S2_week5_S45_L0,plate3_2453R_L_F_S2_diabetes_S13,plate3_2453R_L_F_S2_Pellet_week9,plate3_2453R_L_F_S2_week5_S46_L0,plate3_2453R_R_F_S2_diabetes_S14,plate3_2453R_R_F_S2_Pellet_week9,plate3_2453R_R_F_S2_week5_S47_L0,plate3_2453R_S2_week21_S28_L001,plate3_3795R_L_F_S2_week5_S48_L0,plate3_3795R_L_F_S2_week9_S73_L0,plate3_3880R_0_F_S2_week5_S49_L0,plate3_3880R_0_F_S2_week9_S74_L0,plate3_3880R_L_F_S2_week5_S50_L0,plate3_3880R_L_F_S2_week9_S75_L0,plate3_3880R_R_F_S2_week5_S51_L0,plate3_3880R_R_F_S2_week9_S76_L0,plate3_3880R_S2_week15_S25_L001,plate3_3909R_0_M_S2_diabetes_S15,plate3_3909R_L_M_S2_diabetes_S16,plate3_3909R_L_M_S2_week5_S52_L0,plate3_3909R_L_M_S2_week9_S77_L0,plate3_3909R_S2_week21_S29_L001,plate3_3918R_0_M_S2_diabetes_S17,plate3_3918R_0_M_S2_week5_S53_L0,plate3_3918R_0_M_S2_week9_S78_L0,plate3_3918R_L_M_S2_week5_S54_L0,plate3_3918R_L_M_S2_week9_S79_L0,plate3_3918R_RL_M_S2_week5_S55_L,plate3_3918R_RL_M_S2_week9_S80_L,plate3_3918R_RR_M_S2_week5_S56_L,plate3_3918R_RR_M_S2_week9_S81_L,plate3_3918R_S2_week29_S32_L001,plate3_3969R_R_F_S2_diabetes_S18,plate3_3969R_R_F_S2_Pellet_week9,plate3_3969R_R_F_S2_week5_S57_L0,plate3_3969R_S2_week18_S26_L001,plate3_3980R_0_F_S2_diabetes_S19,plate3_3980R_0_F_S2_week5_S58_L0,plate3_3980R_L_F_S2_Pellet_week9,plate3_3980R_L_F_S2_week5_S59_L0,plate3_3980R_R_F_S2_diabetes_S20,plate3_3980R_R_F_S2_Pellet_week9,plate3_3980R_R_F_S2_week5_S60_L0,plate3_3980R_S2_week14_S23_L001,plate3_S2_defined_inocula_S88_L0,plate4_1075R_0_M_NS6_week5_S2_L0,plate4_1151R_R_M_NS1_diabetes_S2.1,plate4_1193R_L_F_NS1_diabetes_S2.1,plate4_2529R_L_F_NS1_diabetes_S2.1,plate4_3861R_L_M_NS1_diabetes_S2.1,plate4_3971R_R_F_NS1_diabetes_S2.1,plate5_048R_S2_R_Female_week5_S6,plate5_048R_S2_R_Female_week9_S7,plate5_1050R_S2_L_Male_week5_S68,plate5_1050R_S2_L_Male_week9_S82,plate5_1050R_S2_R_Male_week5_S69,plate5_1050R_S2_R_Male_week9_S83,plate5_1050R_S2_RR_Male_week5_S7,plate5_1050R_S2_RR_Male_week9_S8,plate5_1127R_S2_0_Female_week5_S,plate5_1127R_S2_0_Female_week9_S,plate5_1127R_S2_R_Female_week5_S,plate5_1127R_S2_R_Female_week9_S,plate5_2514R_S2_L_Male_week5_S71,plate5_2514R_S2_L_Male_week9_S85,plate5_2514R_S2_R_Male_week5_S72,plate5_2514R_S2_R_Male_week9_S86,plate5_3995R_S2_0_Female_week5_S,plate5_3995R_S2_0_Female_week9_S,plate5_3995R_S2_L_Female_week5_S,plate5_3995R_S2_L_Female_week9_S,plate5_3995R_S2_R_Female_week5_S,plate5_3995R_S2_R_Female_week9_S,plate5_3995R_S2_RR_Female_week5_,plate5_3995R_S2_RR_Female_week9_,plate5_3997R_S2_L_Male_week5_S73,plate5_3997R_S2_L_Male_week9_S87,plate5_3997R_S2_R_Male_week5_S74,plate5_3997R_S2_R_Male_week9_S88,plate5_S2_mouse_inoculum_S36_L00,plate1_1002R_0_M_NS6_week10_S69_,plate1_1002R_L_M_NS6_week10_S70_,plate1_1075R_0_M_NS6_week9_S72_L,plate1_184R_0_F_NS6_week10_S65_L,plate1_184R_L_F_NS6_week10_S66_L,plate1_2403R_L_F_NS6_week10_S67_,plate1_2506R_0_F_NS6_week10_S68_,plate1_3894R_0_M_NS6_week10_S71_,plate1_T1D_NS6_defined_mouse_ino,plate2_016R_0_F_NS6_week9_S79_L0,plate2_1075R_L_M_NS6_week9_S84_L,plate2_1184R_0_M_NS6_week9_S85_L,plate2_1186R_0_M_NS6_week9_S86_L,plate2_1186R_RR_M_NS6_week9_S87_,plate2_184R_0_M_NS6_week9_S88_L0,plate2_2403R_0_F_NS6_week9_S80_L,plate2_2476R_R_F_NS6_week9_S81_L,plate2_2562R_0_F_NS6_week9_S82_L,plate2_2562R_RL_F_NS6_week9_S83_,plate3_016R_0_F_NS6_week5_S1_L00,plate3_016R_R_F_NS6_Pellet_week9,plate3_1075R_RL_M_NS6_Pellet_wee,plate3_NS6_defined_inocula_S86_L,plate4_016R_R_F_NS6_week5_S1_L00,plate4_1075R_0_M_NS6_week5_S2_L0.1,plate4_1075R_RL_M_NS6_week5_S3_L,plate4_1184R_0_M_NS6_week5_S4_L0,plate4_1186R_0_M_NS6_week5_S5_L0,plate4_1186R_RR_M_NS6_week5_S6_L,plate4_184R_0_M_NS6_week5_S7_L00,plate4_2403R_0_F_NS6_week5_S8_L0,plate4_2476R_R_F_NS6_week5_S9_L0,plate4_2562R_0_F_NS6_week5_S10_L,plate4_2562R_RL_F_NS6_week5_S11_,plate4_NS6_defined_inocula_S86_L,plate1_1136R_R_F_S5_week10_S57_L,plate1_1136R_RL_F_S5_week10_S58_,plate1_2518R_L_M_S5_week10_S61_L,plate1_2518R_R_M_S5_week10_S62_L,plate1_3752R_0_F_S5_week10_S59_L,plate1_3752R_L_F_S5_week10_S60_L,plate1_3893R_R_M_S5_week10_S63_L,plate1_3893R_RL_M_S5_week10_S64_,plate1_T1D_S5_defined_mouse_inoc,plate2_096R_0_M_S5_week9_S74_L00,plate2_1060R_L_M_S5_week9_S75_L0,plate2_1076R_0_M_S5_week9_S76_L0,plate2_1136R_0_F_S5_week9_S69_L0,plate2_2402R_0_F_S5_week9_S70_L0,plate2_2433R_0_F_S5_week9_S71_L0,plate2_2475R_0_M_S5_week9_S77_L0,plate2_2518R_0_M_S5_week9_S78_L0,plate2_3924R_L_F_S5_week9_S72_L0,plate2_3929R_0_F_S5_week9_S73_L0,plate3_096R_0_M_S5_week5_S4_L001,plate3_2402R_R_F_S5_Pellet_week9,plate3_2475R_RL_M_S5_Pellet_week,plate3_S5_defined_inocula_S87_L0,plate4_1060R_L_M_S5_week5_S12_L0,plate4_1076R_0_M_S5_week5_S13_L0,plate4_1136R_0_F_S5_week5_S14_L0,plate4_2402R_0_F_S5_week5_S15_L0,plate4_2402R_R_F_S5_week5_S16_L0,plate4_2475R_RL_M_S5_week5_S19_L,plate4_2518R_0_M_S5_week5_S20_L0,plate4_3924R_L_F_S5_week5_S21_L0,plate4_3929R_0_F_S5_week5_S22_L0,plate4_S5_defined_inocula_S87_L0
2026-04-01 13:41:55.652451 DEBUG::The following samples were found to have metadata but no features. They will be removed. plate4_036R_0_M_NS1_S62_L001,plate4_036R_L_M_NS1_S63_L001,plate4_036R_RL_M_NS1_S64_L001,plate4_036R_RR_M_NS1_S65_L001
2026-04-01 13:41:55.653022 DEBUG::A total of 123 samples were found in both the data and metadata
2026-04-01 13:41:55.653487 DEBUG::Reordering data/metadata to use same sample ordering
2026-04-01 13:41:55.657012 INFO::Formula for fixed effects: expr ~  Sex_and_consortia
2026-04-01 13:41:55.658478 INFO::Filter data based on min abundance and min prevalence
2026-04-01 13:41:55.65953 INFO::Total samples in data: 123
2026-04-01 13:41:55.660563 INFO::Min samples required with min abundance for a feature not to be filtered: 12.300000
2026-04-01 13:41:55.665962 INFO::Total filtered features: 6
2026-04-01 13:41:55.66719 INFO::Filtered feature names from abundance and prevalence filtering: CRNFORCAT.PWY, PWY.2201, PWY.6148, PWY.6676, P281.PWY, PWY.3781
2026-04-01 13:41:55.67409 INFO::Total filtered features with variance filtering: 0
2026-04-01 13:41:55.675304 INFO::Filtered feature names from variance filtering:
2026-04-01 13:41:55.676354 INFO::Running selected normalization method: TSS
2026-04-01 13:41:55.682356 INFO::Applying z-score to standardize continuous metadata
2026-04-01 13:41:55.685243 INFO::Running selected transform method: LOG
2026-04-01 13:41:55.693755 INFO::Running selected analysis method: LM
2026-04-01 13:41:55.695052 INFO::Creating cluster of 8 R processes
2026-04-01 13:42:04.165691 INFO::Counting total values for each feature
2026-04-01 13:42:04.181001 INFO::Writing filtered data to file /Users/danielcm/Desktop/SickKids/Maaslin2.5/maaslin2_Sex_and_consortia_pathway_Male_NS1_vs_Female_NS1_ref_Sex_and_consortia,Male_NS1/features/filtered_data.tsv
2026-04-01 13:42:04.234083 INFO::Writing filtered, normalized data to file /Users/danielcm/Desktop/SickKids/Maaslin2.5/maaslin2_Sex_and_consortia_pathway_Male_NS1_vs_Female_NS1_ref_Sex_and_consortia,Male_NS1/features/filtered_data_norm.tsv
2026-04-01 13:42:04.271355 INFO::Writing filtered, normalized, transformed data to file /Users/danielcm/Desktop/SickKids/Maaslin2.5/maaslin2_Sex_and_consortia_pathway_Male_NS1_vs_Female_NS1_ref_Sex_and_consortia,Male_NS1/features/filtered_data_norm_transformed.tsv
2026-04-01 13:42:04.307627 INFO::Writing residuals to file /Users/danielcm/Desktop/SickKids/Maaslin2.5/maaslin2_Sex_and_consortia_pathway_Male_NS1_vs_Female_NS1_ref_Sex_and_consortia,Male_NS1/fits/residuals.rds
2026-04-01 13:42:04.333282 INFO::Writing fitted values to file /Users/danielcm/Desktop/SickKids/Maaslin2.5/maaslin2_Sex_and_consortia_pathway_Male_NS1_vs_Female_NS1_ref_Sex_and_consortia,Male_NS1/fits/fitted.rds
2026-04-01 13:42:04.337065 INFO::Writing all results to file (ordered by increasing q-values): /Users/danielcm/Desktop/SickKids/Maaslin2.5/maaslin2_Sex_and_consortia_pathway_Male_NS1_vs_Female_NS1_ref_Sex_and_consortia,Male_NS1/all_results.tsv
2026-04-01 13:42:04.34021 INFO::Writing the significant results (those which are less than or equal to the threshold of 0.250000 ) to file (ordered by increasing q-values): /Users/danielcm/Desktop/SickKids/Maaslin2.5/maaslin2_Sex_and_consortia_pathway_Male_NS1_vs_Female_NS1_ref_Sex_and_consortia,Male_NS1/significant_results.tsv
2026-04-01 13:42:04.341607 INFO::Writing heatmap of significant results to file: /Users/danielcm/Desktop/SickKids/Maaslin2.5/maaslin2_Sex_and_consortia_pathway_Male_NS1_vs_Female_NS1_ref_Sex_and_consortia,Male_NS1/heatmap.pdf
