2026-04-14 15:00:57.43328 INFO::Writing function arguments to log file
2026-04-14 15:00:57.434626 DEBUG::Function arguments
2026-04-14 15:00:57.435128 DEBUG::Output folder: /Users/danielcm/Desktop/Sickkids/Maaslin2.6/maaslin2_Week_and_Consortium_KO_NS1_w9w10_vs_S2_w9w10_ref_Week_and_Consortium,S2_w9w10
2026-04-14 15:00:57.435611 DEBUG::Min Abundance: 0.000000
2026-04-14 15:00:57.436093 DEBUG::Min Prevalence: 0.100000
2026-04-14 15:00:57.436567 DEBUG::Normalization: TSS
2026-04-14 15:00:57.437039 DEBUG::Transform: LOG
2026-04-14 15:00:57.437513 DEBUG::Analysis method: LM
2026-04-14 15:00:57.437997 DEBUG::Max significance: 0.250000
2026-04-14 15:00:57.438473 DEBUG::Random effects: Sex
2026-04-14 15:00:57.438944 DEBUG::Fixed effects: Week_and_Consortium
2026-04-14 15:00:57.439424 DEBUG::Correction method: BH
2026-04-14 15:00:57.439908 DEBUG::Standardize: TRUE
2026-04-14 15:00:57.44044 DEBUG::Cores: 8
2026-04-14 15:00:57.440974 INFO::Verifying options selected are valid
2026-04-14 15:00:57.442253 INFO::Determining format of input files
2026-04-14 15:00:57.4434 INFO::Input format is data samples as rows and metadata samples as rows
2026-04-14 15:00:57.45677 DEBUG::The following samples were found to have features but no metadata. They will be removed. NS1_inocula,036R_R_M_NS1_week5,036R_R_M_NS1_week6,036R_R_M_NS1_week7,1030R_L_M_NS1_week5,1030R_L_M_NS1_week6,1030R_L_M_NS1_week7,1121R_0_M_NS1_week5,1121R_0_M_NS1_week6,1121R_0_M_NS1_week7,1151R_R_M_NS1_week5,1151R_R_M_NS1_week6,1151R_R_M_NS1_week7,1193R_R_F_NS1_week5,1193R_R_F_NS1_week6,1193R_R_F_NS1_week7,2529R_R_F_NS1_week5,2529R_R_F_NS1_week6,2529R_R_F_NS1_week7,3971R_L_F_NS1_week5,3971R_L_F_NS1_week6,3971R_L_F_NS1_week7,3975R_R_F_NS1_week5,3975R_R_F_NS1_week6,3975R_R_F_NS1_week7,036R_0_M_NS1_week5,036R_L_M_NS1_week5,036R_NS1_week18,036R_RL_M_NS1_week5,036R_RR_M_NS1_week5,1030R_RR_M_NS1_week5,1121R_L_M_NS1_week5,1121R_NS1_week19,1121R_R_M_NS1_week5,1121R_RL_M_NS1_diabetes,1121R_RL_M_NS1_week5,1121R_RR_M_NS1_week5,1151R_0_M_NS1_week5,1151R_NS1_week21,1151R_R_M_NS1_diabetes,1193R_0_F_NS1_week5,1193R_L_F_NS1_diabetes,1193R_L_F_NS1_week5,1193R_NS1_week24,2529R_0_F_NS1_week5,2529R_L_F_NS1_diabetes,2529R_L_F_NS1_week5,2529R_NS1_week22,2529R_RL_F_NS1_week5,3861R_0_M_NS1_week5,3861R_L_M_NS1_diabetes,3861R_L_M_NS1_week5,3861R_NS1_week28,3861R_R_M_NS1_week5,3971R_0_F_NS1_week5,3971R_NS1_week30,3971R_R_F_NS1_diabetes,3971R_RL_F_NS1_diabetes,3975R_0_F_NS1_week5,3975R_L_F_NS1_diabetes,3975R_L_F_NS1_week5,3975R_NS1_week14,3975R_R_F_NS1_diabetes,3975R_RL_F_NS1_diabetes,NS1_defined_inocula,2808_NS1_0_Female_week5,2808_NS1_L_Female_week5,2808_NS1_R_Female_week5,2808_NS1_RR_Female_week5,2824_NS1_0_Male_week5,2824_NS1_L_Male_week5,2824_NS1_R_Male_week5,2864_NS1_R_Male_week5,2893_NS1_0_Male_week5,2893_NS1_R_Male_week5,2999_NS1_0_Female_week5,2999_NS1_R_Female_week5,NS1_mouse_inoculum,S2_inocula,073R_0_M_S2_week5,073R_0_M_S2_week6,073R_0_M_S2_week7,1067R_R_M_S2_week5,1067R_R_M_S2_week6,1067R_R_M_S2_week7,2404R_R_F_S2_week5,2404R_R_F_S2_week6,2404R_R_F_S2_week7,2446R_L_F_S2_week5,2446R_L_F_S2_week6,2446R_L_F_S2_week7,3795R_0_F_S2_week5,3795R_0_F_S2_week6,3795R_0_F_S2_week7,3909R_0_M_S2_week5,3909R_0_M_S2_week6,3909R_0_M_S2_week7,3918R_R_M_S2_week5,3918R_R_M_S2_week6,3918R_R_M_S2_week7,3969R_0_F_S2_week5,3969R_0_F_S2_week6,3969R_0_F_S2_week7,073R_R_M_S2_diabetes,073R_R_M_S2_week5,073R_S2_week21,1067R_0_M_S2_week5,1067R_L_M_S2_week5,1067R_R_M_S2_diabetes,1067R_S2_week27,1152R_0_M_S2_week5,1152R_L_M_S2_diabetes,1152R_L_M_S2_week5,1152R_R_M_S2_week5,1152R_S2_week28,1174R_0_M_S2_diabetes,1174R_0_M_S2_week5,1174R_S2_week14,2404R_0_F_S2_week5,2404R_L_F_S2_diabetes,2404R_L_F_S2_week5,2404R_S2_week14,2446R_0_F_S2_week5,2446R_L_F_S2_diabetes,2446R_R_F_S2_week5,2446R_RL_F_S2_week5,2446R_S2_week15,2453R_0_F_S2_week5,2453R_L_F_S2_diabetes,2453R_L_F_S2_week5,2453R_R_F_S2_diabetes,2453R_R_F_S2_week5,2453R_S2_week21,3795R_L_F_S2_week5,3880R_0_F_S2_week5,3880R_L_F_S2_week5,3880R_R_F_S2_week5,3880R_S2_week15,3909R_0_M_S2_diabetes,3909R_L_M_S2_diabetes,3909R_L_M_S2_week5,3909R_S2_week21,3918R_0_M_S2_diabetes,3918R_0_M_S2_week5,3918R_L_M_S2_week5,3918R_RL_M_S2_week5,3918R_RR_M_S2_week5,3918R_S2_week29,3969R_R_F_S2_diabetes,3969R_R_F_S2_week5,3969R_S2_week18,3980R_0_F_S2_diabetes,3980R_0_F_S2_week5,3980R_L_F_S2_week5,3980R_R_F_S2_diabetes,3980R_R_F_S2_week5,3980R_S2_week14,S2_defined_inocula,048R_S2_R_Female_week5,1050R_S2_L_Male_week5,1050R_S2_R_Male_week5,1050R_S2_RR_Male_week5,1127R_S2_0_Female_week5,1127R_S2_R_Female_week5,2514R_S2_L_Male_week5,2514R_S2_R_Male_week5,3995R_S2_0_Female_week5,3995R_S2_L_Female_week5,3995R_S2_R_Female_week5,3995R_S2_RR_Female_week5,3997R_S2_L_Male_week5,3997R_S2_R_Male_week5,S2_mouse_inoculum,1002R_0_M_NS6_week10,1002R_L_M_NS6_week10,1075R_0_M_NS6_week9,184R_0_F_NS6_week10,184R_L_F_NS6_week10,2403R_L_F_NS6_week10,2506R_0_F_NS6_week10,3894R_0_M_NS6_week10,NS6_inocula,016R_0_F_NS6_week9,1075R_L_M_NS6_week9,1184R_0_M_NS6_week9,1186R_0_M_NS6_week9,1186R_RR_M_NS6_week9,184R_0_M_NS6_week9,2403R_0_F_NS6_week9,2476R_R_F_NS6_week9,2562R_0_F_NS6_week9,2562R_RL_F_NS6_week9,016R_0_F_NS6_week5,016R_R_F_NS6_Pellet_week9,1075R_RL_M_NS6_Pellet_week9,NS6_defined_inocula,016R_R_F_NS6_week5,1075R_0_M_NS6_week5,1075R_RL_M_NS6_week5,1184R_0_M_NS6_week5,1186R_0_M_NS6_week5,1186R_RR_M_NS6_week5,184R_0_M_NS6_week5,2403R_0_F_NS6_week5,2476R_R_F_NS6_week5,2562R_0_F_NS6_week5,2562R_RL_F_NS6_week5,NS6_defined_inocula.1,1136R_R_F_S5_week10,1136R_RL_F_S5_week10,2518R_L_M_S5_week10,2518R_R_M_S5_week10,3752R_0_F_S5_week10,3752R_L_F_S5_week10,3893R_R_M_S5_week10,3893R_RL_M_S5_week10,S5_inocula,096R_0_M_S5_week9,1060R_L_M_S5_week9,1076R_0_M_S5_week9,1136R_0_F_S5_week9,2402R_0_F_S5_week9,2433R_0_F_S5_week9,2475R_0_M_S5_week9,2518R_0_M_S5_week9,3924R_L_F_S5_week9,3929R_0_F_S5_week9,096R_0_M_S5_week5,2402R_R_F_S5_Pellet_week9,2475R_RL_M_S5_Pellet_week9,S5_defined_inocula,1060R_L_M_S5_week5,1076R_0_M_S5_week5,1136R_0_F_S5_week5,2402R_0_F_S5_week5,2402R_R_F_S5_week5,2475R_RL_M_S5_week5,2518R_0_M_S5_week5,3924R_L_F_S5_week5,3929R_0_F_S5_week5,S5_defined_inocula.1
2026-04-14 15:00:57.457624 DEBUG::A total of 108 samples were found in both the data and metadata
2026-04-14 15:00:57.458104 DEBUG::Reordering data/metadata to use same sample ordering
2026-04-14 15:00:57.502363 INFO::Formula for random effects: expr ~ (1 | Sex)
2026-04-14 15:00:57.503743 INFO::Formula for fixed effects: expr ~  Week_and_Consortium
2026-04-14 15:00:57.50522 INFO::Filter data based on min abundance and min prevalence
2026-04-14 15:00:57.506336 INFO::Total samples in data: 108
2026-04-14 15:00:57.507494 INFO::Min samples required with min abundance for a feature not to be filtered: 10.800000
2026-04-14 15:00:57.655841 INFO::Total filtered features: 159
2026-04-14 15:00:57.657664 INFO::Filtered feature names from abundance and prevalence filtering: ko.K13530, ko.K16957, ko.K16958, ko.K11704, ko.K19971, ko.K11705, ko.K19972, ko.K10830, ko.K11706, ko.K21053, ko.K14194, ko.K09699, ko.K00167, ko.K00166, ko.K00356, ko.K00329, ko.K09145, ko.K00260, ko.K18925, ko.K18924, ko.K05338, ko.K07450, ko.K08167, ko.K00663, ko.K19175, ko.K06900, ko.K00839, ko.K03731, ko.K20382, ko.K11635, ko.K01318, ko.K08605, ko.K01400, ko.K02277, ko.K11621, ko.K13678, ko.K13005, ko.K22319, ko.K20151, ko.K13617, ko.K21007, ko.K21413, ko.K01134, ko.K09932, ko.K12681, ko.K12683, ko.K01028, ko.K12241, ko.K00066, ko.K17246, ko.K13664, ko.K21005, ko.K15482, ko.K07110, ko.K09964, ko.K20525, ko.K14972, ko.K06974, ko.K18983, ko.K13925, ko.K11045, ko.K22302, ko.K18320, ko.K08195, ko.K00450, ko.K01800, ko.K01801, ko.K00480, ko.K20940, ko.K22270, ko.K22487, ko.K12058, ko.K02234, ko.K20170, ko.K15469, ko.K07190, ko.K22300, ko.K12068, ko.K12067, ko.K09689, ko.K04778, ko.K12237, ko.K03829, ko.K12981, ko.K03277, ko.K02840, ko.K22108, ko.K14665, ko.K10236, ko.K20451, ko.K01905, ko.K22224, ko.K01601, ko.K01364, ko.K01455, ko.K11956, ko.K04782, ko.K13714, ko.K16650, ko.K05882, ko.K08651, ko.K08966, ko.K05795, ko.K01342, ko.K08164, ko.K06979, ko.K09770, ko.K04562, ko.K02404, ko.K22106, ko.K06603, ko.K19431, ko.K19423, ko.K21464, ko.K21140, ko.K09766, ko.K02667, ko.K21453, ko.K21686, ko.K21949, ko.K13810, ko.K00972, ko.K19299, ko.K00897, ko.K10798, ko.K09882, ko.K17244, ko.K17311, ko.K07991, ko.K19174, ko.K19173, ko.K20882, ko.K18316, ko.K19172, ko.K06936, ko.K06718, ko.K04708, ko.K19116, ko.K19114, ko.K20109, ko.K13731, ko.K16176, ko.K11005, ko.K11029, ko.K18372, ko.K05792, ko.K19142, ko.K19141, ko.K09000, ko.K09127, ko.K19076, ko.K18900, ko.K18589, ko.K19057, ko.K19059, ko.K21024, ko.K18974, ko.K18975, ko.K00508
2026-04-14 15:00:57.761054 INFO::Total filtered features with variance filtering: 0
2026-04-14 15:00:57.762776 INFO::Filtered feature names from variance filtering:
2026-04-14 15:00:57.763957 INFO::Running selected normalization method: TSS
2026-04-14 15:00:57.901308 INFO::Applying z-score to standardize continuous metadata
2026-04-14 15:00:57.905049 INFO::Running selected transform method: LOG
2026-04-14 15:00:58.098083 INFO::Running selected analysis method: LM
2026-04-14 15:00:58.099648 INFO::Creating cluster of 8 R processes
2026-04-14 15:05:07.971802 INFO::Counting total values for each feature
2026-04-14 15:05:08.858652 INFO::Writing filtered data to file /Users/danielcm/Desktop/Sickkids/Maaslin2.6/maaslin2_Week_and_Consortium_KO_NS1_w9w10_vs_S2_w9w10_ref_Week_and_Consortium,S2_w9w10/features/filtered_data.tsv
2026-04-14 15:05:09.272108 INFO::Writing filtered, normalized data to file /Users/danielcm/Desktop/Sickkids/Maaslin2.6/maaslin2_Week_and_Consortium_KO_NS1_w9w10_vs_S2_w9w10_ref_Week_and_Consortium,S2_w9w10/features/filtered_data_norm.tsv
2026-04-14 15:05:09.861173 INFO::Writing filtered, normalized, transformed data to file /Users/danielcm/Desktop/Sickkids/Maaslin2.6/maaslin2_Week_and_Consortium_KO_NS1_w9w10_vs_S2_w9w10_ref_Week_and_Consortium,S2_w9w10/features/filtered_data_norm_transformed.tsv
2026-04-14 15:05:10.450239 INFO::Writing residuals to file /Users/danielcm/Desktop/Sickkids/Maaslin2.6/maaslin2_Week_and_Consortium_KO_NS1_w9w10_vs_S2_w9w10_ref_Week_and_Consortium,S2_w9w10/fits/residuals.rds
2026-04-14 15:05:10.720257 INFO::Writing fitted values to file /Users/danielcm/Desktop/Sickkids/Maaslin2.6/maaslin2_Week_and_Consortium_KO_NS1_w9w10_vs_S2_w9w10_ref_Week_and_Consortium,S2_w9w10/fits/fitted.rds
2026-04-14 15:05:11.157016 INFO::Writing extracted random effects to file /Users/danielcm/Desktop/Sickkids/Maaslin2.6/maaslin2_Week_and_Consortium_KO_NS1_w9w10_vs_S2_w9w10_ref_Week_and_Consortium,S2_w9w10/fits/ranef.rds
2026-04-14 15:05:11.165354 INFO::Writing all results to file (ordered by increasing q-values): /Users/danielcm/Desktop/Sickkids/Maaslin2.6/maaslin2_Week_and_Consortium_KO_NS1_w9w10_vs_S2_w9w10_ref_Week_and_Consortium,S2_w9w10/all_results.tsv
2026-04-14 15:05:11.202364 INFO::Writing the significant results (those which are less than or equal to the threshold of 0.250000 ) to file (ordered by increasing q-values): /Users/danielcm/Desktop/Sickkids/Maaslin2.6/maaslin2_Week_and_Consortium_KO_NS1_w9w10_vs_S2_w9w10_ref_Week_and_Consortium,S2_w9w10/significant_results.tsv
2026-04-14 15:05:11.233273 INFO::Writing heatmap of significant results to file: /Users/danielcm/Desktop/Sickkids/Maaslin2.6/maaslin2_Week_and_Consortium_KO_NS1_w9w10_vs_S2_w9w10_ref_Week_and_Consortium,S2_w9w10/heatmap.pdf
