2026-04-14 14:43:12.79448 INFO::Writing function arguments to log file
2026-04-14 14:43:12.796106 DEBUG::Function arguments
2026-04-14 14:43:12.796702 DEBUG::Output folder: /Users/danielcm/Desktop/Sickkids/Maaslin2.6/maaslin2_Week_and_Consortium_KO_NS1_w5_vs_S5_w5_ref_Week_and_Consortium,S5_w5
2026-04-14 14:43:12.797279 DEBUG::Min Abundance: 0.000000
2026-04-14 14:43:12.797835 DEBUG::Min Prevalence: 0.100000
2026-04-14 14:43:12.798392 DEBUG::Normalization: TSS
2026-04-14 14:43:12.798947 DEBUG::Transform: LOG
2026-04-14 14:43:12.799503 DEBUG::Analysis method: LM
2026-04-14 14:43:12.800066 DEBUG::Max significance: 0.250000
2026-04-14 14:43:12.800704 DEBUG::Random effects: Sex
2026-04-14 14:43:12.801316 DEBUG::Fixed effects: Week_and_Consortium
2026-04-14 14:43:12.856312 DEBUG::Correction method: BH
2026-04-14 14:43:12.85741 DEBUG::Standardize: TRUE
2026-04-14 14:43:12.858018 DEBUG::Cores: 8
2026-04-14 14:43:12.858563 INFO::Verifying options selected are valid
2026-04-14 14:43:12.860026 INFO::Determining format of input files
2026-04-14 14:43:12.861416 INFO::Input format is data samples as rows and metadata samples as rows
2026-04-14 14:43:12.883526 DEBUG::The following samples were found to have features but no metadata. They will be removed. 1030R_0_M_NS1_week10,1030R_R_M_NS1_week10,2472R_0_F_NS1_week10,2472R_R_F_NS1_week10,3874R_0_F_NS1_week10,3874R_L_F_NS1_week10,3974R_0_M_NS1_week10,3974R_L_M_NS1_week10,NS1_inocula,036R_R_M_NS1_week6,036R_R_M_NS1_week7,036R_R_M_NS1_week9,1030R_L_M_NS1_week6,1030R_L_M_NS1_week7,1030R_L_M_NS1_week9,1121R_0_M_NS1_week6,1121R_0_M_NS1_week7,1121R_0_M_NS1_week9,1151R_R_M_NS1_week6,1151R_R_M_NS1_week7,1151R_R_M_NS1_week9,1193R_R_F_NS1_week6,1193R_R_F_NS1_week7,1193R_R_F_NS1_week9,2529R_R_F_NS1_week6,2529R_R_F_NS1_week7,2529R_R_F_NS1_week9,3861R_R_M_NS1_week9,3971R_L_F_NS1_week6,3971R_L_F_NS1_week7,3971R_L_F_NS1_week9,3975R_0_F_NS1_week9,3975R_R_F_NS1_week6,3975R_R_F_NS1_week7,3975R_R_F_NS1_week9,036R_0_M_NS1,036R_L_M_NS1,036R_NS1_week18,036R_RL_M_NS1,036R_RR_M_NS1,1030R_RR_M_NS1_week9,1121R_L_M_NS1_week9,1121R_R_M_NS1_week9,1121R_RL_M_NS1_diabetes,1121R_RL_M_NS1_week9,1121R_RR_M_NS1_week9,1151R_0_M_NS1_week9,1151R_NS1_week21,1151R_R_M_NS1_diabetes,1193R_0_F_NS1_week9,1193R_L_F_NS1_diabetes,1193R_L_F_NS1_week9,1193R_NS1_week24,2529R_0_F_NS1_week9,2529R_L_F_NS1_diabetes,2529R_L_F_NS1_week9,2529R_NS1_week22,2529R_RL_F_NS1_week9,3861R_0_M_NS1_week9,3861R_L_M_NS1_diabetes,3861R_L_M_NS1_week9,3861R_NS1_week28,3971R_0_F_NS1_week9,3971R_NS1_week30,3971R_R_F_NS1_diabetes,3971R_R_F_NS1_week9,3971R_RL_F_NS1_diabetes,3971R_RL_F_NS1_week9,3975R_L_F_NS1_diabetes,3975R_L_F_NS1_week9,3975R_NS1_week14,3975R_R_F_NS1_diabetes,3975R_RL_F_NS1_diabetes,3975R_RL_F_NS1_week9,NS1_defined_inocula,2808_NS1_0_Female_week9,2808_NS1_L_Female_week9,2808_NS1_R_Female_week9,2808_NS1_RR_Female_week9,2824_NS1_0_Male_week9,2824_NS1_L_Male_week9,2824_NS1_R_Male_week9,2864_NS1_R_Male_week9,2893_NS1_0_Male_week9,2893_NS1_R_Male_week9,2999_NS1_0_Female_week9,2999_NS1_R_Female_week9,NS1_mouse_inoculum,1174R_0_M_S2_week9,160R_0_F_S2_week10,160R_L_F_S2_week10,2446R_0_F_S2_week9,3795R_R_F_S2_week10,3896R_0_M_S2_week10,3896R_L_M_S2_week10,3909R_R_M_S2_week10,S2_inocula,073R_0_M_S2_week5,073R_0_M_S2_week6,073R_0_M_S2_week7,073R_0_M_S2_week9,1067R_R_M_S2_week5,1067R_R_M_S2_week6,1067R_R_M_S2_week7,1067R_R_M_S2_week9,1152R_0_M_S2_week9,2404R_R_F_S2_week5,2404R_R_F_S2_week6,2404R_R_F_S2_week7,2404R_R_F_S2_week9,2446R_L_F_S2_week5,2446R_L_F_S2_week6,2446R_L_F_S2_week7,2446R_L_F_S2_week9,3795R_0_F_S2_week5,3795R_0_F_S2_week6,3795R_0_F_S2_week7,3795R_0_F_S2_week9,3909R_0_M_S2_week5,3909R_0_M_S2_week6,3909R_0_M_S2_week7,3909R_0_M_S2_week9,3918R_R_M_S2_week5,3918R_R_M_S2_week6,3918R_R_M_S2_week7,3918R_R_M_S2_week9,3969R_0_F_S2_week5,3969R_0_F_S2_week6,3969R_0_F_S2_week7,3969R_0_F_S2_week9,3980R_0_F_S2_week9,073R_R_M_S2_diabetes,073R_R_M_S2_Pellet_week9,073R_R_M_S2_week5,073R_S2_week21,1067R_0_M_S2_week5,1067R_0_M_S2_week9,1067R_L_M_S2_week5,1067R_L_M_S2_week9,1067R_R_M_S2_diabetes,1067R_S2_week27,1152R_0_M_S2_week5,1152R_L_M_S2_diabetes,1152R_L_M_S2_week5,1152R_L_M_S2_week9,1152R_R_M_S2_week5,1152R_R_M_S2_week9,1152R_S2_week28,1174R_0_M_S2_diabetes,1174R_0_M_S2_week5,1174R_S2_week14,2404R_0_F_S2_week5,2404R_0_F_S2_week9,2404R_L_F_S2_diabetes,2404R_L_F_S2_week5,2404R_L_F_S2_week9,2404R_S2_week14,2446R_0_F_S2_week5,2446R_L_F_S2_diabetes,2446R_R_F_S2_Pellet_week9,2446R_R_F_S2_week5,2446R_RL_F_S2_Pellet_week9,2446R_RL_F_S2_week5,2446R_S2_week15,2453R_0_F_S2_Pellet_week9,2453R_0_F_S2_week5,2453R_L_F_S2_diabetes,2453R_L_F_S2_Pellet_week9,2453R_L_F_S2_week5,2453R_R_F_S2_diabetes,2453R_R_F_S2_Pellet_week9,2453R_R_F_S2_week5,2453R_S2_week21,3795R_L_F_S2_week5,3795R_L_F_S2_week9,3880R_0_F_S2_week5,3880R_0_F_S2_week9,3880R_L_F_S2_week5,3880R_L_F_S2_week9,3880R_R_F_S2_week5,3880R_R_F_S2_week9,3880R_S2_week15,3909R_0_M_S2_diabetes,3909R_L_M_S2_diabetes,3909R_L_M_S2_week5,3909R_L_M_S2_week9,3909R_S2_week21,3918R_0_M_S2_diabetes,3918R_0_M_S2_week5,3918R_0_M_S2_week9,3918R_L_M_S2_week5,3918R_L_M_S2_week9,3918R_RL_M_S2_week5,3918R_RL_M_S2_week9,3918R_RR_M_S2_week5,3918R_RR_M_S2_week9,3918R_S2_week29,3969R_R_F_S2_diabetes,3969R_R_F_S2_Pellet_week9,3969R_R_F_S2_week5,3969R_S2_week18,3980R_0_F_S2_diabetes,3980R_0_F_S2_week5,3980R_L_F_S2_Pellet_week9,3980R_L_F_S2_week5,3980R_R_F_S2_diabetes,3980R_R_F_S2_Pellet_week9,3980R_R_F_S2_week5,3980R_S2_week14,S2_defined_inocula,048R_S2_R_Female_week5,048R_S2_R_Female_week9,1050R_S2_L_Male_week5,1050R_S2_L_Male_week9,1050R_S2_R_Male_week5,1050R_S2_R_Male_week9,1050R_S2_RR_Male_week5,1050R_S2_RR_Male_week9,1127R_S2_0_Female_week5,1127R_S2_0_Female_week9,1127R_S2_R_Female_week5,1127R_S2_R_Female_week9,2514R_S2_L_Male_week5,2514R_S2_L_Male_week9,2514R_S2_R_Male_week5,2514R_S2_R_Male_week9,3995R_S2_0_Female_week5,3995R_S2_0_Female_week9,3995R_S2_L_Female_week5,3995R_S2_L_Female_week9,3995R_S2_R_Female_week5,3995R_S2_R_Female_week9,3995R_S2_RR_Female_week5,3995R_S2_RR_Female_week9,3997R_S2_L_Male_week5,3997R_S2_L_Male_week9,3997R_S2_R_Male_week5,3997R_S2_R_Male_week9,S2_mouse_inoculum,1002R_0_M_NS6_week10,1002R_L_M_NS6_week10,1075R_0_M_NS6_week9,184R_0_F_NS6_week10,184R_L_F_NS6_week10,2403R_L_F_NS6_week10,2506R_0_F_NS6_week10,3894R_0_M_NS6_week10,NS6_inocula,016R_0_F_NS6_week9,1075R_L_M_NS6_week9,1184R_0_M_NS6_week9,1186R_0_M_NS6_week9,1186R_RR_M_NS6_week9,184R_0_M_NS6_week9,2403R_0_F_NS6_week9,2476R_R_F_NS6_week9,2562R_0_F_NS6_week9,2562R_RL_F_NS6_week9,016R_0_F_NS6_week5,016R_R_F_NS6_Pellet_week9,1075R_RL_M_NS6_Pellet_week9,NS6_defined_inocula,016R_R_F_NS6_week5,1075R_0_M_NS6_week5,1075R_RL_M_NS6_week5,1184R_0_M_NS6_week5,1186R_0_M_NS6_week5,1186R_RR_M_NS6_week5,184R_0_M_NS6_week5,2403R_0_F_NS6_week5,2476R_R_F_NS6_week5,2562R_0_F_NS6_week5,2562R_RL_F_NS6_week5,NS6_defined_inocula.1,1136R_R_F_S5_week10,1136R_RL_F_S5_week10,2518R_L_M_S5_week10,2518R_R_M_S5_week10,3752R_0_F_S5_week10,3752R_L_F_S5_week10,3893R_R_M_S5_week10,3893R_RL_M_S5_week10,S5_inocula,096R_0_M_S5_week9,1060R_L_M_S5_week9,1076R_0_M_S5_week9,1136R_0_F_S5_week9,2402R_0_F_S5_week9,2433R_0_F_S5_week9,2475R_0_M_S5_week9,2518R_0_M_S5_week9,3924R_L_F_S5_week9,3929R_0_F_S5_week9,2402R_R_F_S5_Pellet_week9,2475R_RL_M_S5_Pellet_week9,S5_defined_inocula,S5_defined_inocula.1
2026-04-14 14:43:12.88456 DEBUG::The following samples were found to have metadata but no features. They will be removed. 2433R_0_F_S5_week5,2475R_0_M_S5_week5
2026-04-14 14:43:12.885205 DEBUG::A total of 52 samples were found in both the data and metadata
2026-04-14 14:43:12.885731 DEBUG::Reordering data/metadata to use same sample ordering
2026-04-14 14:43:12.934418 INFO::Formula for random effects: expr ~ (1 | Sex)
2026-04-14 14:43:12.936012 INFO::Formula for fixed effects: expr ~  Week_and_Consortium
2026-04-14 14:43:12.937638 INFO::Filter data based on min abundance and min prevalence
2026-04-14 14:43:12.938863 INFO::Total samples in data: 52
2026-04-14 14:43:12.94008 INFO::Min samples required with min abundance for a feature not to be filtered: 5.200000
2026-04-14 14:43:13.095402 INFO::Total filtered features: 165
2026-04-14 14:43:13.097295 INFO::Filtered feature names from abundance and prevalence filtering: ko.K17468, ko.K02489, ko.K00171, ko.K20489, ko.K02479, ko.K07778, ko.K12268, ko.K12270, ko.K12269, ko.K06330, ko.K05823, ko.K11050, ko.K11051, ko.K01174, ko.K20201, ko.K11630, ko.K07454, ko.K01932, ko.K22116, ko.K15600, ko.K01040, ko.K01039, ko.K22232, ko.K17465, ko.K17473, ko.K17464, ko.K17466, ko.K20113, ko.K20112, ko.K20447, ko.K13017, ko.K19872, ko.K08688, ko.K07717, ko.K01857, ko.K20345, ko.K18653, ko.K12072, ko.K12210, ko.K19160, ko.K19161, ko.K11909, ko.K11894, ko.K19134, ko.K09123, ko.K09128, ko.K20454, ko.K01473, ko.K01474, ko.K22226, ko.K09967, ko.K18123, ko.K16708, ko.K16843, ko.K12070, ko.K16555, ko.K09805, ko.K01213, ko.K06984, ko.K00862, ko.K16247, ko.K07108, ko.K11691, ko.K19548, ko.K18654, ko.K11194, ko.K11195, ko.K11196, ko.K01746, ko.K10925, ko.K16841, ko.K20627, ko.K20026, ko.K20626, ko.K20025, ko.K22251, ko.K20446, ko.K07291, ko.K20485, ko.K02204, ko.K19965, ko.K12454, ko.K13541, ko.K20947, ko.K14988, ko.K22026, ko.K07013, ko.K18566, ko.K13403, ko.K05793, ko.K16127, ko.K16128, ko.K13000, ko.K04618, ko.K11890, ko.K15511, ko.K02531, ko.K16957, ko.K10830, ko.K11706, ko.K21053, ko.K09699, ko.K00167, ko.K00166, ko.K00356, ko.K00329, ko.K09145, ko.K00260, ko.K18925, ko.K18924, ko.K05338, ko.K06900, ko.K00839, ko.K03731, ko.K20382, ko.K11635, ko.K01318, ko.K08605, ko.K01400, ko.K02277, ko.K13005, ko.K22319, ko.K20151, ko.K13617, ko.K21007, ko.K21413, ko.K01134, ko.K09932, ko.K12681, ko.K12683, ko.K00066, ko.K17246, ko.K09964, ko.K20525, ko.K14972, ko.K06974, ko.K18983, ko.K13925, ko.K11045, ko.K18320, ko.K08195, ko.K00450, ko.K01800, ko.K01801, ko.K00480, ko.K20940, ko.K22270, ko.K22487, ko.K02234, ko.K20170, ko.K15469, ko.K07190, ko.K09689, ko.K04778, ko.K12237, ko.K03829, ko.K22108, ko.K14665, ko.K10236, ko.K20451, ko.K01905, ko.K22224, ko.K01601, ko.K01364, ko.K01455
2026-04-14 14:43:13.197851 INFO::Total filtered features with variance filtering: 0
2026-04-14 14:43:13.199779 INFO::Filtered feature names from variance filtering:
2026-04-14 14:43:13.201036 INFO::Running selected normalization method: TSS
2026-04-14 14:43:13.451187 INFO::Applying z-score to standardize continuous metadata
2026-04-14 14:43:13.45497 INFO::Running selected transform method: LOG
2026-04-14 14:43:13.569627 INFO::Running selected analysis method: LM
2026-04-14 14:43:13.571402 INFO::Creating cluster of 8 R processes
2026-04-14 14:45:36.881188 INFO::Counting total values for each feature
2026-04-14 14:45:37.556372 INFO::Writing filtered data to file /Users/danielcm/Desktop/Sickkids/Maaslin2.6/maaslin2_Week_and_Consortium_KO_NS1_w5_vs_S5_w5_ref_Week_and_Consortium,S5_w5/features/filtered_data.tsv
2026-04-14 14:45:37.812243 INFO::Writing filtered, normalized data to file /Users/danielcm/Desktop/Sickkids/Maaslin2.6/maaslin2_Week_and_Consortium_KO_NS1_w5_vs_S5_w5_ref_Week_and_Consortium,S5_w5/features/filtered_data_norm.tsv
2026-04-14 14:45:38.180049 INFO::Writing filtered, normalized, transformed data to file /Users/danielcm/Desktop/Sickkids/Maaslin2.6/maaslin2_Week_and_Consortium_KO_NS1_w5_vs_S5_w5_ref_Week_and_Consortium,S5_w5/features/filtered_data_norm_transformed.tsv
2026-04-14 14:45:38.551043 INFO::Writing residuals to file /Users/danielcm/Desktop/Sickkids/Maaslin2.6/maaslin2_Week_and_Consortium_KO_NS1_w5_vs_S5_w5_ref_Week_and_Consortium,S5_w5/fits/residuals.rds
2026-04-14 14:45:38.704883 INFO::Writing fitted values to file /Users/danielcm/Desktop/Sickkids/Maaslin2.6/maaslin2_Week_and_Consortium_KO_NS1_w5_vs_S5_w5_ref_Week_and_Consortium,S5_w5/fits/fitted.rds
2026-04-14 14:45:38.799192 INFO::Writing extracted random effects to file /Users/danielcm/Desktop/Sickkids/Maaslin2.6/maaslin2_Week_and_Consortium_KO_NS1_w5_vs_S5_w5_ref_Week_and_Consortium,S5_w5/fits/ranef.rds
2026-04-14 14:45:38.80612 INFO::Writing all results to file (ordered by increasing q-values): /Users/danielcm/Desktop/Sickkids/Maaslin2.6/maaslin2_Week_and_Consortium_KO_NS1_w5_vs_S5_w5_ref_Week_and_Consortium,S5_w5/all_results.tsv
2026-04-14 14:45:38.845841 INFO::Writing the significant results (those which are less than or equal to the threshold of 0.250000 ) to file (ordered by increasing q-values): /Users/danielcm/Desktop/Sickkids/Maaslin2.6/maaslin2_Week_and_Consortium_KO_NS1_w5_vs_S5_w5_ref_Week_and_Consortium,S5_w5/significant_results.tsv
2026-04-14 14:45:38.875707 INFO::Writing heatmap of significant results to file: /Users/danielcm/Desktop/Sickkids/Maaslin2.6/maaslin2_Week_and_Consortium_KO_NS1_w5_vs_S5_w5_ref_Week_and_Consortium,S5_w5/heatmap.pdf
