INFO Selected: Output dir: ns1_output/ns1_asv_intermediate_seqs/epa_out/
INFO Selected: Query file: ns1_output/ns1_asv_intermediate_seqs/study_seqs_hmmalign.fasta
INFO Selected: Tree file: ns1_local_files/ns1_local_files.tre
INFO Selected: Reference MSA: ns1_output/ns1_asv_intermediate_seqs/ref_seqs_hmmalign.fasta
INFO Selected: Filtering by accumulated threshold: 0.99
INFO Selected: Maximum number of placements per query: 100
INFO Selected: Automatic switching of use of per rate scalers
INFO Selected: Preserving the root of the input tree
INFO Selected: Specified model file: ns1_local_files/ns1_local_files.model
INFO Selected: Reading queries in chunks of: 5000
INFO Selected: Using threads: 1
INFO     ______ ____   ___           _   __ ______
        / ____// __ \ /   |         / | / // ____/
       / __/  / /_/ // /| | ______ /  |/ // / __  
      / /___ / ____// ___ |/_____// /|  // /_/ /  
     /_____//_/    /_/  |_|      /_/ |_/ \____/ (v0.3.8)
INFO Using model parameters:
INFO    Rate heterogeneity: GAMMA (4 cats, mean),  alpha: 0.369665 (user),  weights&rates: (0.25,0.0125923) (0.25,0.158759) (0.25,0.696251) (0.25,3.1324) 
        Base frequencies (user): 0.233019 0.241872 0.327604 0.197505 
        Substitution rates (user): 0.758281 1.92043 1.4526 0.755943 3.18076 1
INFO Output file: ns1_output/ns1_asv_intermediate_seqs/epa_out/epa_result.jplace
INFO 40 Sequences done!
INFO Time spent placing: 0s
INFO Elapsed Time: 0s
