2026-04-14 14:56:59.236892 INFO::Writing function arguments to log file
2026-04-14 14:56:59.23823 DEBUG::Function arguments
2026-04-14 14:56:59.238728 DEBUG::Output folder: /Users/danielcm/Desktop/Sickkids/Maaslin2.6/maaslin2_Week_and_Consortium_KO_NS1_w9w10_vs_NS6_w9w10_ref_Week_and_Consortium,NS6_w9w10
2026-04-14 14:56:59.239209 DEBUG::Min Abundance: 0.000000
2026-04-14 14:56:59.239684 DEBUG::Min Prevalence: 0.100000
2026-04-14 14:56:59.24019 DEBUG::Normalization: TSS
2026-04-14 14:56:59.240671 DEBUG::Transform: LOG
2026-04-14 14:56:59.241144 DEBUG::Analysis method: LM
2026-04-14 14:56:59.241625 DEBUG::Max significance: 0.250000
2026-04-14 14:56:59.242104 DEBUG::Random effects: Sex
2026-04-14 14:56:59.242577 DEBUG::Fixed effects: Week_and_Consortium
2026-04-14 14:56:59.243054 DEBUG::Correction method: BH
2026-04-14 14:56:59.243607 DEBUG::Standardize: TRUE
2026-04-14 14:56:59.244144 DEBUG::Cores: 8
2026-04-14 14:56:59.244652 INFO::Verifying options selected are valid
2026-04-14 14:56:59.246045 INFO::Determining format of input files
2026-04-14 14:56:59.247277 INFO::Input format is data samples as rows and metadata samples as rows
2026-04-14 14:56:59.260689 DEBUG::The following samples were found to have features but no metadata. They will be removed. NS1_inocula,036R_R_M_NS1_week5,036R_R_M_NS1_week6,036R_R_M_NS1_week7,1030R_L_M_NS1_week5,1030R_L_M_NS1_week6,1030R_L_M_NS1_week7,1121R_0_M_NS1_week5,1121R_0_M_NS1_week6,1121R_0_M_NS1_week7,1151R_R_M_NS1_week5,1151R_R_M_NS1_week6,1151R_R_M_NS1_week7,1193R_R_F_NS1_week5,1193R_R_F_NS1_week6,1193R_R_F_NS1_week7,2529R_R_F_NS1_week5,2529R_R_F_NS1_week6,2529R_R_F_NS1_week7,3971R_L_F_NS1_week5,3971R_L_F_NS1_week6,3971R_L_F_NS1_week7,3975R_R_F_NS1_week5,3975R_R_F_NS1_week6,3975R_R_F_NS1_week7,036R_0_M_NS1_week5,036R_L_M_NS1_week5,036R_NS1_week18,036R_RL_M_NS1_week5,036R_RR_M_NS1_week5,1030R_RR_M_NS1_week5,1121R_L_M_NS1_week5,1121R_NS1_week19,1121R_R_M_NS1_week5,1121R_RL_M_NS1_diabetes,1121R_RL_M_NS1_week5,1121R_RR_M_NS1_week5,1151R_0_M_NS1_week5,1151R_NS1_week21,1151R_R_M_NS1_diabetes,1193R_0_F_NS1_week5,1193R_L_F_NS1_diabetes,1193R_L_F_NS1_week5,1193R_NS1_week24,2529R_0_F_NS1_week5,2529R_L_F_NS1_diabetes,2529R_L_F_NS1_week5,2529R_NS1_week22,2529R_RL_F_NS1_week5,3861R_0_M_NS1_week5,3861R_L_M_NS1_diabetes,3861R_L_M_NS1_week5,3861R_NS1_week28,3861R_R_M_NS1_week5,3971R_0_F_NS1_week5,3971R_NS1_week30,3971R_R_F_NS1_diabetes,3971R_RL_F_NS1_diabetes,3975R_0_F_NS1_week5,3975R_L_F_NS1_diabetes,3975R_L_F_NS1_week5,3975R_NS1_week14,3975R_R_F_NS1_diabetes,3975R_RL_F_NS1_diabetes,NS1_defined_inocula,2808_NS1_0_Female_week5,2808_NS1_L_Female_week5,2808_NS1_R_Female_week5,2808_NS1_RR_Female_week5,2824_NS1_0_Male_week5,2824_NS1_L_Male_week5,2824_NS1_R_Male_week5,2864_NS1_R_Male_week5,2893_NS1_0_Male_week5,2893_NS1_R_Male_week5,2999_NS1_0_Female_week5,2999_NS1_R_Female_week5,NS1_mouse_inoculum,1174R_0_M_S2_week9,160R_0_F_S2_week10,160R_L_F_S2_week10,2446R_0_F_S2_week9,3795R_R_F_S2_week10,3896R_0_M_S2_week10,3896R_L_M_S2_week10,3909R_R_M_S2_week10,S2_inocula,073R_0_M_S2_week5,073R_0_M_S2_week6,073R_0_M_S2_week7,073R_0_M_S2_week9,1067R_R_M_S2_week5,1067R_R_M_S2_week6,1067R_R_M_S2_week7,1067R_R_M_S2_week9,1152R_0_M_S2_week9,2404R_R_F_S2_week5,2404R_R_F_S2_week6,2404R_R_F_S2_week7,2404R_R_F_S2_week9,2446R_L_F_S2_week5,2446R_L_F_S2_week6,2446R_L_F_S2_week7,2446R_L_F_S2_week9,3795R_0_F_S2_week5,3795R_0_F_S2_week6,3795R_0_F_S2_week7,3795R_0_F_S2_week9,3909R_0_M_S2_week5,3909R_0_M_S2_week6,3909R_0_M_S2_week7,3909R_0_M_S2_week9,3918R_R_M_S2_week5,3918R_R_M_S2_week6,3918R_R_M_S2_week7,3918R_R_M_S2_week9,3969R_0_F_S2_week5,3969R_0_F_S2_week6,3969R_0_F_S2_week7,3969R_0_F_S2_week9,3980R_0_F_S2_week9,073R_R_M_S2_diabetes,073R_R_M_S2_Pellet_week9,073R_R_M_S2_week5,073R_S2_week21,1067R_0_M_S2_week5,1067R_0_M_S2_week9,1067R_L_M_S2_week5,1067R_L_M_S2_week9,1067R_R_M_S2_diabetes,1067R_S2_week27,1152R_0_M_S2_week5,1152R_L_M_S2_diabetes,1152R_L_M_S2_week5,1152R_L_M_S2_week9,1152R_R_M_S2_week5,1152R_R_M_S2_week9,1152R_S2_week28,1174R_0_M_S2_diabetes,1174R_0_M_S2_week5,1174R_S2_week14,2404R_0_F_S2_week5,2404R_0_F_S2_week9,2404R_L_F_S2_diabetes,2404R_L_F_S2_week5,2404R_L_F_S2_week9,2404R_S2_week14,2446R_0_F_S2_week5,2446R_L_F_S2_diabetes,2446R_R_F_S2_Pellet_week9,2446R_R_F_S2_week5,2446R_RL_F_S2_Pellet_week9,2446R_RL_F_S2_week5,2446R_S2_week15,2453R_0_F_S2_Pellet_week9,2453R_0_F_S2_week5,2453R_L_F_S2_diabetes,2453R_L_F_S2_Pellet_week9,2453R_L_F_S2_week5,2453R_R_F_S2_diabetes,2453R_R_F_S2_Pellet_week9,2453R_R_F_S2_week5,2453R_S2_week21,3795R_L_F_S2_week5,3795R_L_F_S2_week9,3880R_0_F_S2_week5,3880R_0_F_S2_week9,3880R_L_F_S2_week5,3880R_L_F_S2_week9,3880R_R_F_S2_week5,3880R_R_F_S2_week9,3880R_S2_week15,3909R_0_M_S2_diabetes,3909R_L_M_S2_diabetes,3909R_L_M_S2_week5,3909R_L_M_S2_week9,3909R_S2_week21,3918R_0_M_S2_diabetes,3918R_0_M_S2_week5,3918R_0_M_S2_week9,3918R_L_M_S2_week5,3918R_L_M_S2_week9,3918R_RL_M_S2_week5,3918R_RL_M_S2_week9,3918R_RR_M_S2_week5,3918R_RR_M_S2_week9,3918R_S2_week29,3969R_R_F_S2_diabetes,3969R_R_F_S2_Pellet_week9,3969R_R_F_S2_week5,3969R_S2_week18,3980R_0_F_S2_diabetes,3980R_0_F_S2_week5,3980R_L_F_S2_Pellet_week9,3980R_L_F_S2_week5,3980R_R_F_S2_diabetes,3980R_R_F_S2_Pellet_week9,3980R_R_F_S2_week5,3980R_S2_week14,S2_defined_inocula,048R_S2_R_Female_week5,048R_S2_R_Female_week9,1050R_S2_L_Male_week5,1050R_S2_L_Male_week9,1050R_S2_R_Male_week5,1050R_S2_R_Male_week9,1050R_S2_RR_Male_week5,1050R_S2_RR_Male_week9,1127R_S2_0_Female_week5,1127R_S2_0_Female_week9,1127R_S2_R_Female_week5,1127R_S2_R_Female_week9,2514R_S2_L_Male_week5,2514R_S2_L_Male_week9,2514R_S2_R_Male_week5,2514R_S2_R_Male_week9,3995R_S2_0_Female_week5,3995R_S2_0_Female_week9,3995R_S2_L_Female_week5,3995R_S2_L_Female_week9,3995R_S2_R_Female_week5,3995R_S2_R_Female_week9,3995R_S2_RR_Female_week5,3995R_S2_RR_Female_week9,3997R_S2_L_Male_week5,3997R_S2_L_Male_week9,3997R_S2_R_Male_week5,3997R_S2_R_Male_week9,S2_mouse_inoculum,NS6_inocula,016R_0_F_NS6_week5,NS6_defined_inocula,016R_R_F_NS6_week5,1075R_0_M_NS6_week5,1075R_RL_M_NS6_week5,1184R_0_M_NS6_week5,1186R_0_M_NS6_week5,1186R_RR_M_NS6_week5,184R_0_M_NS6_week5,2403R_0_F_NS6_week5,2476R_R_F_NS6_week5,2562R_0_F_NS6_week5,2562R_RL_F_NS6_week5,NS6_defined_inocula.1,1136R_R_F_S5_week10,1136R_RL_F_S5_week10,2518R_L_M_S5_week10,2518R_R_M_S5_week10,3752R_0_F_S5_week10,3752R_L_F_S5_week10,3893R_R_M_S5_week10,3893R_RL_M_S5_week10,S5_inocula,096R_0_M_S5_week9,1060R_L_M_S5_week9,1076R_0_M_S5_week9,1136R_0_F_S5_week9,2402R_0_F_S5_week9,2433R_0_F_S5_week9,2475R_0_M_S5_week9,2518R_0_M_S5_week9,3924R_L_F_S5_week9,3929R_0_F_S5_week9,096R_0_M_S5_week5,2402R_R_F_S5_Pellet_week9,2475R_RL_M_S5_Pellet_week9,S5_defined_inocula,1060R_L_M_S5_week5,1076R_0_M_S5_week5,1136R_0_F_S5_week5,2402R_0_F_S5_week5,2402R_R_F_S5_week5,2475R_RL_M_S5_week5,2518R_0_M_S5_week5,3924R_L_F_S5_week5,3929R_0_F_S5_week5,S5_defined_inocula.1
2026-04-14 14:56:59.261574 DEBUG::A total of 72 samples were found in both the data and metadata
2026-04-14 14:56:59.262066 DEBUG::Reordering data/metadata to use same sample ordering
2026-04-14 14:56:59.387474 INFO::Formula for random effects: expr ~ (1 | Sex)
2026-04-14 14:56:59.388926 INFO::Formula for fixed effects: expr ~  Week_and_Consortium
2026-04-14 14:56:59.39058 INFO::Filter data based on min abundance and min prevalence
2026-04-14 14:56:59.391801 INFO::Total samples in data: 72
2026-04-14 14:56:59.392936 INFO::Min samples required with min abundance for a feature not to be filtered: 7.200000
2026-04-14 14:56:59.454246 INFO::Total filtered features: 206
2026-04-14 14:56:59.45613 INFO::Filtered feature names from abundance and prevalence filtering: ko.K10228, ko.K18650, ko.K00394, ko.K20489, ko.K10681, ko.K16959, ko.K19083, ko.K02479, ko.K07778, ko.K12268, ko.K12270, ko.K12269, ko.K02205, ko.K16236, ko.K11050, ko.K11051, ko.K01263, ko.K20201, ko.K11630, ko.K19084, ko.K02763, ko.K02765, ko.K02764, ko.K01932, ko.K22116, ko.K07683, ko.K10851, ko.K13607, ko.K15600, ko.K01040, ko.K01039, ko.K13017, ko.K00303, ko.K08688, ko.K07717, ko.K01556, ko.K00298, ko.K18909, ko.K18939, ko.K13923, ko.K03794, ko.K21802, ko.K01120, ko.K10211, ko.K15629, ko.K10793, ko.K17462, ko.K15509, ko.K11055, ko.K16555, ko.K09805, ko.K22222, ko.K19169, ko.K06138, ko.K06137, ko.K01213, ko.K09133, ko.K06984, ko.K00862, ko.K08226, ko.K16247, ko.K07108, ko.K13611, ko.K11691, ko.K19548, ko.K18654, ko.K08777, ko.K15337, ko.K11194, ko.K11195, ko.K11196, ko.K18908, ko.K16699, ko.K21493, ko.K05346, ko.K04112, ko.K04113, ko.K01746, ko.K20903, ko.K09942, ko.K10925, ko.K01253, ko.K16841, ko.K20627, ko.K20026, ko.K20626, ko.K20025, ko.K07978, ko.K22251, ko.K20904, ko.K20446, ko.K01431, ko.K07291, ko.K20485, ko.K21440, ko.K02204, ko.K09126, ko.K19965, ko.K15314, ko.K08259, ko.K12454, ko.K13541, ko.K00395, ko.K20947, ko.K09124, ko.K07494, ko.K14988, ko.K07321, ko.K19048, ko.K22026, ko.K07151, ko.K07013, ko.K18566, ko.K19163, ko.K19164, ko.K17743, ko.K17060, ko.K10125, ko.K17061, ko.K10126, ko.K14067, ko.K13403, ko.K13636, ko.K05793, ko.K21638, ko.K07225, ko.K07227, ko.K18147, ko.K12516, ko.K16127, ko.K16128, ko.K13000, ko.K16077, ko.K21621, ko.K07186, ko.K04618, ko.K11890, ko.K15511, ko.K02531, ko.K16957, ko.K16958, ko.K22108, ko.K11956, ko.K04782, ko.K13714, ko.K16650, ko.K05882, ko.K08651, ko.K08966, ko.K05795, ko.K01342, ko.K08164, ko.K06979, ko.K09770, ko.K04562, ko.K02404, ko.K22106, ko.K06603, ko.K19431, ko.K19423, ko.K21464, ko.K21140, ko.K09766, ko.K02667, ko.K21453, ko.K21686, ko.K21949, ko.K13810, ko.K00972, ko.K19299, ko.K00897, ko.K10798, ko.K09882, ko.K17244, ko.K17311, ko.K07991, ko.K19174, ko.K19173, ko.K20882, ko.K18316, ko.K19172, ko.K06936, ko.K06718, ko.K04708, ko.K19116, ko.K19114, ko.K20109, ko.K13731, ko.K16176, ko.K11005, ko.K11029, ko.K18372, ko.K05792, ko.K19142, ko.K19141, ko.K09000, ko.K09127, ko.K19076, ko.K18900, ko.K18589, ko.K19057, ko.K19059, ko.K21024, ko.K18974, ko.K18975, ko.K00508
2026-04-14 14:56:59.675757 INFO::Total filtered features with variance filtering: 0
2026-04-14 14:56:59.67739 INFO::Filtered feature names from variance filtering:
2026-04-14 14:56:59.678522 INFO::Running selected normalization method: TSS
2026-04-14 14:56:59.741069 INFO::Applying z-score to standardize continuous metadata
2026-04-14 14:56:59.744426 INFO::Running selected transform method: LOG
2026-04-14 14:56:59.903152 INFO::Running selected analysis method: LM
2026-04-14 14:56:59.904791 INFO::Creating cluster of 8 R processes
2026-04-14 14:59:34.266345 INFO::Counting total values for each feature
2026-04-14 14:59:35.133806 INFO::Writing filtered data to file /Users/danielcm/Desktop/Sickkids/Maaslin2.6/maaslin2_Week_and_Consortium_KO_NS1_w9w10_vs_NS6_w9w10_ref_Week_and_Consortium,NS6_w9w10/features/filtered_data.tsv
2026-04-14 14:59:35.454421 INFO::Writing filtered, normalized data to file /Users/danielcm/Desktop/Sickkids/Maaslin2.6/maaslin2_Week_and_Consortium_KO_NS1_w9w10_vs_NS6_w9w10_ref_Week_and_Consortium,NS6_w9w10/features/filtered_data_norm.tsv
2026-04-14 14:59:35.910487 INFO::Writing filtered, normalized, transformed data to file /Users/danielcm/Desktop/Sickkids/Maaslin2.6/maaslin2_Week_and_Consortium_KO_NS1_w9w10_vs_NS6_w9w10_ref_Week_and_Consortium,NS6_w9w10/features/filtered_data_norm_transformed.tsv
2026-04-14 14:59:36.379107 INFO::Writing residuals to file /Users/danielcm/Desktop/Sickkids/Maaslin2.6/maaslin2_Week_and_Consortium_KO_NS1_w9w10_vs_NS6_w9w10_ref_Week_and_Consortium,NS6_w9w10/fits/residuals.rds
2026-04-14 14:59:36.577466 INFO::Writing fitted values to file /Users/danielcm/Desktop/Sickkids/Maaslin2.6/maaslin2_Week_and_Consortium_KO_NS1_w9w10_vs_NS6_w9w10_ref_Week_and_Consortium,NS6_w9w10/fits/fitted.rds
2026-04-14 14:59:36.698264 INFO::Writing extracted random effects to file /Users/danielcm/Desktop/Sickkids/Maaslin2.6/maaslin2_Week_and_Consortium_KO_NS1_w9w10_vs_NS6_w9w10_ref_Week_and_Consortium,NS6_w9w10/fits/ranef.rds
2026-04-14 14:59:36.706341 INFO::Writing all results to file (ordered by increasing q-values): /Users/danielcm/Desktop/Sickkids/Maaslin2.6/maaslin2_Week_and_Consortium_KO_NS1_w9w10_vs_NS6_w9w10_ref_Week_and_Consortium,NS6_w9w10/all_results.tsv
2026-04-14 14:59:36.744867 INFO::Writing the significant results (those which are less than or equal to the threshold of 0.250000 ) to file (ordered by increasing q-values): /Users/danielcm/Desktop/Sickkids/Maaslin2.6/maaslin2_Week_and_Consortium_KO_NS1_w9w10_vs_NS6_w9w10_ref_Week_and_Consortium,NS6_w9w10/significant_results.tsv
2026-04-14 14:59:36.779745 INFO::Writing heatmap of significant results to file: /Users/danielcm/Desktop/Sickkids/Maaslin2.6/maaslin2_Week_and_Consortium_KO_NS1_w9w10_vs_NS6_w9w10_ref_Week_and_Consortium,NS6_w9w10/heatmap.pdf
