INFO Selected: Output dir: ns6_output/ns6_asv_intermediate_seqs/epa_out/
INFO Selected: Query file: ns6_output/ns6_asv_intermediate_seqs/study_seqs_hmmalign.fasta
INFO Selected: Tree file: ns6_local_files/ns6_local_files.tre
INFO Selected: Reference MSA: ns6_output/ns6_asv_intermediate_seqs/ref_seqs_hmmalign.fasta
INFO Selected: Filtering by accumulated threshold: 0.99
INFO Selected: Maximum number of placements per query: 100
INFO Selected: Automatic switching of use of per rate scalers
INFO Selected: Preserving the root of the input tree
INFO Selected: Specified model file: ns6_local_files/ns6_local_files.model
INFO Selected: Reading queries in chunks of: 5000
INFO Selected: Using threads: 32
INFO     ______ ____   ___           _   __ ______
        / ____// __ \ /   |         / | / // ____/
       / __/  / /_/ // /| | ______ /  |/ // / __  
      / /___ / ____// ___ |/_____// /|  // /_/ /  
     /_____//_/    /_/  |_|      /_/ |_/ \____/ (v0.3.8)
INFO Using model parameters:
INFO    Rate heterogeneity: GAMMA (4 cats, mean),  alpha: 0.388077 (user),  weights&rates: (0.25,0.0150326) (0.25,0.172795) (0.25,0.718049) (0.25,3.09412) 
        Base frequencies (user): 0.235619 0.240986 0.324351 0.199045 
        Substitution rates (user): 0.810421 1.83427 1.40379 0.795284 3.09028 1
INFO Output file: ns6_output/ns6_asv_intermediate_seqs/epa_out/epa_result.jplace
INFO 52 Sequences done!
INFO Time spent placing: 0s
INFO Elapsed Time: 0s
