2026-04-14 15:13:50.287498 INFO::Writing function arguments to log file
2026-04-14 15:13:50.289 DEBUG::Function arguments
2026-04-14 15:13:50.289566 DEBUG::Output folder: /Users/danielcm/Desktop/Sickkids/Maaslin2.6/maaslin2_Week_and_Consortium_KO_NS6_w9w10_vs_S5_w9w10_ref_Week_and_Consortium,S5_w9w10
2026-04-14 15:13:50.290114 DEBUG::Min Abundance: 0.000000
2026-04-14 15:13:50.290652 DEBUG::Min Prevalence: 0.100000
2026-04-14 15:13:50.291197 DEBUG::Normalization: TSS
2026-04-14 15:13:50.291739 DEBUG::Transform: LOG
2026-04-14 15:13:50.292293 DEBUG::Analysis method: LM
2026-04-14 15:13:50.292841 DEBUG::Max significance: 0.250000
2026-04-14 15:13:50.293381 DEBUG::Random effects: Sex
2026-04-14 15:13:50.293927 DEBUG::Fixed effects: Week_and_Consortium
2026-04-14 15:13:50.294571 DEBUG::Correction method: BH
2026-04-14 15:13:50.295165 DEBUG::Standardize: TRUE
2026-04-14 15:13:50.295718 DEBUG::Cores: 8
2026-04-14 15:13:50.296241 INFO::Verifying options selected are valid
2026-04-14 15:13:50.297598 INFO::Determining format of input files
2026-04-14 15:13:50.298957 INFO::Input format is data samples as rows and metadata samples as rows
2026-04-14 15:13:50.314047 DEBUG::The following samples were found to have features but no metadata. They will be removed. 1030R_0_M_NS1_week10,1030R_R_M_NS1_week10,2472R_0_F_NS1_week10,2472R_R_F_NS1_week10,3874R_0_F_NS1_week10,3874R_L_F_NS1_week10,3974R_0_M_NS1_week10,3974R_L_M_NS1_week10,NS1_inocula,036R_R_M_NS1_week5,036R_R_M_NS1_week6,036R_R_M_NS1_week7,036R_R_M_NS1_week9,1030R_L_M_NS1_week5,1030R_L_M_NS1_week6,1030R_L_M_NS1_week7,1030R_L_M_NS1_week9,1121R_0_M_NS1_week5,1121R_0_M_NS1_week6,1121R_0_M_NS1_week7,1121R_0_M_NS1_week9,1151R_R_M_NS1_week5,1151R_R_M_NS1_week6,1151R_R_M_NS1_week7,1151R_R_M_NS1_week9,1193R_R_F_NS1_week5,1193R_R_F_NS1_week6,1193R_R_F_NS1_week7,1193R_R_F_NS1_week9,2529R_R_F_NS1_week5,2529R_R_F_NS1_week6,2529R_R_F_NS1_week7,2529R_R_F_NS1_week9,3861R_R_M_NS1_week9,3971R_L_F_NS1_week5,3971R_L_F_NS1_week6,3971R_L_F_NS1_week7,3971R_L_F_NS1_week9,3975R_0_F_NS1_week9,3975R_R_F_NS1_week5,3975R_R_F_NS1_week6,3975R_R_F_NS1_week7,3975R_R_F_NS1_week9,036R_0_M_NS1,036R_0_M_NS1_week5,036R_L_M_NS1,036R_L_M_NS1_week5,036R_NS1_week18,036R_RL_M_NS1,036R_RL_M_NS1_week5,036R_RR_M_NS1,036R_RR_M_NS1_week5,1030R_RR_M_NS1_week5,1030R_RR_M_NS1_week9,1121R_L_M_NS1_week5,1121R_L_M_NS1_week9,1121R_NS1_week19,1121R_R_M_NS1_week5,1121R_R_M_NS1_week9,1121R_RL_M_NS1_diabetes,1121R_RL_M_NS1_week5,1121R_RL_M_NS1_week9,1121R_RR_M_NS1_week5,1121R_RR_M_NS1_week9,1151R_0_M_NS1_week5,1151R_0_M_NS1_week9,1151R_NS1_week21,1151R_R_M_NS1_diabetes,1193R_0_F_NS1_week5,1193R_0_F_NS1_week9,1193R_L_F_NS1_diabetes,1193R_L_F_NS1_week5,1193R_L_F_NS1_week9,1193R_NS1_week24,2529R_0_F_NS1_week5,2529R_0_F_NS1_week9,2529R_L_F_NS1_diabetes,2529R_L_F_NS1_week5,2529R_L_F_NS1_week9,2529R_NS1_week22,2529R_RL_F_NS1_week5,2529R_RL_F_NS1_week9,3861R_0_M_NS1_week5,3861R_0_M_NS1_week9,3861R_L_M_NS1_diabetes,3861R_L_M_NS1_week5,3861R_L_M_NS1_week9,3861R_NS1_week28,3861R_R_M_NS1_week5,3971R_0_F_NS1_week5,3971R_0_F_NS1_week9,3971R_NS1_week30,3971R_R_F_NS1_diabetes,3971R_R_F_NS1_week9,3971R_RL_F_NS1_diabetes,3971R_RL_F_NS1_week9,3975R_0_F_NS1_week5,3975R_L_F_NS1_diabetes,3975R_L_F_NS1_week5,3975R_L_F_NS1_week9,3975R_NS1_week14,3975R_R_F_NS1_diabetes,3975R_RL_F_NS1_diabetes,3975R_RL_F_NS1_week9,NS1_defined_inocula,2808_NS1_0_Female_week5,2808_NS1_0_Female_week9,2808_NS1_L_Female_week5,2808_NS1_L_Female_week9,2808_NS1_R_Female_week5,2808_NS1_R_Female_week9,2808_NS1_RR_Female_week5,2808_NS1_RR_Female_week9,2824_NS1_0_Male_week5,2824_NS1_0_Male_week9,2824_NS1_L_Male_week5,2824_NS1_L_Male_week9,2824_NS1_R_Male_week5,2824_NS1_R_Male_week9,2864_NS1_R_Male_week5,2864_NS1_R_Male_week9,2893_NS1_0_Male_week5,2893_NS1_0_Male_week9,2893_NS1_R_Male_week5,2893_NS1_R_Male_week9,2999_NS1_0_Female_week5,2999_NS1_0_Female_week9,2999_NS1_R_Female_week5,2999_NS1_R_Female_week9,NS1_mouse_inoculum,1174R_0_M_S2_week9,160R_0_F_S2_week10,160R_L_F_S2_week10,2446R_0_F_S2_week9,3795R_R_F_S2_week10,3896R_0_M_S2_week10,3896R_L_M_S2_week10,3909R_R_M_S2_week10,S2_inocula,073R_0_M_S2_week5,073R_0_M_S2_week6,073R_0_M_S2_week7,073R_0_M_S2_week9,1067R_R_M_S2_week5,1067R_R_M_S2_week6,1067R_R_M_S2_week7,1067R_R_M_S2_week9,1152R_0_M_S2_week9,2404R_R_F_S2_week5,2404R_R_F_S2_week6,2404R_R_F_S2_week7,2404R_R_F_S2_week9,2446R_L_F_S2_week5,2446R_L_F_S2_week6,2446R_L_F_S2_week7,2446R_L_F_S2_week9,3795R_0_F_S2_week5,3795R_0_F_S2_week6,3795R_0_F_S2_week7,3795R_0_F_S2_week9,3909R_0_M_S2_week5,3909R_0_M_S2_week6,3909R_0_M_S2_week7,3909R_0_M_S2_week9,3918R_R_M_S2_week5,3918R_R_M_S2_week6,3918R_R_M_S2_week7,3918R_R_M_S2_week9,3969R_0_F_S2_week5,3969R_0_F_S2_week6,3969R_0_F_S2_week7,3969R_0_F_S2_week9,3980R_0_F_S2_week9,073R_R_M_S2_diabetes,073R_R_M_S2_Pellet_week9,073R_R_M_S2_week5,073R_S2_week21,1067R_0_M_S2_week5,1067R_0_M_S2_week9,1067R_L_M_S2_week5,1067R_L_M_S2_week9,1067R_R_M_S2_diabetes,1067R_S2_week27,1152R_0_M_S2_week5,1152R_L_M_S2_diabetes,1152R_L_M_S2_week5,1152R_L_M_S2_week9,1152R_R_M_S2_week5,1152R_R_M_S2_week9,1152R_S2_week28,1174R_0_M_S2_diabetes,1174R_0_M_S2_week5,1174R_S2_week14,2404R_0_F_S2_week5,2404R_0_F_S2_week9,2404R_L_F_S2_diabetes,2404R_L_F_S2_week5,2404R_L_F_S2_week9,2404R_S2_week14,2446R_0_F_S2_week5,2446R_L_F_S2_diabetes,2446R_R_F_S2_Pellet_week9,2446R_R_F_S2_week5,2446R_RL_F_S2_Pellet_week9,2446R_RL_F_S2_week5,2446R_S2_week15,2453R_0_F_S2_Pellet_week9,2453R_0_F_S2_week5,2453R_L_F_S2_diabetes,2453R_L_F_S2_Pellet_week9,2453R_L_F_S2_week5,2453R_R_F_S2_diabetes,2453R_R_F_S2_Pellet_week9,2453R_R_F_S2_week5,2453R_S2_week21,3795R_L_F_S2_week5,3795R_L_F_S2_week9,3880R_0_F_S2_week5,3880R_0_F_S2_week9,3880R_L_F_S2_week5,3880R_L_F_S2_week9,3880R_R_F_S2_week5,3880R_R_F_S2_week9,3880R_S2_week15,3909R_0_M_S2_diabetes,3909R_L_M_S2_diabetes,3909R_L_M_S2_week5,3909R_L_M_S2_week9,3909R_S2_week21,3918R_0_M_S2_diabetes,3918R_0_M_S2_week5,3918R_0_M_S2_week9,3918R_L_M_S2_week5,3918R_L_M_S2_week9,3918R_RL_M_S2_week5,3918R_RL_M_S2_week9,3918R_RR_M_S2_week5,3918R_RR_M_S2_week9,3918R_S2_week29,3969R_R_F_S2_diabetes,3969R_R_F_S2_Pellet_week9,3969R_R_F_S2_week5,3969R_S2_week18,3980R_0_F_S2_diabetes,3980R_0_F_S2_week5,3980R_L_F_S2_Pellet_week9,3980R_L_F_S2_week5,3980R_R_F_S2_diabetes,3980R_R_F_S2_Pellet_week9,3980R_R_F_S2_week5,3980R_S2_week14,S2_defined_inocula,048R_S2_R_Female_week5,048R_S2_R_Female_week9,1050R_S2_L_Male_week5,1050R_S2_L_Male_week9,1050R_S2_R_Male_week5,1050R_S2_R_Male_week9,1050R_S2_RR_Male_week5,1050R_S2_RR_Male_week9,1127R_S2_0_Female_week5,1127R_S2_0_Female_week9,1127R_S2_R_Female_week5,1127R_S2_R_Female_week9,2514R_S2_L_Male_week5,2514R_S2_L_Male_week9,2514R_S2_R_Male_week5,2514R_S2_R_Male_week9,3995R_S2_0_Female_week5,3995R_S2_0_Female_week9,3995R_S2_L_Female_week5,3995R_S2_L_Female_week9,3995R_S2_R_Female_week5,3995R_S2_R_Female_week9,3995R_S2_RR_Female_week5,3995R_S2_RR_Female_week9,3997R_S2_L_Male_week5,3997R_S2_L_Male_week9,3997R_S2_R_Male_week5,3997R_S2_R_Male_week9,S2_mouse_inoculum,NS6_inocula,016R_0_F_NS6_week5,NS6_defined_inocula,016R_R_F_NS6_week5,1075R_0_M_NS6_week5,1075R_RL_M_NS6_week5,1184R_0_M_NS6_week5,1186R_0_M_NS6_week5,1186R_RR_M_NS6_week5,184R_0_M_NS6_week5,2403R_0_F_NS6_week5,2476R_R_F_NS6_week5,2562R_0_F_NS6_week5,2562R_RL_F_NS6_week5,NS6_defined_inocula.1,S5_inocula,096R_0_M_S5_week5,S5_defined_inocula,1060R_L_M_S5_week5,1076R_0_M_S5_week5,1136R_0_F_S5_week5,2402R_0_F_S5_week5,2402R_R_F_S5_week5,2475R_RL_M_S5_week5,2518R_0_M_S5_week5,3924R_L_F_S5_week5,3929R_0_F_S5_week5,S5_defined_inocula.1
2026-04-14 15:13:50.315025 DEBUG::A total of 40 samples were found in both the data and metadata
2026-04-14 15:13:50.315573 DEBUG::Reordering data/metadata to use same sample ordering
2026-04-14 15:13:50.529124 INFO::Formula for random effects: expr ~ (1 | Sex)
2026-04-14 15:13:50.530999 INFO::Formula for fixed effects: expr ~  Week_and_Consortium
2026-04-14 15:13:50.532741 INFO::Filter data based on min abundance and min prevalence
2026-04-14 15:13:50.534074 INFO::Total samples in data: 40
2026-04-14 15:13:50.535369 INFO::Min samples required with min abundance for a feature not to be filtered: 4.000000
2026-04-14 15:13:50.60339 INFO::Total filtered features: 153
2026-04-14 15:13:50.605375 INFO::Filtered feature names from abundance and prevalence filtering: ko.K12139, ko.K22506, ko.K18652, ko.K03459, ko.K12145, ko.K12983, ko.K07489, ko.K15383, ko.K18895, ko.K19780, ko.K07804, ko.K11208, ko.K11178, ko.K11177, ko.K02611, ko.K02613, ko.K02615, ko.K02616, ko.K02612, ko.K02610, ko.K02609, ko.K00276, ko.K02618, ko.K06146, ko.K00098, ko.K00455, ko.K01434, ko.K02508, ko.K02511, ko.K01826, ko.K02771, ko.K03230, ko.K22514, ko.K08087, ko.K18015, ko.K18214, ko.K06236, ko.K19180, ko.K04037, ko.K09469, ko.K14197, ko.K19519, ko.K00223, ko.K21310, ko.K16150, ko.K19547, ko.K07084, ko.K18009, ko.K01799, ko.K10747, ko.K08073, ko.K08075, ko.K17838, ko.K07116, ko.K07270, ko.K22320, ko.K07445, ko.K06922, ko.K13599, ko.K20386, ko.K07016, ko.K19138, ko.K19140, ko.K19139, ko.K20811, ko.K12294, ko.K06240, ko.K00485, ko.K07222, ko.K21829, ko.K17950, ko.K01505, ko.K19145, ko.K02660, ko.K11210, ko.K13277, ko.K19424, ko.K19170, ko.K21814, ko.K20375, ko.K03933, ko.K13955, ko.K19430, ko.K20374, ko.K14989, ko.K02482, ko.K21745, ko.K08166, ko.K08196, ko.K17317, ko.K20274, ko.K19137, ko.K13935, ko.K13931, ko.K13932, ko.K13934, ko.K20489, ko.K02479, ko.K07778, ko.K12268, ko.K12270, ko.K12269, ko.K11050, ko.K11051, ko.K20201, ko.K11630, ko.K01932, ko.K22116, ko.K15600, ko.K01040, ko.K01039, ko.K08688, ko.K07717, ko.K16555, ko.K09805, ko.K01213, ko.K06984, ko.K00862, ko.K16247, ko.K07108, ko.K11691, ko.K19548, ko.K18654, ko.K11194, ko.K11195, ko.K11196, ko.K01746, ko.K10925, ko.K16841, ko.K20627, ko.K20026, ko.K20626, ko.K20025, ko.K22251, ko.K20446, ko.K07291, ko.K20485, ko.K02204, ko.K19965, ko.K12454, ko.K13541, ko.K20947, ko.K14988, ko.K22026, ko.K07013, ko.K18566, ko.K13403, ko.K05793, ko.K16127, ko.K16128, ko.K13000, ko.K04618, ko.K02531
2026-04-14 15:13:50.757527 INFO::Total filtered features with variance filtering: 0
2026-04-14 15:13:50.759333 INFO::Filtered feature names from variance filtering:
2026-04-14 15:13:50.760561 INFO::Running selected normalization method: TSS
2026-04-14 15:13:50.819025 INFO::Applying z-score to standardize continuous metadata
2026-04-14 15:13:50.822782 INFO::Running selected transform method: LOG
2026-04-14 15:13:50.974734 INFO::Running selected analysis method: LM
2026-04-14 15:13:50.97662 INFO::Creating cluster of 8 R processes
2026-04-14 15:16:07.090132 INFO::Counting total values for each feature
2026-04-14 15:16:07.952684 INFO::Writing filtered data to file /Users/danielcm/Desktop/Sickkids/Maaslin2.6/maaslin2_Week_and_Consortium_KO_NS6_w9w10_vs_S5_w9w10_ref_Week_and_Consortium,S5_w9w10/features/filtered_data.tsv
2026-04-14 15:16:08.163007 INFO::Writing filtered, normalized data to file /Users/danielcm/Desktop/Sickkids/Maaslin2.6/maaslin2_Week_and_Consortium_KO_NS6_w9w10_vs_S5_w9w10_ref_Week_and_Consortium,S5_w9w10/features/filtered_data_norm.tsv
2026-04-14 15:16:08.469726 INFO::Writing filtered, normalized, transformed data to file /Users/danielcm/Desktop/Sickkids/Maaslin2.6/maaslin2_Week_and_Consortium_KO_NS6_w9w10_vs_S5_w9w10_ref_Week_and_Consortium,S5_w9w10/features/filtered_data_norm_transformed.tsv
2026-04-14 15:16:08.773661 INFO::Writing residuals to file /Users/danielcm/Desktop/Sickkids/Maaslin2.6/maaslin2_Week_and_Consortium_KO_NS6_w9w10_vs_S5_w9w10_ref_Week_and_Consortium,S5_w9w10/fits/residuals.rds
2026-04-14 15:16:08.902882 INFO::Writing fitted values to file /Users/danielcm/Desktop/Sickkids/Maaslin2.6/maaslin2_Week_and_Consortium_KO_NS6_w9w10_vs_S5_w9w10_ref_Week_and_Consortium,S5_w9w10/fits/fitted.rds
2026-04-14 15:16:08.980936 INFO::Writing extracted random effects to file /Users/danielcm/Desktop/Sickkids/Maaslin2.6/maaslin2_Week_and_Consortium_KO_NS6_w9w10_vs_S5_w9w10_ref_Week_and_Consortium,S5_w9w10/fits/ranef.rds
2026-04-14 15:16:08.989207 INFO::Writing all results to file (ordered by increasing q-values): /Users/danielcm/Desktop/Sickkids/Maaslin2.6/maaslin2_Week_and_Consortium_KO_NS6_w9w10_vs_S5_w9w10_ref_Week_and_Consortium,S5_w9w10/all_results.tsv
2026-04-14 15:16:09.032804 INFO::Writing the significant results (those which are less than or equal to the threshold of 0.250000 ) to file (ordered by increasing q-values): /Users/danielcm/Desktop/Sickkids/Maaslin2.6/maaslin2_Week_and_Consortium_KO_NS6_w9w10_vs_S5_w9w10_ref_Week_and_Consortium,S5_w9w10/significant_results.tsv
2026-04-14 15:16:09.073249 INFO::Writing heatmap of significant results to file: /Users/danielcm/Desktop/Sickkids/Maaslin2.6/maaslin2_Week_and_Consortium_KO_NS6_w9w10_vs_S5_w9w10_ref_Week_and_Consortium,S5_w9w10/heatmap.pdf
