This is cutadapt 5.0 with Python 3.13.1
Command line parameters: -A XXX -q 20,20 -m 50 -o plate1.1/cutadapt_qc/3909R_R_M_S2_week10_S54_L001_R1_001.fastq.gz -p plate1.1/cutadapt_qc/3909R_R_M_S2_week10_S54_L001_R2_001.fastq.gz plate1.1/cutadapt/3909R_R_M_S2_week10_S54_L001_R1_001.fastq.gz plate1.1/cutadapt/3909R_R_M_S2_week10_S54_L001_R2_001.fastq.gz
Processing paired-end reads on 1 core ...

=== Summary ===

Total read pairs processed:            122,752
  Read 2 with adapter:                       0 (0.0%)

== Read fate breakdown ==
Pairs that were too short:                 517 (0.4%)
Pairs written (passing filters):       122,235 (99.6%)

Total basepairs processed:    69,248,207 bp
  Read 1:    34,866,448 bp
  Read 2:    34,381,759 bp
Quality-trimmed:               3,193,890 bp (4.6%)
  Read 1:       542,306 bp
  Read 2:     2,651,584 bp
Total written (filtered):     65,905,208 bp (95.2%)
  Read 1:    34,188,369 bp
  Read 2:    31,716,839 bp

=== Second read: Adapter 1 ===

Sequence: XXX; Type: regular 3'; Length: 3; Trimmed: 0 times
