This is cutadapt 5.0 with Python 3.13.1
Command line parameters: -m 50 -O 15 -e 0.15 -g CCTAYGGGDBGCWGCAG -G GACTACNVGGGTMTCTAATCC -a GGATTAGAKACCCBNGTAGTC -A CTGCWGCVHCCCRTAGG -o plate1.1/cutadapt/3909R_R_M_S2_week10_S54_L001_R1_001.fastq.gz -p plate1.1/cutadapt/3909R_R_M_S2_week10_S54_L001_R2_001.fastq.gz plate1.1/filtN/3909R_R_M_S2_week10_S54_L001_R1_001.fastq.gz plate1.1/filtN/3909R_R_M_S2_week10_S54_L001_R2_001.fastq.gz
Processing paired-end reads on 1 core ...

=== Summary ===

Total read pairs processed:            122,752
  Read 1 with adapter:                 122,461 (99.8%)
  Read 2 with adapter:                 122,184 (99.5%)

== Read fate breakdown ==
Pairs that were too short:                   0 (0.0%)
Pairs written (passing filters):       122,752 (100.0%)

Total basepairs processed:    73,896,704 bp
  Read 1:    36,948,352 bp
  Read 2:    36,948,352 bp
Total written (filtered):     69,248,207 bp (93.7%)
  Read 1:    34,866,448 bp
  Read 2:    34,381,759 bp

=== First read: Adapter 1 ===

Sequence: CCTAYGGGDBGCWGCAG; Type: regular 5'; Length: 17; Trimmed: 122403 times

Minimum overlap: 15
No. of allowed errors:
1-5 bp: 0; 6-12 bp: 1; 13-17 bp: 2

Overview of removed sequences
length	count	expect	max.err	error counts
15	27	0.0	2	1 7 19
16	543	0.0	2	126 397 20
17	121577	0.0	2	110689 10713 175
18	254	0.0	2	39 204 11
19	2	0.0	2	0 0 2


=== First read: Adapter 2 ===

Sequence: GGATTAGAKACCCBNGTAGTC; Type: regular 3'; Length: 21; Trimmed: 58 times

Minimum overlap: 15
No. of allowed errors:
1-5 bp: 0; 6-12 bp: 1; 13-19 bp: 2; 20 bp: 3

Bases preceding removed adapters:
  A: 31.0%
  C: 0.0%
  G: 69.0%
  T: 0.0%
  none/other: 0.0%

Overview of removed sequences
length	count	expect	max.err	error counts
24	58	0.0	3	52 6


=== Second read: Adapter 3 ===

Sequence: GACTACNVGGGTMTCTAATCC; Type: regular 5'; Length: 21; Trimmed: 122183 times

Minimum overlap: 15
No. of allowed errors:
1-5 bp: 0; 6-12 bp: 1; 13-19 bp: 2; 20 bp: 3

Overview of removed sequences
length	count	expect	max.err	error counts
15	3	0.0	2	3
17	4	0.0	2	1 1 2
18	6	0.0	2	0 1 2 3
19	49	0.0	2	0 1 44 4
20	633	0.0	3	57 517 49 10
21	121154	0.0	3	118496 2253 249 156
22	300	0.0	3	39 233 23 5
23	2	0.0	3	1 0 1
25	1	0.0	3	0 0 1
26	1	0.0	3	1
33	1	0.0	3	1
35	1	0.0	3	1
37	1	0.0	3	1
60	1	0.0	3	0 0 0 1
62	2	0.0	3	0 0 0 2
64	13	0.0	3	1 1 3 8
65	11	0.0	3	0 2 5 4


=== Second read: Adapter 4 ===

Sequence: CTGCWGCVHCCCRTAGG; Type: regular 3'; Length: 17; Trimmed: 1 times

Minimum overlap: 15
No. of allowed errors:
1-5 bp: 0; 6-12 bp: 1; 13-17 bp: 2

Bases preceding removed adapters:
  A: 0.0%
  C: 100.0%
  G: 0.0%
  T: 0.0%
  none/other: 0.0%

Overview of removed sequences
length	count	expect	max.err	error counts
14	1	0.0	2	0 0 1
