This is cutadapt 5.0 with Python 3.13.1
Command line parameters: -m 50 -O 15 -e 0.15 -g CCTAYGGGDBGCWGCAG -G GACTACNVGGGTMTCTAATCC -a GGATTAGAKACCCBNGTAGTC -A CTGCWGCVHCCCRTAGG -o plate1.1/cutadapt/negative_control_S90_L001_R1_001.fastq.gz -p plate1.1/cutadapt/negative_control_S90_L001_R2_001.fastq.gz plate1.1/filtN/negative_control_S90_L001_R1_001.fastq.gz plate1.1/filtN/negative_control_S90_L001_R2_001.fastq.gz
Processing paired-end reads on 1 core ...

=== Summary ===

Total read pairs processed:              6,256
  Read 1 with adapter:                   6,243 (99.8%)
  Read 2 with adapter:                   6,230 (99.6%)

== Read fate breakdown ==
Pairs that were too short:                 151 (2.4%)
Pairs written (passing filters):         6,105 (97.6%)

Total basepairs processed:     3,766,112 bp
  Read 1:     1,883,056 bp
  Read 2:     1,883,056 bp
Total written (filtered):      3,443,742 bp (91.4%)
  Read 1:     1,734,052 bp
  Read 2:     1,709,690 bp

=== First read: Adapter 1 ===

Sequence: CCTAYGGGDBGCWGCAG; Type: regular 5'; Length: 17; Trimmed: 6091 times

Minimum overlap: 15
No. of allowed errors:
1-5 bp: 0; 6-12 bp: 1; 13-17 bp: 2

Overview of removed sequences
length	count	expect	max.err	error counts
15	3	0.0	2	0 1 2
16	32	0.0	2	8 22 2
17	6036	0.0	2	5479 550 7
18	20	0.0	2	1 16 3


=== First read: Adapter 2 ===

Sequence: GGATTAGAKACCCBNGTAGTC; Type: regular 3'; Length: 21; Trimmed: 152 times

Minimum overlap: 15
No. of allowed errors:
1-5 bp: 0; 6-12 bp: 1; 13-19 bp: 2; 20 bp: 3

Bases preceding removed adapters:
  A: 72.4%
  C: 1.3%
  G: 19.1%
  T: 7.2%
  none/other: 0.0%

Overview of removed sequences
length	count	expect	max.err	error counts
24	1	0.0	3	1
269	11	0.0	3	11
272	2	0.0	3	2
280	3	0.0	3	3
283	2	0.0	3	2
284	27	0.0	3	25 2
285	104	0.0	3	98 6
286	2	0.0	3	2


=== Second read: Adapter 3 ===

Sequence: GACTACNVGGGTMTCTAATCC; Type: regular 5'; Length: 21; Trimmed: 6230 times

Minimum overlap: 15
No. of allowed errors:
1-5 bp: 0; 6-12 bp: 1; 13-19 bp: 2; 20 bp: 3

Overview of removed sequences
length	count	expect	max.err	error counts
15	1	0.0	2	1
17	1	0.0	2	1
18	1	0.0	2	0 0 0 1
19	3	0.0	2	0 0 2 1
20	39	0.0	3	4 33 2
21	6161	0.0	3	6030 100 22 9
22	17	0.0	3	1 15 1
58	1	0.0	3	0 1
61	1	0.0	3	0 1
64	3	0.0	3	0 3
65	2	0.0	3	0 1 0 1


=== Second read: Adapter 4 ===

Sequence: CTGCWGCVHCCCRTAGG; Type: regular 3'; Length: 17; Trimmed: 0 times
