This is cutadapt 5.0 with Python 3.13.1
Command line parameters: -A XXX -q 20,20 -m 50 -o plate1.1/cutadapt_qc/T1D_S2_defined_mouse_inocula_S83_L001_R1_001.fastq.gz -p plate1.1/cutadapt_qc/T1D_S2_defined_mouse_inocula_S83_L001_R2_001.fastq.gz plate1.1/cutadapt/T1D_S2_defined_mouse_inocula_S83_L001_R1_001.fastq.gz plate1.1/cutadapt/T1D_S2_defined_mouse_inocula_S83_L001_R2_001.fastq.gz
Processing paired-end reads on 1 core ...

=== Summary ===

Total read pairs processed:            108,708
  Read 2 with adapter:                       0 (0.0%)

== Read fate breakdown ==
Pairs that were too short:                 458 (0.4%)
Pairs written (passing filters):       108,250 (99.6%)

Total basepairs processed:    61,320,962 bp
  Read 1:    30,877,428 bp
  Read 2:    30,443,534 bp
Quality-trimmed:               2,616,122 bp (4.3%)
  Read 1:       485,911 bp
  Read 2:     2,130,211 bp
Total written (filtered):     58,576,222 bp (95.5%)
  Read 1:    30,280,607 bp
  Read 2:    28,295,615 bp

=== Second read: Adapter 1 ===

Sequence: XXX; Type: regular 3'; Length: 3; Trimmed: 0 times
