This is cutadapt 5.0 with Python 3.13.1
Command line parameters: -A XXX -q 20,20 -m 50 -o plate1.1/cutadapt_qc/1136R_RL_F_S5_week10_S58_L001_R1_001.fastq.gz -p plate1.1/cutadapt_qc/1136R_RL_F_S5_week10_S58_L001_R2_001.fastq.gz plate1.1/cutadapt/1136R_RL_F_S5_week10_S58_L001_R1_001.fastq.gz plate1.1/cutadapt/1136R_RL_F_S5_week10_S58_L001_R2_001.fastq.gz
Processing paired-end reads on 1 core ...

=== Summary ===

Total read pairs processed:            101,052
  Read 2 with adapter:                       0 (0.0%)

== Read fate breakdown ==
Pairs that were too short:                 499 (0.5%)
Pairs written (passing filters):       100,553 (99.5%)

Total basepairs processed:    57,009,829 bp
  Read 1:    28,703,000 bp
  Read 2:    28,306,829 bp
Quality-trimmed:               2,832,406 bp (5.0%)
  Read 1:       435,833 bp
  Read 2:     2,396,573 bp
Total written (filtered):     54,029,851 bp (94.8%)
  Read 1:    28,131,781 bp
  Read 2:    25,898,070 bp

=== Second read: Adapter 1 ===

Sequence: XXX; Type: regular 3'; Length: 3; Trimmed: 0 times
