This is cutadapt 5.0 with Python 3.13.1
Command line parameters: -m 50 -O 15 -e 0.15 -g CCTAYGGGDBGCWGCAG -G GACTACNVGGGTMTCTAATCC -a GGATTAGAKACCCBNGTAGTC -A CTGCWGCVHCCCRTAGG -o plate1.1/cutadapt/2403R_L_F_NS6_week10_S67_L001_R1_001.fastq.gz -p plate1.1/cutadapt/2403R_L_F_NS6_week10_S67_L001_R2_001.fastq.gz plate1.1/filtN/2403R_L_F_NS6_week10_S67_L001_R1_001.fastq.gz plate1.1/filtN/2403R_L_F_NS6_week10_S67_L001_R2_001.fastq.gz
Processing paired-end reads on 1 core ...

=== Summary ===

Total read pairs processed:            120,002
  Read 1 with adapter:                 119,691 (99.7%)
  Read 2 with adapter:                 119,494 (99.6%)

== Read fate breakdown ==
Pairs that were too short:                   0 (0.0%)
Pairs written (passing filters):       120,002 (100.0%)

Total basepairs processed:    72,241,204 bp
  Read 1:    36,120,602 bp
  Read 2:    36,120,602 bp
Total written (filtered):     67,694,113 bp (93.7%)
  Read 1:    34,085,369 bp
  Read 2:    33,608,744 bp

=== First read: Adapter 1 ===

Sequence: CCTAYGGGDBGCWGCAG; Type: regular 5'; Length: 17; Trimmed: 119648 times

Minimum overlap: 15
No. of allowed errors:
1-5 bp: 0; 6-12 bp: 1; 13-17 bp: 2

Overview of removed sequences
length	count	expect	max.err	error counts
15	25	0.0	2	2 4 19
16	458	0.0	2	109 320 29
17	118901	0.0	2	108267 10471 163
18	253	0.0	2	53 182 18
19	5	0.0	2	1 0 4
22	2	0.0	2	2
29	1	0.0	2	1
32	1	0.0	2	1
45	2	0.0	2	1 1


=== First read: Adapter 2 ===

Sequence: GGATTAGAKACCCBNGTAGTC; Type: regular 3'; Length: 21; Trimmed: 43 times

Minimum overlap: 15
No. of allowed errors:
1-5 bp: 0; 6-12 bp: 1; 13-19 bp: 2; 20 bp: 3

Bases preceding removed adapters:
  A: 55.8%
  C: 0.0%
  G: 44.2%
  T: 0.0%
  none/other: 0.0%

Overview of removed sequences
length	count	expect	max.err	error counts
23	1	0.0	3	1
24	39	0.0	3	36 3
82	1	0.0	3	1
164	2	0.0	3	2


=== Second read: Adapter 3 ===

Sequence: GACTACNVGGGTMTCTAATCC; Type: regular 5'; Length: 21; Trimmed: 119494 times

Minimum overlap: 15
No. of allowed errors:
1-5 bp: 0; 6-12 bp: 1; 13-19 bp: 2; 20 bp: 3

Overview of removed sequences
length	count	expect	max.err	error counts
17	4	0.0	2	2 1 1
18	5	0.0	2	1 1 0 3
19	44	0.0	2	3 2 35 4
20	681	0.0	3	59 547 65 10
21	118452	0.0	3	115819 2236 252 145
22	234	0.0	3	22 190 19 3
23	2	0.0	3	0 0 1 1
35	1	0.0	3	1
49	1	0.0	3	1
59	1	0.0	3	0 0 1
60	2	0.0	3	0 1 0 1
61	2	0.0	3	0 0 2
62	6	0.0	3	0 2 2 2
63	8	0.0	3	0 0 5 3
64	18	0.0	3	1 2 5 10
65	33	0.0	3	1 3 10 19


=== Second read: Adapter 4 ===

Sequence: CTGCWGCVHCCCRTAGG; Type: regular 3'; Length: 17; Trimmed: 0 times
