This is cutadapt 5.0 with Python 3.13.1
Command line parameters: -A XXX -q 20,20 -m 50 -o plate1.1/cutadapt_qc/1075R_0_M_NS6_week9_S72_L001_R1_001.fastq.gz -p plate1.1/cutadapt_qc/1075R_0_M_NS6_week9_S72_L001_R2_001.fastq.gz plate1.1/cutadapt/1075R_0_M_NS6_week9_S72_L001_R1_001.fastq.gz plate1.1/cutadapt/1075R_0_M_NS6_week9_S72_L001_R2_001.fastq.gz
Processing paired-end reads on 1 core ...

=== Summary ===

Total read pairs processed:            110,959
  Read 2 with adapter:                       0 (0.0%)

== Read fate breakdown ==
Pairs that were too short:                 422 (0.4%)
Pairs written (passing filters):       110,537 (99.6%)

Total basepairs processed:    62,591,342 bp
  Read 1:    31,516,273 bp
  Read 2:    31,075,069 bp
Quality-trimmed:               2,187,623 bp (3.5%)
  Read 1:       387,494 bp
  Read 2:     1,800,129 bp
Total written (filtered):     60,278,959 bp (96.3%)
  Read 1:    31,013,401 bp
  Read 2:    29,265,558 bp

=== Second read: Adapter 1 ===

Sequence: XXX; Type: regular 3'; Length: 3; Trimmed: 0 times
