This is cutadapt 5.0 with Python 3.13.1
Command line parameters: -m 50 -O 15 -e 0.15 -g CCTAYGGGDBGCWGCAG -G GACTACNVGGGTMTCTAATCC -a GGATTAGAKACCCBNGTAGTC -A CTGCWGCVHCCCRTAGG -o plate1.1/cutadapt/1030R_0_M_NS1_week10_S77_L001_R1_001.fastq.gz -p plate1.1/cutadapt/1030R_0_M_NS1_week10_S77_L001_R2_001.fastq.gz plate1.1/filtN/1030R_0_M_NS1_week10_S77_L001_R1_001.fastq.gz plate1.1/filtN/1030R_0_M_NS1_week10_S77_L001_R2_001.fastq.gz
Processing paired-end reads on 1 core ...

=== Summary ===

Total read pairs processed:            111,653
  Read 1 with adapter:                 111,390 (99.8%)
  Read 2 with adapter:                 110,863 (99.3%)

== Read fate breakdown ==
Pairs that were too short:                   0 (0.0%)
Pairs written (passing filters):       111,653 (100.0%)

Total basepairs processed:    67,215,106 bp
  Read 1:    33,607,553 bp
  Read 2:    33,607,553 bp
Total written (filtered):     62,992,619 bp (93.7%)
  Read 1:    31,713,930 bp
  Read 2:    31,278,689 bp

=== First read: Adapter 1 ===

Sequence: CCTAYGGGDBGCWGCAG; Type: regular 5'; Length: 17; Trimmed: 111359 times

Minimum overlap: 15
No. of allowed errors:
1-5 bp: 0; 6-12 bp: 1; 13-17 bp: 2

Overview of removed sequences
length	count	expect	max.err	error counts
15	34	0.0	2	5 7 22
16	403	0.0	2	70 309 24
17	110687	0.0	2	100954 9571 162
18	234	0.0	2	47 173 14
30	1	0.0	2	1


=== First read: Adapter 2 ===

Sequence: GGATTAGAKACCCBNGTAGTC; Type: regular 3'; Length: 21; Trimmed: 31 times

Minimum overlap: 15
No. of allowed errors:
1-5 bp: 0; 6-12 bp: 1; 13-19 bp: 2; 20 bp: 3

Bases preceding removed adapters:
  A: 25.8%
  C: 0.0%
  G: 74.2%
  T: 0.0%
  none/other: 0.0%

Overview of removed sequences
length	count	expect	max.err	error counts
24	31	0.0	3	28 2 1


=== Second read: Adapter 3 ===

Sequence: GACTACNVGGGTMTCTAATCC; Type: regular 5'; Length: 21; Trimmed: 110861 times

Minimum overlap: 15
No. of allowed errors:
1-5 bp: 0; 6-12 bp: 1; 13-19 bp: 2; 20 bp: 3

Overview of removed sequences
length	count	expect	max.err	error counts
15	4	0.0	2	3 1
17	3	0.0	2	0 0 3
18	5	0.0	2	2 1 1 1
19	41	0.0	2	1 5 34 1
20	518	0.0	3	41 423 38 16
21	110054	0.0	3	107056 2432 380 186
22	215	0.0	3	33 164 15 3
29	1	0.0	3	0 0 1
39	1	0.0	3	1
60	1	0.0	3	0 0 0 1
61	1	0.0	3	0 0 0 1
63	2	0.0	3	0 0 0 2
64	9	0.0	3	0 1 1 7
65	6	0.0	3	0 0 1 5


=== Second read: Adapter 4 ===

Sequence: CTGCWGCVHCCCRTAGG; Type: regular 3'; Length: 17; Trimmed: 2 times

Minimum overlap: 15
No. of allowed errors:
1-5 bp: 0; 6-12 bp: 1; 13-17 bp: 2

Bases preceding removed adapters:
  A: 0.0%
  C: 100.0%
  G: 0.0%
  T: 0.0%
  none/other: 0.0%

Overview of removed sequences
length	count	expect	max.err	error counts
146	1	0.0	2	0 0 1
233	1	0.0	2	0 0 1
