This is cutadapt 5.0 with Python 3.13.1
Command line parameters: -A XXX -q 20,20 -m 50 -o plate1.1/cutadapt_qc/3752R_0_F_S5_week10_S59_L001_R1_001.fastq.gz -p plate1.1/cutadapt_qc/3752R_0_F_S5_week10_S59_L001_R2_001.fastq.gz plate1.1/cutadapt/3752R_0_F_S5_week10_S59_L001_R1_001.fastq.gz plate1.1/cutadapt/3752R_0_F_S5_week10_S59_L001_R2_001.fastq.gz
Processing paired-end reads on 1 core ...

=== Summary ===

Total read pairs processed:            103,472
  Read 2 with adapter:                       0 (0.0%)

== Read fate breakdown ==
Pairs that were too short:                 545 (0.5%)
Pairs written (passing filters):       102,927 (99.5%)

Total basepairs processed:    58,373,943 bp
  Read 1:    29,390,092 bp
  Read 2:    28,983,851 bp
Quality-trimmed:               2,847,214 bp (4.9%)
  Read 1:       461,523 bp
  Read 2:     2,385,691 bp
Total written (filtered):     55,373,685 bp (94.9%)
  Read 1:    28,793,175 bp
  Read 2:    26,580,510 bp

=== Second read: Adapter 1 ===

Sequence: XXX; Type: regular 3'; Length: 3; Trimmed: 0 times
