This is cutadapt 5.0 with Python 3.13.1
Command line parameters: -m 50 -O 15 -e 0.15 -g CCTAYGGGDBGCWGCAG -G GACTACNVGGGTMTCTAATCC -a GGATTAGAKACCCBNGTAGTC -A CTGCWGCVHCCCRTAGG -o plate1.1/cutadapt/184R_L_F_NS6_week10_S66_L001_R1_001.fastq.gz -p plate1.1/cutadapt/184R_L_F_NS6_week10_S66_L001_R2_001.fastq.gz plate1.1/filtN/184R_L_F_NS6_week10_S66_L001_R1_001.fastq.gz plate1.1/filtN/184R_L_F_NS6_week10_S66_L001_R2_001.fastq.gz
Processing paired-end reads on 1 core ...

=== Summary ===

Total read pairs processed:            115,541
  Read 1 with adapter:                 115,273 (99.8%)
  Read 2 with adapter:                 115,068 (99.6%)

== Read fate breakdown ==
Pairs that were too short:                   0 (0.0%)
Pairs written (passing filters):       115,541 (100.0%)

Total basepairs processed:    69,555,682 bp
  Read 1:    34,777,841 bp
  Read 2:    34,777,841 bp
Total written (filtered):     65,177,118 bp (93.7%)
  Read 1:    32,818,172 bp
  Read 2:    32,358,946 bp

=== First read: Adapter 1 ===

Sequence: CCTAYGGGDBGCWGCAG; Type: regular 5'; Length: 17; Trimmed: 115245 times

Minimum overlap: 15
No. of allowed errors:
1-5 bp: 0; 6-12 bp: 1; 13-17 bp: 2

Overview of removed sequences
length	count	expect	max.err	error counts
15	22	0.0	2	0 3 19
16	473	0.0	2	108 337 28
17	114496	0.0	2	104411 9935 150
18	250	0.0	2	39 197 14
19	2	0.0	2	0 0 2
24	1	0.0	2	1
47	1	0.0	2	1


=== First read: Adapter 2 ===

Sequence: GGATTAGAKACCCBNGTAGTC; Type: regular 3'; Length: 21; Trimmed: 28 times

Minimum overlap: 15
No. of allowed errors:
1-5 bp: 0; 6-12 bp: 1; 13-19 bp: 2; 20 bp: 3

Bases preceding removed adapters:
  A: 71.4%
  C: 0.0%
  G: 28.6%
  T: 0.0%
  none/other: 0.0%

Overview of removed sequences
length	count	expect	max.err	error counts
24	27	0.0	3	25 2
82	1	0.0	3	1


=== Second read: Adapter 3 ===

Sequence: GACTACNVGGGTMTCTAATCC; Type: regular 5'; Length: 21; Trimmed: 115068 times

Minimum overlap: 15
No. of allowed errors:
1-5 bp: 0; 6-12 bp: 1; 13-19 bp: 2; 20 bp: 3

Overview of removed sequences
length	count	expect	max.err	error counts
15	2	0.0	2	0 1 1
16	2	0.0	2	1 1
17	2	0.0	2	1 0 1
18	7	0.0	2	0 5 0 2
19	49	0.0	2	1 2 43 3
20	655	0.0	3	67 531 42 15
21	114053	0.0	3	111505 2151 245 152
22	225	0.0	3	19 181 17 8
26	1	0.0	3	1
28	2	0.0	3	1 0 0 1
56	1	0.0	3	0 0 1
60	1	0.0	3	0 1
61	2	0.0	3	0 0 0 2
62	1	0.0	3	0 0 1
63	3	0.0	3	0 0 1 2
64	22	0.0	3	1 4 8 9
65	40	0.0	3	1 10 8 21


=== Second read: Adapter 4 ===

Sequence: CTGCWGCVHCCCRTAGG; Type: regular 3'; Length: 17; Trimmed: 0 times
