This is cutadapt 5.0 with Python 3.13.1
Command line parameters: -m 50 -O 15 -e 0.15 -g CCTAYGGGDBGCWGCAG -G GACTACNVGGGTMTCTAATCC -a GGATTAGAKACCCBNGTAGTC -A CTGCWGCVHCCCRTAGG -o plate1.1/cutadapt/3752R_L_F_S5_week10_S60_L001_R1_001.fastq.gz -p plate1.1/cutadapt/3752R_L_F_S5_week10_S60_L001_R2_001.fastq.gz plate1.1/filtN/3752R_L_F_S5_week10_S60_L001_R1_001.fastq.gz plate1.1/filtN/3752R_L_F_S5_week10_S60_L001_R2_001.fastq.gz
Processing paired-end reads on 1 core ...

=== Summary ===

Total read pairs processed:             92,232
  Read 1 with adapter:                  92,044 (99.8%)
  Read 2 with adapter:                  91,615 (99.3%)

== Read fate breakdown ==
Pairs that were too short:                   0 (0.0%)
Pairs written (passing filters):        92,232 (100.0%)

Total basepairs processed:    55,523,664 bp
  Read 1:    27,761,832 bp
  Read 2:    27,761,832 bp
Total written (filtered):     52,033,725 bp (93.7%)
  Read 1:    26,196,950 bp
  Read 2:    25,836,775 bp

=== First read: Adapter 1 ===

Sequence: CCTAYGGGDBGCWGCAG; Type: regular 5'; Length: 17; Trimmed: 92006 times

Minimum overlap: 15
No. of allowed errors:
1-5 bp: 0; 6-12 bp: 1; 13-17 bp: 2

Overview of removed sequences
length	count	expect	max.err	error counts
15	16	0.0	2	0 2 14
16	328	0.0	2	88 219 21
17	91448	0.0	2	83237 8074 137
18	213	0.0	2	44 158 11
32	1	0.0	2	1


=== First read: Adapter 2 ===

Sequence: GGATTAGAKACCCBNGTAGTC; Type: regular 3'; Length: 21; Trimmed: 38 times

Minimum overlap: 15
No. of allowed errors:
1-5 bp: 0; 6-12 bp: 1; 13-19 bp: 2; 20 bp: 3

Bases preceding removed adapters:
  A: 23.7%
  C: 0.0%
  G: 76.3%
  T: 0.0%
  none/other: 0.0%

Overview of removed sequences
length	count	expect	max.err	error counts
24	38	0.0	3	33 5


=== Second read: Adapter 3 ===

Sequence: GACTACNVGGGTMTCTAATCC; Type: regular 5'; Length: 21; Trimmed: 91615 times

Minimum overlap: 15
No. of allowed errors:
1-5 bp: 0; 6-12 bp: 1; 13-19 bp: 2; 20 bp: 3

Overview of removed sequences
length	count	expect	max.err	error counts
15	2	0.0	2	0 2
17	5	0.0	2	0 2 3
18	13	0.0	2	2 6 4 1
19	39	0.0	2	1 1 34 3
20	558	0.0	3	59 436 46 17
21	90742	0.0	3	88209 2109 290 134
22	215	0.0	3	23 169 17 6
26	1	0.0	3	1
27	1	0.0	3	0 1
47	1	0.0	3	1
50	1	0.0	3	1
54	1	0.0	3	0 0 0 1
60	3	0.0	3	0 1 1 1
61	1	0.0	3	0 0 0 1
62	2	0.0	3	0 1 1
63	4	0.0	3	0 1 2 1
64	16	0.0	3	1 2 5 8
65	10	0.0	3	0 2 2 6


=== Second read: Adapter 4 ===

Sequence: CTGCWGCVHCCCRTAGG; Type: regular 3'; Length: 17; Trimmed: 0 times
