This is cutadapt 5.0 with Python 3.13.1
Command line parameters: -m 50 -O 15 -e 0.15 -g CCTAYGGGDBGCWGCAG -G GACTACNVGGGTMTCTAATCC -a GGATTAGAKACCCBNGTAGTC -A CTGCWGCVHCCCRTAGG -o plate1.1/cutadapt/2446R_0_F_S2_week9_S55_L001_R1_001.fastq.gz -p plate1.1/cutadapt/2446R_0_F_S2_week9_S55_L001_R2_001.fastq.gz plate1.1/filtN/2446R_0_F_S2_week9_S55_L001_R1_001.fastq.gz plate1.1/filtN/2446R_0_F_S2_week9_S55_L001_R2_001.fastq.gz
Processing paired-end reads on 1 core ...

=== Summary ===

Total read pairs processed:            114,123
  Read 1 with adapter:                 113,846 (99.8%)
  Read 2 with adapter:                 113,568 (99.5%)

== Read fate breakdown ==
Pairs that were too short:                   0 (0.0%)
Pairs written (passing filters):       114,123 (100.0%)

Total basepairs processed:    68,702,046 bp
  Read 1:    34,351,023 bp
  Read 2:    34,351,023 bp
Total written (filtered):     64,380,424 bp (93.7%)
  Read 1:    32,415,588 bp
  Read 2:    31,964,836 bp

=== First read: Adapter 1 ===

Sequence: CCTAYGGGDBGCWGCAG; Type: regular 5'; Length: 17; Trimmed: 113808 times

Minimum overlap: 15
No. of allowed errors:
1-5 bp: 0; 6-12 bp: 1; 13-17 bp: 2

Overview of removed sequences
length	count	expect	max.err	error counts
15	23	0.0	2	1 3 19
16	480	0.0	2	120 325 35
17	113044	0.0	2	103244 9620 180
18	255	0.0	2	38 199 18
19	2	0.0	2	0 0 2
24	1	0.0	2	1
27	1	0.0	2	1
32	1	0.0	2	1
39	1	0.0	2	1


=== First read: Adapter 2 ===

Sequence: GGATTAGAKACCCBNGTAGTC; Type: regular 3'; Length: 21; Trimmed: 38 times

Minimum overlap: 15
No. of allowed errors:
1-5 bp: 0; 6-12 bp: 1; 13-19 bp: 2; 20 bp: 3

Bases preceding removed adapters:
  A: 26.3%
  C: 0.0%
  G: 73.7%
  T: 0.0%
  none/other: 0.0%

Overview of removed sequences
length	count	expect	max.err	error counts
24	38	0.0	3	29 9


=== Second read: Adapter 3 ===

Sequence: GACTACNVGGGTMTCTAATCC; Type: regular 5'; Length: 21; Trimmed: 113568 times

Minimum overlap: 15
No. of allowed errors:
1-5 bp: 0; 6-12 bp: 1; 13-19 bp: 2; 20 bp: 3

Overview of removed sequences
length	count	expect	max.err	error counts
15	2	0.0	2	2
16	2	0.0	2	1 1
17	4	0.0	2	2 0 2
18	9	0.0	2	0 3 3 3
19	42	0.0	2	1 3 34 4
20	568	0.0	3	57 455 44 12
21	112632	0.0	3	110034 2224 250 124
22	267	0.0	3	32 213 18 4
23	1	0.0	3	0 0 1
34	1	0.0	3	1
53	1	0.0	3	1
60	3	0.0	3	0 0 1 2
61	2	0.0	3	0 1 1
62	2	0.0	3	0 0 0 2
63	6	0.0	3	0 2 2 2
64	15	0.0	3	0 1 6 8
65	10	0.0	3	0 0 1 9
67	1	0.0	3	0 0 0 1


=== Second read: Adapter 4 ===

Sequence: CTGCWGCVHCCCRTAGG; Type: regular 3'; Length: 17; Trimmed: 0 times
