This is cutadapt 5.0 with Python 3.13.1
Command line parameters: -m 50 -O 15 -e 0.15 -g CCTAYGGGDBGCWGCAG -G GACTACNVGGGTMTCTAATCC -a GGATTAGAKACCCBNGTAGTC -A CTGCWGCVHCCCRTAGG -o plate1.1/cutadapt/3896R_L_M_S2_week10_S53_L001_R1_001.fastq.gz -p plate1.1/cutadapt/3896R_L_M_S2_week10_S53_L001_R2_001.fastq.gz plate1.1/filtN/3896R_L_M_S2_week10_S53_L001_R1_001.fastq.gz plate1.1/filtN/3896R_L_M_S2_week10_S53_L001_R2_001.fastq.gz
Processing paired-end reads on 1 core ...

=== Summary ===

Total read pairs processed:            137,650
  Read 1 with adapter:                 137,327 (99.8%)
  Read 2 with adapter:                 137,013 (99.5%)

== Read fate breakdown ==
Pairs that were too short:                   0 (0.0%)
Pairs written (passing filters):       137,650 (100.0%)

Total basepairs processed:    82,865,300 bp
  Read 1:    41,432,650 bp
  Read 2:    41,432,650 bp
Total written (filtered):     77,652,501 bp (93.7%)
  Read 1:    39,097,899 bp
  Read 2:    38,554,602 bp

=== First read: Adapter 1 ===

Sequence: CCTAYGGGDBGCWGCAG; Type: regular 5'; Length: 17; Trimmed: 137276 times

Minimum overlap: 15
No. of allowed errors:
1-5 bp: 0; 6-12 bp: 1; 13-17 bp: 2

Overview of removed sequences
length	count	expect	max.err	error counts
15	27	0.0	2	0 9 18
16	481	0.0	2	97 355 29
17	136439	0.0	2	124590 11667 182
18	326	0.0	2	56 253 17
21	1	0.0	2	0 1
35	1	0.0	2	1
39	1	0.0	2	1


=== First read: Adapter 2 ===

Sequence: GGATTAGAKACCCBNGTAGTC; Type: regular 3'; Length: 21; Trimmed: 51 times

Minimum overlap: 15
No. of allowed errors:
1-5 bp: 0; 6-12 bp: 1; 13-19 bp: 2; 20 bp: 3

Bases preceding removed adapters:
  A: 23.5%
  C: 0.0%
  G: 76.5%
  T: 0.0%
  none/other: 0.0%

Overview of removed sequences
length	count	expect	max.err	error counts
24	51	0.0	3	49 2


=== Second read: Adapter 3 ===

Sequence: GACTACNVGGGTMTCTAATCC; Type: regular 5'; Length: 21; Trimmed: 137013 times

Minimum overlap: 15
No. of allowed errors:
1-5 bp: 0; 6-12 bp: 1; 13-19 bp: 2; 20 bp: 3

Overview of removed sequences
length	count	expect	max.err	error counts
15	1	0.0	2	0 1
16	2	0.0	2	0 2
17	5	0.0	2	1 1 3
18	11	0.0	2	1 2 1 7
19	44	0.0	2	3 3 35 3
20	747	0.0	3	56 603 67 21
21	135870	0.0	3	132679 2718 314 159
22	292	0.0	3	35 231 21 5
23	4	0.0	3	0 0 4
24	2	0.0	3	0 0 0 2
25	1	0.0	3	1
27	1	0.0	3	1
28	1	0.0	3	1
33	1	0.0	3	0 1
61	1	0.0	3	0 0 1
63	4	0.0	3	0 1 1 2
64	17	0.0	3	0 3 1 13
65	8	0.0	3	0 1 3 4
74	1	0.0	3	0 0 1


=== Second read: Adapter 4 ===

Sequence: CTGCWGCVHCCCRTAGG; Type: regular 3'; Length: 17; Trimmed: 0 times
