This is cutadapt 5.0 with Python 3.13.1
Command line parameters: -A XXX -q 20,20 -m 50 -o plate1.1/cutadapt_qc/1174R_0_M_S2_week9_S56_L001_R1_001.fastq.gz -p plate1.1/cutadapt_qc/1174R_0_M_S2_week9_S56_L001_R2_001.fastq.gz plate1.1/cutadapt/1174R_0_M_S2_week9_S56_L001_R1_001.fastq.gz plate1.1/cutadapt/1174R_0_M_S2_week9_S56_L001_R2_001.fastq.gz
Processing paired-end reads on 1 core ...

=== Summary ===

Total read pairs processed:            101,469
  Read 2 with adapter:                       0 (0.0%)

== Read fate breakdown ==
Pairs that were too short:                 425 (0.4%)
Pairs written (passing filters):       101,044 (99.6%)

Total basepairs processed:    57,241,062 bp
  Read 1:    28,821,126 bp
  Read 2:    28,419,936 bp
Quality-trimmed:               2,515,774 bp (4.4%)
  Read 1:       398,705 bp
  Read 2:     2,117,069 bp
Total written (filtered):     54,599,418 bp (95.4%)
  Read 1:    28,305,858 bp
  Read 2:    26,293,560 bp

=== Second read: Adapter 1 ===

Sequence: XXX; Type: regular 3'; Length: 3; Trimmed: 0 times
