This is cutadapt 5.0 with Python 3.13.1
Command line parameters: -m 50 -O 15 -e 0.15 -g CCTAYGGGDBGCWGCAG -G GACTACNVGGGTMTCTAATCC -a GGATTAGAKACCCBNGTAGTC -A CTGCWGCVHCCCRTAGG -o plate1.1/cutadapt/2506R_0_F_NS6_week10_S68_L001_R1_001.fastq.gz -p plate1.1/cutadapt/2506R_0_F_NS6_week10_S68_L001_R2_001.fastq.gz plate1.1/filtN/2506R_0_F_NS6_week10_S68_L001_R1_001.fastq.gz plate1.1/filtN/2506R_0_F_NS6_week10_S68_L001_R2_001.fastq.gz
Processing paired-end reads on 1 core ...

=== Summary ===

Total read pairs processed:            101,966
  Read 1 with adapter:                 101,753 (99.8%)
  Read 2 with adapter:                 101,512 (99.6%)

== Read fate breakdown ==
Pairs that were too short:                   0 (0.0%)
Pairs written (passing filters):       101,966 (100.0%)

Total basepairs processed:    61,383,532 bp
  Read 1:    30,691,766 bp
  Read 2:    30,691,766 bp
Total written (filtered):     57,520,336 bp (93.7%)
  Read 1:    28,961,874 bp
  Read 2:    28,558,462 bp

=== First read: Adapter 1 ===

Sequence: CCTAYGGGDBGCWGCAG; Type: regular 5'; Length: 17; Trimmed: 101719 times

Minimum overlap: 15
No. of allowed errors:
1-5 bp: 0; 6-12 bp: 1; 13-17 bp: 2

Overview of removed sequences
length	count	expect	max.err	error counts
15	25	0.0	2	4 8 13
16	348	0.0	2	89 235 24
17	101126	0.0	2	92175 8819 132
18	218	0.0	2	35 172 11
24	1	0.0	2	1
43	1	0.0	2	1


=== First read: Adapter 2 ===

Sequence: GGATTAGAKACCCBNGTAGTC; Type: regular 3'; Length: 21; Trimmed: 34 times

Minimum overlap: 15
No. of allowed errors:
1-5 bp: 0; 6-12 bp: 1; 13-19 bp: 2; 20 bp: 3

Bases preceding removed adapters:
  A: 35.3%
  C: 0.0%
  G: 64.7%
  T: 0.0%
  none/other: 0.0%

Overview of removed sequences
length	count	expect	max.err	error counts
24	34	0.0	3	33 1


=== Second read: Adapter 3 ===

Sequence: GACTACNVGGGTMTCTAATCC; Type: regular 5'; Length: 21; Trimmed: 101512 times

Minimum overlap: 15
No. of allowed errors:
1-5 bp: 0; 6-12 bp: 1; 13-19 bp: 2; 20 bp: 3

Overview of removed sequences
length	count	expect	max.err	error counts
15	4	0.0	2	4
16	4	0.0	2	0 3 1
18	6	0.0	2	0 4 2
19	35	0.0	2	1 3 27 4
20	589	0.0	3	59 473 52 5
21	100623	0.0	3	98563 1730 208 122
22	201	0.0	3	22 161 14 4
23	2	0.0	3	0 0 2
57	1	0.0	3	0 0 0 1
60	2	0.0	3	0 0 0 2
62	1	0.0	3	0 0 1
63	3	0.0	3	0 0 2 1
64	18	0.0	3	1 2 5 10
65	22	0.0	3	1 2 7 12
66	1	0.0	3	0 0 0 1


=== Second read: Adapter 4 ===

Sequence: CTGCWGCVHCCCRTAGG; Type: regular 3'; Length: 17; Trimmed: 0 times
