This is cutadapt 5.0 with Python 3.13.1
Command line parameters: -m 50 -O 15 -e 0.15 -g CCTAYGGGDBGCWGCAG -G GACTACNVGGGTMTCTAATCC -a GGATTAGAKACCCBNGTAGTC -A CTGCWGCVHCCCRTAGG -o plate1.1/cutadapt/3795R_R_F_S2_week10_S51_L001_R1_001.fastq.gz -p plate1.1/cutadapt/3795R_R_F_S2_week10_S51_L001_R2_001.fastq.gz plate1.1/filtN/3795R_R_F_S2_week10_S51_L001_R1_001.fastq.gz plate1.1/filtN/3795R_R_F_S2_week10_S51_L001_R2_001.fastq.gz
Processing paired-end reads on 1 core ...

=== Summary ===

Total read pairs processed:            131,455
  Read 1 with adapter:                 131,146 (99.8%)
  Read 2 with adapter:                 130,834 (99.5%)

== Read fate breakdown ==
Pairs that were too short:                   0 (0.0%)
Pairs written (passing filters):       131,455 (100.0%)

Total basepairs processed:    79,135,910 bp
  Read 1:    39,567,955 bp
  Read 2:    39,567,955 bp
Total written (filtered):     74,157,818 bp (93.7%)
  Read 1:    37,338,257 bp
  Read 2:    36,819,561 bp

=== First read: Adapter 1 ===

Sequence: CCTAYGGGDBGCWGCAG; Type: regular 5'; Length: 17; Trimmed: 131113 times

Minimum overlap: 15
No. of allowed errors:
1-5 bp: 0; 6-12 bp: 1; 13-17 bp: 2

Overview of removed sequences
length	count	expect	max.err	error counts
15	22	0.0	2	1 4 17
16	456	0.0	2	119 309 28
17	130316	0.0	2	119039 11087 190
18	316	0.0	2	59 233 24
25	1	0.0	2	1
30	1	0.0	2	1
165	1	0.0	2	0 0 1


=== First read: Adapter 2 ===

Sequence: GGATTAGAKACCCBNGTAGTC; Type: regular 3'; Length: 21; Trimmed: 33 times

Minimum overlap: 15
No. of allowed errors:
1-5 bp: 0; 6-12 bp: 1; 13-19 bp: 2; 20 bp: 3

Bases preceding removed adapters:
  A: 45.5%
  C: 0.0%
  G: 54.5%
  T: 0.0%
  none/other: 0.0%

Overview of removed sequences
length	count	expect	max.err	error counts
24	33	0.0	3	28 5


=== Second read: Adapter 3 ===

Sequence: GACTACNVGGGTMTCTAATCC; Type: regular 5'; Length: 21; Trimmed: 130834 times

Minimum overlap: 15
No. of allowed errors:
1-5 bp: 0; 6-12 bp: 1; 13-19 bp: 2; 20 bp: 3

Overview of removed sequences
length	count	expect	max.err	error counts
15	1	0.0	2	0 1
16	2	0.0	2	0 2
17	3	0.0	2	0 1 2
18	10	0.0	2	0 6 3 1
19	55	0.0	2	2 2 49 2
20	676	0.0	3	81 532 54 9
21	129777	0.0	3	126784 2568 282 143
22	274	0.0	3	32 219 16 7
25	1	0.0	3	0 0 0 1
33	1	0.0	3	1
44	1	0.0	3	1
54	1	0.0	3	1
60	1	0.0	3	0 1
62	1	0.0	3	0 0 1
63	5	0.0	3	0 0 0 5
64	13	0.0	3	0 2 5 6
65	11	0.0	3	0 0 3 8
66	1	0.0	3	0 0 0 1


=== Second read: Adapter 4 ===

Sequence: CTGCWGCVHCCCRTAGG; Type: regular 3'; Length: 17; Trimmed: 0 times
