This is cutadapt 5.0 with Python 3.13.1
Command line parameters: -m 50 -O 15 -e 0.15 -g CCTAYGGGDBGCWGCAG -G GACTACNVGGGTMTCTAATCC -a GGATTAGAKACCCBNGTAGTC -A CTGCWGCVHCCCRTAGG -o plate1.1/cutadapt/1002R_0_M_NS6_week10_S69_L001_R1_001.fastq.gz -p plate1.1/cutadapt/1002R_0_M_NS6_week10_S69_L001_R2_001.fastq.gz plate1.1/filtN/1002R_0_M_NS6_week10_S69_L001_R1_001.fastq.gz plate1.1/filtN/1002R_0_M_NS6_week10_S69_L001_R2_001.fastq.gz
Processing paired-end reads on 1 core ...

=== Summary ===

Total read pairs processed:            124,221
  Read 1 with adapter:                 123,901 (99.7%)
  Read 2 with adapter:                 123,678 (99.6%)

== Read fate breakdown ==
Pairs that were too short:                   0 (0.0%)
Pairs written (passing filters):       124,221 (100.0%)

Total basepairs processed:    74,781,042 bp
  Read 1:    37,390,521 bp
  Read 2:    37,390,521 bp
Total written (filtered):     70,074,299 bp (93.7%)
  Read 1:    35,284,042 bp
  Read 2:    34,790,257 bp

=== First read: Adapter 1 ===

Sequence: CCTAYGGGDBGCWGCAG; Type: regular 5'; Length: 17; Trimmed: 123879 times

Minimum overlap: 15
No. of allowed errors:
1-5 bp: 0; 6-12 bp: 1; 13-17 bp: 2

Overview of removed sequences
length	count	expect	max.err	error counts
15	25	0.0	2	2 3 20
16	365	0.0	2	75 259 31
17	123199	0.0	2	112297 10712 190
18	287	0.0	2	47 219 21
19	1	0.0	2	0 0 1
30	1	0.0	2	1
47	1	0.0	2	1


=== First read: Adapter 2 ===

Sequence: GGATTAGAKACCCBNGTAGTC; Type: regular 3'; Length: 21; Trimmed: 22 times

Minimum overlap: 15
No. of allowed errors:
1-5 bp: 0; 6-12 bp: 1; 13-19 bp: 2; 20 bp: 3

Bases preceding removed adapters:
  A: 50.0%
  C: 0.0%
  G: 50.0%
  T: 0.0%
  none/other: 0.0%

Overview of removed sequences
length	count	expect	max.err	error counts
24	21	0.0	3	19 2
115	1	0.0	3	1


=== Second read: Adapter 3 ===

Sequence: GACTACNVGGGTMTCTAATCC; Type: regular 5'; Length: 21; Trimmed: 123677 times

Minimum overlap: 15
No. of allowed errors:
1-5 bp: 0; 6-12 bp: 1; 13-19 bp: 2; 20 bp: 3

Overview of removed sequences
length	count	expect	max.err	error counts
15	2	0.0	2	0 2
16	4	0.0	2	1 2 1
18	10	0.0	2	0 2 3 5
19	50	0.0	2	4 1 41 4
20	696	0.0	3	59 571 59 7
21	122597	0.0	3	119809 2340 307 141
22	233	0.0	3	24 187 15 7
24	2	0.0	3	2
31	2	0.0	3	2
32	1	0.0	3	0 0 1
58	1	0.0	3	1
61	1	0.0	3	0 0 1
62	5	0.0	3	0 0 4 1
63	7	0.0	3	0 2 1 4
64	31	0.0	3	2 9 6 14
65	35	0.0	3	0 4 13 18


=== Second read: Adapter 4 ===

Sequence: CTGCWGCVHCCCRTAGG; Type: regular 3'; Length: 17; Trimmed: 1 times

Minimum overlap: 15
No. of allowed errors:
1-5 bp: 0; 6-12 bp: 1; 13-17 bp: 2

Bases preceding removed adapters:
  A: 100.0%
  C: 0.0%
  G: 0.0%
  T: 0.0%
  none/other: 0.0%

Overview of removed sequences
length	count	expect	max.err	error counts
186	1	0.0	2	0 0 1
