This is cutadapt 5.0 with Python 3.13.1
Command line parameters: -m 50 -O 15 -e 0.15 -g CCTAYGGGDBGCWGCAG -G GACTACNVGGGTMTCTAATCC -a GGATTAGAKACCCBNGTAGTC -A CTGCWGCVHCCCRTAGG -o plate1.1/cutadapt/184R_0_F_NS6_week10_S65_L001_R1_001.fastq.gz -p plate1.1/cutadapt/184R_0_F_NS6_week10_S65_L001_R2_001.fastq.gz plate1.1/filtN/184R_0_F_NS6_week10_S65_L001_R1_001.fastq.gz plate1.1/filtN/184R_0_F_NS6_week10_S65_L001_R2_001.fastq.gz
Processing paired-end reads on 1 core ...

=== Summary ===

Total read pairs processed:            105,656
  Read 1 with adapter:                 105,405 (99.8%)
  Read 2 with adapter:                 105,216 (99.6%)

== Read fate breakdown ==
Pairs that were too short:                   0 (0.0%)
Pairs written (passing filters):       105,656 (100.0%)

Total basepairs processed:    63,604,912 bp
  Read 1:    31,802,456 bp
  Read 2:    31,802,456 bp
Total written (filtered):     59,601,661 bp (93.7%)
  Read 1:    30,010,400 bp
  Read 2:    29,591,261 bp

=== First read: Adapter 1 ===

Sequence: CCTAYGGGDBGCWGCAG; Type: regular 5'; Length: 17; Trimmed: 105374 times

Minimum overlap: 15
No. of allowed errors:
1-5 bp: 0; 6-12 bp: 1; 13-17 bp: 2

Overview of removed sequences
length	count	expect	max.err	error counts
15	14	0.0	2	2 3 9
16	391	0.0	2	81 288 22
17	104740	0.0	2	95569 9015 156
18	228	0.0	2	36 179 13
20	1	0.0	2	0 0 1


=== First read: Adapter 2 ===

Sequence: GGATTAGAKACCCBNGTAGTC; Type: regular 3'; Length: 21; Trimmed: 31 times

Minimum overlap: 15
No. of allowed errors:
1-5 bp: 0; 6-12 bp: 1; 13-19 bp: 2; 20 bp: 3

Bases preceding removed adapters:
  A: 41.9%
  C: 0.0%
  G: 58.1%
  T: 0.0%
  none/other: 0.0%

Overview of removed sequences
length	count	expect	max.err	error counts
24	29	0.0	3	28 1
26	1	0.0	3	1
164	1	0.0	3	1


=== Second read: Adapter 3 ===

Sequence: GACTACNVGGGTMTCTAATCC; Type: regular 5'; Length: 21; Trimmed: 105216 times

Minimum overlap: 15
No. of allowed errors:
1-5 bp: 0; 6-12 bp: 1; 13-19 bp: 2; 20 bp: 3

Overview of removed sequences
length	count	expect	max.err	error counts
16	1	0.0	2	0 1
17	5	0.0	2	1 1 3
18	7	0.0	2	3 2 1 1
19	56	0.0	2	2 1 46 7
20	564	0.0	3	47 467 40 10
21	104299	0.0	3	101946 1973 249 131
22	226	0.0	3	29 174 17 6
23	5	0.0	3	0 2 3
24	1	0.0	3	1
26	1	0.0	3	0 0 0 1
39	1	0.0	3	1
54	1	0.0	3	0 0 0 1
56	1	0.0	3	0 1
58	1	0.0	3	0 0 0 1
59	1	0.0	3	0 0 0 1
61	3	0.0	3	0 2 0 1
62	1	0.0	3	0 1
63	7	0.0	3	0 2 2 3
64	19	0.0	3	1 3 7 8
65	16	0.0	3	0 0 3 13


=== Second read: Adapter 4 ===

Sequence: CTGCWGCVHCCCRTAGG; Type: regular 3'; Length: 17; Trimmed: 0 times
