This is cutadapt 5.0 with Python 3.13.1
Command line parameters: -A XXX -q 20,20 -m 50 -o plate1.1/cutadapt_qc/1030R_0_M_NS1_week10_S77_L001_R1_001.fastq.gz -p plate1.1/cutadapt_qc/1030R_0_M_NS1_week10_S77_L001_R2_001.fastq.gz plate1.1/cutadapt/1030R_0_M_NS1_week10_S77_L001_R1_001.fastq.gz plate1.1/cutadapt/1030R_0_M_NS1_week10_S77_L001_R2_001.fastq.gz
Processing paired-end reads on 1 core ...

=== Summary ===

Total read pairs processed:            111,653
  Read 2 with adapter:                       0 (0.0%)

== Read fate breakdown ==
Pairs that were too short:                 698 (0.6%)
Pairs written (passing filters):       110,955 (99.4%)

Total basepairs processed:    62,992,619 bp
  Read 1:    31,713,930 bp
  Read 2:    31,278,689 bp
Quality-trimmed:               3,089,501 bp (4.9%)
  Read 1:       542,949 bp
  Read 2:     2,546,552 bp
Total written (filtered):     59,711,537 bp (94.8%)
  Read 1:    31,001,837 bp
  Read 2:    28,709,700 bp

=== Second read: Adapter 1 ===

Sequence: XXX; Type: regular 3'; Length: 3; Trimmed: 0 times
