This is cutadapt 5.0 with Python 3.13.1
Command line parameters: -m 50 -O 15 -e 0.15 -g CCTAYGGGDBGCWGCAG -G GACTACNVGGGTMTCTAATCC -a GGATTAGAKACCCBNGTAGTC -A CTGCWGCVHCCCRTAGG -o plate1.1/cutadapt/3874R_L_F_NS1_week10_S76_L001_R1_001.fastq.gz -p plate1.1/cutadapt/3874R_L_F_NS1_week10_S76_L001_R2_001.fastq.gz plate1.1/filtN/3874R_L_F_NS1_week10_S76_L001_R1_001.fastq.gz plate1.1/filtN/3874R_L_F_NS1_week10_S76_L001_R2_001.fastq.gz
Processing paired-end reads on 1 core ...

=== Summary ===

Total read pairs processed:             96,063
  Read 1 with adapter:                  95,864 (99.8%)
  Read 2 with adapter:                  95,416 (99.3%)

== Read fate breakdown ==
Pairs that were too short:                   0 (0.0%)
Pairs written (passing filters):        96,063 (100.0%)

Total basepairs processed:    57,829,926 bp
  Read 1:    28,914,963 bp
  Read 2:    28,914,963 bp
Total written (filtered):     54,196,198 bp (93.7%)
  Read 1:    27,285,142 bp
  Read 2:    26,911,056 bp

=== First read: Adapter 1 ===

Sequence: CCTAYGGGDBGCWGCAG; Type: regular 5'; Length: 17; Trimmed: 95840 times

Minimum overlap: 15
No. of allowed errors:
1-5 bp: 0; 6-12 bp: 1; 13-17 bp: 2

Overview of removed sequences
length	count	expect	max.err	error counts
15	20	0.0	2	1 1 18
16	309	0.0	2	81 214 14
17	95282	0.0	2	86708 8444 130
18	224	0.0	2	44 164 16
19	1	0.0	2	0 1
20	1	0.0	2	1
23	1	0.0	2	1
24	1	0.0	2	1
35	1	0.0	2	1


=== First read: Adapter 2 ===

Sequence: GGATTAGAKACCCBNGTAGTC; Type: regular 3'; Length: 21; Trimmed: 24 times

Minimum overlap: 15
No. of allowed errors:
1-5 bp: 0; 6-12 bp: 1; 13-19 bp: 2; 20 bp: 3

Bases preceding removed adapters:
  A: 33.3%
  C: 0.0%
  G: 66.7%
  T: 0.0%
  none/other: 0.0%

Overview of removed sequences
length	count	expect	max.err	error counts
24	23	0.0	3	21 2
78	1	0.0	3	1


=== Second read: Adapter 3 ===

Sequence: GACTACNVGGGTMTCTAATCC; Type: regular 5'; Length: 21; Trimmed: 95416 times

Minimum overlap: 15
No. of allowed errors:
1-5 bp: 0; 6-12 bp: 1; 13-19 bp: 2; 20 bp: 3

Overview of removed sequences
length	count	expect	max.err	error counts
15	1	0.0	2	1
17	3	0.0	2	0 2 1
18	8	0.0	2	1 2 1 4
19	37	0.0	2	3 1 30 3
20	460	0.0	3	46 357 43 14
21	94699	0.0	3	92409 1901 261 128
22	192	0.0	3	21 150 17 4
23	2	0.0	3	0 0 1 1
34	1	0.0	3	0 1
43	1	0.0	3	1
63	1	0.0	3	0 0 0 1
64	10	0.0	3	0 2 3 5
65	1	0.0	3	0 0 0 1


=== Second read: Adapter 4 ===

Sequence: CTGCWGCVHCCCRTAGG; Type: regular 3'; Length: 17; Trimmed: 0 times
