This is cutadapt 5.0 with Python 3.13.1
Command line parameters: -m 50 -O 15 -e 0.15 -g CCTAYGGGDBGCWGCAG -G GACTACNVGGGTMTCTAATCC -a GGATTAGAKACCCBNGTAGTC -A CTGCWGCVHCCCRTAGG -o plate1.1/cutadapt/2518R_L_M_S5_week10_S61_L001_R1_001.fastq.gz -p plate1.1/cutadapt/2518R_L_M_S5_week10_S61_L001_R2_001.fastq.gz plate1.1/filtN/2518R_L_M_S5_week10_S61_L001_R1_001.fastq.gz plate1.1/filtN/2518R_L_M_S5_week10_S61_L001_R2_001.fastq.gz
Processing paired-end reads on 1 core ...

=== Summary ===

Total read pairs processed:            114,233
  Read 1 with adapter:                 113,966 (99.8%)
  Read 2 with adapter:                 113,427 (99.3%)

== Read fate breakdown ==
Pairs that were too short:                   0 (0.0%)
Pairs written (passing filters):       114,233 (100.0%)

Total basepairs processed:    68,768,266 bp
  Read 1:    34,384,133 bp
  Read 2:    34,384,133 bp
Total written (filtered):     64,446,500 bp (93.7%)
  Read 1:    32,446,457 bp
  Read 2:    32,000,043 bp

=== First read: Adapter 1 ===

Sequence: CCTAYGGGDBGCWGCAG; Type: regular 5'; Length: 17; Trimmed: 113928 times

Minimum overlap: 15
No. of allowed errors:
1-5 bp: 0; 6-12 bp: 1; 13-17 bp: 2

Overview of removed sequences
length	count	expect	max.err	error counts
15	20	0.0	2	0 2 18
16	369	0.0	2	65 275 29
17	113253	0.0	2	103153 9928 172
18	278	0.0	2	52 216 10
19	2	0.0	2	0 0 2
22	1	0.0	2	1
27	1	0.0	2	1
31	1	0.0	2	1
32	1	0.0	2	1
34	1	0.0	2	1
38	1	0.0	2	1


=== First read: Adapter 2 ===

Sequence: GGATTAGAKACCCBNGTAGTC; Type: regular 3'; Length: 21; Trimmed: 38 times

Minimum overlap: 15
No. of allowed errors:
1-5 bp: 0; 6-12 bp: 1; 13-19 bp: 2; 20 bp: 3

Bases preceding removed adapters:
  A: 15.8%
  C: 0.0%
  G: 84.2%
  T: 0.0%
  none/other: 0.0%
WARNING:
    The adapter is preceded by 'G' extremely often.
    The provided adapter sequence could be incomplete at its 5' end.
    Ignore this warning when trimming primers.

Overview of removed sequences
length	count	expect	max.err	error counts
24	36	0.0	3	30 6
25	1	0.0	3	0 1
56	1	0.0	3	1


=== Second read: Adapter 3 ===

Sequence: GACTACNVGGGTMTCTAATCC; Type: regular 5'; Length: 21; Trimmed: 113427 times

Minimum overlap: 15
No. of allowed errors:
1-5 bp: 0; 6-12 bp: 1; 13-19 bp: 2; 20 bp: 3

Overview of removed sequences
length	count	expect	max.err	error counts
15	2	0.0	2	1 0 1
16	5	0.0	2	3 2
17	1	0.0	2	1
18	11	0.0	2	1 4 1 5
19	37	0.0	2	3 4 27 3
20	688	0.0	3	71 532 76 9
21	112372	0.0	3	109042 2701 420 209
22	246	0.0	3	29 190 21 6
23	1	0.0	3	0 0 1
28	1	0.0	3	1
56	1	0.0	3	0 0 0 1
58	1	0.0	3	0 0 1
59	1	0.0	3	0 1
60	1	0.0	3	0 0 0 1
61	1	0.0	3	0 1
62	3	0.0	3	0 0 2 1
63	1	0.0	3	0 0 0 1
64	27	0.0	3	2 2 6 17
65	26	0.0	3	1 1 7 17
66	1	0.0	3	0 0 0 1


=== Second read: Adapter 4 ===

Sequence: CTGCWGCVHCCCRTAGG; Type: regular 3'; Length: 17; Trimmed: 0 times

WARNING:
    One or more of your adapter sequences may be incomplete.
    Please see the detailed output above.
