This is cutadapt 5.0 with Python 3.13.1
Command line parameters: -A XXX -q 20,20 -m 50 -o plate1.1/cutadapt_qc/2446R_0_F_S2_week9_S55_L001_R1_001.fastq.gz -p plate1.1/cutadapt_qc/2446R_0_F_S2_week9_S55_L001_R2_001.fastq.gz plate1.1/cutadapt/2446R_0_F_S2_week9_S55_L001_R1_001.fastq.gz plate1.1/cutadapt/2446R_0_F_S2_week9_S55_L001_R2_001.fastq.gz
Processing paired-end reads on 1 core ...

=== Summary ===

Total read pairs processed:            114,123
  Read 2 with adapter:                       0 (0.0%)

== Read fate breakdown ==
Pairs that were too short:                 563 (0.5%)
Pairs written (passing filters):       113,560 (99.5%)

Total basepairs processed:    64,380,424 bp
  Read 1:    32,415,588 bp
  Read 2:    31,964,836 bp
Quality-trimmed:               2,932,923 bp (4.6%)
  Read 1:       536,120 bp
  Read 2:     2,396,803 bp
Total written (filtered):     61,296,663 bp (95.2%)
  Read 1:    31,751,238 bp
  Read 2:    29,545,425 bp

=== Second read: Adapter 1 ===

Sequence: XXX; Type: regular 3'; Length: 3; Trimmed: 0 times
