This is cutadapt 5.0 with Python 3.13.1
Command line parameters: -m 50 -O 15 -e 0.15 -g CCTAYGGGDBGCWGCAG -G GACTACNVGGGTMTCTAATCC -a GGATTAGAKACCCBNGTAGTC -A CTGCWGCVHCCCRTAGG -o plate1.1/cutadapt/1136R_R_F_S5_week10_S57_L001_R1_001.fastq.gz -p plate1.1/cutadapt/1136R_R_F_S5_week10_S57_L001_R2_001.fastq.gz plate1.1/filtN/1136R_R_F_S5_week10_S57_L001_R1_001.fastq.gz plate1.1/filtN/1136R_R_F_S5_week10_S57_L001_R2_001.fastq.gz
Processing paired-end reads on 1 core ...

=== Summary ===

Total read pairs processed:            108,038
  Read 1 with adapter:                 107,792 (99.8%)
  Read 2 with adapter:                 107,315 (99.3%)

== Read fate breakdown ==
Pairs that were too short:                   0 (0.0%)
Pairs written (passing filters):       108,038 (100.0%)

Total basepairs processed:    65,038,876 bp
  Read 1:    32,519,438 bp
  Read 2:    32,519,438 bp
Total written (filtered):     60,950,705 bp (93.7%)
  Read 1:    30,686,854 bp
  Read 2:    30,263,851 bp

=== First read: Adapter 1 ===

Sequence: CCTAYGGGDBGCWGCAG; Type: regular 5'; Length: 17; Trimmed: 107752 times

Minimum overlap: 15
No. of allowed errors:
1-5 bp: 0; 6-12 bp: 1; 13-17 bp: 2

Overview of removed sequences
length	count	expect	max.err	error counts
15	28	0.0	2	1 8 19
16	367	0.0	2	96 254 17
17	107095	0.0	2	97807 9120 168
18	261	0.0	2	35 211 15
19	1	0.0	2	0 0 1


=== First read: Adapter 2 ===

Sequence: GGATTAGAKACCCBNGTAGTC; Type: regular 3'; Length: 21; Trimmed: 40 times

Minimum overlap: 15
No. of allowed errors:
1-5 bp: 0; 6-12 bp: 1; 13-19 bp: 2; 20 bp: 3

Bases preceding removed adapters:
  A: 20.0%
  C: 0.0%
  G: 80.0%
  T: 0.0%
  none/other: 0.0%

Overview of removed sequences
length	count	expect	max.err	error counts
24	40	0.0	3	35 5


=== Second read: Adapter 3 ===

Sequence: GACTACNVGGGTMTCTAATCC; Type: regular 5'; Length: 21; Trimmed: 107315 times

Minimum overlap: 15
No. of allowed errors:
1-5 bp: 0; 6-12 bp: 1; 13-19 bp: 2; 20 bp: 3

Overview of removed sequences
length	count	expect	max.err	error counts
15	1	0.0	2	0 1
16	3	0.0	2	0 1 2
17	1	0.0	2	1
18	12	0.0	2	1 6 0 5
19	57	0.0	2	4 2 41 10
20	664	0.0	3	71 520 58 15
21	106295	0.0	3	102993 2654 439 209
22	219	0.0	3	27 166 18 8
24	1	0.0	3	0 0 1
37	2	0.0	3	2
56	1	0.0	3	0 0 1
57	1	0.0	3	0 0 1
58	1	0.0	3	0 0 1
59	1	0.0	3	0 0 1
60	2	0.0	3	0 1 0 1
61	1	0.0	3	0 0 1
62	2	0.0	3	0 0 1 1
63	7	0.0	3	0 3 1 3
64	20	0.0	3	0 2 7 11
65	23	0.0	3	1 2 7 13
66	1	0.0	3	0 0 0 1


=== Second read: Adapter 4 ===

Sequence: CTGCWGCVHCCCRTAGG; Type: regular 3'; Length: 17; Trimmed: 0 times
