This is cutadapt 5.0 with Python 3.13.1
Command line parameters: -m 50 -O 15 -e 0.15 -g CCTAYGGGDBGCWGCAG -G GACTACNVGGGTMTCTAATCC -a GGATTAGAKACCCBNGTAGTC -A CTGCWGCVHCCCRTAGG -o plate1.1/cutadapt/3893R_R_M_S5_week10_S63_L001_R1_001.fastq.gz -p plate1.1/cutadapt/3893R_R_M_S5_week10_S63_L001_R2_001.fastq.gz plate1.1/filtN/3893R_R_M_S5_week10_S63_L001_R1_001.fastq.gz plate1.1/filtN/3893R_R_M_S5_week10_S63_L001_R2_001.fastq.gz
Processing paired-end reads on 1 core ...

=== Summary ===

Total read pairs processed:            112,905
  Read 1 with adapter:                 112,669 (99.8%)
  Read 2 with adapter:                 112,137 (99.3%)

== Read fate breakdown ==
Pairs that were too short:                   0 (0.0%)
Pairs written (passing filters):       112,905 (100.0%)

Total basepairs processed:    67,968,810 bp
  Read 1:    33,984,405 bp
  Read 2:    33,984,405 bp
Total written (filtered):     63,695,738 bp (93.7%)
  Read 1:    32,069,142 bp
  Read 2:    31,626,596 bp

=== First read: Adapter 1 ===

Sequence: CCTAYGGGDBGCWGCAG; Type: regular 5'; Length: 17; Trimmed: 112643 times

Minimum overlap: 15
No. of allowed errors:
1-5 bp: 0; 6-12 bp: 1; 13-17 bp: 2

Overview of removed sequences
length	count	expect	max.err	error counts
15	27	0.0	2	1 6 20
16	495	0.0	2	120 345 30
17	111881	0.0	2	102354 9384 143
18	234	0.0	2	38 180 16
19	4	0.0	2	0 0 4
24	1	0.0	2	1
25	1	0.0	2	1


=== First read: Adapter 2 ===

Sequence: GGATTAGAKACCCBNGTAGTC; Type: regular 3'; Length: 21; Trimmed: 26 times

Minimum overlap: 15
No. of allowed errors:
1-5 bp: 0; 6-12 bp: 1; 13-19 bp: 2; 20 bp: 3

Bases preceding removed adapters:
  A: 23.1%
  C: 0.0%
  G: 76.9%
  T: 0.0%
  none/other: 0.0%

Overview of removed sequences
length	count	expect	max.err	error counts
24	26	0.0	3	22 4


=== Second read: Adapter 3 ===

Sequence: GACTACNVGGGTMTCTAATCC; Type: regular 5'; Length: 21; Trimmed: 112137 times

Minimum overlap: 15
No. of allowed errors:
1-5 bp: 0; 6-12 bp: 1; 13-19 bp: 2; 20 bp: 3

Overview of removed sequences
length	count	expect	max.err	error counts
15	2	0.0	2	2
16	1	0.0	2	0 1
17	7	0.0	2	2 2 3
18	14	0.0	2	3 6 2 3
19	41	0.0	2	3 1 31 6
20	617	0.0	3	68 487 41 21
21	111131	0.0	3	107777 2721 434 199
22	241	0.0	3	28 196 15 2
23	1	0.0	3	0 0 1
33	1	0.0	3	1
37	1	0.0	3	0 1
60	1	0.0	3	0 0 1
61	2	0.0	3	0 1 0 1
62	5	0.0	3	0 0 1 4
63	3	0.0	3	0 0 2 1
64	42	0.0	3	0 5 18 19
65	24	0.0	3	0 1 10 13
66	3	0.0	3	0 0 1 2


=== Second read: Adapter 4 ===

Sequence: CTGCWGCVHCCCRTAGG; Type: regular 3'; Length: 17; Trimmed: 0 times
