This is cutadapt 5.0 with Python 3.13.1
Command line parameters: -m 50 -O 15 -e 0.15 -g CCTAYGGGDBGCWGCAG -G GACTACNVGGGTMTCTAATCC -a GGATTAGAKACCCBNGTAGTC -A CTGCWGCVHCCCRTAGG -o plate1.1/cutadapt/1136R_RL_F_S5_week10_S58_L001_R1_001.fastq.gz -p plate1.1/cutadapt/1136R_RL_F_S5_week10_S58_L001_R2_001.fastq.gz plate1.1/filtN/1136R_RL_F_S5_week10_S58_L001_R1_001.fastq.gz plate1.1/filtN/1136R_RL_F_S5_week10_S58_L001_R2_001.fastq.gz
Processing paired-end reads on 1 core ...

=== Summary ===

Total read pairs processed:            101,052
  Read 1 with adapter:                 100,800 (99.8%)
  Read 2 with adapter:                 100,393 (99.3%)

== Read fate breakdown ==
Pairs that were too short:                   0 (0.0%)
Pairs written (passing filters):       101,052 (100.0%)

Total basepairs processed:    60,833,304 bp
  Read 1:    30,416,652 bp
  Read 2:    30,416,652 bp
Total written (filtered):     57,009,829 bp (93.7%)
  Read 1:    28,703,000 bp
  Read 2:    28,306,829 bp

=== First read: Adapter 1 ===

Sequence: CCTAYGGGDBGCWGCAG; Type: regular 5'; Length: 17; Trimmed: 100763 times

Minimum overlap: 15
No. of allowed errors:
1-5 bp: 0; 6-12 bp: 1; 13-17 bp: 2

Overview of removed sequences
length	count	expect	max.err	error counts
15	29	0.0	2	4 7 18
16	405	0.0	2	94 290 21
17	100121	0.0	2	91178 8800 143
18	204	0.0	2	53 138 13
19	1	0.0	2	0 0 1
20	1	0.0	2	1
34	1	0.0	2	1
50	1	0.0	2	1


=== First read: Adapter 2 ===

Sequence: GGATTAGAKACCCBNGTAGTC; Type: regular 3'; Length: 21; Trimmed: 37 times

Minimum overlap: 15
No. of allowed errors:
1-5 bp: 0; 6-12 bp: 1; 13-19 bp: 2; 20 bp: 3

Bases preceding removed adapters:
  A: 24.3%
  C: 0.0%
  G: 75.7%
  T: 0.0%
  none/other: 0.0%

Overview of removed sequences
length	count	expect	max.err	error counts
21	1	0.0	3	0 1
24	36	0.0	3	32 4


=== Second read: Adapter 3 ===

Sequence: GACTACNVGGGTMTCTAATCC; Type: regular 5'; Length: 21; Trimmed: 100393 times

Minimum overlap: 15
No. of allowed errors:
1-5 bp: 0; 6-12 bp: 1; 13-19 bp: 2; 20 bp: 3

Overview of removed sequences
length	count	expect	max.err	error counts
15	4	0.0	2	4
16	1	0.0	2	0 1
17	4	0.0	2	0 2 2
18	9	0.0	2	0 4 1 4
19	54	0.0	2	3 3 41 7
20	581	0.0	3	41 475 53 12
21	99446	0.0	3	96570 2417 306 153
22	242	0.0	3	28 192 17 5
23	1	0.0	3	0 0 1
28	1	0.0	3	1
29	1	0.0	3	1
34	1	0.0	3	1
53	1	0.0	3	0 0 0 1
61	1	0.0	3	0 0 1
62	3	0.0	3	0 2 0 1
63	2	0.0	3	1 0 0 1
64	26	0.0	3	1 4 10 11
65	13	0.0	3	0 3 3 7
66	2	0.0	3	0 1 0 1


=== Second read: Adapter 4 ===

Sequence: CTGCWGCVHCCCRTAGG; Type: regular 3'; Length: 17; Trimmed: 0 times
