This is cutadapt 5.0 with Python 3.13.1
Command line parameters: -m 50 -O 15 -e 0.15 -g CCTAYGGGDBGCWGCAG -G GACTACNVGGGTMTCTAATCC -a GGATTAGAKACCCBNGTAGTC -A CTGCWGCVHCCCRTAGG -o plate1.1/cutadapt/3893R_RL_M_S5_week10_S64_L001_R1_001.fastq.gz -p plate1.1/cutadapt/3893R_RL_M_S5_week10_S64_L001_R2_001.fastq.gz plate1.1/filtN/3893R_RL_M_S5_week10_S64_L001_R1_001.fastq.gz plate1.1/filtN/3893R_RL_M_S5_week10_S64_L001_R2_001.fastq.gz
Processing paired-end reads on 1 core ...

=== Summary ===

Total read pairs processed:             96,776
  Read 1 with adapter:                  96,552 (99.8%)
  Read 2 with adapter:                  96,064 (99.3%)

== Read fate breakdown ==
Pairs that were too short:                   0 (0.0%)
Pairs written (passing filters):        96,776 (100.0%)

Total basepairs processed:    58,259,152 bp
  Read 1:    29,129,576 bp
  Read 2:    29,129,576 bp
Total written (filtered):     54,597,961 bp (93.7%)
  Read 1:    27,488,175 bp
  Read 2:    27,109,786 bp

=== First read: Adapter 1 ===

Sequence: CCTAYGGGDBGCWGCAG; Type: regular 5'; Length: 17; Trimmed: 96525 times

Minimum overlap: 15
No. of allowed errors:
1-5 bp: 0; 6-12 bp: 1; 13-17 bp: 2

Overview of removed sequences
length	count	expect	max.err	error counts
15	20	0.0	2	4 2 14
16	402	0.0	2	99 281 22
17	95882	0.0	2	87090 8606 186
18	214	0.0	2	41 162 11
19	2	0.0	2	1 0 1
23	1	0.0	2	1
27	2	0.0	2	0 2
28	1	0.0	2	1
31	1	0.0	2	1


=== First read: Adapter 2 ===

Sequence: GGATTAGAKACCCBNGTAGTC; Type: regular 3'; Length: 21; Trimmed: 27 times

Minimum overlap: 15
No. of allowed errors:
1-5 bp: 0; 6-12 bp: 1; 13-19 bp: 2; 20 bp: 3

Bases preceding removed adapters:
  A: 29.6%
  C: 0.0%
  G: 70.4%
  T: 0.0%
  none/other: 0.0%

Overview of removed sequences
length	count	expect	max.err	error counts
24	26	0.0	3	23 3
25	1	0.0	3	1


=== Second read: Adapter 3 ===

Sequence: GACTACNVGGGTMTCTAATCC; Type: regular 5'; Length: 21; Trimmed: 96062 times

Minimum overlap: 15
No. of allowed errors:
1-5 bp: 0; 6-12 bp: 1; 13-19 bp: 2; 20 bp: 3

Overview of removed sequences
length	count	expect	max.err	error counts
15	3	0.0	2	1 1 1
16	3	0.0	2	2 1
17	1	0.0	2	1
18	6	0.0	2	1 2 1 2
19	54	0.0	2	2 3 40 9
20	564	0.0	3	54 424 64 22
21	95119	0.0	3	92016 2583 336 184
22	240	0.0	3	24 193 18 5
23	2	0.0	3	0 0 1 1
24	1	0.0	3	0 0 0 1
28	1	0.0	3	1
51	1	0.0	3	0 0 0 1
57	2	0.0	3	1 0 1
58	1	0.0	3	0 0 1
60	1	0.0	3	0 0 0 1
61	5	0.0	3	0 2 1 2
62	3	0.0	3	0 0 2 1
63	6	0.0	3	0 0 2 4
64	19	0.0	3	1 4 7 7
65	28	0.0	3	2 3 9 14
66	2	0.0	3	0 1 0 1


=== Second read: Adapter 4 ===

Sequence: CTGCWGCVHCCCRTAGG; Type: regular 3'; Length: 17; Trimmed: 2 times

Minimum overlap: 15
No. of allowed errors:
1-5 bp: 0; 6-12 bp: 1; 13-17 bp: 2

Bases preceding removed adapters:
  A: 0.0%
  C: 0.0%
  G: 100.0%
  T: 0.0%
  none/other: 0.0%

Overview of removed sequences
length	count	expect	max.err	error counts
25	1	0.0	2	0 0 1
44	1	0.0	2	0 0 1
