This is cutadapt 5.0 with Python 3.13.1
Command line parameters: -m 50 -O 15 -e 0.15 -g CCTAYGGGDBGCWGCAG -G GACTACNVGGGTMTCTAATCC -a GGATTAGAKACCCBNGTAGTC -A CTGCWGCVHCCCRTAGG -o plate1.1/cutadapt/1174R_0_M_S2_week9_S56_L001_R1_001.fastq.gz -p plate1.1/cutadapt/1174R_0_M_S2_week9_S56_L001_R2_001.fastq.gz plate1.1/filtN/1174R_0_M_S2_week9_S56_L001_R1_001.fastq.gz plate1.1/filtN/1174R_0_M_S2_week9_S56_L001_R2_001.fastq.gz
Processing paired-end reads on 1 core ...

=== Summary ===

Total read pairs processed:            101,469
  Read 1 with adapter:                 101,231 (99.8%)
  Read 2 with adapter:                 101,008 (99.5%)

== Read fate breakdown ==
Pairs that were too short:                   0 (0.0%)
Pairs written (passing filters):       101,469 (100.0%)

Total basepairs processed:    61,084,338 bp
  Read 1:    30,542,169 bp
  Read 2:    30,542,169 bp
Total written (filtered):     57,241,062 bp (93.7%)
  Read 1:    28,821,126 bp
  Read 2:    28,419,936 bp

=== First read: Adapter 1 ===

Sequence: CCTAYGGGDBGCWGCAG; Type: regular 5'; Length: 17; Trimmed: 101198 times

Minimum overlap: 15
No. of allowed errors:
1-5 bp: 0; 6-12 bp: 1; 13-17 bp: 2

Overview of removed sequences
length	count	expect	max.err	error counts
15	18	0.0	2	1 4 13
16	405	0.0	2	92 291 22
17	100547	0.0	2	91780 8615 152
18	218	0.0	2	51 157 10
19	2	0.0	2	0 0 2
20	2	0.0	2	1 0 1
21	1	0.0	2	1
22	1	0.0	2	1
33	1	0.0	2	1
40	1	0.0	2	1
41	1	0.0	2	1
43	1	0.0	2	1


=== First read: Adapter 2 ===

Sequence: GGATTAGAKACCCBNGTAGTC; Type: regular 3'; Length: 21; Trimmed: 33 times

Minimum overlap: 15
No. of allowed errors:
1-5 bp: 0; 6-12 bp: 1; 13-19 bp: 2; 20 bp: 3

Bases preceding removed adapters:
  A: 21.2%
  C: 0.0%
  G: 78.8%
  T: 0.0%
  none/other: 0.0%

Overview of removed sequences
length	count	expect	max.err	error counts
24	33	0.0	3	29 4


=== Second read: Adapter 3 ===

Sequence: GACTACNVGGGTMTCTAATCC; Type: regular 5'; Length: 21; Trimmed: 101007 times

Minimum overlap: 15
No. of allowed errors:
1-5 bp: 0; 6-12 bp: 1; 13-19 bp: 2; 20 bp: 3

Overview of removed sequences
length	count	expect	max.err	error counts
15	1	0.0	2	1
16	2	0.0	2	1 1
17	1	0.0	2	0 0 1
18	5	0.0	2	0 1 3 1
19	35	0.0	2	6 0 25 4
20	514	0.0	3	64 407 42 1
21	100189	0.0	3	98076 1807 208 98
22	223	0.0	3	29 173 12 9
23	1	0.0	3	0 0 1
28	1	0.0	3	0 0 0 1
29	1	0.0	3	0 0 1
58	1	0.0	3	0 0 0 1
59	1	0.0	3	1
60	1	0.0	3	0 1
61	1	0.0	3	1
62	2	0.0	3	0 1 0 1
63	6	0.0	3	1 1 1 3
64	11	0.0	3	0 1 6 4
65	11	0.0	3	0 2 1 8


=== Second read: Adapter 4 ===

Sequence: CTGCWGCVHCCCRTAGG; Type: regular 3'; Length: 17; Trimmed: 1 times

Minimum overlap: 15
No. of allowed errors:
1-5 bp: 0; 6-12 bp: 1; 13-17 bp: 2

Bases preceding removed adapters:
  A: 0.0%
  C: 0.0%
  G: 100.0%
  T: 0.0%
  none/other: 0.0%

Overview of removed sequences
length	count	expect	max.err	error counts
20	1	0.0	2	0 0 1
