This is cutadapt 5.0 with Python 3.13.1
Command line parameters: -m 50 -O 15 -e 0.15 -g CCTAYGGGDBGCWGCAG -G GACTACNVGGGTMTCTAATCC -a GGATTAGAKACCCBNGTAGTC -A CTGCWGCVHCCCRTAGG -o plate1.1/cutadapt/1030R_R_M_NS1_week10_S78_L001_R1_001.fastq.gz -p plate1.1/cutadapt/1030R_R_M_NS1_week10_S78_L001_R2_001.fastq.gz plate1.1/filtN/1030R_R_M_NS1_week10_S78_L001_R1_001.fastq.gz plate1.1/filtN/1030R_R_M_NS1_week10_S78_L001_R2_001.fastq.gz
Processing paired-end reads on 1 core ...

=== Summary ===

Total read pairs processed:             98,050
  Read 1 with adapter:                  97,822 (99.8%)
  Read 2 with adapter:                  97,347 (99.3%)

== Read fate breakdown ==
Pairs that were too short:                   0 (0.0%)
Pairs written (passing filters):        98,050 (100.0%)

Total basepairs processed:    59,026,100 bp
  Read 1:    29,513,050 bp
  Read 2:    29,513,050 bp
Total written (filtered):     55,317,921 bp (93.7%)
  Read 1:    27,850,077 bp
  Read 2:    27,467,844 bp

=== First read: Adapter 1 ===

Sequence: CCTAYGGGDBGCWGCAG; Type: regular 5'; Length: 17; Trimmed: 97798 times

Minimum overlap: 15
No. of allowed errors:
1-5 bp: 0; 6-12 bp: 1; 13-17 bp: 2

Overview of removed sequences
length	count	expect	max.err	error counts
15	20	0.0	2	2 1 17
16	389	0.0	2	86 277 26
17	97163	0.0	2	88296 8735 132
18	222	0.0	2	31 173 18
19	1	0.0	2	0 0 1
21	1	0.0	2	1
27	1	0.0	2	1
39	1	0.0	2	1


=== First read: Adapter 2 ===

Sequence: GGATTAGAKACCCBNGTAGTC; Type: regular 3'; Length: 21; Trimmed: 24 times

Minimum overlap: 15
No. of allowed errors:
1-5 bp: 0; 6-12 bp: 1; 13-19 bp: 2; 20 bp: 3

Bases preceding removed adapters:
  A: 37.5%
  C: 0.0%
  G: 62.5%
  T: 0.0%
  none/other: 0.0%

Overview of removed sequences
length	count	expect	max.err	error counts
24	24	0.0	3	23 1


=== Second read: Adapter 3 ===

Sequence: GACTACNVGGGTMTCTAATCC; Type: regular 5'; Length: 21; Trimmed: 97346 times

Minimum overlap: 15
No. of allowed errors:
1-5 bp: 0; 6-12 bp: 1; 13-19 bp: 2; 20 bp: 3

Overview of removed sequences
length	count	expect	max.err	error counts
15	1	0.0	2	1
16	1	0.0	2	0 1
18	8	0.0	2	1 5 1 1
19	39	0.0	2	4 0 31 4
20	438	0.0	3	45 340 41 12
21	96612	0.0	3	94109 2016 314 173
22	219	0.0	3	29 160 24 6
30	1	0.0	3	1
33	1	0.0	3	1
36	1	0.0	3	1
38	1	0.0	3	1
61	1	0.0	3	0 0 0 1
63	2	0.0	3	0 0 0 2
64	15	0.0	3	0 0 5 10
65	6	0.0	3	0 0 4 2


=== Second read: Adapter 4 ===

Sequence: CTGCWGCVHCCCRTAGG; Type: regular 3'; Length: 17; Trimmed: 1 times

Minimum overlap: 15
No. of allowed errors:
1-5 bp: 0; 6-12 bp: 1; 13-17 bp: 2

Bases preceding removed adapters:
  A: 0.0%
  C: 100.0%
  G: 0.0%
  T: 0.0%
  none/other: 0.0%

Overview of removed sequences
length	count	expect	max.err	error counts
186	1	0.0	2	0 0 1
