This is cutadapt 5.0 with Python 3.13.1
Command line parameters: -A XXX -q 20,20 -m 50 -o plate1.1/cutadapt_qc/2506R_0_F_NS6_week10_S68_L001_R1_001.fastq.gz -p plate1.1/cutadapt_qc/2506R_0_F_NS6_week10_S68_L001_R2_001.fastq.gz plate1.1/cutadapt/2506R_0_F_NS6_week10_S68_L001_R1_001.fastq.gz plate1.1/cutadapt/2506R_0_F_NS6_week10_S68_L001_R2_001.fastq.gz
Processing paired-end reads on 1 core ...

=== Summary ===

Total read pairs processed:            101,966
  Read 2 with adapter:                       0 (0.0%)

== Read fate breakdown ==
Pairs that were too short:                 400 (0.4%)
Pairs written (passing filters):       101,566 (99.6%)

Total basepairs processed:    57,520,336 bp
  Read 1:    28,961,874 bp
  Read 2:    28,558,462 bp
Quality-trimmed:               2,210,975 bp (3.8%)
  Read 1:       423,946 bp
  Read 2:     1,787,029 bp
Total written (filtered):     55,190,999 bp (96.0%)
  Read 1:    28,429,293 bp
  Read 2:    26,761,706 bp

=== Second read: Adapter 1 ===

Sequence: XXX; Type: regular 3'; Length: 3; Trimmed: 0 times
