This is cutadapt 5.0 with Python 3.13.1
Command line parameters: -m 50 -O 15 -e 0.15 -g CCTAYGGGDBGCWGCAG -G GACTACNVGGGTMTCTAATCC -a GGATTAGAKACCCBNGTAGTC -A CTGCWGCVHCCCRTAGG -o plate1.1/cutadapt/3896R_0_M_S2_week10_S52_L001_R1_001.fastq.gz -p plate1.1/cutadapt/3896R_0_M_S2_week10_S52_L001_R2_001.fastq.gz plate1.1/filtN/3896R_0_M_S2_week10_S52_L001_R1_001.fastq.gz plate1.1/filtN/3896R_0_M_S2_week10_S52_L001_R2_001.fastq.gz
Processing paired-end reads on 1 core ...

=== Summary ===

Total read pairs processed:            101,303
  Read 1 with adapter:                 101,085 (99.8%)
  Read 2 with adapter:                 100,853 (99.6%)

== Read fate breakdown ==
Pairs that were too short:                   0 (0.0%)
Pairs written (passing filters):       101,303 (100.0%)

Total basepairs processed:    60,984,406 bp
  Read 1:    30,492,203 bp
  Read 2:    30,492,203 bp
Total written (filtered):     57,146,823 bp (93.7%)
  Read 1:    28,773,403 bp
  Read 2:    28,373,420 bp

=== First read: Adapter 1 ===

Sequence: CCTAYGGGDBGCWGCAG; Type: regular 5'; Length: 17; Trimmed: 101040 times

Minimum overlap: 15
No. of allowed errors:
1-5 bp: 0; 6-12 bp: 1; 13-17 bp: 2

Overview of removed sequences
length	count	expect	max.err	error counts
15	18	0.0	2	1 3 14
16	369	0.0	2	85 260 24
17	100411	0.0	2	91556 8710 145
18	239	0.0	2	46 184 9
19	1	0.0	2	0 1
23	1	0.0	2	1
47	1	0.0	2	1


=== First read: Adapter 2 ===

Sequence: GGATTAGAKACCCBNGTAGTC; Type: regular 3'; Length: 21; Trimmed: 45 times

Minimum overlap: 15
No. of allowed errors:
1-5 bp: 0; 6-12 bp: 1; 13-19 bp: 2; 20 bp: 3

Bases preceding removed adapters:
  A: 17.8%
  C: 0.0%
  G: 82.2%
  T: 0.0%
  none/other: 0.0%
WARNING:
    The adapter is preceded by 'G' extremely often.
    The provided adapter sequence could be incomplete at its 5' end.
    Ignore this warning when trimming primers.

Overview of removed sequences
length	count	expect	max.err	error counts
24	43	0.0	3	38 5
25	1	0.0	3	1
191	1	0.0	3	1


=== Second read: Adapter 3 ===

Sequence: GACTACNVGGGTMTCTAATCC; Type: regular 5'; Length: 21; Trimmed: 100853 times

Minimum overlap: 15
No. of allowed errors:
1-5 bp: 0; 6-12 bp: 1; 13-19 bp: 2; 20 bp: 3

Overview of removed sequences
length	count	expect	max.err	error counts
16	1	0.0	2	0 0 1
17	1	0.0	2	0 0 1
18	12	0.0	2	1 9 2
19	46	0.0	2	0 0 44 2
20	519	0.0	3	61 417 33 8
21	100021	0.0	3	97900 1821 186 114
22	219	0.0	3	40 162 11 6
28	1	0.0	3	1
30	1	0.0	3	1
31	1	0.0	3	1
37	1	0.0	3	1
39	1	0.0	3	0 0 0 1
58	1	0.0	3	0 0 0 1
62	2	0.0	3	0 0 1 1
63	4	0.0	3	0 1 1 2
64	8	0.0	3	0 2 3 3
65	14	0.0	3	0 3 3 8


=== Second read: Adapter 4 ===

Sequence: CTGCWGCVHCCCRTAGG; Type: regular 3'; Length: 17; Trimmed: 0 times

WARNING:
    One or more of your adapter sequences may be incomplete.
    Please see the detailed output above.
