This is cutadapt 5.0 with Python 3.13.1
Command line parameters: -A XXX -q 20,20 -m 50 -o plate1.1/cutadapt_qc/3974R_L_M_NS1_week10_S80_L001_R1_001.fastq.gz -p plate1.1/cutadapt_qc/3974R_L_M_NS1_week10_S80_L001_R2_001.fastq.gz plate1.1/cutadapt/3974R_L_M_NS1_week10_S80_L001_R1_001.fastq.gz plate1.1/cutadapt/3974R_L_M_NS1_week10_S80_L001_R2_001.fastq.gz
Processing paired-end reads on 1 core ...

=== Summary ===

Total read pairs processed:            118,548
  Read 2 with adapter:                       0 (0.0%)

== Read fate breakdown ==
Pairs that were too short:                 644 (0.5%)
Pairs written (passing filters):       117,904 (99.5%)

Total basepairs processed:    66,882,016 bp
  Read 1:    33,672,206 bp
  Read 2:    33,209,810 bp
Quality-trimmed:               3,199,227 bp (4.8%)
  Read 1:       485,630 bp
  Read 2:     2,713,597 bp
Total written (filtered):     63,494,103 bp (94.9%)
  Read 1:    33,009,518 bp
  Read 2:    30,484,585 bp

=== Second read: Adapter 1 ===

Sequence: XXX; Type: regular 3'; Length: 3; Trimmed: 0 times
