This is cutadapt 5.0 with Python 3.13.1
Command line parameters: -A XXX -q 20,20 -m 50 -o plate1.1/cutadapt_qc/2518R_L_M_S5_week10_S61_L001_R1_001.fastq.gz -p plate1.1/cutadapt_qc/2518R_L_M_S5_week10_S61_L001_R2_001.fastq.gz plate1.1/cutadapt/2518R_L_M_S5_week10_S61_L001_R1_001.fastq.gz plate1.1/cutadapt/2518R_L_M_S5_week10_S61_L001_R2_001.fastq.gz
Processing paired-end reads on 1 core ...

=== Summary ===

Total read pairs processed:            114,233
  Read 2 with adapter:                       0 (0.0%)

== Read fate breakdown ==
Pairs that were too short:                 676 (0.6%)
Pairs written (passing filters):       113,557 (99.4%)

Total basepairs processed:    64,446,500 bp
  Read 1:    32,446,457 bp
  Read 2:    32,000,043 bp
Quality-trimmed:               3,185,448 bp (4.9%)
  Read 1:       577,950 bp
  Read 2:     2,607,498 bp
Total written (filtered):     61,078,901 bp (94.8%)
  Read 1:    31,713,740 bp
  Read 2:    29,365,161 bp

=== Second read: Adapter 1 ===

Sequence: XXX; Type: regular 3'; Length: 3; Trimmed: 0 times
