This is cutadapt 5.0 with Python 3.13.1
Command line parameters: -A XXX -q 20,20 -m 50 -o plate1.1/cutadapt_qc/3752R_L_F_S5_week10_S60_L001_R1_001.fastq.gz -p plate1.1/cutadapt_qc/3752R_L_F_S5_week10_S60_L001_R2_001.fastq.gz plate1.1/cutadapt/3752R_L_F_S5_week10_S60_L001_R1_001.fastq.gz plate1.1/cutadapt/3752R_L_F_S5_week10_S60_L001_R2_001.fastq.gz
Processing paired-end reads on 1 core ...

=== Summary ===

Total read pairs processed:             92,232
  Read 2 with adapter:                       0 (0.0%)

== Read fate breakdown ==
Pairs that were too short:                 439 (0.5%)
Pairs written (passing filters):        91,793 (99.5%)

Total basepairs processed:    52,033,725 bp
  Read 1:    26,196,950 bp
  Read 2:    25,836,775 bp
Quality-trimmed:               2,442,466 bp (4.7%)
  Read 1:       391,089 bp
  Read 2:     2,051,377 bp
Total written (filtered):     49,462,706 bp (95.1%)
  Read 1:    25,687,025 bp
  Read 2:    23,775,681 bp

=== Second read: Adapter 1 ===

Sequence: XXX; Type: regular 3'; Length: 3; Trimmed: 0 times
