This is cutadapt 5.0 with Python 3.13.1
Command line parameters: -m 50 -O 15 -e 0.15 -g CCTAYGGGDBGCWGCAG -G GACTACNVGGGTMTCTAATCC -a GGATTAGAKACCCBNGTAGTC -A CTGCWGCVHCCCRTAGG -o plate1.1/cutadapt/2472R_0_F_NS1_week10_S73_L001_R1_001.fastq.gz -p plate1.1/cutadapt/2472R_0_F_NS1_week10_S73_L001_R2_001.fastq.gz plate1.1/filtN/2472R_0_F_NS1_week10_S73_L001_R1_001.fastq.gz plate1.1/filtN/2472R_0_F_NS1_week10_S73_L001_R2_001.fastq.gz
Processing paired-end reads on 1 core ...

=== Summary ===

Total read pairs processed:            122,443
  Read 1 with adapter:                 122,182 (99.8%)
  Read 2 with adapter:                 121,520 (99.2%)

== Read fate breakdown ==
Pairs that were too short:                   0 (0.0%)
Pairs written (passing filters):       122,443 (100.0%)

Total basepairs processed:    73,710,686 bp
  Read 1:    36,855,343 bp
  Read 2:    36,855,343 bp
Total written (filtered):     69,080,796 bp (93.7%)
  Read 1:    34,778,198 bp
  Read 2:    34,302,598 bp

=== First read: Adapter 1 ===

Sequence: CCTAYGGGDBGCWGCAG; Type: regular 5'; Length: 17; Trimmed: 122146 times

Minimum overlap: 15
No. of allowed errors:
1-5 bp: 0; 6-12 bp: 1; 13-17 bp: 2

Overview of removed sequences
length	count	expect	max.err	error counts
15	14	0.0	2	0 5 9
16	466	0.0	2	107 329 30
17	121388	0.0	2	110800 10389 199
18	274	0.0	2	62 201 11
19	2	0.0	2	0 0 2
20	1	0.0	2	0 0 1
26	1	0.0	2	0 1


=== First read: Adapter 2 ===

Sequence: GGATTAGAKACCCBNGTAGTC; Type: regular 3'; Length: 21; Trimmed: 36 times

Minimum overlap: 15
No. of allowed errors:
1-5 bp: 0; 6-12 bp: 1; 13-19 bp: 2; 20 bp: 3

Bases preceding removed adapters:
  A: 16.7%
  C: 0.0%
  G: 83.3%
  T: 0.0%
  none/other: 0.0%
WARNING:
    The adapter is preceded by 'G' extremely often.
    The provided adapter sequence could be incomplete at its 5' end.
    Ignore this warning when trimming primers.

Overview of removed sequences
length	count	expect	max.err	error counts
24	35	0.0	3	32 3
27	1	0.0	3	1


=== Second read: Adapter 3 ===

Sequence: GACTACNVGGGTMTCTAATCC; Type: regular 5'; Length: 21; Trimmed: 121520 times

Minimum overlap: 15
No. of allowed errors:
1-5 bp: 0; 6-12 bp: 1; 13-19 bp: 2; 20 bp: 3

Overview of removed sequences
length	count	expect	max.err	error counts
15	2	0.0	2	1 1
17	2	0.0	2	0 0 2
18	7	0.0	2	0 3 2 2
19	42	0.0	2	3 3 32 4
20	563	0.0	3	69 418 59 17
21	120626	0.0	3	117439 2577 394 216
22	247	0.0	3	35 191 14 7
23	1	0.0	3	0 0 1
31	1	0.0	3	1
60	1	0.0	3	0 0 0 1
63	1	0.0	3	0 0 0 1
64	15	0.0	3	0 2 2 11
65	12	0.0	3	0 1 2 9


=== Second read: Adapter 4 ===

Sequence: CTGCWGCVHCCCRTAGG; Type: regular 3'; Length: 17; Trimmed: 0 times

WARNING:
    One or more of your adapter sequences may be incomplete.
    Please see the detailed output above.
