This is cutadapt 5.0 with Python 3.13.1
Command line parameters: -A XXX -q 20,20 -m 50 -o plate1.1/cutadapt_qc/3894R_0_M_NS6_week10_S71_L001_R1_001.fastq.gz -p plate1.1/cutadapt_qc/3894R_0_M_NS6_week10_S71_L001_R2_001.fastq.gz plate1.1/cutadapt/3894R_0_M_NS6_week10_S71_L001_R1_001.fastq.gz plate1.1/cutadapt/3894R_0_M_NS6_week10_S71_L001_R2_001.fastq.gz
Processing paired-end reads on 1 core ...

=== Summary ===

Total read pairs processed:            111,638
  Read 2 with adapter:                       0 (0.0%)

== Read fate breakdown ==
Pairs that were too short:                 511 (0.5%)
Pairs written (passing filters):       111,127 (99.5%)

Total basepairs processed:    62,974,880 bp
  Read 1:    31,710,280 bp
  Read 2:    31,264,600 bp
Quality-trimmed:               2,243,145 bp (3.6%)
  Read 1:       475,917 bp
  Read 2:     1,767,228 bp
Total written (filtered):     60,594,977 bp (96.2%)
  Read 1:    31,121,612 bp
  Read 2:    29,473,365 bp

=== Second read: Adapter 1 ===

Sequence: XXX; Type: regular 3'; Length: 3; Trimmed: 0 times
