This is cutadapt 5.0 with Python 3.13.1
Command line parameters: -A XXX -q 20,20 -m 50 -o plate1.1/cutadapt_qc/negative_control_S90_L001_R1_001.fastq.gz -p plate1.1/cutadapt_qc/negative_control_S90_L001_R2_001.fastq.gz plate1.1/cutadapt/negative_control_S90_L001_R1_001.fastq.gz plate1.1/cutadapt/negative_control_S90_L001_R2_001.fastq.gz
Processing paired-end reads on 1 core ...

=== Summary ===

Total read pairs processed:              6,105
  Read 2 with adapter:                       0 (0.0%)

== Read fate breakdown ==
Pairs that were too short:                  20 (0.3%)
Pairs written (passing filters):         6,085 (99.7%)

Total basepairs processed:     3,443,742 bp
  Read 1:     1,734,052 bp
  Read 2:     1,709,690 bp
Quality-trimmed:                 165,801 bp (4.8%)
  Read 1:        28,895 bp
  Read 2:       136,906 bp
Total written (filtered):      3,271,855 bp (95.0%)
  Read 1:     1,699,481 bp
  Read 2:     1,572,374 bp

=== Second read: Adapter 1 ===

Sequence: XXX; Type: regular 3'; Length: 3; Trimmed: 0 times
