This is cutadapt 5.0 with Python 3.13.1
Command line parameters: -A XXX -q 20,20 -m 50 -o plate1.1/cutadapt_qc/T1D_S5_defined_mouse_inocula_S84_L001_R1_001.fastq.gz -p plate1.1/cutadapt_qc/T1D_S5_defined_mouse_inocula_S84_L001_R2_001.fastq.gz plate1.1/cutadapt/T1D_S5_defined_mouse_inocula_S84_L001_R1_001.fastq.gz plate1.1/cutadapt/T1D_S5_defined_mouse_inocula_S84_L001_R2_001.fastq.gz
Processing paired-end reads on 1 core ...

=== Summary ===

Total read pairs processed:             98,932
  Read 2 with adapter:                       0 (0.0%)

== Read fate breakdown ==
Pairs that were too short:                 408 (0.4%)
Pairs written (passing filters):        98,524 (99.6%)

Total basepairs processed:    55,806,649 bp
  Read 1:    28,100,458 bp
  Read 2:    27,706,191 bp
Quality-trimmed:               2,464,551 bp (4.4%)
  Read 1:       493,776 bp
  Read 2:     1,970,775 bp
Total written (filtered):     53,222,331 bp (95.4%)
  Read 1:    27,498,522 bp
  Read 2:    25,723,809 bp

=== Second read: Adapter 1 ===

Sequence: XXX; Type: regular 3'; Length: 3; Trimmed: 0 times
