This is cutadapt 5.0 with Python 3.13.1
Command line parameters: -m 50 -O 15 -e 0.15 -g CCTAYGGGDBGCWGCAG -G GACTACNVGGGTMTCTAATCC -a GGATTAGAKACCCBNGTAGTC -A CTGCWGCVHCCCRTAGG -o plate1.1/cutadapt/1002R_L_M_NS6_week10_S70_L001_R1_001.fastq.gz -p plate1.1/cutadapt/1002R_L_M_NS6_week10_S70_L001_R2_001.fastq.gz plate1.1/filtN/1002R_L_M_NS6_week10_S70_L001_R1_001.fastq.gz plate1.1/filtN/1002R_L_M_NS6_week10_S70_L001_R2_001.fastq.gz
Processing paired-end reads on 1 core ...

=== Summary ===

Total read pairs processed:            111,047
  Read 1 with adapter:                 110,791 (99.8%)
  Read 2 with adapter:                 110,599 (99.6%)

== Read fate breakdown ==
Pairs that were too short:                   0 (0.0%)
Pairs written (passing filters):       111,047 (100.0%)

Total basepairs processed:    66,850,294 bp
  Read 1:    33,425,147 bp
  Read 2:    33,425,147 bp
Total written (filtered):     62,641,357 bp (93.7%)
  Read 1:    31,541,574 bp
  Read 2:    31,099,783 bp

=== First read: Adapter 1 ===

Sequence: CCTAYGGGDBGCWGCAG; Type: regular 5'; Length: 17; Trimmed: 110764 times

Minimum overlap: 15
No. of allowed errors:
1-5 bp: 0; 6-12 bp: 1; 13-17 bp: 2

Overview of removed sequences
length	count	expect	max.err	error counts
15	18	0.0	2	2 3 13
16	435	0.0	2	104 306 25
17	110052	0.0	2	100270 9630 152
18	254	0.0	2	46 195 13
19	3	0.0	2	0 1 2
21	2	0.0	2	1 1


=== First read: Adapter 2 ===

Sequence: GGATTAGAKACCCBNGTAGTC; Type: regular 3'; Length: 21; Trimmed: 27 times

Minimum overlap: 15
No. of allowed errors:
1-5 bp: 0; 6-12 bp: 1; 13-19 bp: 2; 20 bp: 3

Bases preceding removed adapters:
  A: 44.4%
  C: 0.0%
  G: 55.6%
  T: 0.0%
  none/other: 0.0%

Overview of removed sequences
length	count	expect	max.err	error counts
24	26	0.0	3	25 1
164	1	0.0	3	1


=== Second read: Adapter 3 ===

Sequence: GACTACNVGGGTMTCTAATCC; Type: regular 5'; Length: 21; Trimmed: 110599 times

Minimum overlap: 15
No. of allowed errors:
1-5 bp: 0; 6-12 bp: 1; 13-19 bp: 2; 20 bp: 3

Overview of removed sequences
length	count	expect	max.err	error counts
15	2	0.0	2	0 1 1
17	4	0.0	2	1 1 2
18	13	0.0	2	5 5 1 2
19	28	0.0	2	0 0 28
20	556	0.0	3	53 451 38 14
21	109687	0.0	3	107195 2108 254 130
22	229	0.0	3	29 183 14 3
23	1	0.0	3	0 0 1
30	2	0.0	3	1 0 0 1
31	1	0.0	3	1
34	1	0.0	3	1
42	2	0.0	3	2
57	1	0.0	3	0 0 0 1
59	1	0.0	3	0 0 1
60	1	0.0	3	0 0 0 1
61	1	0.0	3	0 0 1
62	2	0.0	3	1 0 0 1
63	6	0.0	3	0 2 2 2
64	22	0.0	3	2 2 6 12
65	38	0.0	3	1 3 9 25
66	1	0.0	3	0 1


=== Second read: Adapter 4 ===

Sequence: CTGCWGCVHCCCRTAGG; Type: regular 3'; Length: 17; Trimmed: 0 times
