This is cutadapt 5.0 with Python 3.13.1
Command line parameters: -m 50 -O 15 -e 0.15 -g CCTAYGGGDBGCWGCAG -G GACTACNVGGGTMTCTAATCC -a GGATTAGAKACCCBNGTAGTC -A CTGCWGCVHCCCRTAGG -o plate1.1/cutadapt/3894R_0_M_NS6_week10_S71_L001_R1_001.fastq.gz -p plate1.1/cutadapt/3894R_0_M_NS6_week10_S71_L001_R2_001.fastq.gz plate1.1/filtN/3894R_0_M_NS6_week10_S71_L001_R1_001.fastq.gz plate1.1/filtN/3894R_0_M_NS6_week10_S71_L001_R2_001.fastq.gz
Processing paired-end reads on 1 core ...

=== Summary ===

Total read pairs processed:            111,638
  Read 1 with adapter:                 111,345 (99.7%)
  Read 2 with adapter:                 111,214 (99.6%)

== Read fate breakdown ==
Pairs that were too short:                   0 (0.0%)
Pairs written (passing filters):       111,638 (100.0%)

Total basepairs processed:    67,206,076 bp
  Read 1:    33,603,038 bp
  Read 2:    33,603,038 bp
Total written (filtered):     62,974,880 bp (93.7%)
  Read 1:    31,710,280 bp
  Read 2:    31,264,600 bp

=== First read: Adapter 1 ===

Sequence: CCTAYGGGDBGCWGCAG; Type: regular 5'; Length: 17; Trimmed: 111332 times

Minimum overlap: 15
No. of allowed errors:
1-5 bp: 0; 6-12 bp: 1; 13-17 bp: 2

Overview of removed sequences
length	count	expect	max.err	error counts
15	22	0.0	2	4 5 13
16	442	0.0	2	88 332 22
17	110611	0.0	2	100637 9785 189
18	254	0.0	2	47 191 16
23	1	0.0	2	1
30	1	0.0	2	1
32	1	0.0	2	1


=== First read: Adapter 2 ===

Sequence: GGATTAGAKACCCBNGTAGTC; Type: regular 3'; Length: 21; Trimmed: 13 times

Minimum overlap: 15
No. of allowed errors:
1-5 bp: 0; 6-12 bp: 1; 13-19 bp: 2; 20 bp: 3

Bases preceding removed adapters:
  A: 38.5%
  C: 0.0%
  G: 61.5%
  T: 0.0%
  none/other: 0.0%

Overview of removed sequences
length	count	expect	max.err	error counts
24	13	0.0	3	13


=== Second read: Adapter 3 ===

Sequence: GACTACNVGGGTMTCTAATCC; Type: regular 5'; Length: 21; Trimmed: 111214 times

Minimum overlap: 15
No. of allowed errors:
1-5 bp: 0; 6-12 bp: 1; 13-19 bp: 2; 20 bp: 3

Overview of removed sequences
length	count	expect	max.err	error counts
15	1	0.0	2	1
16	9	0.0	2	0 4 5
17	1	0.0	2	0 0 1
18	10	0.0	2	2 7 0 1
19	42	0.0	2	1 2 37 2
20	561	0.0	3	51 449 47 14
21	110280	0.0	3	107921 2018 217 124
22	226	0.0	3	26 183 11 6
23	1	0.0	3	0 0 1
24	1	0.0	3	0 0 1
25	1	0.0	3	1
44	1	0.0	3	1
52	2	0.0	3	1 0 1
56	1	0.0	3	0 0 0 1
59	1	0.0	3	0 0 1
60	2	0.0	3	0 0 1 1
61	1	0.0	3	0 0 0 1
62	2	0.0	3	0 0 0 2
63	7	0.0	3	0 3 3 1
64	29	0.0	3	2 2 12 13
65	35	0.0	3	3 3 13 16


=== Second read: Adapter 4 ===

Sequence: CTGCWGCVHCCCRTAGG; Type: regular 3'; Length: 17; Trimmed: 0 times
