This is cutadapt 5.0 with Python 3.13.1
Command line parameters: -A XXX -q 20,20 -m 50 -o plate1.1/cutadapt_qc/1002R_L_M_NS6_week10_S70_L001_R1_001.fastq.gz -p plate1.1/cutadapt_qc/1002R_L_M_NS6_week10_S70_L001_R2_001.fastq.gz plate1.1/cutadapt/1002R_L_M_NS6_week10_S70_L001_R1_001.fastq.gz plate1.1/cutadapt/1002R_L_M_NS6_week10_S70_L001_R2_001.fastq.gz
Processing paired-end reads on 1 core ...

=== Summary ===

Total read pairs processed:            111,047
  Read 2 with adapter:                       0 (0.0%)

== Read fate breakdown ==
Pairs that were too short:                 425 (0.4%)
Pairs written (passing filters):       110,622 (99.6%)

Total basepairs processed:    62,641,357 bp
  Read 1:    31,541,574 bp
  Read 2:    31,099,783 bp
Quality-trimmed:               2,324,194 bp (3.7%)
  Read 1:       432,790 bp
  Read 2:     1,891,404 bp
Total written (filtered):     60,193,160 bp (96.1%)
  Read 1:    30,995,636 bp
  Read 2:    29,197,524 bp

=== Second read: Adapter 1 ===

Sequence: XXX; Type: regular 3'; Length: 3; Trimmed: 0 times
