This is cutadapt 5.0 with Python 3.13.1
Command line parameters: -A XXX -q 20,20 -m 50 -o plate1.1/cutadapt_qc/1002R_0_M_NS6_week10_S69_L001_R1_001.fastq.gz -p plate1.1/cutadapt_qc/1002R_0_M_NS6_week10_S69_L001_R2_001.fastq.gz plate1.1/cutadapt/1002R_0_M_NS6_week10_S69_L001_R1_001.fastq.gz plate1.1/cutadapt/1002R_0_M_NS6_week10_S69_L001_R2_001.fastq.gz
Processing paired-end reads on 1 core ...

=== Summary ===

Total read pairs processed:            124,221
  Read 2 with adapter:                       0 (0.0%)

== Read fate breakdown ==
Pairs that were too short:                 629 (0.5%)
Pairs written (passing filters):       123,592 (99.5%)

Total basepairs processed:    70,074,299 bp
  Read 1:    35,284,042 bp
  Read 2:    34,790,257 bp
Quality-trimmed:               2,646,041 bp (3.8%)
  Read 1:       545,908 bp
  Read 2:     2,100,133 bp
Total written (filtered):     67,257,790 bp (96.0%)
  Read 1:    34,596,949 bp
  Read 2:    32,660,841 bp

=== Second read: Adapter 1 ===

Sequence: XXX; Type: regular 3'; Length: 3; Trimmed: 0 times
