This is cutadapt 5.0 with Python 3.13.1
Command line parameters: -A XXX -q 20,20 -m 50 -o plate1.1/cutadapt_qc/1136R_R_F_S5_week10_S57_L001_R1_001.fastq.gz -p plate1.1/cutadapt_qc/1136R_R_F_S5_week10_S57_L001_R2_001.fastq.gz plate1.1/cutadapt/1136R_R_F_S5_week10_S57_L001_R1_001.fastq.gz plate1.1/cutadapt/1136R_R_F_S5_week10_S57_L001_R2_001.fastq.gz
Processing paired-end reads on 1 core ...

=== Summary ===

Total read pairs processed:            108,038
  Read 2 with adapter:                       0 (0.0%)

== Read fate breakdown ==
Pairs that were too short:                 658 (0.6%)
Pairs written (passing filters):       107,380 (99.4%)

Total basepairs processed:    60,950,705 bp
  Read 1:    30,686,854 bp
  Read 2:    30,263,851 bp
Quality-trimmed:               3,196,496 bp (5.2%)
  Read 1:       595,857 bp
  Read 2:     2,600,639 bp
Total written (filtered):     57,580,391 bp (94.5%)
  Read 1:    29,946,540 bp
  Read 2:    27,633,851 bp

=== Second read: Adapter 1 ===

Sequence: XXX; Type: regular 3'; Length: 3; Trimmed: 0 times
