This is cutadapt 5.0 with Python 3.13.1
Command line parameters: -A XXX -q 20,20 -m 50 -o plate1.1/cutadapt_qc/Positive_control_S89_L001_R1_001.fastq.gz -p plate1.1/cutadapt_qc/Positive_control_S89_L001_R2_001.fastq.gz plate1.1/cutadapt/Positive_control_S89_L001_R1_001.fastq.gz plate1.1/cutadapt/Positive_control_S89_L001_R2_001.fastq.gz
Processing paired-end reads on 1 core ...

=== Summary ===

Total read pairs processed:            144,544
  Read 2 with adapter:                       0 (0.0%)

== Read fate breakdown ==
Pairs that were too short:                 738 (0.5%)
Pairs written (passing filters):       143,806 (99.5%)

Total basepairs processed:    81,537,397 bp
  Read 1:    41,056,426 bp
  Read 2:    40,480,971 bp
Quality-trimmed:               3,655,021 bp (4.5%)
  Read 1:       894,743 bp
  Read 2:     2,760,278 bp
Total written (filtered):     77,686,528 bp (95.3%)
  Read 1:    39,999,891 bp
  Read 2:    37,686,637 bp

=== Second read: Adapter 1 ===

Sequence: XXX; Type: regular 3'; Length: 3; Trimmed: 0 times
