This is cutadapt 5.0 with Python 3.13.1
Command line parameters: -m 50 -O 15 -e 0.15 -g CCTAYGGGDBGCWGCAG -G GACTACNVGGGTMTCTAATCC -a GGATTAGAKACCCBNGTAGTC -A CTGCWGCVHCCCRTAGG -o plate1.1/cutadapt/3974R_L_M_NS1_week10_S80_L001_R1_001.fastq.gz -p plate1.1/cutadapt/3974R_L_M_NS1_week10_S80_L001_R2_001.fastq.gz plate1.1/filtN/3974R_L_M_NS1_week10_S80_L001_R1_001.fastq.gz plate1.1/filtN/3974R_L_M_NS1_week10_S80_L001_R2_001.fastq.gz
Processing paired-end reads on 1 core ...

=== Summary ===

Total read pairs processed:            118,548
  Read 1 with adapter:                 118,278 (99.8%)
  Read 2 with adapter:                 117,727 (99.3%)

== Read fate breakdown ==
Pairs that were too short:                   0 (0.0%)
Pairs written (passing filters):       118,548 (100.0%)

Total basepairs processed:    71,365,896 bp
  Read 1:    35,682,948 bp
  Read 2:    35,682,948 bp
Total written (filtered):     66,882,016 bp (93.7%)
  Read 1:    33,672,206 bp
  Read 2:    33,209,810 bp

=== First read: Adapter 1 ===

Sequence: CCTAYGGGDBGCWGCAG; Type: regular 5'; Length: 17; Trimmed: 118242 times

Minimum overlap: 15
No. of allowed errors:
1-5 bp: 0; 6-12 bp: 1; 13-17 bp: 2

Overview of removed sequences
length	count	expect	max.err	error counts
15	19	0.0	2	0 4 15
16	446	0.0	2	106 311 29
17	117532	0.0	2	106929 10423 180
18	242	0.0	2	38 191 13
19	3	0.0	2	0 0 3


=== First read: Adapter 2 ===

Sequence: GGATTAGAKACCCBNGTAGTC; Type: regular 3'; Length: 21; Trimmed: 36 times

Minimum overlap: 15
No. of allowed errors:
1-5 bp: 0; 6-12 bp: 1; 13-19 bp: 2; 20 bp: 3

Bases preceding removed adapters:
  A: 36.1%
  C: 0.0%
  G: 63.9%
  T: 0.0%
  none/other: 0.0%

Overview of removed sequences
length	count	expect	max.err	error counts
24	36	0.0	3	29 7


=== Second read: Adapter 3 ===

Sequence: GACTACNVGGGTMTCTAATCC; Type: regular 5'; Length: 21; Trimmed: 117727 times

Minimum overlap: 15
No. of allowed errors:
1-5 bp: 0; 6-12 bp: 1; 13-19 bp: 2; 20 bp: 3

Overview of removed sequences
length	count	expect	max.err	error counts
15	1	0.0	2	1
16	3	0.0	2	2 1
17	1	0.0	2	0 1
18	3	0.0	2	1 1 0 1
19	38	0.0	2	2 1 32 3
20	554	0.0	3	44 450 45 15
21	116852	0.0	3	113881 2445 344 182
22	240	0.0	3	32 184 18 6
23	3	0.0	3	0 0 3
24	1	0.0	3	1
35	1	0.0	3	1
57	1	0.0	3	0 0 0 1
59	3	0.0	3	0 1 0 2
63	3	0.0	3	0 2 0 1
64	16	0.0	3	0 1 4 11
65	7	0.0	3	0 0 2 5


=== Second read: Adapter 4 ===

Sequence: CTGCWGCVHCCCRTAGG; Type: regular 3'; Length: 17; Trimmed: 0 times
