This is cutadapt 5.0 with Python 3.13.1
Command line parameters: -m 50 -O 15 -e 0.15 -g CCTAYGGGDBGCWGCAG -G GACTACNVGGGTMTCTAATCC -a GGATTAGAKACCCBNGTAGTC -A CTGCWGCVHCCCRTAGG -o plate1.1/cutadapt/3974R_0_M_NS1_week10_S79_L001_R1_001.fastq.gz -p plate1.1/cutadapt/3974R_0_M_NS1_week10_S79_L001_R2_001.fastq.gz plate1.1/filtN/3974R_0_M_NS1_week10_S79_L001_R1_001.fastq.gz plate1.1/filtN/3974R_0_M_NS1_week10_S79_L001_R2_001.fastq.gz
Processing paired-end reads on 1 core ...

=== Summary ===

Total read pairs processed:            111,447
  Read 1 with adapter:                 111,178 (99.8%)
  Read 2 with adapter:                 110,642 (99.3%)

== Read fate breakdown ==
Pairs that were too short:                   0 (0.0%)
Pairs written (passing filters):       111,447 (100.0%)

Total basepairs processed:    67,091,094 bp
  Read 1:    33,545,547 bp
  Read 2:    33,545,547 bp
Total written (filtered):     62,876,644 bp (93.7%)
  Read 1:    31,655,599 bp
  Read 2:    31,221,045 bp

=== First read: Adapter 1 ===

Sequence: CCTAYGGGDBGCWGCAG; Type: regular 5'; Length: 17; Trimmed: 111148 times

Minimum overlap: 15
No. of allowed errors:
1-5 bp: 0; 6-12 bp: 1; 13-17 bp: 2

Overview of removed sequences
length	count	expect	max.err	error counts
15	17	0.0	2	1 4 12
16	459	0.0	2	85 350 24
17	110469	0.0	2	100631 9676 162
18	202	0.0	2	30 157 15
20	1	0.0	2	1


=== First read: Adapter 2 ===

Sequence: GGATTAGAKACCCBNGTAGTC; Type: regular 3'; Length: 21; Trimmed: 30 times

Minimum overlap: 15
No. of allowed errors:
1-5 bp: 0; 6-12 bp: 1; 13-19 bp: 2; 20 bp: 3

Bases preceding removed adapters:
  A: 40.0%
  C: 0.0%
  G: 60.0%
  T: 0.0%
  none/other: 0.0%

Overview of removed sequences
length	count	expect	max.err	error counts
24	30	0.0	3	27 3


=== Second read: Adapter 3 ===

Sequence: GACTACNVGGGTMTCTAATCC; Type: regular 5'; Length: 21; Trimmed: 110641 times

Minimum overlap: 15
No. of allowed errors:
1-5 bp: 0; 6-12 bp: 1; 13-19 bp: 2; 20 bp: 3

Overview of removed sequences
length	count	expect	max.err	error counts
16	1	0.0	2	0 0 1
17	3	0.0	2	0 0 3
18	6	0.0	2	1 3 1 1
19	38	0.0	2	2 2 31 3
20	501	0.0	3	39 392 47 23
21	109849	0.0	3	107002 2281 375 191
22	210	0.0	3	22 163 25
23	2	0.0	3	0 0 2
25	1	0.0	3	1
35	1	0.0	3	1
47	1	0.0	3	1
61	1	0.0	3	0 0 0 1
62	1	0.0	3	0 1
63	1	0.0	3	0 0 1
64	14	0.0	3	0 1 2 11
65	11	0.0	3	0 0 4 7


=== Second read: Adapter 4 ===

Sequence: CTGCWGCVHCCCRTAGG; Type: regular 3'; Length: 17; Trimmed: 1 times

Minimum overlap: 15
No. of allowed errors:
1-5 bp: 0; 6-12 bp: 1; 13-17 bp: 2

Bases preceding removed adapters:
  A: 0.0%
  C: 100.0%
  G: 0.0%
  T: 0.0%
  none/other: 0.0%

Overview of removed sequences
length	count	expect	max.err	error counts
186	1	0.0	2	0 0 1
