This is cutadapt 5.0 with Python 3.13.1
Command line parameters: -A XXX -q 20,20 -m 50 -o plate1.1/cutadapt_qc/3874R_L_F_NS1_week10_S76_L001_R1_001.fastq.gz -p plate1.1/cutadapt_qc/3874R_L_F_NS1_week10_S76_L001_R2_001.fastq.gz plate1.1/cutadapt/3874R_L_F_NS1_week10_S76_L001_R1_001.fastq.gz plate1.1/cutadapt/3874R_L_F_NS1_week10_S76_L001_R2_001.fastq.gz
Processing paired-end reads on 1 core ...

=== Summary ===

Total read pairs processed:             96,063
  Read 2 with adapter:                       0 (0.0%)

== Read fate breakdown ==
Pairs that were too short:                 506 (0.5%)
Pairs written (passing filters):        95,557 (99.5%)

Total basepairs processed:    54,196,198 bp
  Read 1:    27,285,142 bp
  Read 2:    26,911,056 bp
Quality-trimmed:               2,503,857 bp (4.6%)
  Read 1:       402,745 bp
  Read 2:     2,101,112 bp
Total written (filtered):     51,544,521 bp (95.1%)
  Read 1:    26,744,233 bp
  Read 2:    24,800,288 bp

=== Second read: Adapter 1 ===

Sequence: XXX; Type: regular 3'; Length: 3; Trimmed: 0 times
