This is cutadapt 5.0 with Python 3.13.1
Command line parameters: -A XXX -q 20,20 -m 50 -o plate1.1/cutadapt_qc/3795R_R_F_S2_week10_S51_L001_R1_001.fastq.gz -p plate1.1/cutadapt_qc/3795R_R_F_S2_week10_S51_L001_R2_001.fastq.gz plate1.1/cutadapt/3795R_R_F_S2_week10_S51_L001_R1_001.fastq.gz plate1.1/cutadapt/3795R_R_F_S2_week10_S51_L001_R2_001.fastq.gz
Processing paired-end reads on 1 core ...

=== Summary ===

Total read pairs processed:            131,455
  Read 2 with adapter:                       0 (0.0%)

== Read fate breakdown ==
Pairs that were too short:                 587 (0.4%)
Pairs written (passing filters):       130,868 (99.6%)

Total basepairs processed:    74,157,818 bp
  Read 1:    37,338,257 bp
  Read 2:    36,819,561 bp
Quality-trimmed:               2,924,987 bp (3.9%)
  Read 1:       451,178 bp
  Read 2:     2,473,809 bp
Total written (filtered):     71,064,561 bp (95.8%)
  Read 1:    36,737,463 bp
  Read 2:    34,327,098 bp

=== Second read: Adapter 1 ===

Sequence: XXX; Type: regular 3'; Length: 3; Trimmed: 0 times
