This is cutadapt 5.0 with Python 3.13.1
Command line parameters: -m 50 -O 15 -e 0.15 -g CCTAYGGGDBGCWGCAG -G GACTACNVGGGTMTCTAATCC -a GGATTAGAKACCCBNGTAGTC -A CTGCWGCVHCCCRTAGG -o plate1.1/cutadapt/160R_L_F_S2_week10_S50_L001_R1_001.fastq.gz -p plate1.1/cutadapt/160R_L_F_S2_week10_S50_L001_R2_001.fastq.gz plate1.1/filtN/160R_L_F_S2_week10_S50_L001_R1_001.fastq.gz plate1.1/filtN/160R_L_F_S2_week10_S50_L001_R2_001.fastq.gz
Processing paired-end reads on 1 core ...

=== Summary ===

Total read pairs processed:            107,479
  Read 1 with adapter:                 107,236 (99.8%)
  Read 2 with adapter:                 106,994 (99.5%)

== Read fate breakdown ==
Pairs that were too short:                   0 (0.0%)
Pairs written (passing filters):       107,479 (100.0%)

Total basepairs processed:    64,702,358 bp
  Read 1:    32,351,179 bp
  Read 2:    32,351,179 bp
Total written (filtered):     60,631,172 bp (93.7%)
  Read 1:    30,528,065 bp
  Read 2:    30,103,107 bp

=== First read: Adapter 1 ===

Sequence: CCTAYGGGDBGCWGCAG; Type: regular 5'; Length: 17; Trimmed: 107194 times

Minimum overlap: 15
No. of allowed errors:
1-5 bp: 0; 6-12 bp: 1; 13-17 bp: 2

Overview of removed sequences
length	count	expect	max.err	error counts
15	28	0.0	2	4 4 20
16	413	0.0	2	86 305 22
17	106505	0.0	2	97034 9310 161
18	244	0.0	2	39 193 12
20	2	0.0	2	0 2
26	1	0.0	2	1
34	1	0.0	2	1


=== First read: Adapter 2 ===

Sequence: GGATTAGAKACCCBNGTAGTC; Type: regular 3'; Length: 21; Trimmed: 42 times

Minimum overlap: 15
No. of allowed errors:
1-5 bp: 0; 6-12 bp: 1; 13-19 bp: 2; 20 bp: 3

Bases preceding removed adapters:
  A: 16.7%
  C: 0.0%
  G: 83.3%
  T: 0.0%
  none/other: 0.0%
WARNING:
    The adapter is preceded by 'G' extremely often.
    The provided adapter sequence could be incomplete at its 5' end.
    Ignore this warning when trimming primers.

Overview of removed sequences
length	count	expect	max.err	error counts
24	41	0.0	3	36 5
25	1	0.0	3	0 1


=== Second read: Adapter 3 ===

Sequence: GACTACNVGGGTMTCTAATCC; Type: regular 5'; Length: 21; Trimmed: 106992 times

Minimum overlap: 15
No. of allowed errors:
1-5 bp: 0; 6-12 bp: 1; 13-19 bp: 2; 20 bp: 3

Overview of removed sequences
length	count	expect	max.err	error counts
15	1	0.0	2	1
16	1	0.0	2	0 0 1
17	1	0.0	2	0 1
18	1	0.0	2	1
19	38	0.0	2	2 1 32 3
20	569	0.0	3	52 462 41 14
21	106109	0.0	3	103822 1976 206 105
22	235	0.0	3	32 187 14 2
23	1	0.0	3	0 0 0 1
24	1	0.0	3	0 0 0 1
26	1	0.0	3	1
58	1	0.0	3	0 0 0 1
60	2	0.0	3	0 0 1 1
61	2	0.0	3	0 0 2
62	1	0.0	3	0 0 0 1
63	4	0.0	3	0 0 2 2
64	12	0.0	3	0 4 3 5
65	12	0.0	3	1 0 3 8


=== Second read: Adapter 4 ===

Sequence: CTGCWGCVHCCCRTAGG; Type: regular 3'; Length: 17; Trimmed: 2 times

Minimum overlap: 15
No. of allowed errors:
1-5 bp: 0; 6-12 bp: 1; 13-17 bp: 2

Bases preceding removed adapters:
  A: 0.0%
  C: 0.0%
  G: 100.0%
  T: 0.0%
  none/other: 0.0%

Overview of removed sequences
length	count	expect	max.err	error counts
89	1	0.0	2	0 0 1
121	1	0.0	2	0 0 1


WARNING:
    One or more of your adapter sequences may be incomplete.
    Please see the detailed output above.
