This is cutadapt 5.0 with Python 3.13.1
Command line parameters: -A XXX -q 20,20 -m 50 -o plate1.1/cutadapt_qc/2518R_R_M_S5_week10_S62_L001_R1_001.fastq.gz -p plate1.1/cutadapt_qc/2518R_R_M_S5_week10_S62_L001_R2_001.fastq.gz plate1.1/cutadapt/2518R_R_M_S5_week10_S62_L001_R1_001.fastq.gz plate1.1/cutadapt/2518R_R_M_S5_week10_S62_L001_R2_001.fastq.gz
Processing paired-end reads on 1 core ...

=== Summary ===

Total read pairs processed:            103,518
  Read 2 with adapter:                       0 (0.0%)

== Read fate breakdown ==
Pairs that were too short:                 475 (0.5%)
Pairs written (passing filters):       103,043 (99.5%)

Total basepairs processed:    58,399,990 bp
  Read 1:    29,403,372 bp
  Read 2:    28,996,618 bp
Quality-trimmed:               2,763,421 bp (4.7%)
  Read 1:       463,071 bp
  Read 2:     2,300,350 bp
Total written (filtered):     55,499,111 bp (95.0%)
  Read 1:    28,816,411 bp
  Read 2:    26,682,700 bp

=== Second read: Adapter 1 ===

Sequence: XXX; Type: regular 3'; Length: 3; Trimmed: 0 times
