This is cutadapt 5.0 with Python 3.13.1
Command line parameters: -m 50 -O 15 -e 0.15 -g CCTAYGGGDBGCWGCAG -G GACTACNVGGGTMTCTAATCC -a GGATTAGAKACCCBNGTAGTC -A CTGCWGCVHCCCRTAGG -o plate1.1/cutadapt/3752R_0_F_S5_week10_S59_L001_R1_001.fastq.gz -p plate1.1/cutadapt/3752R_0_F_S5_week10_S59_L001_R2_001.fastq.gz plate1.1/filtN/3752R_0_F_S5_week10_S59_L001_R1_001.fastq.gz plate1.1/filtN/3752R_0_F_S5_week10_S59_L001_R2_001.fastq.gz
Processing paired-end reads on 1 core ...

=== Summary ===

Total read pairs processed:            103,473
  Read 1 with adapter:                 103,231 (99.8%)
  Read 2 with adapter:                 102,795 (99.3%)

== Read fate breakdown ==
Pairs that were too short:                   1 (0.0%)
Pairs written (passing filters):       103,472 (100.0%)

Total basepairs processed:    62,290,746 bp
  Read 1:    31,145,373 bp
  Read 2:    31,145,373 bp
Total written (filtered):     58,373,943 bp (93.7%)
  Read 1:    29,390,092 bp
  Read 2:    28,983,851 bp

=== First read: Adapter 1 ===

Sequence: CCTAYGGGDBGCWGCAG; Type: regular 5'; Length: 17; Trimmed: 103197 times

Minimum overlap: 15
No. of allowed errors:
1-5 bp: 0; 6-12 bp: 1; 13-17 bp: 2

Overview of removed sequences
length	count	expect	max.err	error counts
15	24	0.0	2	2 4 18
16	385	0.0	2	84 278 23
17	102544	0.0	2	93310 9102 132
18	243	0.0	2	45 185 13
39	1	0.0	2	1


=== First read: Adapter 2 ===

Sequence: GGATTAGAKACCCBNGTAGTC; Type: regular 3'; Length: 21; Trimmed: 34 times

Minimum overlap: 15
No. of allowed errors:
1-5 bp: 0; 6-12 bp: 1; 13-19 bp: 2; 20 bp: 3

Bases preceding removed adapters:
  A: 32.4%
  C: 0.0%
  G: 67.6%
  T: 0.0%
  none/other: 0.0%

Overview of removed sequences
length	count	expect	max.err	error counts
24	34	0.0	3	32 2


=== Second read: Adapter 3 ===

Sequence: GACTACNVGGGTMTCTAATCC; Type: regular 5'; Length: 21; Trimmed: 102793 times

Minimum overlap: 15
No. of allowed errors:
1-5 bp: 0; 6-12 bp: 1; 13-19 bp: 2; 20 bp: 3

Overview of removed sequences
length	count	expect	max.err	error counts
15	1	0.0	2	0 0 1
16	1	0.0	2	0 0 1
17	3	0.0	2	0 0 3
18	10	0.0	2	0 3 2 5
19	41	0.0	2	2 3 34 2
20	645	0.0	3	68 519 49 9
21	101801	0.0	3	98915 2363 351 172
22	216	0.0	3	32 161 20 3
23	1	0.0	3	0 0 1
33	1	0.0	3	1
41	1	0.0	3	1
55	1	0.0	3	0 1
59	2	0.0	3	0 0 1 1
60	1	0.0	3	0 0 1
61	2	0.0	3	0 0 2
62	3	0.0	3	0 0 2 1
63	8	0.0	3	1 1 3 3
64	30	0.0	3	2 3 10 15
65	25	0.0	3	1 2 7 15


=== Second read: Adapter 4 ===

Sequence: CTGCWGCVHCCCRTAGG; Type: regular 3'; Length: 17; Trimmed: 2 times

Minimum overlap: 15
No. of allowed errors:
1-5 bp: 0; 6-12 bp: 1; 13-17 bp: 2

Bases preceding removed adapters:
  A: 0.0%
  C: 100.0%
  G: 0.0%
  T: 0.0%
  none/other: 0.0%

Overview of removed sequences
length	count	expect	max.err	error counts
20	1	0.0	2	0 0 1
297	1	0.0	2	0 0 1
