This is cutadapt 5.0 with Python 3.13.1
Command line parameters: -m 50 -O 15 -e 0.15 -g CCTAYGGGDBGCWGCAG -G GACTACNVGGGTMTCTAATCC -a GGATTAGAKACCCBNGTAGTC -A CTGCWGCVHCCCRTAGG -o plate1.1/cutadapt/T1D_S5_defined_mouse_inocula_S84_L001_R1_001.fastq.gz -p plate1.1/cutadapt/T1D_S5_defined_mouse_inocula_S84_L001_R2_001.fastq.gz plate1.1/filtN/T1D_S5_defined_mouse_inocula_S84_L001_R1_001.fastq.gz plate1.1/filtN/T1D_S5_defined_mouse_inocula_S84_L001_R2_001.fastq.gz
Processing paired-end reads on 1 core ...

=== Summary ===

Total read pairs processed:             98,932
  Read 1 with adapter:                  98,710 (99.8%)
  Read 2 with adapter:                  98,478 (99.5%)

== Read fate breakdown ==
Pairs that were too short:                   0 (0.0%)
Pairs written (passing filters):        98,932 (100.0%)

Total basepairs processed:    59,557,064 bp
  Read 1:    29,778,532 bp
  Read 2:    29,778,532 bp
Total written (filtered):     55,806,649 bp (93.7%)
  Read 1:    28,100,458 bp
  Read 2:    27,706,191 bp

=== First read: Adapter 1 ===

Sequence: CCTAYGGGDBGCWGCAG; Type: regular 5'; Length: 17; Trimmed: 98695 times

Minimum overlap: 15
No. of allowed errors:
1-5 bp: 0; 6-12 bp: 1; 13-17 bp: 2

Overview of removed sequences
length	count	expect	max.err	error counts
14	1	0.0	2	0 1
15	25	0.0	2	1 7 17
16	366	0.0	2	87 263 16
17	98047	0.0	2	89070 8824 153
18	255	0.0	2	48 188 19
19	1	0.0	2	0 0 1


=== First read: Adapter 2 ===

Sequence: GGATTAGAKACCCBNGTAGTC; Type: regular 3'; Length: 21; Trimmed: 15 times

Minimum overlap: 15
No. of allowed errors:
1-5 bp: 0; 6-12 bp: 1; 13-19 bp: 2; 20 bp: 3

Bases preceding removed adapters:
  A: 100.0%
  C: 0.0%
  G: 0.0%
  T: 0.0%
  none/other: 0.0%

Overview of removed sequences
length	count	expect	max.err	error counts
24	14	0.0	3	13 1
85	1	0.0	3	1


=== Second read: Adapter 3 ===

Sequence: GACTACNVGGGTMTCTAATCC; Type: regular 5'; Length: 21; Trimmed: 98478 times

Minimum overlap: 15
No. of allowed errors:
1-5 bp: 0; 6-12 bp: 1; 13-19 bp: 2; 20 bp: 3

Overview of removed sequences
length	count	expect	max.err	error counts
15	1	0.0	2	1
16	2	0.0	2	0 1 1
18	9	0.0	2	1 3 2 3
19	38	0.0	2	0 3 32 3
20	506	0.0	3	72 386 34 14
21	97582	0.0	3	95236 1974 271 101
22	229	0.0	3	34 175 18 2
25	1	0.0	3	0 0 0 1
30	1	0.0	3	1
58	3	0.0	3	1 0 2
59	3	0.0	3	0 1 1 1
60	3	0.0	3	0 0 2 1
61	2	0.0	3	0 1 1
62	1	0.0	3	0 0 0 1
63	4	0.0	3	0 1 2 1
64	37	0.0	3	3 9 11 14
65	56	0.0	3	1 13 14 28


=== Second read: Adapter 4 ===

Sequence: CTGCWGCVHCCCRTAGG; Type: regular 3'; Length: 17; Trimmed: 0 times
