This is cutadapt 5.0 with Python 3.13.1
Command line parameters: -A XXX -q 20,20 -m 50 -o plate1.1/cutadapt_qc/2472R_R_F_NS1_week10_S74_L001_R1_001.fastq.gz -p plate1.1/cutadapt_qc/2472R_R_F_NS1_week10_S74_L001_R2_001.fastq.gz plate1.1/cutadapt/2472R_R_F_NS1_week10_S74_L001_R1_001.fastq.gz plate1.1/cutadapt/2472R_R_F_NS1_week10_S74_L001_R2_001.fastq.gz
Processing paired-end reads on 1 core ...

=== Summary ===

Total read pairs processed:            109,084
  Read 2 with adapter:                       0 (0.0%)

== Read fate breakdown ==
Pairs that were too short:                 639 (0.6%)
Pairs written (passing filters):       108,445 (99.4%)

Total basepairs processed:    61,545,301 bp
  Read 1:    30,984,548 bp
  Read 2:    30,560,753 bp
Quality-trimmed:               3,018,955 bp (4.9%)
  Read 1:       434,532 bp
  Read 2:     2,584,423 bp
Total written (filtered):     58,339,852 bp (94.8%)
  Read 1:    30,374,220 bp
  Read 2:    27,965,632 bp

=== Second read: Adapter 1 ===

Sequence: XXX; Type: regular 3'; Length: 3; Trimmed: 0 times
