This is cutadapt 5.0 with Python 3.13.1
Command line parameters: -m 50 -O 15 -e 0.15 -g CCTAYGGGDBGCWGCAG -G GACTACNVGGGTMTCTAATCC -a GGATTAGAKACCCBNGTAGTC -A CTGCWGCVHCCCRTAGG -o plate1.1/cutadapt/1075R_0_M_NS6_week9_S72_L001_R1_001.fastq.gz -p plate1.1/cutadapt/1075R_0_M_NS6_week9_S72_L001_R2_001.fastq.gz plate1.1/filtN/1075R_0_M_NS6_week9_S72_L001_R1_001.fastq.gz plate1.1/filtN/1075R_0_M_NS6_week9_S72_L001_R2_001.fastq.gz
Processing paired-end reads on 1 core ...

=== Summary ===

Total read pairs processed:            110,959
  Read 1 with adapter:                 110,735 (99.8%)
  Read 2 with adapter:                 110,521 (99.6%)

== Read fate breakdown ==
Pairs that were too short:                   0 (0.0%)
Pairs written (passing filters):       110,959 (100.0%)

Total basepairs processed:    66,797,318 bp
  Read 1:    33,398,659 bp
  Read 2:    33,398,659 bp
Total written (filtered):     62,591,342 bp (93.7%)
  Read 1:    31,516,273 bp
  Read 2:    31,075,069 bp

=== First read: Adapter 1 ===

Sequence: CCTAYGGGDBGCWGCAG; Type: regular 5'; Length: 17; Trimmed: 110718 times

Minimum overlap: 15
No. of allowed errors:
1-5 bp: 0; 6-12 bp: 1; 13-17 bp: 2

Overview of removed sequences
length	count	expect	max.err	error counts
15	27	0.0	2	3 6 18
16	400	0.0	2	100 272 28
17	110094	0.0	2	100240 9687 167
18	192	0.0	2	34 149 9
19	3	0.0	2	0 1 2
24	1	0.0	2	1
38	1	0.0	2	1


=== First read: Adapter 2 ===

Sequence: GGATTAGAKACCCBNGTAGTC; Type: regular 3'; Length: 21; Trimmed: 17 times

Minimum overlap: 15
No. of allowed errors:
1-5 bp: 0; 6-12 bp: 1; 13-19 bp: 2; 20 bp: 3

Bases preceding removed adapters:
  A: 52.9%
  C: 0.0%
  G: 47.1%
  T: 0.0%
  none/other: 0.0%

Overview of removed sequences
length	count	expect	max.err	error counts
24	17	0.0	3	17


=== Second read: Adapter 3 ===

Sequence: GACTACNVGGGTMTCTAATCC; Type: regular 5'; Length: 21; Trimmed: 110521 times

Minimum overlap: 15
No. of allowed errors:
1-5 bp: 0; 6-12 bp: 1; 13-19 bp: 2; 20 bp: 3

Overview of removed sequences
length	count	expect	max.err	error counts
15	1	0.0	2	0 0 1
16	2	0.0	2	1 1
17	3	0.0	2	0 1 2
18	6	0.0	2	3 2 0 1
19	48	0.0	2	3 2 39 4
20	643	0.0	3	70 509 49 15
21	109515	0.0	3	107214 1962 214 125
22	227	0.0	3	31 178 13 5
35	1	0.0	3	1
55	1	0.0	3	0 0 0 1
56	2	0.0	3	0 0 1 1
57	2	0.0	3	0 1 0 1
60	1	0.0	3	0 0 1
61	2	0.0	3	0 0 1 1
62	2	0.0	3	0 0 1 1
63	6	0.0	3	0 1 2 3
64	32	0.0	3	3 4 11 14
65	27	0.0	3	0 4 12 11


=== Second read: Adapter 4 ===

Sequence: CTGCWGCVHCCCRTAGG; Type: regular 3'; Length: 17; Trimmed: 0 times
