This is cutadapt 5.0 with Python 3.13.1
Command line parameters: -A XXX -q 20,20 -m 50 -o plate1.1/cutadapt_qc/160R_0_F_S2_week10_S49_L001_R1_001.fastq.gz -p plate1.1/cutadapt_qc/160R_0_F_S2_week10_S49_L001_R2_001.fastq.gz plate1.1/cutadapt/160R_0_F_S2_week10_S49_L001_R1_001.fastq.gz plate1.1/cutadapt/160R_0_F_S2_week10_S49_L001_R2_001.fastq.gz
Processing paired-end reads on 1 core ...

=== Summary ===

Total read pairs processed:            113,127
  Read 2 with adapter:                       0 (0.0%)

== Read fate breakdown ==
Pairs that were too short:                 603 (0.5%)
Pairs written (passing filters):       112,524 (99.5%)

Total basepairs processed:    63,818,898 bp
  Read 1:    32,132,288 bp
  Read 2:    31,686,610 bp
Quality-trimmed:               3,151,633 bp (4.9%)
  Read 1:       558,385 bp
  Read 2:     2,593,248 bp
Total written (filtered):     60,505,033 bp (94.8%)
  Read 1:    31,436,855 bp
  Read 2:    29,068,178 bp

=== Second read: Adapter 1 ===

Sequence: XXX; Type: regular 3'; Length: 3; Trimmed: 0 times
