This is cutadapt 5.0 with Python 3.13.1
Command line parameters: -A XXX -q 20,20 -m 50 -o plate1.1/cutadapt_qc/1030R_R_M_NS1_week10_S78_L001_R1_001.fastq.gz -p plate1.1/cutadapt_qc/1030R_R_M_NS1_week10_S78_L001_R2_001.fastq.gz plate1.1/cutadapt/1030R_R_M_NS1_week10_S78_L001_R1_001.fastq.gz plate1.1/cutadapt/1030R_R_M_NS1_week10_S78_L001_R2_001.fastq.gz
Processing paired-end reads on 1 core ...

=== Summary ===

Total read pairs processed:             98,050
  Read 2 with adapter:                       0 (0.0%)

== Read fate breakdown ==
Pairs that were too short:                 532 (0.5%)
Pairs written (passing filters):        97,518 (99.5%)

Total basepairs processed:    55,317,921 bp
  Read 1:    27,850,077 bp
  Read 2:    27,467,844 bp
Quality-trimmed:               2,581,052 bp (4.7%)
  Read 1:       429,305 bp
  Read 2:     2,151,747 bp
Total written (filtered):     52,583,752 bp (95.1%)
  Read 1:    27,278,765 bp
  Read 2:    25,304,987 bp

=== Second read: Adapter 1 ===

Sequence: XXX; Type: regular 3'; Length: 3; Trimmed: 0 times
