Building DAG of jobs...
Using shell: /usr/bin/bash
Provided cores: 1 (use --cores to define parallelism)
Rules claiming more threads will be scaled down.
Provided resources: mem_mb=1000, mem_mib=954, disk_mb=1000, disk_mib=954
Select jobs to execute...

[Thu Jun 26 00:16:54 2025]
rule fastqcRaw:
    input: /bulk/sycuro_bulk/daniel/diabetes/UC_UT_collaboration/GF_Mouse_Fecal_Pellet_FASTQ_Files/plate1/fastq/T1D_NS1_defined_mouse_inocula_S81_L001_R1_001.fastq.gz, /bulk/sycuro_bulk/daniel/diabetes/UC_UT_collaboration/GF_Mouse_Fecal_Pellet_FASTQ_Files/plate1/fastq/T1D_NS1_defined_mouse_inocula_S81_L001_R2_001.fastq.gz
    output: plate1.1/fastqc_raw/T1D_NS1_defined_mouse_inocula_S81_L001_R1_001_fastqc.html, plate1.1/fastqc_raw/T1D_NS1_defined_mouse_inocula_S81_L001_R2_001_fastqc.html
    jobid: 0
    reason: Forced execution
    wildcards: sample=T1D_NS1_defined_mouse_inocula_S81_L001
    resources: mem_mb=1000, mem_mib=954, disk_mb=1000, disk_mib=954, tmpdir=plate1.1/fastqc_raw/tmp/

Activating conda environment: QC
Started analysis of T1D_NS1_defined_mouse_inocula_S81_L001_R1_001.fastq.gz
Approx 5% complete for T1D_NS1_defined_mouse_inocula_S81_L001_R1_001.fastq.gz
Approx 10% complete for T1D_NS1_defined_mouse_inocula_S81_L001_R1_001.fastq.gz
Approx 15% complete for T1D_NS1_defined_mouse_inocula_S81_L001_R1_001.fastq.gz
Approx 20% complete for T1D_NS1_defined_mouse_inocula_S81_L001_R1_001.fastq.gz
Approx 25% complete for T1D_NS1_defined_mouse_inocula_S81_L001_R1_001.fastq.gz
Approx 30% complete for T1D_NS1_defined_mouse_inocula_S81_L001_R1_001.fastq.gz
Approx 35% complete for T1D_NS1_defined_mouse_inocula_S81_L001_R1_001.fastq.gz
Approx 40% complete for T1D_NS1_defined_mouse_inocula_S81_L001_R1_001.fastq.gz
Approx 45% complete for T1D_NS1_defined_mouse_inocula_S81_L001_R1_001.fastq.gz
Approx 50% complete for T1D_NS1_defined_mouse_inocula_S81_L001_R1_001.fastq.gz
Approx 55% complete for T1D_NS1_defined_mouse_inocula_S81_L001_R1_001.fastq.gz
Approx 60% complete for T1D_NS1_defined_mouse_inocula_S81_L001_R1_001.fastq.gz
Approx 65% complete for T1D_NS1_defined_mouse_inocula_S81_L001_R1_001.fastq.gz
Approx 70% complete for T1D_NS1_defined_mouse_inocula_S81_L001_R1_001.fastq.gz
Approx 75% complete for T1D_NS1_defined_mouse_inocula_S81_L001_R1_001.fastq.gz
Approx 80% complete for T1D_NS1_defined_mouse_inocula_S81_L001_R1_001.fastq.gz
Approx 85% complete for T1D_NS1_defined_mouse_inocula_S81_L001_R1_001.fastq.gz
Approx 90% complete for T1D_NS1_defined_mouse_inocula_S81_L001_R1_001.fastq.gz
Approx 95% complete for T1D_NS1_defined_mouse_inocula_S81_L001_R1_001.fastq.gz
Started analysis of T1D_NS1_defined_mouse_inocula_S81_L001_R2_001.fastq.gz
Approx 5% complete for T1D_NS1_defined_mouse_inocula_S81_L001_R2_001.fastq.gz
Approx 10% complete for T1D_NS1_defined_mouse_inocula_S81_L001_R2_001.fastq.gz
Approx 15% complete for T1D_NS1_defined_mouse_inocula_S81_L001_R2_001.fastq.gz
Approx 20% complete for T1D_NS1_defined_mouse_inocula_S81_L001_R2_001.fastq.gz
Approx 25% complete for T1D_NS1_defined_mouse_inocula_S81_L001_R2_001.fastq.gz
Approx 30% complete for T1D_NS1_defined_mouse_inocula_S81_L001_R2_001.fastq.gz
Approx 35% complete for T1D_NS1_defined_mouse_inocula_S81_L001_R2_001.fastq.gz
Approx 40% complete for T1D_NS1_defined_mouse_inocula_S81_L001_R2_001.fastq.gz
Approx 45% complete for T1D_NS1_defined_mouse_inocula_S81_L001_R2_001.fastq.gz
Approx 50% complete for T1D_NS1_defined_mouse_inocula_S81_L001_R2_001.fastq.gz
Approx 55% complete for T1D_NS1_defined_mouse_inocula_S81_L001_R2_001.fastq.gz
Approx 60% complete for T1D_NS1_defined_mouse_inocula_S81_L001_R2_001.fastq.gz
Approx 65% complete for T1D_NS1_defined_mouse_inocula_S81_L001_R2_001.fastq.gz
Approx 70% complete for T1D_NS1_defined_mouse_inocula_S81_L001_R2_001.fastq.gz
Approx 75% complete for T1D_NS1_defined_mouse_inocula_S81_L001_R2_001.fastq.gz
Approx 80% complete for T1D_NS1_defined_mouse_inocula_S81_L001_R2_001.fastq.gz
Approx 85% complete for T1D_NS1_defined_mouse_inocula_S81_L001_R2_001.fastq.gz
Approx 90% complete for T1D_NS1_defined_mouse_inocula_S81_L001_R2_001.fastq.gz
Approx 95% complete for T1D_NS1_defined_mouse_inocula_S81_L001_R2_001.fastq.gz
[Thu Jun 26 00:17:21 2025]
Finished job 0.
1 of 1 steps (100%) done
