Building DAG of jobs...
Using shell: /usr/bin/bash
Provided cores: 1 (use --cores to define parallelism)
Rules claiming more threads will be scaled down.
Provided resources: mem_mb=1000, mem_mib=954, disk_mb=1000, disk_mib=954
Select jobs to execute...

[Thu Jun 26 00:25:42 2025]
rule fastqcFilt:
    input: plate1.1/cutadapt_qc/negative_control_S90_L001_R1_001.fastq.gz, plate1.1/cutadapt_qc/negative_control_S90_L001_R2_001.fastq.gz
    output: plate1.1/fastqc_filt/negative_control_S90_L001_R1_001_fastqc.html, plate1.1/fastqc_filt/negative_control_S90_L001_R2_001_fastqc.html
    jobid: 0
    reason: Forced execution
    wildcards: sample=negative_control_S90_L001
    resources: mem_mb=1000, mem_mib=954, disk_mb=1000, disk_mib=954, tmpdir=/home/daniel.castanedamogo/tmp, tempdir=plate1.1/fastqc_filt/tmp/

Activating conda environment: QC
Started analysis of negative_control_S90_L001_R1_001.fastq.gz
Approx 15% complete for negative_control_S90_L001_R1_001.fastq.gz
Approx 30% complete for negative_control_S90_L001_R1_001.fastq.gz
Approx 50% complete for negative_control_S90_L001_R1_001.fastq.gz
Approx 65% complete for negative_control_S90_L001_R1_001.fastq.gz
Approx 80% complete for negative_control_S90_L001_R1_001.fastq.gz
Approx 95% complete for negative_control_S90_L001_R1_001.fastq.gz
Started analysis of negative_control_S90_L001_R2_001.fastq.gz
Approx 15% complete for negative_control_S90_L001_R2_001.fastq.gz
Approx 30% complete for negative_control_S90_L001_R2_001.fastq.gz
Approx 45% complete for negative_control_S90_L001_R2_001.fastq.gz
Approx 65% complete for negative_control_S90_L001_R2_001.fastq.gz
Approx 80% complete for negative_control_S90_L001_R2_001.fastq.gz
Approx 95% complete for negative_control_S90_L001_R2_001.fastq.gz
[Thu Jun 26 00:26:14 2025]
Finished job 0.
1 of 1 steps (100%) done
