Processing: 1002R_0_M_NS6_week10_S69_L001 
Sample 1 - 93471 reads in 15176 unique sequences.
Sample 1 - 93471 reads in 31696 unique sequences.
Processing: 1002R_L_M_NS6_week10_S70_L001 
Sample 1 - 82465 reads in 14245 unique sequences.
Sample 1 - 82465 reads in 29926 unique sequences.
Processing: 1030R_0_M_NS1_week10_S77_L001 
Sample 1 - 78140 reads in 12156 unique sequences.
Sample 1 - 78140 reads in 30336 unique sequences.
Processing: 1030R_R_M_NS1_week10_S78_L001 
Sample 1 - 69430 reads in 11049 unique sequences.
Sample 1 - 69430 reads in 27355 unique sequences.
Processing: 1075R_0_M_NS6_week9_S72_L001 
Sample 1 - 83750 reads in 15217 unique sequences.
Sample 1 - 83750 reads in 30880 unique sequences.
Processing: 1136R_RL_F_S5_week10_S58_L001 
Sample 1 - 69396 reads in 10866 unique sequences.
Sample 1 - 69396 reads in 27469 unique sequences.
Processing: 1136R_R_F_S5_week10_S57_L001 
Sample 1 - 73216 reads in 11171 unique sequences.
Sample 1 - 73216 reads in 27837 unique sequences.
Processing: 1174R_0_M_S2_week9_S56_L001 
Sample 1 - 72695 reads in 11803 unique sequences.
Sample 1 - 72695 reads in 27574 unique sequences.
Processing: 160R_0_F_S2_week10_S49_L001 
Sample 1 - 79104 reads in 12179 unique sequences.
Sample 1 - 79104 reads in 29048 unique sequences.
Processing: 160R_L_F_S2_week10_S50_L001 
Sample 1 - 73355 reads in 11449 unique sequences.
Sample 1 - 73355 reads in 28508 unique sequences.
Processing: 184R_0_F_NS6_week10_S65_L001 
Sample 1 - 76979 reads in 13840 unique sequences.
Sample 1 - 76979 reads in 28951 unique sequences.
Processing: 184R_L_F_NS6_week10_S66_L001 
Sample 1 - 88094 reads in 14792 unique sequences.
Sample 1 - 88094 reads in 32097 unique sequences.
Processing: 2403R_L_F_NS6_week10_S67_L001 
Sample 1 - 92722 reads in 15299 unique sequences.
Sample 1 - 92722 reads in 32322 unique sequences.
Processing: 2446R_0_F_S2_week9_S55_L001 
Sample 1 - 81880 reads in 13156 unique sequences.
Sample 1 - 81880 reads in 29610 unique sequences.
Processing: 2472R_0_F_NS1_week10_S73_L001 
Sample 1 - 83662 reads in 12716 unique sequences.
Sample 1 - 83662 reads in 33150 unique sequences.
Processing: 2472R_R_F_NS1_week10_S74_L001 
Sample 1 - 76042 reads in 11856 unique sequences.
Sample 1 - 76042 reads in 30965 unique sequences.
Processing: 2506R_0_F_NS6_week10_S68_L001 
Sample 1 - 75015 reads in 13530 unique sequences.
Sample 1 - 75015 reads in 28099 unique sequences.
Processing: 2518R_L_M_S5_week10_S61_L001 
Sample 1 - 79588 reads in 11844 unique sequences.
Sample 1 - 79588 reads in 28964 unique sequences.
Processing: 2518R_R_M_S5_week10_S62_L001 
Sample 1 - 71767 reads in 10899 unique sequences.
Sample 1 - 71767 reads in 26867 unique sequences.
Processing: 3752R_0_F_S5_week10_S59_L001 
Sample 1 - 71696 reads in 10991 unique sequences.
Sample 1 - 71696 reads in 27596 unique sequences.
Processing: 3752R_L_F_S5_week10_S60_L001 
Sample 1 - 63949 reads in 10468 unique sequences.
Sample 1 - 63949 reads in 24942 unique sequences.
Processing: 3795R_R_F_S2_week10_S51_L001 
Sample 1 - 98012 reads in 15026 unique sequences.
Sample 1 - 98012 reads in 33461 unique sequences.
Processing: 3874R_0_F_NS1_week10_S75_L001 
Sample 1 - 76647 reads in 11793 unique sequences.
Sample 1 - 76647 reads in 30053 unique sequences.
Processing: 3874R_L_F_NS1_week10_S76_L001 
Sample 1 - 67745 reads in 11073 unique sequences.
Sample 1 - 67745 reads in 27165 unique sequences.
Processing: 3893R_RL_M_S5_week10_S64_L001 
Sample 1 - 66687 reads in 12182 unique sequences.
Sample 1 - 66687 reads in 27584 unique sequences.
Processing: 3893R_R_M_S5_week10_S63_L001 
Sample 1 - 77611 reads in 12416 unique sequences.
Sample 1 - 77611 reads in 28890 unique sequences.
Processing: 3894R_0_M_NS6_week10_S71_L001 
Sample 1 - 84903 reads in 15319 unique sequences.
Sample 1 - 84903 reads in 29663 unique sequences.
Processing: 3896R_0_M_S2_week10_S52_L001 
Sample 1 - 72537 reads in 11592 unique sequences.
Sample 1 - 72537 reads in 26748 unique sequences.
Processing: 3896R_L_M_S2_week10_S53_L001 
Sample 1 - 98633 reads in 14418 unique sequences.
Sample 1 - 98633 reads in 34040 unique sequences.
Processing: 3909R_R_M_S2_week10_S54_L001 
Sample 1 - 87197 reads in 13116 unique sequences.
Sample 1 - 87197 reads in 31245 unique sequences.
Processing: 3974R_0_M_NS1_week10_S79_L001 
Sample 1 - 78043 reads in 12505 unique sequences.
Sample 1 - 78043 reads in 30436 unique sequences.
Processing: 3974R_L_M_NS1_week10_S80_L001 
Sample 1 - 82516 reads in 12737 unique sequences.
Sample 1 - 82516 reads in 32839 unique sequences.
Processing: Positive_control_S89_L001 
Sample 1 - 97707 reads in 18637 unique sequences.
Sample 1 - 97707 reads in 37862 unique sequences.
Processing: T1D_NS1_defined_mouse_inocula_S81_L001 
Sample 1 - 78831 reads in 15816 unique sequences.
Sample 1 - 78831 reads in 33104 unique sequences.
Processing: T1D_NS6_defined_mouse_inocula_S82_L001 
Sample 1 - 74460 reads in 15936 unique sequences.
Sample 1 - 74460 reads in 33323 unique sequences.
Processing: T1D_S2_defined_mouse_inocula_S83_L001 
Sample 1 - 77804 reads in 15704 unique sequences.
Sample 1 - 77804 reads in 32252 unique sequences.
Processing: T1D_S5_defined_mouse_inocula_S84_L001 
Sample 1 - 67726 reads in 14180 unique sequences.
Sample 1 - 67726 reads in 29215 unique sequences.
Processing: negative_control_S90_L001 
Sample 1 - 3800 reads in 733 unique sequences.
Sample 1 - 3800 reads in 1965 unique sequences.
