115156711 total bases in 407256 reads from 5 samples will be used for learning the error rates.
108078923 total bases in 407256 reads from 5 samples will be used for learning the error rates.
 [1] "plate1.1/dada2/dada2_filter/1002R_0_M_NS6_week10_S69_L001_R1_001.fastq.gz"         
 [2] "plate1.1/dada2/dada2_filter/1002R_L_M_NS6_week10_S70_L001_R1_001.fastq.gz"         
 [3] "plate1.1/dada2/dada2_filter/1030R_0_M_NS1_week10_S77_L001_R1_001.fastq.gz"         
 [4] "plate1.1/dada2/dada2_filter/1030R_R_M_NS1_week10_S78_L001_R1_001.fastq.gz"         
 [5] "plate1.1/dada2/dada2_filter/1075R_0_M_NS6_week9_S72_L001_R1_001.fastq.gz"          
 [6] "plate1.1/dada2/dada2_filter/1136R_RL_F_S5_week10_S58_L001_R1_001.fastq.gz"         
 [7] "plate1.1/dada2/dada2_filter/1136R_R_F_S5_week10_S57_L001_R1_001.fastq.gz"          
 [8] "plate1.1/dada2/dada2_filter/1174R_0_M_S2_week9_S56_L001_R1_001.fastq.gz"           
 [9] "plate1.1/dada2/dada2_filter/160R_0_F_S2_week10_S49_L001_R1_001.fastq.gz"           
[10] "plate1.1/dada2/dada2_filter/160R_L_F_S2_week10_S50_L001_R1_001.fastq.gz"           
[11] "plate1.1/dada2/dada2_filter/184R_0_F_NS6_week10_S65_L001_R1_001.fastq.gz"          
[12] "plate1.1/dada2/dada2_filter/184R_L_F_NS6_week10_S66_L001_R1_001.fastq.gz"          
[13] "plate1.1/dada2/dada2_filter/2403R_L_F_NS6_week10_S67_L001_R1_001.fastq.gz"         
[14] "plate1.1/dada2/dada2_filter/2446R_0_F_S2_week9_S55_L001_R1_001.fastq.gz"           
[15] "plate1.1/dada2/dada2_filter/2472R_0_F_NS1_week10_S73_L001_R1_001.fastq.gz"         
[16] "plate1.1/dada2/dada2_filter/2472R_R_F_NS1_week10_S74_L001_R1_001.fastq.gz"         
[17] "plate1.1/dada2/dada2_filter/2506R_0_F_NS6_week10_S68_L001_R1_001.fastq.gz"         
[18] "plate1.1/dada2/dada2_filter/2518R_L_M_S5_week10_S61_L001_R1_001.fastq.gz"          
[19] "plate1.1/dada2/dada2_filter/2518R_R_M_S5_week10_S62_L001_R1_001.fastq.gz"          
[20] "plate1.1/dada2/dada2_filter/3752R_0_F_S5_week10_S59_L001_R1_001.fastq.gz"          
[21] "plate1.1/dada2/dada2_filter/3752R_L_F_S5_week10_S60_L001_R1_001.fastq.gz"          
[22] "plate1.1/dada2/dada2_filter/3795R_R_F_S2_week10_S51_L001_R1_001.fastq.gz"          
[23] "plate1.1/dada2/dada2_filter/3874R_0_F_NS1_week10_S75_L001_R1_001.fastq.gz"         
[24] "plate1.1/dada2/dada2_filter/3874R_L_F_NS1_week10_S76_L001_R1_001.fastq.gz"         
[25] "plate1.1/dada2/dada2_filter/3893R_RL_M_S5_week10_S64_L001_R1_001.fastq.gz"         
[26] "plate1.1/dada2/dada2_filter/3893R_R_M_S5_week10_S63_L001_R1_001.fastq.gz"          
[27] "plate1.1/dada2/dada2_filter/3894R_0_M_NS6_week10_S71_L001_R1_001.fastq.gz"         
[28] "plate1.1/dada2/dada2_filter/3896R_0_M_S2_week10_S52_L001_R1_001.fastq.gz"          
[29] "plate1.1/dada2/dada2_filter/3896R_L_M_S2_week10_S53_L001_R1_001.fastq.gz"          
[30] "plate1.1/dada2/dada2_filter/3909R_R_M_S2_week10_S54_L001_R1_001.fastq.gz"          
[31] "plate1.1/dada2/dada2_filter/3974R_0_M_NS1_week10_S79_L001_R1_001.fastq.gz"         
[32] "plate1.1/dada2/dada2_filter/3974R_L_M_NS1_week10_S80_L001_R1_001.fastq.gz"         
[33] "plate1.1/dada2/dada2_filter/Positive_control_S89_L001_R1_001.fastq.gz"             
[34] "plate1.1/dada2/dada2_filter/T1D_NS1_defined_mouse_inocula_S81_L001_R1_001.fastq.gz"
[35] "plate1.1/dada2/dada2_filter/T1D_NS6_defined_mouse_inocula_S82_L001_R1_001.fastq.gz"
[36] "plate1.1/dada2/dada2_filter/T1D_S2_defined_mouse_inocula_S83_L001_R1_001.fastq.gz" 
[37] "plate1.1/dada2/dada2_filter/T1D_S5_defined_mouse_inocula_S84_L001_R1_001.fastq.gz" 
[38] "plate1.1/dada2/dada2_filter/negative_control_S90_L001_R1_001.fastq.gz"             
 [1] "plate1.1/dada2/dada2_filter/1002R_0_M_NS6_week10_S69_L001_R2_001.fastq.gz"         
 [2] "plate1.1/dada2/dada2_filter/1002R_L_M_NS6_week10_S70_L001_R2_001.fastq.gz"         
 [3] "plate1.1/dada2/dada2_filter/1030R_0_M_NS1_week10_S77_L001_R2_001.fastq.gz"         
 [4] "plate1.1/dada2/dada2_filter/1030R_R_M_NS1_week10_S78_L001_R2_001.fastq.gz"         
 [5] "plate1.1/dada2/dada2_filter/1075R_0_M_NS6_week9_S72_L001_R2_001.fastq.gz"          
 [6] "plate1.1/dada2/dada2_filter/1136R_RL_F_S5_week10_S58_L001_R2_001.fastq.gz"         
 [7] "plate1.1/dada2/dada2_filter/1136R_R_F_S5_week10_S57_L001_R2_001.fastq.gz"          
 [8] "plate1.1/dada2/dada2_filter/1174R_0_M_S2_week9_S56_L001_R2_001.fastq.gz"           
 [9] "plate1.1/dada2/dada2_filter/160R_0_F_S2_week10_S49_L001_R2_001.fastq.gz"           
[10] "plate1.1/dada2/dada2_filter/160R_L_F_S2_week10_S50_L001_R2_001.fastq.gz"           
[11] "plate1.1/dada2/dada2_filter/184R_0_F_NS6_week10_S65_L001_R2_001.fastq.gz"          
[12] "plate1.1/dada2/dada2_filter/184R_L_F_NS6_week10_S66_L001_R2_001.fastq.gz"          
[13] "plate1.1/dada2/dada2_filter/2403R_L_F_NS6_week10_S67_L001_R2_001.fastq.gz"         
[14] "plate1.1/dada2/dada2_filter/2446R_0_F_S2_week9_S55_L001_R2_001.fastq.gz"           
[15] "plate1.1/dada2/dada2_filter/2472R_0_F_NS1_week10_S73_L001_R2_001.fastq.gz"         
[16] "plate1.1/dada2/dada2_filter/2472R_R_F_NS1_week10_S74_L001_R2_001.fastq.gz"         
[17] "plate1.1/dada2/dada2_filter/2506R_0_F_NS6_week10_S68_L001_R2_001.fastq.gz"         
[18] "plate1.1/dada2/dada2_filter/2518R_L_M_S5_week10_S61_L001_R2_001.fastq.gz"          
[19] "plate1.1/dada2/dada2_filter/2518R_R_M_S5_week10_S62_L001_R2_001.fastq.gz"          
[20] "plate1.1/dada2/dada2_filter/3752R_0_F_S5_week10_S59_L001_R2_001.fastq.gz"          
[21] "plate1.1/dada2/dada2_filter/3752R_L_F_S5_week10_S60_L001_R2_001.fastq.gz"          
[22] "plate1.1/dada2/dada2_filter/3795R_R_F_S2_week10_S51_L001_R2_001.fastq.gz"          
[23] "plate1.1/dada2/dada2_filter/3874R_0_F_NS1_week10_S75_L001_R2_001.fastq.gz"         
[24] "plate1.1/dada2/dada2_filter/3874R_L_F_NS1_week10_S76_L001_R2_001.fastq.gz"         
[25] "plate1.1/dada2/dada2_filter/3893R_RL_M_S5_week10_S64_L001_R2_001.fastq.gz"         
[26] "plate1.1/dada2/dada2_filter/3893R_R_M_S5_week10_S63_L001_R2_001.fastq.gz"          
[27] "plate1.1/dada2/dada2_filter/3894R_0_M_NS6_week10_S71_L001_R2_001.fastq.gz"         
[28] "plate1.1/dada2/dada2_filter/3896R_0_M_S2_week10_S52_L001_R2_001.fastq.gz"          
[29] "plate1.1/dada2/dada2_filter/3896R_L_M_S2_week10_S53_L001_R2_001.fastq.gz"          
[30] "plate1.1/dada2/dada2_filter/3909R_R_M_S2_week10_S54_L001_R2_001.fastq.gz"          
[31] "plate1.1/dada2/dada2_filter/3974R_0_M_NS1_week10_S79_L001_R2_001.fastq.gz"         
[32] "plate1.1/dada2/dada2_filter/3974R_L_M_NS1_week10_S80_L001_R2_001.fastq.gz"         
[33] "plate1.1/dada2/dada2_filter/Positive_control_S89_L001_R2_001.fastq.gz"             
[34] "plate1.1/dada2/dada2_filter/T1D_NS1_defined_mouse_inocula_S81_L001_R2_001.fastq.gz"
[35] "plate1.1/dada2/dada2_filter/T1D_NS6_defined_mouse_inocula_S82_L001_R2_001.fastq.gz"
[36] "plate1.1/dada2/dada2_filter/T1D_S2_defined_mouse_inocula_S83_L001_R2_001.fastq.gz" 
[37] "plate1.1/dada2/dada2_filter/T1D_S5_defined_mouse_inocula_S84_L001_R2_001.fastq.gz" 
[38] "plate1.1/dada2/dada2_filter/negative_control_S90_L001_R2_001.fastq.gz"             
