Building DAG of jobs...
Using shell: /usr/bin/bash
Provided cores: 1 (use --cores to define parallelism)
Rules claiming more threads will be scaled down.
Provided resources: mem_mb=1000, mem_mib=954, disk_mb=1000, disk_mib=954
Select jobs to execute...

[Thu Jun 26 00:29:16 2025]
rule multiqcFilt:
    input: plate1.1/fastqc_filt/1002R_0_M_NS6_week10_S69_L001_R1_001_fastqc.html, plate1.1/fastqc_filt/1002R_L_M_NS6_week10_S70_L001_R1_001_fastqc.html, plate1.1/fastqc_filt/1030R_0_M_NS1_week10_S77_L001_R1_001_fastqc.html, plate1.1/fastqc_filt/1030R_R_M_NS1_week10_S78_L001_R1_001_fastqc.html, plate1.1/fastqc_filt/1075R_0_M_NS6_week9_S72_L001_R1_001_fastqc.html, plate1.1/fastqc_filt/1136R_RL_F_S5_week10_S58_L001_R1_001_fastqc.html, plate1.1/fastqc_filt/1136R_R_F_S5_week10_S57_L001_R1_001_fastqc.html, plate1.1/fastqc_filt/1174R_0_M_S2_week9_S56_L001_R1_001_fastqc.html, plate1.1/fastqc_filt/160R_0_F_S2_week10_S49_L001_R1_001_fastqc.html, plate1.1/fastqc_filt/160R_L_F_S2_week10_S50_L001_R1_001_fastqc.html, plate1.1/fastqc_filt/184R_0_F_NS6_week10_S65_L001_R1_001_fastqc.html, plate1.1/fastqc_filt/184R_L_F_NS6_week10_S66_L001_R1_001_fastqc.html, plate1.1/fastqc_filt/2403R_L_F_NS6_week10_S67_L001_R1_001_fastqc.html, plate1.1/fastqc_filt/2446R_0_F_S2_week9_S55_L001_R1_001_fastqc.html, plate1.1/fastqc_filt/2472R_0_F_NS1_week10_S73_L001_R1_001_fastqc.html, plate1.1/fastqc_filt/2472R_R_F_NS1_week10_S74_L001_R1_001_fastqc.html, plate1.1/fastqc_filt/2506R_0_F_NS6_week10_S68_L001_R1_001_fastqc.html, plate1.1/fastqc_filt/2518R_L_M_S5_week10_S61_L001_R1_001_fastqc.html, plate1.1/fastqc_filt/2518R_R_M_S5_week10_S62_L001_R1_001_fastqc.html, plate1.1/fastqc_filt/3752R_0_F_S5_week10_S59_L001_R1_001_fastqc.html, plate1.1/fastqc_filt/3752R_L_F_S5_week10_S60_L001_R1_001_fastqc.html, plate1.1/fastqc_filt/3795R_R_F_S2_week10_S51_L001_R1_001_fastqc.html, plate1.1/fastqc_filt/3874R_0_F_NS1_week10_S75_L001_R1_001_fastqc.html, plate1.1/fastqc_filt/3874R_L_F_NS1_week10_S76_L001_R1_001_fastqc.html, plate1.1/fastqc_filt/3893R_RL_M_S5_week10_S64_L001_R1_001_fastqc.html, plate1.1/fastqc_filt/3893R_R_M_S5_week10_S63_L001_R1_001_fastqc.html, plate1.1/fastqc_filt/3894R_0_M_NS6_week10_S71_L001_R1_001_fastqc.html, plate1.1/fastqc_filt/3896R_0_M_S2_week10_S52_L001_R1_001_fastqc.html, plate1.1/fastqc_filt/3896R_L_M_S2_week10_S53_L001_R1_001_fastqc.html, plate1.1/fastqc_filt/3909R_R_M_S2_week10_S54_L001_R1_001_fastqc.html, plate1.1/fastqc_filt/3974R_0_M_NS1_week10_S79_L001_R1_001_fastqc.html, plate1.1/fastqc_filt/3974R_L_M_NS1_week10_S80_L001_R1_001_fastqc.html, plate1.1/fastqc_filt/Positive_control_S89_L001_R1_001_fastqc.html, plate1.1/fastqc_filt/T1D_NS1_defined_mouse_inocula_S81_L001_R1_001_fastqc.html, plate1.1/fastqc_filt/T1D_NS6_defined_mouse_inocula_S82_L001_R1_001_fastqc.html, plate1.1/fastqc_filt/T1D_S2_defined_mouse_inocula_S83_L001_R1_001_fastqc.html, plate1.1/fastqc_filt/T1D_S5_defined_mouse_inocula_S84_L001_R1_001_fastqc.html, plate1.1/fastqc_filt/negative_control_S90_L001_R1_001_fastqc.html, plate1.1/fastqc_filt/1002R_0_M_NS6_week10_S69_L001_R2_001_fastqc.html, plate1.1/fastqc_filt/1002R_L_M_NS6_week10_S70_L001_R2_001_fastqc.html, plate1.1/fastqc_filt/1030R_0_M_NS1_week10_S77_L001_R2_001_fastqc.html, plate1.1/fastqc_filt/1030R_R_M_NS1_week10_S78_L001_R2_001_fastqc.html, plate1.1/fastqc_filt/1075R_0_M_NS6_week9_S72_L001_R2_001_fastqc.html, plate1.1/fastqc_filt/1136R_RL_F_S5_week10_S58_L001_R2_001_fastqc.html, plate1.1/fastqc_filt/1136R_R_F_S5_week10_S57_L001_R2_001_fastqc.html, plate1.1/fastqc_filt/1174R_0_M_S2_week9_S56_L001_R2_001_fastqc.html, plate1.1/fastqc_filt/160R_0_F_S2_week10_S49_L001_R2_001_fastqc.html, plate1.1/fastqc_filt/160R_L_F_S2_week10_S50_L001_R2_001_fastqc.html, plate1.1/fastqc_filt/184R_0_F_NS6_week10_S65_L001_R2_001_fastqc.html, plate1.1/fastqc_filt/184R_L_F_NS6_week10_S66_L001_R2_001_fastqc.html, plate1.1/fastqc_filt/2403R_L_F_NS6_week10_S67_L001_R2_001_fastqc.html, plate1.1/fastqc_filt/2446R_0_F_S2_week9_S55_L001_R2_001_fastqc.html, plate1.1/fastqc_filt/2472R_0_F_NS1_week10_S73_L001_R2_001_fastqc.html, plate1.1/fastqc_filt/2472R_R_F_NS1_week10_S74_L001_R2_001_fastqc.html, plate1.1/fastqc_filt/2506R_0_F_NS6_week10_S68_L001_R2_001_fastqc.html, plate1.1/fastqc_filt/2518R_L_M_S5_week10_S61_L001_R2_001_fastqc.html, plate1.1/fastqc_filt/2518R_R_M_S5_week10_S62_L001_R2_001_fastqc.html, plate1.1/fastqc_filt/3752R_0_F_S5_week10_S59_L001_R2_001_fastqc.html, plate1.1/fastqc_filt/3752R_L_F_S5_week10_S60_L001_R2_001_fastqc.html, plate1.1/fastqc_filt/3795R_R_F_S2_week10_S51_L001_R2_001_fastqc.html, plate1.1/fastqc_filt/3874R_0_F_NS1_week10_S75_L001_R2_001_fastqc.html, plate1.1/fastqc_filt/3874R_L_F_NS1_week10_S76_L001_R2_001_fastqc.html, plate1.1/fastqc_filt/3893R_RL_M_S5_week10_S64_L001_R2_001_fastqc.html, plate1.1/fastqc_filt/3893R_R_M_S5_week10_S63_L001_R2_001_fastqc.html, plate1.1/fastqc_filt/3894R_0_M_NS6_week10_S71_L001_R2_001_fastqc.html, plate1.1/fastqc_filt/3896R_0_M_S2_week10_S52_L001_R2_001_fastqc.html, plate1.1/fastqc_filt/3896R_L_M_S2_week10_S53_L001_R2_001_fastqc.html, plate1.1/fastqc_filt/3909R_R_M_S2_week10_S54_L001_R2_001_fastqc.html, plate1.1/fastqc_filt/3974R_0_M_NS1_week10_S79_L001_R2_001_fastqc.html, plate1.1/fastqc_filt/3974R_L_M_NS1_week10_S80_L001_R2_001_fastqc.html, plate1.1/fastqc_filt/Positive_control_S89_L001_R2_001_fastqc.html, plate1.1/fastqc_filt/T1D_NS1_defined_mouse_inocula_S81_L001_R2_001_fastqc.html, plate1.1/fastqc_filt/T1D_NS6_defined_mouse_inocula_S82_L001_R2_001_fastqc.html, plate1.1/fastqc_filt/T1D_S2_defined_mouse_inocula_S83_L001_R2_001_fastqc.html, plate1.1/fastqc_filt/T1D_S5_defined_mouse_inocula_S84_L001_R2_001_fastqc.html, plate1.1/fastqc_filt/negative_control_S90_L001_R2_001_fastqc.html
    output: plate1.1/multiqc_filt/multiqc_report_filtered.html
    jobid: 0
    reason: Forced execution
    resources: mem_mb=1000, mem_mib=954, disk_mb=1000, disk_mib=954, tmpdir=/home/daniel.castanedamogo/tmp

Activating conda environment: QC

/// MultiQC 🔍 v1.27

     version_check | MultiQC Version v1.29 now available!
       file_search | Search path: /bulk/sycuro_bulk/daniel/diabetes/UC_UT_collaboration/FemMicro16S_Daniel/blackbox_testing/FemMicro16S_plate1/plate1.1/fastqc_filt

            fastqc | Found 76 reports

     write_results | Data        : plate1.1/multiqc_filt/multiqc_report_filtered_data
     write_results | Report      : plate1.1/multiqc_filt/multiqc_report_filtered.html
           multiqc | MultiQC complete
[Thu Jun 26 00:29:47 2025]
Finished job 0.
1 of 1 steps (100%) done
