Building DAG of jobs...
Using shell: /usr/bin/bash
Provided cores: 1 (use --cores to define parallelism)
Rules claiming more threads will be scaled down.
Provided resources: mem_mb=1000, mem_mib=954, disk_mb=1000, disk_mib=954
Select jobs to execute...

[Thu Jun 26 01:21:56 2025]
rule qc_report:
    input: plate1.1/dada2/Nreads.tsv, plate1.1/figures/length_distribution/Sequence_Length_distribution.png, plate1.1/figures/quality/afterdada2FilterQualityPlots_R1_001.png, plate1.1/figures/quality/afterdada2FilterQualityPlots_R2_001.png, plate1.1/figures/quality/rawFilterQualityPlots_R1_001.png, plate1.1/figures/quality/rawFilterQualityPlots_R2_001.png, plate1.1/figures/quality/afterQCQualityPlots_R1_001.png, plate1.1/figures/quality/afterQCQualityPlots_R2_001.png, plate1.1/vsearch/GTDB/All_results_GTDB.tsv, plate1.1/vsearch/GTDB/no_hits_GTDB.fasta, plate1.1/vsearch/Final_uncollapsed_output.tsv, plate1.1/vsearch/Final_colapsed_output.tsv, plate1.1/taxonomy/vsearch_tables/Vsearch_output.tsv, plate1.1/taxonomy/final_merged_tables/vsearch_dada2_merged.tsv, plate1.1/taxonomy/dada2_tables/dada2_all_databases_merged.csv
    output: plate1.1/QC_html_report/qc_report.html
    jobid: 0
    reason: Forced execution
    resources: mem_mb=1000, mem_mib=954, disk_mb=1000, disk_mib=954, tmpdir=/home/daniel.castanedamogo/tmp

Activating conda environment: rmd
Error in `file()`:
! cannot open the connection
Backtrace:
    ▆
 1. ├─base::data.frame(...)
 2. └─utils::read.csv(file = snakemake@params[["seqtab"]], row.names = 1)
 3.   └─utils::read.table(...)
 4.     └─base::file(file, "rt")

Quitting from lines 668-787 [unnamed-chunk-6] (tmpkyqybma4.qc_report.Rmd)
Execution halted
Not cleaning up /bulk/sycuro_bulk/daniel/diabetes/UC_UT_collaboration/FemMicro16S_Daniel/blackbox_testing/FemMicro16S_plate1/.snakemake/scripts/tmpkyqybma4.qc_report.Rmd
[Thu Jun 26 01:25:28 2025]
Error in rule qc_report:
    jobid: 0
    input: plate1.1/dada2/Nreads.tsv, plate1.1/figures/length_distribution/Sequence_Length_distribution.png, plate1.1/figures/quality/afterdada2FilterQualityPlots_R1_001.png, plate1.1/figures/quality/afterdada2FilterQualityPlots_R2_001.png, plate1.1/figures/quality/rawFilterQualityPlots_R1_001.png, plate1.1/figures/quality/rawFilterQualityPlots_R2_001.png, plate1.1/figures/quality/afterQCQualityPlots_R1_001.png, plate1.1/figures/quality/afterQCQualityPlots_R2_001.png, plate1.1/vsearch/GTDB/All_results_GTDB.tsv, plate1.1/vsearch/GTDB/no_hits_GTDB.fasta, plate1.1/vsearch/Final_uncollapsed_output.tsv, plate1.1/vsearch/Final_colapsed_output.tsv, plate1.1/taxonomy/vsearch_tables/Vsearch_output.tsv, plate1.1/taxonomy/final_merged_tables/vsearch_dada2_merged.tsv, plate1.1/taxonomy/dada2_tables/dada2_all_databases_merged.csv
    output: plate1.1/QC_html_report/qc_report.html
    conda-env: rmd

RuleException:
CalledProcessError in file /bulk/sycuro_bulk/daniel/diabetes/UC_UT_collaboration/FemMicro16S_Daniel/blackbox_testing/FemMicro16S_plate1/utils/rules/qc_report.smk, line 26:
Command 'source /home/daniel.castanedamogo/anaconda3/bin/activate 'rmd'; set -euo pipefail;  Rscript --vanilla -e 'rmarkdown::render("/bulk/sycuro_bulk/daniel/diabetes/UC_UT_collaboration/FemMicro16S_Daniel/blackbox_testing/FemMicro16S_plate1/.snakemake/scripts/tmpkyqybma4.qc_report.Rmd", output_file="/bulk/sycuro_bulk/daniel/diabetes/UC_UT_collaboration/FemMicro16S_Daniel/blackbox_testing/FemMicro16S_plate1/plate1.1/QC_html_report/qc_report.html", quiet=TRUE, knit_root_dir = "/bulk/sycuro_bulk/daniel/diabetes/UC_UT_collaboration/FemMicro16S_Daniel/blackbox_testing/FemMicro16S_plate1", params = list(rmd="/bulk/sycuro_bulk/daniel/diabetes/UC_UT_collaboration/FemMicro16S_Daniel/blackbox_testing/FemMicro16S_plate1/.snakemake/scripts/tmpkyqybma4.qc_report.Rmd"))'' returned non-zero exit status 1.
  File "/bulk/sycuro_bulk/daniel/diabetes/UC_UT_collaboration/FemMicro16S_Daniel/blackbox_testing/FemMicro16S_plate1/utils/rules/qc_report.smk", line 26, in __rule_qc_report
  File "/home/daniel.castanedamogo/anaconda3/envs/snakemake/lib/python3.9/concurrent/futures/thread.py", line 58, in run
Shutting down, this might take some time.
Exiting because a job execution failed. Look above for error message
