Building DAG of jobs...
Using shell: /usr/bin/bash
Provided cores: 1 (use --cores to define parallelism)
Rules claiming more threads will be scaled down.
Provided resources: mem_mb=1000, mem_mib=954, disk_mb=1000, disk_mib=954
Select jobs to execute...

[Thu Jun 26 00:17:26 2025]
rule rawReadCount:
    input: /bulk/sycuro_bulk/daniel/diabetes/UC_UT_collaboration/GF_Mouse_Fecal_Pellet_FASTQ_Files/plate1/fastq
    output: plate1.1/dada2/rawReadCount.txt
    jobid: 0
    reason: Forced execution
    resources: mem_mb=1000, mem_mib=954, disk_mb=1000, disk_mib=954, tmpdir=/home/daniel.castanedamogo/tmp

Activating conda environment: QC
processed files:  0 / 76 [-----] ETA: 0s
[1A[Jprocessed files:  0 / 76 [-----] ETA: 0s
[1A[Jprocessed files:  0 / 76 [-----] ETA: 0s
[1A[Jprocessed files:  0 / 76 [-----] ETA: 0s
[1A[Jprocessed files:  0 / 76 [-----] ETA: 0s
[1A[Jprocessed files:  0 / 76 [-----] ETA: 0s
[1A[Jprocessed files:  0 / 76 [-----] ETA: 0s
[1A[Jprocessed files:  0 / 76 [-----] ETA: 0s
[1A[Jprocessed files:  0 / 76 [-----] ETA: 0s
[1A[Jprocessed files:  0 / 76 [-----] ETA: 0s
[1A[Jprocessed files:  0 / 76 [-----] ETA: 0s
[1A[Jprocessed files:  0 / 76 [-----] ETA: 0s
[1A[Jprocessed files:  0 / 76 [-----] ETA: 0s
[1A[Jprocessed files:  0 / 76 [-----] ETA: 0s
[1A[Jprocessed files:  0 / 76 [-----] ETA: 0s
[1A[Jprocessed files:  0 / 76 [-----] ETA: 0s
[1A[Jprocessed files:  0 / 76 [-----] ETA: 0s
[1A[Jprocessed files:  0 / 76 [-----] ETA: 0s
[1A[Jprocessed files:  0 / 76 [-----] ETA: 0s
[1A[Jprocessed files:  1 / 76 [-----] ETA: 0s
[1A[Jprocessed files:  1 / 76 [-----] ETA: 0s
[1A[Jprocessed files:  1 / 76 [-----] ETA: 0s
[1A[Jprocessed files:  1 / 76 [-----] ETA: 0s
[1A[Jprocessed files:  1 / 76 [-----] ETA: 0s
[1A[Jprocessed files:  1 / 76 [-----] ETA: 0s
[1A[Jprocessed files:  1 / 76 [-----] ETA: 0s
[1A[Jprocessed files:  1 / 76 [-----] ETA: 0s
[1A[Jprocessed files:  1 / 76 [-----] ETA: 0s
[1A[Jprocessed files:  1 / 76 [-----] ETA: 0s
[1A[Jprocessed files:  1 / 76 [-----] ETA: 0s
[1A[Jprocessed files:  1 / 76 [-----] ETA: 0s
[1A[Jprocessed files:  1 / 76 [-----] ETA: 0s
[1A[Jprocessed files:  1 / 76 [-----] ETA: 0s
[1A[Jprocessed files:  1 / 76 [-----] ETA: 0s
[1A[Jprocessed files:  1 / 76 [-----] ETA: 0s
[1A[Jprocessed files:  1 / 76 [-----] ETA: 0s
[1A[Jprocessed files:  1 / 76 [-----] ETA: 0s
[1A[Jprocessed files:  1 / 76 [-----] ETA: 0s
[1A[Jprocessed files:  1 / 76 [-----] ETA: 0s
[1A[Jprocessed files:  1 / 76 [-----] ETA: 0s
[1A[Jprocessed files:  1 / 76 [-----] ETA: 0s
[1A[Jprocessed files:  2 / 76 [-----] ETA: 0s
[1A[Jprocessed files:  2 / 76 [-----] ETA: 0s
[1A[Jprocessed files:  2 / 76 [-----] ETA: 0s
[1A[Jprocessed files:  2 / 76 [-----] ETA: 0s
[1A[Jprocessed files:  2 / 76 [-----] ETA: 0s
[1A[Jprocessed files:  2 / 76 [-----] ETA: 0s
[1A[Jprocessed files:  2 / 76 [-----] ETA: 0s
[1A[Jprocessed files:  2 / 76 [-----] ETA: 0s
[1A[Jprocessed files:  2 / 76 [-----] ETA: 0s
[1A[Jprocessed files:  2 / 76 [-----] ETA: 0s
[1A[Jprocessed files:  2 / 76 [-----] ETA: 0s
[1A[Jprocessed files:  2 / 76 [-----] ETA: 0s
[1A[Jprocessed files:  2 / 76 [-----] ETA: 0s
[1A[Jprocessed files:  2 / 76 [-----] ETA: 0s
[1A[Jprocessed files:  2 / 76 [-----] ETA: 0s
[1A[Jprocessed files:  2 / 76 [-----] ETA: 0s
[1A[Jprocessed files:  2 / 76 [-----] ETA: 0s
[1A[Jprocessed files:  3 / 76 [-----] ETA: 0s
[1A[Jprocessed files:  3 / 76 [-----] ETA: 0s
[1A[Jprocessed files:  3 / 76 [-----] ETA: 0s
[1A[Jprocessed files:  3 / 76 [-----] ETA: 0s
[1A[Jprocessed files:  3 / 76 [-----] ETA: 0s
[1A[Jprocessed files:  3 / 76 [-----] ETA: 0s
[1A[Jprocessed files:  3 / 76 [-----] ETA: 0s
[1A[Jprocessed files:  3 / 76 [-----] ETA: 0s
[1A[Jprocessed files:  3 / 76 [-----] ETA: 0s
[1A[Jprocessed files:  3 / 76 [-----] ETA: 0s
[1A[Jprocessed files:  3 / 76 [-----] ETA: 0s
[1A[Jprocessed files:  3 / 76 [-----] ETA: 0s
[1A[Jprocessed files:  3 / 76 [-----] ETA: 0s
[1A[Jprocessed files:  3 / 76 [-----] ETA: 0s
[1A[Jprocessed files:  3 / 76 [-----] ETA: 0s
[1A[Jprocessed files:  3 / 76 [-----] ETA: 0s
[1A[Jprocessed files:  3 / 76 [-----] ETA: 0s
[1A[Jprocessed files:  3 / 76 [-----] ETA: 0s
[1A[Jprocessed files:  3 / 76 [-----] ETA: 0s
[1A[Jprocessed files:  4 / 76 [-----] ETA: 0s
[1A[Jprocessed files:  4 / 76 [-----] ETA: 0s
[1A[Jprocessed files:  4 / 76 [-----] ETA: 0s
[1A[Jprocessed files:  4 / 76 [-----] ETA: 0s
[1A[Jprocessed files:  4 / 76 [-----] ETA: 0s
[1A[Jprocessed files:  4 / 76 [-----] ETA: 0s
[1A[Jprocessed files:  4 / 76 [-----] ETA: 0s
[1A[Jprocessed files:  4 / 76 [-----] ETA: 0s
[1A[Jprocessed files:  4 / 76 [-----] ETA: 0s
[1A[Jprocessed files:  4 / 76 [-----] ETA: 0s
[1A[Jprocessed files:  4 / 76 [-----] ETA: 0s
[1A[Jprocessed files:  4 / 76 [-----] ETA: 0s
[1A[Jprocessed files:  4 / 76 [-----] ETA: 0s
[1A[Jprocessed files:  4 / 76 [-----] ETA: 0s
[1A[Jprocessed files:  4 / 76 [-----] ETA: 0s
[1A[Jprocessed files:  4 / 76 [-----] ETA: 0s
[1A[Jprocessed files:  4 / 76 [-----] ETA: 0s
[1A[Jprocessed files:  5 / 76 [-----] ETA: 0s
[1A[Jprocessed files:  5 / 76 [-----] ETA: 0s
[1A[Jprocessed files:  5 / 76 [-----] ETA: 0s
[1A[Jprocessed files:  5 / 76 [-----] ETA: 0s
[1A[Jprocessed files:  5 / 76 [-----] ETA: 0s
[1A[Jprocessed files:  5 / 76 [-----] ETA: 0s
[1A[Jprocessed files:  5 / 76 [-----] ETA: 0s
[1A[Jprocessed files:  5 / 76 [-----] ETA: 0s
[1A[Jprocessed files:  5 / 76 [-----] ETA: 0s
[1A[Jprocessed files:  5 / 76 [-----] ETA: 0s
[1A[Jprocessed files:  5 / 76 [-----] ETA: 0s
[1A[Jprocessed files:  5 / 76 [-----] ETA: 0s
[1A[Jprocessed files:  5 / 76 [-----] ETA: 0s
[1A[Jprocessed files:  5 / 76 [-----] ETA: 0s
[1A[Jprocessed files:  5 / 76 [-----] ETA: 0s
[1A[Jprocessed files:  5 / 76 [-----] ETA: 0s
[1A[Jprocessed files:  5 / 76 [-----] ETA: 0s
[1A[Jprocessed files:  5 / 76 [-----] ETA: 0s
[1A[Jprocessed files:  5 / 76 [-----] ETA: 0s
[1A[Jprocessed files:  6 / 76 [-----] ETA: 0s
[1A[Jprocessed files:  6 / 76 [-----] ETA: 0s
[1A[Jprocessed files:  6 / 76 [-----] ETA: 0s
[1A[Jprocessed files:  6 / 76 [-----] ETA: 0s
[1A[Jprocessed files:  6 / 76 [-----] ETA: 0s
[1A[Jprocessed files:  6 / 76 [-----] ETA: 0s
[1A[Jprocessed files:  6 / 76 [-----] ETA: 0s
[1A[Jprocessed files:  6 / 76 [-----] ETA: 0s
[1A[Jprocessed files:  6 / 76 [-----] ETA: 0s
[1A[Jprocessed files:  6 / 76 [-----] ETA: 0s
[1A[Jprocessed files:  6 / 76 [-----] ETA: 0s
[1A[Jprocessed files:  6 / 76 [-----] ETA: 0s
[1A[Jprocessed files:  6 / 76 [-----] ETA: 0s
[1A[Jprocessed files:  6 / 76 [-----] ETA: 0s
[1A[Jprocessed files:  6 / 76 [-----] ETA: 0s
[1A[Jprocessed files:  7 / 76 [-----] ETA: 0s
[1A[Jprocessed files:  7 / 76 [-----] ETA: 0s
[1A[Jprocessed files:  7 / 76 [-----] ETA: 0s
[1A[Jprocessed files:  7 / 76 [-----] ETA: 0s
[1A[Jprocessed files:  7 / 76 [-----] ETA: 0s
[1A[Jprocessed files:  7 / 76 [-----] ETA: 0s
[1A[Jprocessed files:  7 / 76 [-----] ETA: 0s
[1A[Jprocessed files:  7 / 76 [-----] ETA: 0s
[1A[Jprocessed files:  7 / 76 [-----] ETA: 0s
[1A[Jprocessed files:  7 / 76 [-----] ETA: 0s
[1A[Jprocessed files:  7 / 76 [-----] ETA: 0s
[1A[Jprocessed files:  7 / 76 [-----] ETA: 0s
[1A[Jprocessed files:  7 / 76 [-----] ETA: 0s
[1A[Jprocessed files:  7 / 76 [-----] ETA: 0s
[1A[Jprocessed files:  7 / 76 [-----] ETA: 0s
[1A[Jprocessed files:  7 / 76 [-----] ETA: 0s
[1A[Jprocessed files:  7 / 76 [-----] ETA: 0s
[1A[Jprocessed files:  8 / 76 [>----] ETA: 0s
[1A[Jprocessed files:  8 / 76 [>----] ETA: 0s
[1A[Jprocessed files:  8 / 76 [>----] ETA: 0s
[1A[Jprocessed files:  8 / 76 [>----] ETA: 0s
[1A[Jprocessed files:  8 / 76 [>----] ETA: 0s
[1A[Jprocessed files:  8 / 76 [>----] ETA: 0s
[1A[Jprocessed files:  8 / 76 [>----] ETA: 0s
[1A[Jprocessed files:  8 / 76 [>----] ETA: 0s
[1A[Jprocessed files:  8 / 76 [>----] ETA: 0s
[1A[Jprocessed files:  8 / 76 [>----] ETA: 0s
[1A[Jprocessed files:  8 / 76 [>----] ETA: 0s
[1A[Jprocessed files:  8 / 76 [>----] ETA: 0s
[1A[Jprocessed files:  8 / 76 [>----] ETA: 0s
[1A[Jprocessed files:  8 / 76 [>----] ETA: 0s
[1A[Jprocessed files:  8 / 76 [>----] ETA: 0s
[1A[Jprocessed files:  8 / 76 [>----] ETA: 0s
[1A[Jprocessed files:  8 / 76 [>----] ETA: 0s
[1A[Jprocessed files:  9 / 76 [>----] ETA: 0s
[1A[Jprocessed files:  9 / 76 [>----] ETA: 0s
[1A[Jprocessed files:  9 / 76 [>----] ETA: 0s
[1A[Jprocessed files:  9 / 76 [>----] ETA: 0s
[1A[Jprocessed files:  9 / 76 [>----] ETA: 0s
[1A[Jprocessed files:  9 / 76 [>----] ETA: 0s
[1A[Jprocessed files:  9 / 76 [>----] ETA: 0s
[1A[Jprocessed files:  9 / 76 [>----] ETA: 0s
[1A[Jprocessed files:  9 / 76 [>----] ETA: 0s
[1A[Jprocessed files:  9 / 76 [>----] ETA: 0s
[1A[Jprocessed files:  9 / 76 [>----] ETA: 0s
[1A[Jprocessed files:  9 / 76 [>----] ETA: 0s
[1A[Jprocessed files:  9 / 76 [>----] ETA: 0s
[1A[Jprocessed files:  9 / 76 [>----] ETA: 0s
[1A[Jprocessed files:  9 / 76 [>----] ETA: 0s
[1A[Jprocessed files:  9 / 76 [>----] ETA: 0s
[1A[Jprocessed files:  9 / 76 [>----] ETA: 0s
[1A[Jprocessed files:  9 / 76 [>----] ETA: 0s
[1A[Jprocessed files:  9 / 76 [>----] ETA: 0s
[1A[Jprocessed files:  10 / 76 [>---] ETA: 0s
[1A[Jprocessed files:  10 / 76 [>---] ETA: 0s
[1A[Jprocessed files:  10 / 76 [>---] ETA: 0s
[1A[Jprocessed files:  10 / 76 [>---] ETA: 0s
[1A[Jprocessed files:  10 / 76 [>---] ETA: 0s
[1A[Jprocessed files:  10 / 76 [>---] ETA: 0s
[1A[Jprocessed files:  10 / 76 [>---] ETA: 0s
[1A[Jprocessed files:  10 / 76 [>---] ETA: 0s
[1A[Jprocessed files:  10 / 76 [>---] ETA: 0s
[1A[Jprocessed files:  10 / 76 [>---] ETA: 0s
[1A[Jprocessed files:  10 / 76 [>---] ETA: 0s
[1A[Jprocessed files:  10 / 76 [>---] ETA: 0s
[1A[Jprocessed files:  10 / 76 [>---] ETA: 0s
[1A[Jprocessed files:  10 / 76 [>---] ETA: 0s
[1A[Jprocessed files:  10 / 76 [>---] ETA: 0s
[1A[Jprocessed files:  10 / 76 [>---] ETA: 0s
[1A[Jprocessed files:  11 / 76 [-] ETA: 2m15s
[1A[Jprocessed files:  11 / 76 [-] ETA: 2m15s
[1A[Jprocessed files:  11 / 76 [-] ETA: 2m15s
[1A[Jprocessed files:  11 / 76 [-] ETA: 2m15s
[1A[Jprocessed files:  11 / 76 [-] ETA: 2m15s
[1A[Jprocessed files:  11 / 76 [-] ETA: 2m15s
[1A[Jprocessed files:  11 / 76 [-] ETA: 2m15s
[1A[Jprocessed files:  11 / 76 [-] ETA: 2m15s
[1A[Jprocessed files:  11 / 76 [-] ETA: 2m15s
[1A[Jprocessed files:  11 / 76 [-] ETA: 2m15s
[1A[Jprocessed files:  11 / 76 [-] ETA: 2m15s
[1A[Jprocessed files:  11 / 76 [-] ETA: 2m15s
[1A[Jprocessed files:  11 / 76 [-] ETA: 2m15s
[1A[Jprocessed files:  11 / 76 [-] ETA: 2m15s
[1A[Jprocessed files:  11 / 76 [-] ETA: 2m15s
[1A[Jprocessed files:  11 / 76 [-] ETA: 2m15s
[1A[Jprocessed files:  11 / 76 [-] ETA: 2m15s
[1A[Jprocessed files:  11 / 76 [-] ETA: 2m15s
[1A[Jprocessed files:  11 / 76 [-] ETA: 2m15s
[1A[Jprocessed files:  11 / 76 [-] ETA: 2m15s
[1A[Jprocessed files:  11 / 76 [-] ETA: 2m15s
[1A[Jprocessed files:  11 / 76 [-] ETA: 2m15s
[1A[Jprocessed files:  11 / 76 [-] ETA: 2m15s
[1A[Jprocessed files:  11 / 76 [-] ETA: 2m15s
[1A[Jprocessed files:  11 / 76 [-] ETA: 2m15s
[1A[Jprocessed files:  11 / 76 [-] ETA: 2m15s
[1A[Jprocessed files:  11 / 76 [-] ETA: 2m15s
[1A[Jprocessed files:  11 / 76 [-] ETA: 2m15s
[1A[Jprocessed files:  11 / 76 [-] ETA: 2m15s
[1A[Jprocessed files:  11 / 76 [-] ETA: 2m15s
[1A[Jprocessed files:  11 / 76 [-] ETA: 2m15s
[1A[Jprocessed files:  11 / 76 [-] ETA: 2m15s
[1A[Jprocessed files:  11 / 76 [-] ETA: 2m15s
[1A[Jprocessed files:  11 / 76 [-] ETA: 2m15s
[1A[Jprocessed files:  11 / 76 [-] ETA: 2m15s
[1A[Jprocessed files:  11 / 76 [-] ETA: 2m15s
[1A[Jprocessed files:  11 / 76 [-] ETA: 2m15s
[1A[Jprocessed files:  11 / 76 [-] ETA: 2m15s
[1A[Jprocessed files:  11 / 76 [-] ETA: 2m15s
[1A[Jprocessed files:  11 / 76 [-] ETA: 2m15s
[1A[Jprocessed files:  11 / 76 [-] ETA: 2m15s
[1A[Jprocessed files:  11 / 76 [-] ETA: 2m15s
[1A[Jprocessed files:  11 / 76 [-] ETA: 2m15s
[1A[Jprocessed files:  11 / 76 [-] ETA: 2m15s
[1A[Jprocessed files:  11 / 76 [-] ETA: 2m15s
[1A[Jprocessed files:  11 / 76 [-] ETA: 2m15s
[1A[Jprocessed files:  11 / 76 [-] ETA: 2m15s
[1A[Jprocessed files:  11 / 76 [-] ETA: 2m15s
[1A[Jprocessed files:  11 / 76 [-] ETA: 2m15s
[1A[Jprocessed files:  11 / 76 [-] ETA: 2m15s
[1A[Jprocessed files:  11 / 76 [-] ETA: 2m15s
[1A[Jprocessed files:  11 / 76 [-] ETA: 2m15s
[1A[Jprocessed files:  11 / 76 [-] ETA: 2m15s
[1A[Jprocessed files:  11 / 76 [-] ETA: 2m15s
[1A[Jprocessed files:  11 / 76 [-] ETA: 2m15s
[1A[Jprocessed files:  11 / 76 [-] ETA: 2m15s
[1A[Jprocessed files:  11 / 76 [-] ETA: 2m15s
[1A[Jprocessed files:  11 / 76 [-] ETA: 2m15s
[1A[Jprocessed files:  11 / 76 [-] ETA: 2m15s
[1A[Jprocessed files:  11 / 76 [-] ETA: 2m15s
[1A[Jprocessed files:  11 / 76 [-] ETA: 2m15s
[1A[Jprocessed files:  12 / 76 [--] ETA: 4m6s
[1A[Jprocessed files:  12 / 76 [--] ETA: 4m6s
[1A[Jprocessed files:  12 / 76 [--] ETA: 4m6s
[1A[Jprocessed files:  12 / 76 [--] ETA: 4m6s
[1A[Jprocessed files:  12 / 76 [--] ETA: 4m6s
[1A[Jprocessed files:  12 / 76 [--] ETA: 4m6s
[1A[Jprocessed files:  12 / 76 [--] ETA: 4m6s
[1A[Jprocessed files:  12 / 76 [--] ETA: 4m6s
[1A[Jprocessed files:  12 / 76 [--] ETA: 4m6s
[1A[Jprocessed files:  12 / 76 [--] ETA: 4m6s
[1A[Jprocessed files:  12 / 76 [--] ETA: 4m6s
[1A[Jprocessed files:  12 / 76 [--] ETA: 4m6s
[1A[Jprocessed files:  12 / 76 [--] ETA: 4m6s
[1A[Jprocessed files:  12 / 76 [--] ETA: 4m6s
[1A[Jprocessed files:  12 / 76 [--] ETA: 4m6s
[1A[Jprocessed files:  12 / 76 [--] ETA: 4m6s
[1A[Jprocessed files:  12 / 76 [--] ETA: 4m6s
[1A[Jprocessed files:  13 / 76 [-] ETA: 3m25s
[1A[Jprocessed files:  13 / 76 [-] ETA: 3m25s
[1A[Jprocessed files:  13 / 76 [-] ETA: 3m25s
[1A[Jprocessed files:  13 / 76 [-] ETA: 3m25s
[1A[Jprocessed files:  13 / 76 [-] ETA: 3m25s
[1A[Jprocessed files:  13 / 76 [-] ETA: 3m25s
[1A[Jprocessed files:  13 / 76 [-] ETA: 3m25s
[1A[Jprocessed files:  13 / 76 [-] ETA: 3m25s
[1A[Jprocessed files:  13 / 76 [-] ETA: 3m25s
[1A[Jprocessed files:  13 / 76 [-] ETA: 3m25s
[1A[Jprocessed files:  13 / 76 [-] ETA: 3m25s
[1A[Jprocessed files:  13 / 76 [-] ETA: 3m25s
[1A[Jprocessed files:  13 / 76 [-] ETA: 3m25s
[1A[Jprocessed files:  13 / 76 [-] ETA: 3m25s
[1A[Jprocessed files:  13 / 76 [-] ETA: 3m25s
[1A[Jprocessed files:  13 / 76 [-] ETA: 3m25s
[1A[Jprocessed files:  13 / 76 [-] ETA: 3m25s
[1A[Jprocessed files:  13 / 76 [-] ETA: 3m25s
[1A[Jprocessed files:  14 / 76 [-] ETA: 2m59s
[1A[Jprocessed files:  14 / 76 [-] ETA: 2m59s
[1A[Jprocessed files:  14 / 76 [-] ETA: 2m59s
[1A[Jprocessed files:  14 / 76 [-] ETA: 2m59s
[1A[Jprocessed files:  14 / 76 [-] ETA: 2m59s
[1A[Jprocessed files:  14 / 76 [-] ETA: 2m59s
[1A[Jprocessed files:  14 / 76 [-] ETA: 2m59s
[1A[Jprocessed files:  14 / 76 [-] ETA: 2m59s
[1A[Jprocessed files:  14 / 76 [-] ETA: 2m59s
[1A[Jprocessed files:  14 / 76 [-] ETA: 2m59s
[1A[Jprocessed files:  14 / 76 [-] ETA: 2m59s
[1A[Jprocessed files:  14 / 76 [-] ETA: 2m59s
[1A[Jprocessed files:  14 / 76 [-] ETA: 2m59s
[1A[Jprocessed files:  14 / 76 [-] ETA: 2m59s
[1A[Jprocessed files:  14 / 76 [-] ETA: 2m59s
[1A[Jprocessed files:  14 / 76 [-] ETA: 2m59s
[1A[Jprocessed files:  15 / 76 [-] ETA: 2m36s
[1A[Jprocessed files:  15 / 76 [-] ETA: 2m36s
[1A[Jprocessed files:  15 / 76 [-] ETA: 2m36s
[1A[Jprocessed files:  15 / 76 [-] ETA: 2m36s
[1A[Jprocessed files:  15 / 76 [-] ETA: 2m36s
[1A[Jprocessed files:  15 / 76 [-] ETA: 2m36s
[1A[Jprocessed files:  15 / 76 [-] ETA: 2m36s
[1A[Jprocessed files:  15 / 76 [-] ETA: 2m36s
[1A[Jprocessed files:  15 / 76 [-] ETA: 2m36s
[1A[Jprocessed files:  15 / 76 [-] ETA: 2m36s
[1A[Jprocessed files:  15 / 76 [-] ETA: 2m36s
[1A[Jprocessed files:  15 / 76 [-] ETA: 2m36s
[1A[Jprocessed files:  15 / 76 [-] ETA: 2m36s
[1A[Jprocessed files:  15 / 76 [-] ETA: 2m36s
[1A[Jprocessed files:  15 / 76 [-] ETA: 2m36s
[1A[Jprocessed files:  15 / 76 [-] ETA: 2m36s
[1A[Jprocessed files:  15 / 76 [-] ETA: 2m36s
[1A[Jprocessed files:  16 / 76 [-] ETA: 2m22s
[1A[Jprocessed files:  16 / 76 [-] ETA: 2m22s
[1A[Jprocessed files:  16 / 76 [-] ETA: 2m22s
[1A[Jprocessed files:  16 / 76 [-] ETA: 2m22s
[1A[Jprocessed files:  16 / 76 [-] ETA: 2m22s
[1A[Jprocessed files:  16 / 76 [-] ETA: 2m22s
[1A[Jprocessed files:  16 / 76 [-] ETA: 2m22s
[1A[Jprocessed files:  16 / 76 [-] ETA: 2m22s
[1A[Jprocessed files:  16 / 76 [-] ETA: 2m22s
[1A[Jprocessed files:  16 / 76 [-] ETA: 2m22s
[1A[Jprocessed files:  16 / 76 [-] ETA: 2m22s
[1A[Jprocessed files:  16 / 76 [-] ETA: 2m22s
[1A[Jprocessed files:  16 / 76 [-] ETA: 2m22s
[1A[Jprocessed files:  16 / 76 [-] ETA: 2m22s
[1A[Jprocessed files:  16 / 76 [-] ETA: 2m22s
[1A[Jprocessed files:  16 / 76 [-] ETA: 2m22s
[1A[Jprocessed files:  16 / 76 [-] ETA: 2m22s
[1A[Jprocessed files:  16 / 76 [-] ETA: 2m22s
[1A[Jprocessed files:  17 / 76 [-] ETA: 2m15s
[1A[Jprocessed files:  17 / 76 [-] ETA: 2m15s
[1A[Jprocessed files:  17 / 76 [-] ETA: 2m15s
[1A[Jprocessed files:  17 / 76 [-] ETA: 2m15s
[1A[Jprocessed files:  17 / 76 [-] ETA: 2m15s
[1A[Jprocessed files:  17 / 76 [-] ETA: 2m15s
[1A[Jprocessed files:  17 / 76 [-] ETA: 2m15s
[1A[Jprocessed files:  17 / 76 [-] ETA: 2m15s
[1A[Jprocessed files:  17 / 76 [-] ETA: 2m15s
[1A[Jprocessed files:  17 / 76 [-] ETA: 2m15s
[1A[Jprocessed files:  17 / 76 [-] ETA: 2m15s
[1A[Jprocessed files:  17 / 76 [-] ETA: 2m15s
[1A[Jprocessed files:  17 / 76 [-] ETA: 2m15s
[1A[Jprocessed files:  17 / 76 [-] ETA: 2m15s
[1A[Jprocessed files:  17 / 76 [-] ETA: 2m15s
[1A[Jprocessed files:  17 / 76 [-] ETA: 2m15s
[1A[Jprocessed files:  17 / 76 [-] ETA: 2m15s
[1A[Jprocessed files:  17 / 76 [-] ETA: 2m15s
[1A[Jprocessed files:  18 / 76 [-] ETA: 2m12s
[1A[Jprocessed files:  18 / 76 [-] ETA: 2m12s
[1A[Jprocessed files:  18 / 76 [-] ETA: 2m12s
[1A[Jprocessed files:  18 / 76 [-] ETA: 2m12s
[1A[Jprocessed files:  18 / 76 [-] ETA: 2m12s
[1A[Jprocessed files:  18 / 76 [-] ETA: 2m12s
[1A[Jprocessed files:  18 / 76 [-] ETA: 2m12s
[1A[Jprocessed files:  18 / 76 [-] ETA: 2m12s
[1A[Jprocessed files:  18 / 76 [-] ETA: 2m12s
[1A[Jprocessed files:  18 / 76 [-] ETA: 2m12s
[1A[Jprocessed files:  18 / 76 [-] ETA: 2m12s
[1A[Jprocessed files:  18 / 76 [-] ETA: 2m12s
[1A[Jprocessed files:  18 / 76 [-] ETA: 2m12s
[1A[Jprocessed files:  18 / 76 [-] ETA: 2m12s
[1A[Jprocessed files:  18 / 76 [-] ETA: 2m12s
[1A[Jprocessed files:  18 / 76 [-] ETA: 2m12s
[1A[Jprocessed files:  18 / 76 [-] ETA: 2m12s
[1A[Jprocessed files:  19 / 76 [>-] ETA: 2m5s
[1A[Jprocessed files:  19 / 76 [>-] ETA: 2m5s
[1A[Jprocessed files:  19 / 76 [>-] ETA: 2m5s
[1A[Jprocessed files:  19 / 76 [>-] ETA: 2m5s
[1A[Jprocessed files:  19 / 76 [>-] ETA: 2m5s
[1A[Jprocessed files:  19 / 76 [>-] ETA: 2m5s
[1A[Jprocessed files:  19 / 76 [>-] ETA: 2m5s
[1A[Jprocessed files:  19 / 76 [>-] ETA: 2m5s
[1A[Jprocessed files:  19 / 76 [>-] ETA: 2m5s
[1A[Jprocessed files:  19 / 76 [>-] ETA: 2m5s
[1A[Jprocessed files:  19 / 76 [>-] ETA: 2m5s
[1A[Jprocessed files:  19 / 76 [>-] ETA: 2m5s
[1A[Jprocessed files:  19 / 76 [>-] ETA: 2m5s
[1A[Jprocessed files:  19 / 76 [>-] ETA: 2m5s
[1A[Jprocessed files:  19 / 76 [>-] ETA: 2m5s
[1A[Jprocessed files:  19 / 76 [>-] ETA: 2m5s
[1A[Jprocessed files:  19 / 76 [>-] ETA: 2m5s
[1A[Jprocessed files:  19 / 76 [>-] ETA: 2m5s
[1A[Jprocessed files:  20 / 76 [>-] ETA: 2m2s
[1A[Jprocessed files:  20 / 76 [>-] ETA: 2m2s
[1A[Jprocessed files:  20 / 76 [>-] ETA: 2m2s
[1A[Jprocessed files:  20 / 76 [>-] ETA: 2m2s
[1A[Jprocessed files:  20 / 76 [>-] ETA: 2m2s
[1A[Jprocessed files:  20 / 76 [>-] ETA: 2m2s
[1A[Jprocessed files:  20 / 76 [>-] ETA: 2m2s
[1A[Jprocessed files:  20 / 76 [>-] ETA: 2m2s
[1A[Jprocessed files:  20 / 76 [>-] ETA: 2m2s
[1A[Jprocessed files:  20 / 76 [>-] ETA: 2m2s
[1A[Jprocessed files:  20 / 76 [>-] ETA: 2m2s
[1A[Jprocessed files:  20 / 76 [>-] ETA: 2m2s
[1A[Jprocessed files:  20 / 76 [>-] ETA: 2m2s
[1A[Jprocessed files:  20 / 76 [>-] ETA: 2m2s
[1A[Jprocessed files:  20 / 76 [>-] ETA: 2m2s
[1A[Jprocessed files:  20 / 76 [>-] ETA: 2m2s
[1A[Jprocessed files:  20 / 76 [>-] ETA: 2m2s
[1A[Jprocessed files:  21 / 76 [-] ETA: 1m57s
[1A[Jprocessed files:  21 / 76 [-] ETA: 1m57s
[1A[Jprocessed files:  21 / 76 [-] ETA: 1m57s
[1A[Jprocessed files:  21 / 76 [-] ETA: 1m57s
[1A[Jprocessed files:  21 / 76 [-] ETA: 1m57s
[1A[Jprocessed files:  21 / 76 [-] ETA: 1m57s
[1A[Jprocessed files:  21 / 76 [-] ETA: 1m57s
[1A[Jprocessed files:  21 / 76 [-] ETA: 1m57s
[1A[Jprocessed files:  21 / 76 [-] ETA: 1m57s
[1A[Jprocessed files:  21 / 76 [-] ETA: 1m57s
[1A[Jprocessed files:  21 / 76 [-] ETA: 1m57s
[1A[Jprocessed files:  21 / 76 [-] ETA: 1m57s
[1A[Jprocessed files:  21 / 76 [-] ETA: 1m57s
[1A[Jprocessed files:  21 / 76 [-] ETA: 1m57s
[1A[Jprocessed files:  21 / 76 [-] ETA: 1m57s
[1A[Jprocessed files:  21 / 76 [-] ETA: 1m57s
[1A[Jprocessed files:  21 / 76 [-] ETA: 1m57s
[1A[Jprocessed files:  21 / 76 [-] ETA: 1m57s
[1A[Jprocessed files:  22 / 76 [-] ETA: 1m54s
[1A[Jprocessed files:  22 / 76 [-] ETA: 1m54s
[1A[Jprocessed files:  22 / 76 [-] ETA: 1m54s
[1A[Jprocessed files:  22 / 76 [-] ETA: 1m54s
[1A[Jprocessed files:  22 / 76 [-] ETA: 1m54s
[1A[Jprocessed files:  22 / 76 [-] ETA: 1m54s
[1A[Jprocessed files:  22 / 76 [-] ETA: 1m54s
[1A[Jprocessed files:  22 / 76 [-] ETA: 1m54s
[1A[Jprocessed files:  22 / 76 [-] ETA: 1m54s
[1A[Jprocessed files:  22 / 76 [-] ETA: 1m54s
[1A[Jprocessed files:  22 / 76 [-] ETA: 1m54s
[1A[Jprocessed files:  22 / 76 [-] ETA: 1m54s
[1A[Jprocessed files:  22 / 76 [-] ETA: 1m54s
[1A[Jprocessed files:  22 / 76 [-] ETA: 1m54s
[1A[Jprocessed files:  22 / 76 [-] ETA: 1m54s
[1A[Jprocessed files:  22 / 76 [-] ETA: 1m54s
[1A[Jprocessed files:  22 / 76 [-] ETA: 1m54s
[1A[Jprocessed files:  22 / 76 [-] ETA: 1m54s
[1A[Jprocessed files:  23 / 76 [-] ETA: 1m53s
[1A[Jprocessed files:  23 / 76 [-] ETA: 1m53s
[1A[Jprocessed files:  23 / 76 [-] ETA: 1m53s
[1A[Jprocessed files:  23 / 76 [-] ETA: 1m53s
[1A[Jprocessed files:  23 / 76 [-] ETA: 1m53s
[1A[Jprocessed files:  23 / 76 [-] ETA: 1m53s
[1A[Jprocessed files:  23 / 76 [-] ETA: 1m53s
[1A[Jprocessed files:  23 / 76 [-] ETA: 1m53s
[1A[Jprocessed files:  23 / 76 [-] ETA: 1m53s
[1A[Jprocessed files:  23 / 76 [-] ETA: 1m53s
[1A[Jprocessed files:  23 / 76 [-] ETA: 1m53s
[1A[Jprocessed files:  23 / 76 [-] ETA: 1m53s
[1A[Jprocessed files:  23 / 76 [-] ETA: 1m53s
[1A[Jprocessed files:  23 / 76 [-] ETA: 1m53s
[1A[Jprocessed files:  23 / 76 [-] ETA: 1m53s
[1A[Jprocessed files:  23 / 76 [-] ETA: 1m53s
[1A[Jprocessed files:  23 / 76 [-] ETA: 1m53s
[1A[Jprocessed files:  23 / 76 [-] ETA: 1m53s
[1A[Jprocessed files:  23 / 76 [-] ETA: 1m53s
[1A[Jprocessed files:  24 / 76 [-] ETA: 1m54s
[1A[Jprocessed files:  24 / 76 [-] ETA: 1m54s
[1A[Jprocessed files:  24 / 76 [-] ETA: 1m54s
[1A[Jprocessed files:  24 / 76 [-] ETA: 1m54s
[1A[Jprocessed files:  24 / 76 [-] ETA: 1m54s
[1A[Jprocessed files:  24 / 76 [-] ETA: 1m54s
[1A[Jprocessed files:  24 / 76 [-] ETA: 1m54s
[1A[Jprocessed files:  24 / 76 [-] ETA: 1m54s
[1A[Jprocessed files:  24 / 76 [-] ETA: 1m54s
[1A[Jprocessed files:  24 / 76 [-] ETA: 1m54s
[1A[Jprocessed files:  24 / 76 [-] ETA: 1m54s
[1A[Jprocessed files:  24 / 76 [-] ETA: 1m54s
[1A[Jprocessed files:  24 / 76 [-] ETA: 1m54s
[1A[Jprocessed files:  24 / 76 [-] ETA: 1m54s
[1A[Jprocessed files:  24 / 76 [-] ETA: 1m54s
[1A[Jprocessed files:  24 / 76 [-] ETA: 1m54s
[1A[Jprocessed files:  24 / 76 [-] ETA: 1m54s
[1A[Jprocessed files:  24 / 76 [-] ETA: 1m54s
[1A[Jprocessed files:  24 / 76 [-] ETA: 1m54s
[1A[Jprocessed files:  25 / 76 [-] ETA: 1m52s
[1A[Jprocessed files:  25 / 76 [-] ETA: 1m52s
[1A[Jprocessed files:  25 / 76 [-] ETA: 1m52s
[1A[Jprocessed files:  25 / 76 [-] ETA: 1m52s
[1A[Jprocessed files:  25 / 76 [-] ETA: 1m52s
[1A[Jprocessed files:  25 / 76 [-] ETA: 1m52s
[1A[Jprocessed files:  25 / 76 [-] ETA: 1m52s
[1A[Jprocessed files:  25 / 76 [-] ETA: 1m52s
[1A[Jprocessed files:  25 / 76 [-] ETA: 1m52s
[1A[Jprocessed files:  25 / 76 [-] ETA: 1m52s
[1A[Jprocessed files:  25 / 76 [-] ETA: 1m52s
[1A[Jprocessed files:  25 / 76 [-] ETA: 1m52s
[1A[Jprocessed files:  25 / 76 [-] ETA: 1m52s
[1A[Jprocessed files:  25 / 76 [-] ETA: 1m52s
[1A[Jprocessed files:  25 / 76 [-] ETA: 1m52s
[1A[Jprocessed files:  25 / 76 [-] ETA: 1m52s
[1A[Jprocessed files:  25 / 76 [-] ETA: 1m52s
[1A[Jprocessed files:  25 / 76 [-] ETA: 1m52s
[1A[Jprocessed files:  25 / 76 [-] ETA: 1m52s
[1A[Jprocessed files:  25 / 76 [-] ETA: 1m52s
[1A[Jprocessed files:  26 / 76 [-] ETA: 1m53s
[1A[Jprocessed files:  26 / 76 [-] ETA: 1m53s
[1A[Jprocessed files:  26 / 76 [-] ETA: 1m53s
[1A[Jprocessed files:  26 / 76 [-] ETA: 1m53s
[1A[Jprocessed files:  26 / 76 [-] ETA: 1m53s
[1A[Jprocessed files:  26 / 76 [-] ETA: 1m53s
[1A[Jprocessed files:  26 / 76 [-] ETA: 1m53s
[1A[Jprocessed files:  26 / 76 [-] ETA: 1m53s
[1A[Jprocessed files:  26 / 76 [-] ETA: 1m53s
[1A[Jprocessed files:  26 / 76 [-] ETA: 1m53s
[1A[Jprocessed files:  26 / 76 [-] ETA: 1m53s
[1A[Jprocessed files:  26 / 76 [-] ETA: 1m53s
[1A[Jprocessed files:  26 / 76 [-] ETA: 1m53s
[1A[Jprocessed files:  26 / 76 [-] ETA: 1m53s
[1A[Jprocessed files:  26 / 76 [-] ETA: 1m53s
[1A[Jprocessed files:  26 / 76 [-] ETA: 1m53s
[1A[Jprocessed files:  26 / 76 [-] ETA: 1m53s
[1A[Jprocessed files:  26 / 76 [-] ETA: 1m53s
[1A[Jprocessed files:  27 / 76 [-] ETA: 1m49s
[1A[Jprocessed files:  27 / 76 [-] ETA: 1m49s
[1A[Jprocessed files:  27 / 76 [-] ETA: 1m49s
[1A[Jprocessed files:  27 / 76 [-] ETA: 1m49s
[1A[Jprocessed files:  27 / 76 [-] ETA: 1m49s
[1A[Jprocessed files:  27 / 76 [-] ETA: 1m49s
[1A[Jprocessed files:  27 / 76 [-] ETA: 1m49s
[1A[Jprocessed files:  27 / 76 [-] ETA: 1m49s
[1A[Jprocessed files:  27 / 76 [-] ETA: 1m49s
[1A[Jprocessed files:  27 / 76 [-] ETA: 1m49s
[1A[Jprocessed files:  27 / 76 [-] ETA: 1m49s
[1A[Jprocessed files:  27 / 76 [-] ETA: 1m49s
[1A[Jprocessed files:  27 / 76 [-] ETA: 1m49s
[1A[Jprocessed files:  27 / 76 [-] ETA: 1m49s
[1A[Jprocessed files:  27 / 76 [-] ETA: 1m49s
[1A[Jprocessed files:  27 / 76 [-] ETA: 1m49s
[1A[Jprocessed files:  27 / 76 [-] ETA: 1m49s
[1A[Jprocessed files:  27 / 76 [-] ETA: 1m49s
[1A[Jprocessed files:  28 / 76 [-] ETA: 1m47s
[1A[Jprocessed files:  28 / 76 [-] ETA: 1m47s
[1A[Jprocessed files:  28 / 76 [-] ETA: 1m47s
[1A[Jprocessed files:  28 / 76 [-] ETA: 1m47s
[1A[Jprocessed files:  28 / 76 [-] ETA: 1m47s
[1A[Jprocessed files:  28 / 76 [-] ETA: 1m47s
[1A[Jprocessed files:  28 / 76 [-] ETA: 1m47s
[1A[Jprocessed files:  28 / 76 [-] ETA: 1m47s
[1A[Jprocessed files:  28 / 76 [-] ETA: 1m47s
[1A[Jprocessed files:  28 / 76 [-] ETA: 1m47s
[1A[Jprocessed files:  28 / 76 [-] ETA: 1m47s
[1A[Jprocessed files:  28 / 76 [-] ETA: 1m47s
[1A[Jprocessed files:  28 / 76 [-] ETA: 1m47s
[1A[Jprocessed files:  28 / 76 [-] ETA: 1m47s
[1A[Jprocessed files:  28 / 76 [-] ETA: 1m47s
[1A[Jprocessed files:  28 / 76 [-] ETA: 1m47s
[1A[Jprocessed files:  28 / 76 [-] ETA: 1m47s
[1A[Jprocessed files:  28 / 76 [-] ETA: 1m47s
[1A[Jprocessed files:  28 / 76 [-] ETA: 1m47s
[1A[Jprocessed files:  28 / 76 [-] ETA: 1m47s
[1A[Jprocessed files:  29 / 76 [-] ETA: 1m46s
[1A[Jprocessed files:  29 / 76 [-] ETA: 1m46s
[1A[Jprocessed files:  29 / 76 [-] ETA: 1m46s
[1A[Jprocessed files:  29 / 76 [-] ETA: 1m46s
[1A[Jprocessed files:  29 / 76 [-] ETA: 1m46s
[1A[Jprocessed files:  29 / 76 [-] ETA: 1m46s
[1A[Jprocessed files:  29 / 76 [-] ETA: 1m46s
[1A[Jprocessed files:  29 / 76 [-] ETA: 1m46s
[1A[Jprocessed files:  29 / 76 [-] ETA: 1m46s
[1A[Jprocessed files:  29 / 76 [-] ETA: 1m46s
[1A[Jprocessed files:  29 / 76 [-] ETA: 1m46s
[1A[Jprocessed files:  29 / 76 [-] ETA: 1m46s
[1A[Jprocessed files:  29 / 76 [-] ETA: 1m46s
[1A[Jprocessed files:  29 / 76 [-] ETA: 1m46s
[1A[Jprocessed files:  29 / 76 [-] ETA: 1m46s
[1A[Jprocessed files:  29 / 76 [-] ETA: 1m46s
[1A[Jprocessed files:  29 / 76 [-] ETA: 1m46s
[1A[Jprocessed files:  29 / 76 [-] ETA: 1m46s
[1A[Jprocessed files:  29 / 76 [-] ETA: 1m46s
[1A[Jprocessed files:  29 / 76 [-] ETA: 1m46s
[1A[Jprocessed files:  30 / 76 [-] ETA: 1m47s
[1A[Jprocessed files:  30 / 76 [-] ETA: 1m47s
[1A[Jprocessed files:  30 / 76 [-] ETA: 1m47s
[1A[Jprocessed files:  30 / 76 [-] ETA: 1m47s
[1A[Jprocessed files:  30 / 76 [-] ETA: 1m47s
[1A[Jprocessed files:  30 / 76 [-] ETA: 1m47s
[1A[Jprocessed files:  30 / 76 [-] ETA: 1m47s
[1A[Jprocessed files:  30 / 76 [-] ETA: 1m47s
[1A[Jprocessed files:  30 / 76 [-] ETA: 1m47s
[1A[Jprocessed files:  30 / 76 [-] ETA: 1m47s
[1A[Jprocessed files:  30 / 76 [-] ETA: 1m47s
[1A[Jprocessed files:  30 / 76 [-] ETA: 1m47s
[1A[Jprocessed files:  30 / 76 [-] ETA: 1m47s
[1A[Jprocessed files:  30 / 76 [-] ETA: 1m47s
[1A[Jprocessed files:  30 / 76 [-] ETA: 1m47s
[1A[Jprocessed files:  30 / 76 [-] ETA: 1m47s
[1A[Jprocessed files:  30 / 76 [-] ETA: 1m47s
[1A[Jprocessed files:  31 / 76 [-] ETA: 1m40s
[1A[Jprocessed files:  31 / 76 [-] ETA: 1m40s
[1A[Jprocessed files:  31 / 76 [-] ETA: 1m40s
[1A[Jprocessed files:  31 / 76 [-] ETA: 1m40s
[1A[Jprocessed files:  31 / 76 [-] ETA: 1m40s
[1A[Jprocessed files:  31 / 76 [-] ETA: 1m40s
[1A[Jprocessed files:  31 / 76 [-] ETA: 1m40s
[1A[Jprocessed files:  31 / 76 [-] ETA: 1m40s
[1A[Jprocessed files:  31 / 76 [-] ETA: 1m40s
[1A[Jprocessed files:  31 / 76 [-] ETA: 1m40s
[1A[Jprocessed files:  31 / 76 [-] ETA: 1m40s
[1A[Jprocessed files:  31 / 76 [-] ETA: 1m40s
[1A[Jprocessed files:  31 / 76 [-] ETA: 1m40s
[1A[Jprocessed files:  31 / 76 [-] ETA: 1m40s
[1A[Jprocessed files:  31 / 76 [-] ETA: 1m40s
[1A[Jprocessed files:  31 / 76 [-] ETA: 1m40s
[1A[Jprocessed files:  31 / 76 [-] ETA: 1m40s
[1A[Jprocessed files:  31 / 76 [-] ETA: 1m40s
[1A[Jprocessed files:  31 / 76 [-] ETA: 1m40s
[1A[Jprocessed files:  32 / 76 [-] ETA: 1m37s
[1A[Jprocessed files:  32 / 76 [-] ETA: 1m37s
[1A[Jprocessed files:  32 / 76 [-] ETA: 1m37s
[1A[Jprocessed files:  32 / 76 [-] ETA: 1m37s
[1A[Jprocessed files:  32 / 76 [-] ETA: 1m37s
[1A[Jprocessed files:  32 / 76 [-] ETA: 1m37s
[1A[Jprocessed files:  32 / 76 [-] ETA: 1m37s
[1A[Jprocessed files:  32 / 76 [-] ETA: 1m37s
[1A[Jprocessed files:  32 / 76 [-] ETA: 1m37s
[1A[Jprocessed files:  32 / 76 [-] ETA: 1m37s
[1A[Jprocessed files:  32 / 76 [-] ETA: 1m37s
[1A[Jprocessed files:  32 / 76 [-] ETA: 1m37s
[1A[Jprocessed files:  32 / 76 [-] ETA: 1m37s
[1A[Jprocessed files:  32 / 76 [-] ETA: 1m37s
[1A[Jprocessed files:  32 / 76 [-] ETA: 1m37s
[1A[Jprocessed files:  32 / 76 [-] ETA: 1m37s
[1A[Jprocessed files:  33 / 76 [-] ETA: 1m31s
[1A[Jprocessed files:  33 / 76 [-] ETA: 1m31s
[1A[Jprocessed files:  33 / 76 [-] ETA: 1m31s
[1A[Jprocessed files:  33 / 76 [-] ETA: 1m31s
[1A[Jprocessed files:  33 / 76 [-] ETA: 1m31s
[1A[Jprocessed files:  33 / 76 [-] ETA: 1m31s
[1A[Jprocessed files:  33 / 76 [-] ETA: 1m31s
[1A[Jprocessed files:  33 / 76 [-] ETA: 1m31s
[1A[Jprocessed files:  33 / 76 [-] ETA: 1m31s
[1A[Jprocessed files:  33 / 76 [-] ETA: 1m31s
[1A[Jprocessed files:  33 / 76 [-] ETA: 1m31s
[1A[Jprocessed files:  33 / 76 [-] ETA: 1m31s
[1A[Jprocessed files:  33 / 76 [-] ETA: 1m31s
[1A[Jprocessed files:  33 / 76 [-] ETA: 1m31s
[1A[Jprocessed files:  33 / 76 [-] ETA: 1m31s
[1A[Jprocessed files:  33 / 76 [-] ETA: 1m31s
[1A[Jprocessed files:  33 / 76 [-] ETA: 1m31s
[1A[Jprocessed files:  34 / 76 [-] ETA: 1m28s
[1A[Jprocessed files:  34 / 76 [-] ETA: 1m28s
[1A[Jprocessed files:  34 / 76 [-] ETA: 1m28s
[1A[Jprocessed files:  34 / 76 [-] ETA: 1m28s
[1A[Jprocessed files:  34 / 76 [-] ETA: 1m28s
[1A[Jprocessed files:  34 / 76 [-] ETA: 1m28s
[1A[Jprocessed files:  34 / 76 [-] ETA: 1m28s
[1A[Jprocessed files:  34 / 76 [-] ETA: 1m28s
[1A[Jprocessed files:  34 / 76 [-] ETA: 1m28s
[1A[Jprocessed files:  34 / 76 [-] ETA: 1m28s
[1A[Jprocessed files:  34 / 76 [-] ETA: 1m28s
[1A[Jprocessed files:  34 / 76 [-] ETA: 1m28s
[1A[Jprocessed files:  34 / 76 [-] ETA: 1m28s
[1A[Jprocessed files:  34 / 76 [-] ETA: 1m28s
[1A[Jprocessed files:  34 / 76 [-] ETA: 1m28s
[1A[Jprocessed files:  34 / 76 [-] ETA: 1m28s
[1A[Jprocessed files:  34 / 76 [-] ETA: 1m28s
[1A[Jprocessed files:  34 / 76 [-] ETA: 1m28s
[1A[Jprocessed files:  35 / 76 [-] ETA: 1m26s
[1A[Jprocessed files:  35 / 76 [-] ETA: 1m26s
[1A[Jprocessed files:  35 / 76 [-] ETA: 1m26s
[1A[Jprocessed files:  35 / 76 [-] ETA: 1m26s
[1A[Jprocessed files:  35 / 76 [-] ETA: 1m26s
[1A[Jprocessed files:  35 / 76 [-] ETA: 1m26s
[1A[Jprocessed files:  35 / 76 [-] ETA: 1m26s
[1A[Jprocessed files:  35 / 76 [-] ETA: 1m26s
[1A[Jprocessed files:  35 / 76 [-] ETA: 1m26s
[1A[Jprocessed files:  35 / 76 [-] ETA: 1m26s
[1A[Jprocessed files:  35 / 76 [-] ETA: 1m26s
[1A[Jprocessed files:  35 / 76 [-] ETA: 1m26s
[1A[Jprocessed files:  35 / 76 [-] ETA: 1m26s
[1A[Jprocessed files:  35 / 76 [-] ETA: 1m26s
[1A[Jprocessed files:  35 / 76 [-] ETA: 1m26s
[1A[Jprocessed files:  35 / 76 [-] ETA: 1m26s
[1A[Jprocessed files:  35 / 76 [-] ETA: 1m26s
[1A[Jprocessed files:  35 / 76 [-] ETA: 1m26s
[1A[Jprocessed files:  35 / 76 [-] ETA: 1m26s
[1A[Jprocessed files:  36 / 76 [-] ETA: 1m26s
[1A[Jprocessed files:  36 / 76 [-] ETA: 1m26s
[1A[Jprocessed files:  36 / 76 [-] ETA: 1m26s
[1A[Jprocessed files:  36 / 76 [-] ETA: 1m26s
[1A[Jprocessed files:  36 / 76 [-] ETA: 1m26s
[1A[Jprocessed files:  36 / 76 [-] ETA: 1m26s
[1A[Jprocessed files:  36 / 76 [-] ETA: 1m26s
[1A[Jprocessed files:  36 / 76 [-] ETA: 1m26s
[1A[Jprocessed files:  36 / 76 [-] ETA: 1m26s
[1A[Jprocessed files:  36 / 76 [-] ETA: 1m26s
[1A[Jprocessed files:  36 / 76 [-] ETA: 1m26s
[1A[Jprocessed files:  36 / 76 [-] ETA: 1m26s
[1A[Jprocessed files:  36 / 76 [-] ETA: 1m26s
[1A[Jprocessed files:  36 / 76 [-] ETA: 1m26s
[1A[Jprocessed files:  36 / 76 [-] ETA: 1m26s
[1A[Jprocessed files:  36 / 76 [-] ETA: 1m26s
[1A[Jprocessed files:  37 / 76 [-] ETA: 1m21s
[1A[Jprocessed files:  37 / 76 [-] ETA: 1m21s
[1A[Jprocessed files:  37 / 76 [-] ETA: 1m21s
[1A[Jprocessed files:  37 / 76 [-] ETA: 1m21s
[1A[Jprocessed files:  37 / 76 [-] ETA: 1m21s
[1A[Jprocessed files:  37 / 76 [-] ETA: 1m21s
[1A[Jprocessed files:  37 / 76 [-] ETA: 1m21s
[1A[Jprocessed files:  37 / 76 [-] ETA: 1m21s
[1A[Jprocessed files:  37 / 76 [-] ETA: 1m21s
[1A[Jprocessed files:  37 / 76 [-] ETA: 1m21s
[1A[Jprocessed files:  37 / 76 [-] ETA: 1m21s
[1A[Jprocessed files:  37 / 76 [-] ETA: 1m21s
[1A[Jprocessed files:  37 / 76 [-] ETA: 1m21s
[1A[Jprocessed files:  37 / 76 [-] ETA: 1m21s
[1A[Jprocessed files:  37 / 76 [-] ETA: 1m21s
[1A[Jprocessed files:  37 / 76 [-] ETA: 1m21s
[1A[Jprocessed files:  37 / 76 [-] ETA: 1m21s
[1A[Jprocessed files:  37 / 76 [-] ETA: 1m21s
[1A[Jprocessed files:  38 / 76 [=] ETA: 1m20s
[1A[Jprocessed files:  38 / 76 [=] ETA: 1m20s
[1A[Jprocessed files:  38 / 76 [=] ETA: 1m20s
[1A[Jprocessed files:  38 / 76 [=] ETA: 1m20s
[1A[Jprocessed files:  38 / 76 [=] ETA: 1m20s
[1A[Jprocessed files:  38 / 76 [=] ETA: 1m20s
[1A[Jprocessed files:  38 / 76 [=] ETA: 1m20s
[1A[Jprocessed files:  38 / 76 [=] ETA: 1m20s
[1A[Jprocessed files:  38 / 76 [=] ETA: 1m20s
[1A[Jprocessed files:  38 / 76 [=] ETA: 1m20s
[1A[Jprocessed files:  38 / 76 [=] ETA: 1m20s
[1A[Jprocessed files:  38 / 76 [=] ETA: 1m20s
[1A[Jprocessed files:  38 / 76 [=] ETA: 1m20s
[1A[Jprocessed files:  38 / 76 [=] ETA: 1m20s
[1A[Jprocessed files:  38 / 76 [=] ETA: 1m20s
[1A[Jprocessed files:  38 / 76 [=] ETA: 1m20s
[1A[Jprocessed files:  39 / 76 [=] ETA: 1m16s
[1A[Jprocessed files:  39 / 76 [=] ETA: 1m16s
[1A[Jprocessed files:  39 / 76 [=] ETA: 1m16s
[1A[Jprocessed files:  39 / 76 [=] ETA: 1m16s
[1A[Jprocessed files:  39 / 76 [=] ETA: 1m16s
[1A[Jprocessed files:  39 / 76 [=] ETA: 1m16s
[1A[Jprocessed files:  39 / 76 [=] ETA: 1m16s
[1A[Jprocessed files:  39 / 76 [=] ETA: 1m16s
[1A[Jprocessed files:  39 / 76 [=] ETA: 1m16s
[1A[Jprocessed files:  39 / 76 [=] ETA: 1m16s
[1A[Jprocessed files:  39 / 76 [=] ETA: 1m16s
[1A[Jprocessed files:  39 / 76 [=] ETA: 1m16s
[1A[Jprocessed files:  39 / 76 [=] ETA: 1m16s
[1A[Jprocessed files:  39 / 76 [=] ETA: 1m16s
[1A[Jprocessed files:  39 / 76 [=] ETA: 1m16s
[1A[Jprocessed files:  39 / 76 [=] ETA: 1m16s
[1A[Jprocessed files:  39 / 76 [=] ETA: 1m16s
[1A[Jprocessed files:  39 / 76 [=] ETA: 1m16s
[1A[Jprocessed files:  40 / 76 [=] ETA: 1m14s
[1A[Jprocessed files:  40 / 76 [=] ETA: 1m14s
[1A[Jprocessed files:  40 / 76 [=] ETA: 1m14s
[1A[Jprocessed files:  40 / 76 [=] ETA: 1m14s
[1A[Jprocessed files:  40 / 76 [=] ETA: 1m14s
[1A[Jprocessed files:  40 / 76 [=] ETA: 1m14s
[1A[Jprocessed files:  40 / 76 [=] ETA: 1m14s
[1A[Jprocessed files:  40 / 76 [=] ETA: 1m14s
[1A[Jprocessed files:  40 / 76 [=] ETA: 1m14s
[1A[Jprocessed files:  40 / 76 [=] ETA: 1m14s
[1A[Jprocessed files:  40 / 76 [=] ETA: 1m14s
[1A[Jprocessed files:  40 / 76 [=] ETA: 1m14s
[1A[Jprocessed files:  40 / 76 [=] ETA: 1m14s
[1A[Jprocessed files:  40 / 76 [=] ETA: 1m14s
[1A[Jprocessed files:  41 / 76 [>-] ETA: 1m8s
[1A[Jprocessed files:  41 / 76 [>-] ETA: 1m8s
[1A[Jprocessed files:  41 / 76 [>-] ETA: 1m8s
[1A[Jprocessed files:  41 / 76 [>-] ETA: 1m8s
[1A[Jprocessed files:  41 / 76 [>-] ETA: 1m8s
[1A[Jprocessed files:  41 / 76 [>-] ETA: 1m8s
[1A[Jprocessed files:  41 / 76 [>-] ETA: 1m8s
[1A[Jprocessed files:  41 / 76 [>-] ETA: 1m8s
[1A[Jprocessed files:  41 / 76 [>-] ETA: 1m8s
[1A[Jprocessed files:  41 / 76 [>-] ETA: 1m8s
[1A[Jprocessed files:  41 / 76 [>-] ETA: 1m8s
[1A[Jprocessed files:  41 / 76 [>-] ETA: 1m8s
[1A[Jprocessed files:  41 / 76 [>-] ETA: 1m8s
[1A[Jprocessed files:  41 / 76 [>-] ETA: 1m8s
[1A[Jprocessed files:  41 / 76 [>-] ETA: 1m8s
[1A[Jprocessed files:  41 / 76 [>-] ETA: 1m8s
[1A[Jprocessed files:  42 / 76 [>-] ETA: 1m5s
[1A[Jprocessed files:  42 / 76 [>-] ETA: 1m5s
[1A[Jprocessed files:  42 / 76 [>-] ETA: 1m5s
[1A[Jprocessed files:  42 / 76 [>-] ETA: 1m5s
[1A[Jprocessed files:  42 / 76 [>-] ETA: 1m5s
[1A[Jprocessed files:  42 / 76 [>-] ETA: 1m5s
[1A[Jprocessed files:  42 / 76 [>-] ETA: 1m5s
[1A[Jprocessed files:  42 / 76 [>-] ETA: 1m5s
[1A[Jprocessed files:  42 / 76 [>-] ETA: 1m5s
[1A[Jprocessed files:  42 / 76 [>-] ETA: 1m5s
[1A[Jprocessed files:  42 / 76 [>-] ETA: 1m5s
[1A[Jprocessed files:  42 / 76 [>-] ETA: 1m5s
[1A[Jprocessed files:  42 / 76 [>-] ETA: 1m5s
[1A[Jprocessed files:  42 / 76 [>-] ETA: 1m5s
[1A[Jprocessed files:  42 / 76 [>-] ETA: 1m5s
[1A[Jprocessed files:  42 / 76 [>-] ETA: 1m5s
[1A[Jprocessed files:  42 / 76 [>-] ETA: 1m5s
[1A[Jprocessed files:  42 / 76 [>-] ETA: 1m5s
[1A[Jprocessed files:  42 / 76 [>-] ETA: 1m5s
[1A[Jprocessed files:  42 / 76 [>-] ETA: 1m5s
[1A[Jprocessed files:  43 / 76 [>-] ETA: 1m9s
[1A[Jprocessed files:  43 / 76 [>-] ETA: 1m9s
[1A[Jprocessed files:  43 / 76 [>-] ETA: 1m9s
[1A[Jprocessed files:  43 / 76 [>-] ETA: 1m9s
[1A[Jprocessed files:  43 / 76 [>-] ETA: 1m9s
[1A[Jprocessed files:  43 / 76 [>-] ETA: 1m9s
[1A[Jprocessed files:  43 / 76 [>-] ETA: 1m9s
[1A[Jprocessed files:  43 / 76 [>-] ETA: 1m9s
[1A[Jprocessed files:  43 / 76 [>-] ETA: 1m9s
[1A[Jprocessed files:  43 / 76 [>-] ETA: 1m9s
[1A[Jprocessed files:  43 / 76 [>-] ETA: 1m9s
[1A[Jprocessed files:  43 / 76 [>-] ETA: 1m9s
[1A[Jprocessed files:  43 / 76 [>-] ETA: 1m9s
[1A[Jprocessed files:  43 / 76 [>-] ETA: 1m9s
[1A[Jprocessed files:  43 / 76 [>-] ETA: 1m9s
[1A[Jprocessed files:  43 / 76 [>-] ETA: 1m9s
[1A[Jprocessed files:  43 / 76 [>-] ETA: 1m9s
[1A[Jprocessed files:  43 / 76 [>-] ETA: 1m9s
[1A[Jprocessed files:  43 / 76 [>-] ETA: 1m9s
[1A[Jprocessed files:  43 / 76 [>-] ETA: 1m9s
[1A[Jprocessed files:  43 / 76 [>-] ETA: 1m9s
[1A[Jprocessed files:  43 / 76 [>-] ETA: 1m9s
[1A[Jprocessed files:  44 / 76 [=] ETA: 1m12s
[1A[Jprocessed files:  44 / 76 [=] ETA: 1m12s
[1A[Jprocessed files:  44 / 76 [=] ETA: 1m12s
[1A[Jprocessed files:  44 / 76 [=] ETA: 1m12s
[1A[Jprocessed files:  44 / 76 [=] ETA: 1m12s
[1A[Jprocessed files:  44 / 76 [=] ETA: 1m12s
[1A[Jprocessed files:  44 / 76 [=] ETA: 1m12s
[1A[Jprocessed files:  44 / 76 [=] ETA: 1m12s
[1A[Jprocessed files:  44 / 76 [=] ETA: 1m12s
[1A[Jprocessed files:  44 / 76 [=] ETA: 1m12s
[1A[Jprocessed files:  44 / 76 [=] ETA: 1m12s
[1A[Jprocessed files:  44 / 76 [=] ETA: 1m12s
[1A[Jprocessed files:  44 / 76 [=] ETA: 1m12s
[1A[Jprocessed files:  44 / 76 [=] ETA: 1m12s
[1A[Jprocessed files:  44 / 76 [=] ETA: 1m12s
[1A[Jprocessed files:  44 / 76 [=] ETA: 1m12s
[1A[Jprocessed files:  44 / 76 [=] ETA: 1m12s
[1A[Jprocessed files:  45 / 76 [>-] ETA: 1m7s
[1A[Jprocessed files:  45 / 76 [>-] ETA: 1m7s
[1A[Jprocessed files:  45 / 76 [>-] ETA: 1m7s
[1A[Jprocessed files:  45 / 76 [>-] ETA: 1m7s
[1A[Jprocessed files:  45 / 76 [>-] ETA: 1m7s
[1A[Jprocessed files:  45 / 76 [>-] ETA: 1m7s
[1A[Jprocessed files:  45 / 76 [>-] ETA: 1m7s
[1A[Jprocessed files:  45 / 76 [>-] ETA: 1m7s
[1A[Jprocessed files:  45 / 76 [>-] ETA: 1m7s
[1A[Jprocessed files:  45 / 76 [>-] ETA: 1m7s
[1A[Jprocessed files:  45 / 76 [>-] ETA: 1m7s
[1A[Jprocessed files:  45 / 76 [>-] ETA: 1m7s
[1A[Jprocessed files:  45 / 76 [>-] ETA: 1m7s
[1A[Jprocessed files:  45 / 76 [>-] ETA: 1m7s
[1A[Jprocessed files:  45 / 76 [>-] ETA: 1m7s
[1A[Jprocessed files:  45 / 76 [>-] ETA: 1m7s
[1A[Jprocessed files:  45 / 76 [>-] ETA: 1m7s
[1A[Jprocessed files:  45 / 76 [>-] ETA: 1m7s
[1A[Jprocessed files:  46 / 76 [>-] ETA: 1m5s
[1A[Jprocessed files:  46 / 76 [>-] ETA: 1m5s
[1A[Jprocessed files:  46 / 76 [>-] ETA: 1m5s
[1A[Jprocessed files:  46 / 76 [>-] ETA: 1m5s
[1A[Jprocessed files:  46 / 76 [>-] ETA: 1m5s
[1A[Jprocessed files:  46 / 76 [>-] ETA: 1m5s
[1A[Jprocessed files:  46 / 76 [>-] ETA: 1m5s
[1A[Jprocessed files:  46 / 76 [>-] ETA: 1m5s
[1A[Jprocessed files:  46 / 76 [>-] ETA: 1m5s
[1A[Jprocessed files:  46 / 76 [>-] ETA: 1m5s
[1A[Jprocessed files:  46 / 76 [>-] ETA: 1m5s
[1A[Jprocessed files:  46 / 76 [>-] ETA: 1m5s
[1A[Jprocessed files:  46 / 76 [>-] ETA: 1m5s
[1A[Jprocessed files:  46 / 76 [>-] ETA: 1m5s
[1A[Jprocessed files:  46 / 76 [>-] ETA: 1m5s
[1A[Jprocessed files:  47 / 76 [=>-] ETA: 59s
[1A[Jprocessed files:  47 / 76 [=>-] ETA: 59s
[1A[Jprocessed files:  47 / 76 [=>-] ETA: 59s
[1A[Jprocessed files:  47 / 76 [=>-] ETA: 59s
[1A[Jprocessed files:  47 / 76 [=>-] ETA: 59s
[1A[Jprocessed files:  47 / 76 [=>-] ETA: 59s
[1A[Jprocessed files:  47 / 76 [=>-] ETA: 59s
[1A[Jprocessed files:  47 / 76 [=>-] ETA: 59s
[1A[Jprocessed files:  47 / 76 [=>-] ETA: 59s
[1A[Jprocessed files:  47 / 76 [=>-] ETA: 59s
[1A[Jprocessed files:  47 / 76 [=>-] ETA: 59s
[1A[Jprocessed files:  47 / 76 [=>-] ETA: 59s
[1A[Jprocessed files:  47 / 76 [=>-] ETA: 59s
[1A[Jprocessed files:  47 / 76 [=>-] ETA: 59s
[1A[Jprocessed files:  47 / 76 [=>-] ETA: 59s
[1A[Jprocessed files:  47 / 76 [=>-] ETA: 59s
[1A[Jprocessed files:  48 / 76 [=>-] ETA: 56s
[1A[Jprocessed files:  48 / 76 [=>-] ETA: 56s
[1A[Jprocessed files:  48 / 76 [=>-] ETA: 56s
[1A[Jprocessed files:  48 / 76 [=>-] ETA: 56s
[1A[Jprocessed files:  48 / 76 [=>-] ETA: 56s
[1A[Jprocessed files:  48 / 76 [=>-] ETA: 56s
[1A[Jprocessed files:  48 / 76 [=>-] ETA: 56s
[1A[Jprocessed files:  48 / 76 [=>-] ETA: 56s
[1A[Jprocessed files:  48 / 76 [=>-] ETA: 56s
[1A[Jprocessed files:  48 / 76 [=>-] ETA: 56s
[1A[Jprocessed files:  48 / 76 [=>-] ETA: 56s
[1A[Jprocessed files:  48 / 76 [=>-] ETA: 56s
[1A[Jprocessed files:  48 / 76 [=>-] ETA: 56s
[1A[Jprocessed files:  48 / 76 [=>-] ETA: 56s
[1A[Jprocessed files:  48 / 76 [=>-] ETA: 56s
[1A[Jprocessed files:  49 / 76 [=>-] ETA: 52s
[1A[Jprocessed files:  49 / 76 [=>-] ETA: 52s
[1A[Jprocessed files:  49 / 76 [=>-] ETA: 52s
[1A[Jprocessed files:  49 / 76 [=>-] ETA: 52s
[1A[Jprocessed files:  49 / 76 [=>-] ETA: 52s
[1A[Jprocessed files:  49 / 76 [=>-] ETA: 52s
[1A[Jprocessed files:  49 / 76 [=>-] ETA: 52s
[1A[Jprocessed files:  49 / 76 [=>-] ETA: 52s
[1A[Jprocessed files:  49 / 76 [=>-] ETA: 52s
[1A[Jprocessed files:  49 / 76 [=>-] ETA: 52s
[1A[Jprocessed files:  49 / 76 [=>-] ETA: 52s
[1A[Jprocessed files:  49 / 76 [=>-] ETA: 52s
[1A[Jprocessed files:  49 / 76 [=>-] ETA: 52s
[1A[Jprocessed files:  49 / 76 [=>-] ETA: 52s
[1A[Jprocessed files:  49 / 76 [=>-] ETA: 52s
[1A[Jprocessed files:  49 / 76 [=>-] ETA: 52s
[1A[Jprocessed files:  50 / 76 [=>-] ETA: 50s
[1A[Jprocessed files:  50 / 76 [=>-] ETA: 50s
[1A[Jprocessed files:  50 / 76 [=>-] ETA: 50s
[1A[Jprocessed files:  50 / 76 [=>-] ETA: 50s
[1A[Jprocessed files:  50 / 76 [=>-] ETA: 50s
[1A[Jprocessed files:  50 / 76 [=>-] ETA: 50s
[1A[Jprocessed files:  50 / 76 [=>-] ETA: 50s
[1A[Jprocessed files:  50 / 76 [=>-] ETA: 50s
[1A[Jprocessed files:  50 / 76 [=>-] ETA: 50s
[1A[Jprocessed files:  50 / 76 [=>-] ETA: 50s
[1A[Jprocessed files:  50 / 76 [=>-] ETA: 50s
[1A[Jprocessed files:  50 / 76 [=>-] ETA: 50s
[1A[Jprocessed files:  50 / 76 [=>-] ETA: 50s
[1A[Jprocessed files:  50 / 76 [=>-] ETA: 50s
[1A[Jprocessed files:  50 / 76 [=>-] ETA: 50s
[1A[Jprocessed files:  50 / 76 [=>-] ETA: 50s
[1A[Jprocessed files:  50 / 76 [=>-] ETA: 50s
[1A[Jprocessed files:  50 / 76 [=>-] ETA: 50s
[1A[Jprocessed files:  51 / 76 [=>-] ETA: 50s
[1A[Jprocessed files:  51 / 76 [=>-] ETA: 50s
[1A[Jprocessed files:  51 / 76 [=>-] ETA: 50s
[1A[Jprocessed files:  51 / 76 [=>-] ETA: 50s
[1A[Jprocessed files:  51 / 76 [=>-] ETA: 50s
[1A[Jprocessed files:  51 / 76 [=>-] ETA: 50s
[1A[Jprocessed files:  51 / 76 [=>-] ETA: 50s
[1A[Jprocessed files:  51 / 76 [=>-] ETA: 50s
[1A[Jprocessed files:  51 / 76 [=>-] ETA: 50s
[1A[Jprocessed files:  51 / 76 [=>-] ETA: 50s
[1A[Jprocessed files:  51 / 76 [=>-] ETA: 50s
[1A[Jprocessed files:  51 / 76 [=>-] ETA: 50s
[1A[Jprocessed files:  51 / 76 [=>-] ETA: 50s
[1A[Jprocessed files:  51 / 76 [=>-] ETA: 50s
[1A[Jprocessed files:  51 / 76 [=>-] ETA: 50s
[1A[Jprocessed files:  51 / 76 [=>-] ETA: 50s
[1A[Jprocessed files:  51 / 76 [=>-] ETA: 50s
[1A[Jprocessed files:  51 / 76 [=>-] ETA: 50s
[1A[Jprocessed files:  51 / 76 [=>-] ETA: 50s
[1A[Jprocessed files:  52 / 76 [=>-] ETA: 50s
[1A[Jprocessed files:  52 / 76 [=>-] ETA: 50s
[1A[Jprocessed files:  52 / 76 [=>-] ETA: 50s
[1A[Jprocessed files:  52 / 76 [=>-] ETA: 50s
[1A[Jprocessed files:  52 / 76 [=>-] ETA: 50s
[1A[Jprocessed files:  52 / 76 [=>-] ETA: 50s
[1A[Jprocessed files:  52 / 76 [=>-] ETA: 50s
[1A[Jprocessed files:  52 / 76 [=>-] ETA: 50s
[1A[Jprocessed files:  52 / 76 [=>-] ETA: 50s
[1A[Jprocessed files:  52 / 76 [=>-] ETA: 50s
[1A[Jprocessed files:  52 / 76 [=>-] ETA: 50s
[1A[Jprocessed files:  52 / 76 [=>-] ETA: 50s
[1A[Jprocessed files:  52 / 76 [=>-] ETA: 50s
[1A[Jprocessed files:  52 / 76 [=>-] ETA: 50s
[1A[Jprocessed files:  52 / 76 [=>-] ETA: 50s
[1A[Jprocessed files:  52 / 76 [=>-] ETA: 50s
[1A[Jprocessed files:  52 / 76 [=>-] ETA: 50s
[1A[Jprocessed files:  52 / 76 [=>-] ETA: 50s
[1A[Jprocessed files:  53 / 76 [=>-] ETA: 48s
[1A[Jprocessed files:  53 / 76 [=>-] ETA: 48s
[1A[Jprocessed files:  53 / 76 [=>-] ETA: 48s
[1A[Jprocessed files:  53 / 76 [=>-] ETA: 48s
[1A[Jprocessed files:  53 / 76 [=>-] ETA: 48s
[1A[Jprocessed files:  53 / 76 [=>-] ETA: 48s
[1A[Jprocessed files:  53 / 76 [=>-] ETA: 48s
[1A[Jprocessed files:  53 / 76 [=>-] ETA: 48s
[1A[Jprocessed files:  53 / 76 [=>-] ETA: 48s
[1A[Jprocessed files:  53 / 76 [=>-] ETA: 48s
[1A[Jprocessed files:  53 / 76 [=>-] ETA: 48s
[1A[Jprocessed files:  53 / 76 [=>-] ETA: 48s
[1A[Jprocessed files:  53 / 76 [=>-] ETA: 48s
[1A[Jprocessed files:  53 / 76 [=>-] ETA: 48s
[1A[Jprocessed files:  53 / 76 [=>-] ETA: 48s
[1A[Jprocessed files:  53 / 76 [=>-] ETA: 48s
[1A[Jprocessed files:  53 / 76 [=>-] ETA: 48s
[1A[Jprocessed files:  53 / 76 [=>-] ETA: 48s
[1A[Jprocessed files:  53 / 76 [=>-] ETA: 48s
[1A[Jprocessed files:  54 / 76 [=>-] ETA: 47s
[1A[Jprocessed files:  54 / 76 [=>-] ETA: 47s
[1A[Jprocessed files:  54 / 76 [=>-] ETA: 47s
[1A[Jprocessed files:  54 / 76 [=>-] ETA: 47s
[1A[Jprocessed files:  54 / 76 [=>-] ETA: 47s
[1A[Jprocessed files:  54 / 76 [=>-] ETA: 47s
[1A[Jprocessed files:  54 / 76 [=>-] ETA: 47s
[1A[Jprocessed files:  54 / 76 [=>-] ETA: 47s
[1A[Jprocessed files:  54 / 76 [=>-] ETA: 47s
[1A[Jprocessed files:  54 / 76 [=>-] ETA: 47s
[1A[Jprocessed files:  54 / 76 [=>-] ETA: 47s
[1A[Jprocessed files:  54 / 76 [=>-] ETA: 47s
[1A[Jprocessed files:  54 / 76 [=>-] ETA: 47s
[1A[Jprocessed files:  54 / 76 [=>-] ETA: 47s
[1A[Jprocessed files:  54 / 76 [=>-] ETA: 47s
[1A[Jprocessed files:  55 / 76 [=>-] ETA: 43s
[1A[Jprocessed files:  55 / 76 [=>-] ETA: 43s
[1A[Jprocessed files:  55 / 76 [=>-] ETA: 43s
[1A[Jprocessed files:  55 / 76 [=>-] ETA: 43s
[1A[Jprocessed files:  55 / 76 [=>-] ETA: 43s
[1A[Jprocessed files:  55 / 76 [=>-] ETA: 43s
[1A[Jprocessed files:  55 / 76 [=>-] ETA: 43s
[1A[Jprocessed files:  55 / 76 [=>-] ETA: 43s
[1A[Jprocessed files:  55 / 76 [=>-] ETA: 43s
[1A[Jprocessed files:  55 / 76 [=>-] ETA: 43s
[1A[Jprocessed files:  55 / 76 [=>-] ETA: 43s
[1A[Jprocessed files:  55 / 76 [=>-] ETA: 43s
[1A[Jprocessed files:  55 / 76 [=>-] ETA: 43s
[1A[Jprocessed files:  55 / 76 [=>-] ETA: 43s
[1A[Jprocessed files:  55 / 76 [=>-] ETA: 43s
[1A[Jprocessed files:  55 / 76 [=>-] ETA: 43s
[1A[Jprocessed files:  55 / 76 [=>-] ETA: 43s
[1A[Jprocessed files:  56 / 76 [=>-] ETA: 40s
[1A[Jprocessed files:  56 / 76 [=>-] ETA: 40s
[1A[Jprocessed files:  56 / 76 [=>-] ETA: 40s
[1A[Jprocessed files:  56 / 76 [=>-] ETA: 40s
[1A[Jprocessed files:  56 / 76 [=>-] ETA: 40s
[1A[Jprocessed files:  56 / 76 [=>-] ETA: 40s
[1A[Jprocessed files:  56 / 76 [=>-] ETA: 40s
[1A[Jprocessed files:  56 / 76 [=>-] ETA: 40s
[1A[Jprocessed files:  56 / 76 [=>-] ETA: 40s
[1A[Jprocessed files:  56 / 76 [=>-] ETA: 40s
[1A[Jprocessed files:  56 / 76 [=>-] ETA: 40s
[1A[Jprocessed files:  56 / 76 [=>-] ETA: 40s
[1A[Jprocessed files:  56 / 76 [=>-] ETA: 40s
[1A[Jprocessed files:  56 / 76 [=>-] ETA: 40s
[1A[Jprocessed files:  56 / 76 [=>-] ETA: 40s
[1A[Jprocessed files:  56 / 76 [=>-] ETA: 40s
[1A[Jprocessed files:  56 / 76 [=>-] ETA: 40s
[1A[Jprocessed files:  56 / 76 [=>-] ETA: 40s
[1A[Jprocessed files:  56 / 76 [=>-] ETA: 40s
[1A[Jprocessed files:  56 / 76 [=>-] ETA: 40s
[1A[Jprocessed files:  56 / 76 [=>-] ETA: 40s
[1A[Jprocessed files:  56 / 76 [=>-] ETA: 40s
[1A[Jprocessed files:  57 / 76 [=>-] ETA: 42s
[1A[Jprocessed files:  57 / 76 [=>-] ETA: 42s
[1A[Jprocessed files:  57 / 76 [=>-] ETA: 42s
[1A[Jprocessed files:  57 / 76 [=>-] ETA: 42s
[1A[Jprocessed files:  57 / 76 [=>-] ETA: 42s
[1A[Jprocessed files:  57 / 76 [=>-] ETA: 42s
[1A[Jprocessed files:  57 / 76 [=>-] ETA: 42s
[1A[Jprocessed files:  57 / 76 [=>-] ETA: 42s
[1A[Jprocessed files:  57 / 76 [=>-] ETA: 42s
[1A[Jprocessed files:  57 / 76 [=>-] ETA: 42s
[1A[Jprocessed files:  57 / 76 [=>-] ETA: 42s
[1A[Jprocessed files:  57 / 76 [=>-] ETA: 42s
[1A[Jprocessed files:  57 / 76 [=>-] ETA: 42s
[1A[Jprocessed files:  57 / 76 [=>-] ETA: 42s
[1A[Jprocessed files:  57 / 76 [=>-] ETA: 42s
[1A[Jprocessed files:  57 / 76 [=>-] ETA: 42s
[1A[Jprocessed files:  57 / 76 [=>-] ETA: 42s
[1A[Jprocessed files:  57 / 76 [=>-] ETA: 42s
[1A[Jprocessed files:  57 / 76 [=>-] ETA: 42s
[1A[Jprocessed files:  57 / 76 [=>-] ETA: 42s
[1A[Jprocessed files:  57 / 76 [=>-] ETA: 42s
[1A[Jprocessed files:  57 / 76 [=>-] ETA: 42s
[1A[Jprocessed files:  57 / 76 [=>-] ETA: 42s
[1A[Jprocessed files:  58 / 76 [=>-] ETA: 43s
[1A[Jprocessed files:  58 / 76 [=>-] ETA: 43s
[1A[Jprocessed files:  58 / 76 [=>-] ETA: 43s
[1A[Jprocessed files:  58 / 76 [=>-] ETA: 43s
[1A[Jprocessed files:  58 / 76 [=>-] ETA: 43s
[1A[Jprocessed files:  58 / 76 [=>-] ETA: 43s
[1A[Jprocessed files:  58 / 76 [=>-] ETA: 43s
[1A[Jprocessed files:  58 / 76 [=>-] ETA: 43s
[1A[Jprocessed files:  58 / 76 [=>-] ETA: 43s
[1A[Jprocessed files:  58 / 76 [=>-] ETA: 43s
[1A[Jprocessed files:  58 / 76 [=>-] ETA: 43s
[1A[Jprocessed files:  58 / 76 [=>-] ETA: 43s
[1A[Jprocessed files:  58 / 76 [=>-] ETA: 43s
[1A[Jprocessed files:  58 / 76 [=>-] ETA: 43s
[1A[Jprocessed files:  58 / 76 [=>-] ETA: 43s
[1A[Jprocessed files:  58 / 76 [=>-] ETA: 43s
[1A[Jprocessed files:  58 / 76 [=>-] ETA: 43s
[1A[Jprocessed files:  58 / 76 [=>-] ETA: 43s
[1A[Jprocessed files:  58 / 76 [=>-] ETA: 43s
[1A[Jprocessed files:  59 / 76 [=>-] ETA: 40s
[1A[Jprocessed files:  59 / 76 [=>-] ETA: 40s
[1A[Jprocessed files:  59 / 76 [=>-] ETA: 40s
[1A[Jprocessed files:  59 / 76 [=>-] ETA: 40s
[1A[Jprocessed files:  59 / 76 [=>-] ETA: 40s
[1A[Jprocessed files:  59 / 76 [=>-] ETA: 40s
[1A[Jprocessed files:  59 / 76 [=>-] ETA: 40s
[1A[Jprocessed files:  59 / 76 [=>-] ETA: 40s
[1A[Jprocessed files:  59 / 76 [=>-] ETA: 40s
[1A[Jprocessed files:  59 / 76 [=>-] ETA: 40s
[1A[Jprocessed files:  59 / 76 [=>-] ETA: 40s
[1A[Jprocessed files:  59 / 76 [=>-] ETA: 40s
[1A[Jprocessed files:  59 / 76 [=>-] ETA: 40s
[1A[Jprocessed files:  59 / 76 [=>-] ETA: 40s
[1A[Jprocessed files:  59 / 76 [=>-] ETA: 40s
[1A[Jprocessed files:  59 / 76 [=>-] ETA: 40s
[1A[Jprocessed files:  59 / 76 [=>-] ETA: 40s
[1A[Jprocessed files:  59 / 76 [=>-] ETA: 40s
[1A[Jprocessed files:  59 / 76 [=>-] ETA: 40s
[1A[Jprocessed files:  59 / 76 [=>-] ETA: 40s
[1A[Jprocessed files:  60 / 76 [=>-] ETA: 38s
[1A[Jprocessed files:  60 / 76 [=>-] ETA: 38s
[1A[Jprocessed files:  60 / 76 [=>-] ETA: 38s
[1A[Jprocessed files:  60 / 76 [=>-] ETA: 38s
[1A[Jprocessed files:  60 / 76 [=>-] ETA: 38s
[1A[Jprocessed files:  60 / 76 [=>-] ETA: 38s
[1A[Jprocessed files:  60 / 76 [=>-] ETA: 38s
[1A[Jprocessed files:  60 / 76 [=>-] ETA: 38s
[1A[Jprocessed files:  60 / 76 [=>-] ETA: 38s
[1A[Jprocessed files:  60 / 76 [=>-] ETA: 38s
[1A[Jprocessed files:  60 / 76 [=>-] ETA: 38s
[1A[Jprocessed files:  60 / 76 [=>-] ETA: 38s
[1A[Jprocessed files:  60 / 76 [=>-] ETA: 38s
[1A[Jprocessed files:  60 / 76 [=>-] ETA: 38s
[1A[Jprocessed files:  60 / 76 [=>-] ETA: 38s
[1A[Jprocessed files:  60 / 76 [=>-] ETA: 38s
[1A[Jprocessed files:  60 / 76 [=>-] ETA: 38s
[1A[Jprocessed files:  60 / 76 [=>-] ETA: 38s
[1A[Jprocessed files:  61 / 76 [=>-] ETA: 34s
[1A[Jprocessed files:  61 / 76 [=>-] ETA: 34s
[1A[Jprocessed files:  61 / 76 [=>-] ETA: 34s
[1A[Jprocessed files:  61 / 76 [=>-] ETA: 34s
[1A[Jprocessed files:  61 / 76 [=>-] ETA: 34s
[1A[Jprocessed files:  61 / 76 [=>-] ETA: 34s
[1A[Jprocessed files:  61 / 76 [=>-] ETA: 34s
[1A[Jprocessed files:  61 / 76 [=>-] ETA: 34s
[1A[Jprocessed files:  61 / 76 [=>-] ETA: 34s
[1A[Jprocessed files:  61 / 76 [=>-] ETA: 34s
[1A[Jprocessed files:  61 / 76 [=>-] ETA: 34s
[1A[Jprocessed files:  61 / 76 [=>-] ETA: 34s
[1A[Jprocessed files:  61 / 76 [=>-] ETA: 34s
[1A[Jprocessed files:  61 / 76 [=>-] ETA: 34s
[1A[Jprocessed files:  61 / 76 [=>-] ETA: 34s
[1A[Jprocessed files:  61 / 76 [=>-] ETA: 34s
[1A[Jprocessed files:  61 / 76 [=>-] ETA: 34s
[1A[Jprocessed files:  61 / 76 [=>-] ETA: 34s
[1A[Jprocessed files:  62 / 76 [=>-] ETA: 31s
[1A[Jprocessed files:  62 / 76 [=>-] ETA: 31s
[1A[Jprocessed files:  62 / 76 [=>-] ETA: 31s
[1A[Jprocessed files:  62 / 76 [=>-] ETA: 31s
[1A[Jprocessed files:  62 / 76 [=>-] ETA: 31s
[1A[Jprocessed files:  62 / 76 [=>-] ETA: 31s
[1A[Jprocessed files:  62 / 76 [=>-] ETA: 31s
[1A[Jprocessed files:  62 / 76 [=>-] ETA: 31s
[1A[Jprocessed files:  62 / 76 [=>-] ETA: 31s
[1A[Jprocessed files:  62 / 76 [=>-] ETA: 31s
[1A[Jprocessed files:  62 / 76 [=>-] ETA: 31s
[1A[Jprocessed files:  62 / 76 [=>-] ETA: 31s
[1A[Jprocessed files:  62 / 76 [=>-] ETA: 31s
[1A[Jprocessed files:  62 / 76 [=>-] ETA: 31s
[1A[Jprocessed files:  62 / 76 [=>-] ETA: 31s
[1A[Jprocessed files:  62 / 76 [=>-] ETA: 31s
[1A[Jprocessed files:  62 / 76 [=>-] ETA: 31s
[1A[Jprocessed files:  62 / 76 [=>-] ETA: 31s
[1A[Jprocessed files:  62 / 76 [=>-] ETA: 31s
[1A[Jprocessed files:  63 / 76 [=>-] ETA: 29s
[1A[Jprocessed files:  63 / 76 [=>-] ETA: 29s
[1A[Jprocessed files:  63 / 76 [=>-] ETA: 29s
[1A[Jprocessed files:  63 / 76 [=>-] ETA: 29s
[1A[Jprocessed files:  63 / 76 [=>-] ETA: 29s
[1A[Jprocessed files:  63 / 76 [=>-] ETA: 29s
[1A[Jprocessed files:  63 / 76 [=>-] ETA: 29s
[1A[Jprocessed files:  63 / 76 [=>-] ETA: 29s
[1A[Jprocessed files:  63 / 76 [=>-] ETA: 29s
[1A[Jprocessed files:  63 / 76 [=>-] ETA: 29s
[1A[Jprocessed files:  63 / 76 [=>-] ETA: 29s
[1A[Jprocessed files:  63 / 76 [=>-] ETA: 29s
[1A[Jprocessed files:  63 / 76 [=>-] ETA: 29s
[1A[Jprocessed files:  63 / 76 [=>-] ETA: 29s
[1A[Jprocessed files:  63 / 76 [=>-] ETA: 29s
[1A[Jprocessed files:  63 / 76 [=>-] ETA: 29s
[1A[Jprocessed files:  63 / 76 [=>-] ETA: 29s
[1A[Jprocessed files:  63 / 76 [=>-] ETA: 29s
[1A[Jprocessed files:  63 / 76 [=>-] ETA: 29s
[1A[Jprocessed files:  63 / 76 [=>-] ETA: 29s
[1A[Jprocessed files:  64 / 76 [===] ETA: 27s
[1A[Jprocessed files:  64 / 76 [===] ETA: 27s
[1A[Jprocessed files:  64 / 76 [===] ETA: 27s
[1A[Jprocessed files:  64 / 76 [===] ETA: 27s
[1A[Jprocessed files:  64 / 76 [===] ETA: 27s
[1A[Jprocessed files:  64 / 76 [===] ETA: 27s
[1A[Jprocessed files:  64 / 76 [===] ETA: 27s
[1A[Jprocessed files:  64 / 76 [===] ETA: 27s
[1A[Jprocessed files:  64 / 76 [===] ETA: 27s
[1A[Jprocessed files:  64 / 76 [===] ETA: 27s
[1A[Jprocessed files:  64 / 76 [===] ETA: 27s
[1A[Jprocessed files:  64 / 76 [===] ETA: 27s
[1A[Jprocessed files:  64 / 76 [===] ETA: 27s
[1A[Jprocessed files:  64 / 76 [===] ETA: 27s
[1A[Jprocessed files:  64 / 76 [===] ETA: 27s
[1A[Jprocessed files:  64 / 76 [===] ETA: 27s
[1A[Jprocessed files:  64 / 76 [===] ETA: 27s
[1A[Jprocessed files:  64 / 76 [===] ETA: 27s
[1A[Jprocessed files:  64 / 76 [===] ETA: 27s
[1A[Jprocessed files:  64 / 76 [===] ETA: 27s
[1A[Jprocessed files:  64 / 76 [===] ETA: 27s
[1A[Jprocessed files:  64 / 76 [===] ETA: 27s
[1A[Jprocessed files:  64 / 76 [===] ETA: 27s
[1A[Jprocessed files:  65 / 76 [===] ETA: 27s
[1A[Jprocessed files:  65 / 76 [===] ETA: 27s
[1A[Jprocessed files:  65 / 76 [===] ETA: 27s
[1A[Jprocessed files:  65 / 76 [===] ETA: 27s
[1A[Jprocessed files:  65 / 76 [===] ETA: 27s
[1A[Jprocessed files:  65 / 76 [===] ETA: 27s
[1A[Jprocessed files:  65 / 76 [===] ETA: 27s
[1A[Jprocessed files:  65 / 76 [===] ETA: 27s
[1A[Jprocessed files:  65 / 76 [===] ETA: 27s
[1A[Jprocessed files:  65 / 76 [===] ETA: 27s
[1A[Jprocessed files:  65 / 76 [===] ETA: 27s
[1A[Jprocessed files:  65 / 76 [===] ETA: 27s
[1A[Jprocessed files:  65 / 76 [===] ETA: 27s
[1A[Jprocessed files:  65 / 76 [===] ETA: 27s
[1A[Jprocessed files:  65 / 76 [===] ETA: 27s
[1A[Jprocessed files:  65 / 76 [===] ETA: 27s
[1A[Jprocessed files:  65 / 76 [===] ETA: 27s
[1A[Jprocessed files:  65 / 76 [===] ETA: 27s
[1A[Jprocessed files:  65 / 76 [===] ETA: 27s
[1A[Jprocessed files:  65 / 76 [===] ETA: 27s
[1A[Jprocessed files:  65 / 76 [===] ETA: 27s
[1A[Jprocessed files:  65 / 76 [===] ETA: 27s
[1A[Jprocessed files:  65 / 76 [===] ETA: 27s
[1A[Jprocessed files:  65 / 76 [===] ETA: 27s
[1A[Jprocessed files:  66 / 76 [===] ETA: 26s
[1A[Jprocessed files:  66 / 76 [===] ETA: 26s
[1A[Jprocessed files:  66 / 76 [===] ETA: 26s
[1A[Jprocessed files:  66 / 76 [===] ETA: 26s
[1A[Jprocessed files:  66 / 76 [===] ETA: 26s
[1A[Jprocessed files:  66 / 76 [===] ETA: 26s
[1A[Jprocessed files:  66 / 76 [===] ETA: 26s
[1A[Jprocessed files:  66 / 76 [===] ETA: 26s
[1A[Jprocessed files:  66 / 76 [===] ETA: 26s
[1A[Jprocessed files:  66 / 76 [===] ETA: 26s
[1A[Jprocessed files:  66 / 76 [===] ETA: 26s
[1A[Jprocessed files:  66 / 76 [===] ETA: 26s
[1A[Jprocessed files:  66 / 76 [===] ETA: 26s
[1A[Jprocessed files:  66 / 76 [===] ETA: 26s
[1A[Jprocessed files:  66 / 76 [===] ETA: 26s
[1A[Jprocessed files:  66 / 76 [===] ETA: 26s
[1A[Jprocessed files:  66 / 76 [===] ETA: 26s
[1A[Jprocessed files:  66 / 76 [===] ETA: 26s
[1A[Jprocessed files:  66 / 76 [===] ETA: 26s
[1A[Jprocessed files:  66 / 76 [===] ETA: 26s
[1A[Jprocessed files:  66 / 76 [===] ETA: 26s
[1A[Jprocessed files:  66 / 76 [===] ETA: 26s
[1A[Jprocessed files:  66 / 76 [===] ETA: 26s
[1A[Jprocessed files:  66 / 76 [===] ETA: 26s
[1A[Jprocessed files:  66 / 76 [===] ETA: 26s
[1A[Jprocessed files:  66 / 76 [===] ETA: 26s
[1A[Jprocessed files:  67 / 76 [===] ETA: 25s
[1A[Jprocessed files:  67 / 76 [===] ETA: 25s
[1A[Jprocessed files:  67 / 76 [===] ETA: 25s
[1A[Jprocessed files:  67 / 76 [===] ETA: 25s
[1A[Jprocessed files:  67 / 76 [===] ETA: 25s
[1A[Jprocessed files:  67 / 76 [===] ETA: 25s
[1A[Jprocessed files:  67 / 76 [===] ETA: 25s
[1A[Jprocessed files:  67 / 76 [===] ETA: 25s
[1A[Jprocessed files:  67 / 76 [===] ETA: 25s
[1A[Jprocessed files:  67 / 76 [===] ETA: 25s
[1A[Jprocessed files:  67 / 76 [===] ETA: 25s
[1A[Jprocessed files:  67 / 76 [===] ETA: 25s
[1A[Jprocessed files:  67 / 76 [===] ETA: 25s
[1A[Jprocessed files:  67 / 76 [===] ETA: 25s
[1A[Jprocessed files:  67 / 76 [===] ETA: 25s
[1A[Jprocessed files:  67 / 76 [===] ETA: 25s
[1A[Jprocessed files:  67 / 76 [===] ETA: 25s
[1A[Jprocessed files:  67 / 76 [===] ETA: 25s
[1A[Jprocessed files:  67 / 76 [===] ETA: 25s
[1A[Jprocessed files:  67 / 76 [===] ETA: 25s
[1A[Jprocessed files:  67 / 76 [===] ETA: 25s
[1A[Jprocessed files:  67 / 76 [===] ETA: 25s
[1A[Jprocessed files:  67 / 76 [===] ETA: 25s
[1A[Jprocessed files:  67 / 76 [===] ETA: 25s
[1A[Jprocessed files:  67 / 76 [===] ETA: 25s
[1A[Jprocessed files:  67 / 76 [===] ETA: 25s
[1A[Jprocessed files:  67 / 76 [===] ETA: 25s
[1A[Jprocessed files:  67 / 76 [===] ETA: 25s
[1A[Jprocessed files:  68 / 76 [===] ETA: 23s
[1A[Jprocessed files:  68 / 76 [===] ETA: 23s
[1A[Jprocessed files:  68 / 76 [===] ETA: 23s
[1A[Jprocessed files:  68 / 76 [===] ETA: 23s
[1A[Jprocessed files:  68 / 76 [===] ETA: 23s
[1A[Jprocessed files:  68 / 76 [===] ETA: 23s
[1A[Jprocessed files:  68 / 76 [===] ETA: 23s
[1A[Jprocessed files:  68 / 76 [===] ETA: 23s
[1A[Jprocessed files:  68 / 76 [===] ETA: 23s
[1A[Jprocessed files:  68 / 76 [===] ETA: 23s
[1A[Jprocessed files:  68 / 76 [===] ETA: 23s
[1A[Jprocessed files:  68 / 76 [===] ETA: 23s
[1A[Jprocessed files:  68 / 76 [===] ETA: 23s
[1A[Jprocessed files:  68 / 76 [===] ETA: 23s
[1A[Jprocessed files:  68 / 76 [===] ETA: 23s
[1A[Jprocessed files:  68 / 76 [===] ETA: 23s
[1A[Jprocessed files:  68 / 76 [===] ETA: 23s
[1A[Jprocessed files:  69 / 76 [===] ETA: 18s
[1A[Jprocessed files:  69 / 76 [===] ETA: 18s
[1A[Jprocessed files:  69 / 76 [===] ETA: 18s
[1A[Jprocessed files:  69 / 76 [===] ETA: 18s
[1A[Jprocessed files:  69 / 76 [===] ETA: 18s
[1A[Jprocessed files:  69 / 76 [===] ETA: 18s
[1A[Jprocessed files:  69 / 76 [===] ETA: 18s
[1A[Jprocessed files:  69 / 76 [===] ETA: 18s
[1A[Jprocessed files:  69 / 76 [===] ETA: 18s
[1A[Jprocessed files:  69 / 76 [===] ETA: 18s
[1A[Jprocessed files:  69 / 76 [===] ETA: 18s
[1A[Jprocessed files:  69 / 76 [===] ETA: 18s
[1A[Jprocessed files:  69 / 76 [===] ETA: 18s
[1A[Jprocessed files:  69 / 76 [===] ETA: 18s
[1A[Jprocessed files:  69 / 76 [===] ETA: 18s
[1A[Jprocessed files:  69 / 76 [===] ETA: 18s
[1A[Jprocessed files:  69 / 76 [===] ETA: 18s
[1A[Jprocessed files:  69 / 76 [===] ETA: 18s
[1A[Jprocessed files:  70 / 76 [===] ETA: 14s
[1A[Jprocessed files:  70 / 76 [===] ETA: 14s
[1A[Jprocessed files:  70 / 76 [===] ETA: 14s
[1A[Jprocessed files:  70 / 76 [===] ETA: 14s
[1A[Jprocessed files:  70 / 76 [===] ETA: 14s
[1A[Jprocessed files:  70 / 76 [===] ETA: 14s
[1A[Jprocessed files:  70 / 76 [===] ETA: 14s
[1A[Jprocessed files:  70 / 76 [===] ETA: 14s
[1A[Jprocessed files:  70 / 76 [===] ETA: 14s
[1A[Jprocessed files:  70 / 76 [===] ETA: 14s
[1A[Jprocessed files:  70 / 76 [===] ETA: 14s
[1A[Jprocessed files:  70 / 76 [===] ETA: 14s
[1A[Jprocessed files:  70 / 76 [===] ETA: 14s
[1A[Jprocessed files:  70 / 76 [===] ETA: 14s
[1A[Jprocessed files:  70 / 76 [===] ETA: 14s
[1A[Jprocessed files:  70 / 76 [===] ETA: 14s
[1A[Jprocessed files:  70 / 76 [===] ETA: 14s
[1A[Jprocessed files:  71 / 76 [===] ETA: 11s
[1A[Jprocessed files:  71 / 76 [===] ETA: 11s
[1A[Jprocessed files:  71 / 76 [===] ETA: 11s
[1A[Jprocessed files:  71 / 76 [===] ETA: 11s
[1A[Jprocessed files:  71 / 76 [===] ETA: 11s
[1A[Jprocessed files:  71 / 76 [===] ETA: 11s
[1A[Jprocessed files:  71 / 76 [===] ETA: 11s
[1A[Jprocessed files:  71 / 76 [===] ETA: 11s
[1A[Jprocessed files:  71 / 76 [===] ETA: 11s
[1A[Jprocessed files:  71 / 76 [===] ETA: 11s
[1A[Jprocessed files:  71 / 76 [===] ETA: 11s
[1A[Jprocessed files:  71 / 76 [===] ETA: 11s
[1A[Jprocessed files:  71 / 76 [===] ETA: 11s
[1A[Jprocessed files:  71 / 76 [===] ETA: 11s
[1A[Jprocessed files:  71 / 76 [===] ETA: 11s
[1A[Jprocessed files:  71 / 76 [===] ETA: 11s
[1A[Jprocessed files:  71 / 76 [===] ETA: 11s
[1A[Jprocessed files:  71 / 76 [===] ETA: 11s
[1A[Jprocessed files:  71 / 76 [===] ETA: 11s
[1A[Jprocessed files:  72 / 76 [====] ETA: 9s
[1A[Jprocessed files:  72 / 76 [====] ETA: 9s
[1A[Jprocessed files:  72 / 76 [====] ETA: 9s
[1A[Jprocessed files:  72 / 76 [====] ETA: 9s
[1A[Jprocessed files:  72 / 76 [====] ETA: 9s
[1A[Jprocessed files:  72 / 76 [====] ETA: 9s
[1A[Jprocessed files:  72 / 76 [====] ETA: 9s
[1A[Jprocessed files:  72 / 76 [====] ETA: 9s
[1A[Jprocessed files:  72 / 76 [====] ETA: 9s
[1A[Jprocessed files:  72 / 76 [====] ETA: 9s
[1A[Jprocessed files:  72 / 76 [====] ETA: 9s
[1A[Jprocessed files:  72 / 76 [====] ETA: 9s
[1A[Jprocessed files:  72 / 76 [====] ETA: 9s
[1A[Jprocessed files:  72 / 76 [====] ETA: 9s
[1A[Jprocessed files:  72 / 76 [====] ETA: 9s
[1A[Jprocessed files:  73 / 76 [====] ETA: 6s
[1A[Jprocessed files:  73 / 76 [====] ETA: 6s
[1A[Jprocessed files:  73 / 76 [====] ETA: 6s
[1A[Jprocessed files:  73 / 76 [====] ETA: 6s
[1A[Jprocessed files:  73 / 76 [====] ETA: 6s
[1A[Jprocessed files:  73 / 76 [====] ETA: 6s
[1A[Jprocessed files:  73 / 76 [====] ETA: 6s
[1A[Jprocessed files:  73 / 76 [====] ETA: 6s
[1A[Jprocessed files:  73 / 76 [====] ETA: 6s
[1A[Jprocessed files:  73 / 76 [====] ETA: 6s
[1A[Jprocessed files:  73 / 76 [====] ETA: 6s
[1A[Jprocessed files:  73 / 76 [====] ETA: 6s
[1A[Jprocessed files:  73 / 76 [====] ETA: 6s
[1A[Jprocessed files:  73 / 76 [====] ETA: 6s
[1A[Jprocessed files:  73 / 76 [====] ETA: 6s
[1A[Jprocessed files:  73 / 76 [====] ETA: 6s
[1A[Jprocessed files:  73 / 76 [====] ETA: 6s
[1A[Jprocessed files:  73 / 76 [====] ETA: 6s
[1A[Jprocessed files:  74 / 76 [====] ETA: 4s
[1A[Jprocessed files:  75 / 76 [====] ETA: 1s
[1A[Jprocessed files:  76 / 76 [====] ETA: 0s
[1A[Jprocessed files:  76 / 76  ETA: 0s. done
[1A[Jprocessed files:  76 / 76  ETA: 0s. done
[Thu Jun 26 00:20:24 2025]
Finished job 0.
1 of 1 steps (100%) done
