2026-04-14 15:23:34.003158 INFO::Writing function arguments to log file
2026-04-14 15:23:34.004291 DEBUG::Function arguments
2026-04-14 15:23:34.004739 DEBUG::Output folder: /Users/danielcm/Desktop/Sickkids/Maaslin2.6/maaslin2_Sex_and_Consortium_pathway_Male_NS1_vs_Female_NS1_ref_Sex_and_Consortium,Male_NS1
2026-04-14 15:23:34.005167 DEBUG::Min Abundance: 0.000000
2026-04-14 15:23:34.005561 DEBUG::Min Prevalence: 0.100000
2026-04-14 15:23:34.005959 DEBUG::Normalization: TSS
2026-04-14 15:23:34.006348 DEBUG::Transform: LOG
2026-04-14 15:23:34.006739 DEBUG::Analysis method: LM
2026-04-14 15:23:34.007132 DEBUG::Max significance: 0.250000
2026-04-14 15:23:34.007534 DEBUG::Random effects:
2026-04-14 15:23:34.007926 DEBUG::Fixed effects: Sex_and_Consortium
2026-04-14 15:23:34.008313 DEBUG::Correction method: BH
2026-04-14 15:23:34.008707 DEBUG::Standardize: TRUE
2026-04-14 15:23:34.009095 DEBUG::Cores: 8
2026-04-14 15:23:34.00947 INFO::Verifying options selected are valid
2026-04-14 15:23:34.010417 INFO::Determining format of input files
2026-04-14 15:23:34.011345 INFO::Input format is data samples as rows and metadata samples as rows
2026-04-14 15:23:34.013058 DEBUG::The following samples were found to have features but no metadata. They will be removed. NS1_inocula,NS1_defined_inocula,NS1_mouse_inoculum,1174R_0_M_S2_week9,160R_0_F_S2_week10,160R_L_F_S2_week10,2446R_0_F_S2_week9,3795R_R_F_S2_week10,3896R_0_M_S2_week10,3896R_L_M_S2_week10,3909R_R_M_S2_week10,S2_inocula,073R_0_M_S2_week5,073R_0_M_S2_week6,073R_0_M_S2_week7,073R_0_M_S2_week9,1067R_R_M_S2_week5,1067R_R_M_S2_week6,1067R_R_M_S2_week7,1067R_R_M_S2_week9,1152R_0_M_S2_week9,2404R_R_F_S2_week5,2404R_R_F_S2_week6,2404R_R_F_S2_week7,2404R_R_F_S2_week9,2446R_L_F_S2_week5,2446R_L_F_S2_week6,2446R_L_F_S2_week7,2446R_L_F_S2_week9,3795R_0_F_S2_week5,3795R_0_F_S2_week6,3795R_0_F_S2_week7,3795R_0_F_S2_week9,3909R_0_M_S2_week5,3909R_0_M_S2_week6,3909R_0_M_S2_week7,3909R_0_M_S2_week9,3918R_R_M_S2_week5,3918R_R_M_S2_week6,3918R_R_M_S2_week7,3918R_R_M_S2_week9,3969R_0_F_S2_week5,3969R_0_F_S2_week6,3969R_0_F_S2_week7,3969R_0_F_S2_week9,3980R_0_F_S2_week9,073R_R_M_S2_diabetes,073R_R_M_S2_Pellet_week9,073R_R_M_S2_week5,073R_S2_week21,1067R_0_M_S2_week5,1067R_0_M_S2_week9,1067R_L_M_S2_week5,1067R_L_M_S2_week9,1067R_R_M_S2_diabetes,1067R_S2_week27,1152R_0_M_S2_week5,1152R_L_M_S2_diabetes,1152R_L_M_S2_week5,1152R_L_M_S2_week9,1152R_R_M_S2_week5,1152R_R_M_S2_week9,1152R_S2_week28,1174R_0_M_S2_diabetes,1174R_0_M_S2_week5,1174R_S2_week14,2404R_0_F_S2_week5,2404R_0_F_S2_week9,2404R_L_F_S2_diabetes,2404R_L_F_S2_week5,2404R_L_F_S2_week9,2404R_S2_week14,2446R_0_F_S2_week5,2446R_L_F_S2_diabetes,2446R_R_F_S2_Pellet_week9,2446R_R_F_S2_week5,2446R_RL_F_S2_Pellet_week9,2446R_RL_F_S2_week5,2446R_S2_week15,2453R_0_F_S2_Pellet_week9,2453R_0_F_S2_week5,2453R_L_F_S2_diabetes,2453R_L_F_S2_Pellet_week9,2453R_L_F_S2_week5,2453R_R_F_S2_diabetes,2453R_R_F_S2_Pellet_week9,2453R_R_F_S2_week5,2453R_S2_week21,3795R_L_F_S2_week5,3795R_L_F_S2_week9,3880R_0_F_S2_week5,3880R_0_F_S2_week9,3880R_L_F_S2_week5,3880R_L_F_S2_week9,3880R_R_F_S2_week5,3880R_R_F_S2_week9,3880R_S2_week15,3909R_0_M_S2_diabetes,3909R_L_M_S2_diabetes,3909R_L_M_S2_week5,3909R_L_M_S2_week9,3909R_S2_week21,3918R_0_M_S2_diabetes,3918R_0_M_S2_week5,3918R_0_M_S2_week9,3918R_L_M_S2_week5,3918R_L_M_S2_week9,3918R_RL_M_S2_week5,3918R_RL_M_S2_week9,3918R_RR_M_S2_week5,3918R_RR_M_S2_week9,3918R_S2_week29,3969R_R_F_S2_diabetes,3969R_R_F_S2_Pellet_week9,3969R_R_F_S2_week5,3969R_S2_week18,3980R_0_F_S2_diabetes,3980R_0_F_S2_week5,3980R_L_F_S2_Pellet_week9,3980R_L_F_S2_week5,3980R_R_F_S2_diabetes,3980R_R_F_S2_Pellet_week9,3980R_R_F_S2_week5,3980R_S2_week14,S2_defined_inocula,048R_S2_R_Female_week5,048R_S2_R_Female_week9,1050R_S2_L_Male_week5,1050R_S2_L_Male_week9,1050R_S2_R_Male_week5,1050R_S2_R_Male_week9,1050R_S2_RR_Male_week5,1050R_S2_RR_Male_week9,1127R_S2_0_Female_week5,1127R_S2_0_Female_week9,1127R_S2_R_Female_week5,1127R_S2_R_Female_week9,2514R_S2_L_Male_week5,2514R_S2_L_Male_week9,2514R_S2_R_Male_week5,2514R_S2_R_Male_week9,3995R_S2_0_Female_week5,3995R_S2_0_Female_week9,3995R_S2_L_Female_week5,3995R_S2_L_Female_week9,3995R_S2_R_Female_week5,3995R_S2_R_Female_week9,3995R_S2_RR_Female_week5,3995R_S2_RR_Female_week9,3997R_S2_L_Male_week5,3997R_S2_L_Male_week9,3997R_S2_R_Male_week5,3997R_S2_R_Male_week9,S2_mouse_inoculum,1002R_0_M_NS6_week10,1002R_L_M_NS6_week10,1075R_0_M_NS6_week9,184R_0_F_NS6_week10,184R_L_F_NS6_week10,2403R_L_F_NS6_week10,2506R_0_F_NS6_week10,3894R_0_M_NS6_week10,NS6_inocula,016R_0_F_NS6_week9,1075R_L_M_NS6_week9,1184R_0_M_NS6_week9,1186R_0_M_NS6_week9,1186R_RR_M_NS6_week9,184R_0_M_NS6_week9,2403R_0_F_NS6_week9,2476R_R_F_NS6_week9,2562R_0_F_NS6_week9,2562R_RL_F_NS6_week9,016R_0_F_NS6_week5,016R_R_F_NS6_Pellet_week9,1075R_RL_M_NS6_Pellet_week9,NS6_defined_inocula,016R_R_F_NS6_week5,1075R_0_M_NS6_week5,1075R_RL_M_NS6_week5,1184R_0_M_NS6_week5,1186R_0_M_NS6_week5,1186R_RR_M_NS6_week5,184R_0_M_NS6_week5,2403R_0_F_NS6_week5,2476R_R_F_NS6_week5,2562R_0_F_NS6_week5,2562R_RL_F_NS6_week5,NS6_defined_inocula.1,1136R_R_F_S5_week10,1136R_RL_F_S5_week10,2518R_L_M_S5_week10,2518R_R_M_S5_week10,3752R_0_F_S5_week10,3752R_L_F_S5_week10,3893R_R_M_S5_week10,3893R_RL_M_S5_week10,S5_inocula,096R_0_M_S5_week9,1060R_L_M_S5_week9,1076R_0_M_S5_week9,1136R_0_F_S5_week9,2402R_0_F_S5_week9,2433R_0_F_S5_week9,2475R_0_M_S5_week9,2518R_0_M_S5_week9,3924R_L_F_S5_week9,3929R_0_F_S5_week9,096R_0_M_S5_week5,2402R_R_F_S5_Pellet_week9,2475R_RL_M_S5_Pellet_week9,S5_defined_inocula,1060R_L_M_S5_week5,1076R_0_M_S5_week5,1136R_0_F_S5_week5,2402R_0_F_S5_week5,2402R_R_F_S5_week5,2475R_RL_M_S5_week5,2518R_0_M_S5_week5,3924R_L_F_S5_week5,3929R_0_F_S5_week5,S5_defined_inocula.1
2026-04-14 15:23:34.013997 DEBUG::A total of 127 samples were found in both the data and metadata
2026-04-14 15:23:34.014432 DEBUG::Reordering data/metadata to use same sample ordering
2026-04-14 15:23:34.017485 INFO::Formula for fixed effects: expr ~  Sex_and_Consortium
2026-04-14 15:23:34.018914 INFO::Filter data based on min abundance and min prevalence
2026-04-14 15:23:34.019842 INFO::Total samples in data: 127
2026-04-14 15:23:34.02072 INFO::Min samples required with min abundance for a feature not to be filtered: 12.700000
2026-04-14 15:23:34.024807 INFO::Total filtered features: 6
2026-04-14 15:23:34.025786 INFO::Filtered feature names from abundance and prevalence filtering: CRNFORCAT.PWY, PWY.2201, PWY.6148, PWY.6676, P281.PWY, PWY.3781
2026-04-14 15:23:34.032454 INFO::Total filtered features with variance filtering: 0
2026-04-14 15:23:34.033611 INFO::Filtered feature names from variance filtering:
2026-04-14 15:23:34.034506 INFO::Running selected normalization method: TSS
2026-04-14 15:23:34.039425 INFO::Applying z-score to standardize continuous metadata
2026-04-14 15:23:34.041754 INFO::Running selected transform method: LOG
2026-04-14 15:23:34.048944 INFO::Running selected analysis method: LM
2026-04-14 15:23:34.050063 INFO::Creating cluster of 8 R processes
2026-04-14 15:23:41.786834 INFO::Counting total values for each feature
2026-04-14 15:23:41.805645 INFO::Writing filtered data to file /Users/danielcm/Desktop/Sickkids/Maaslin2.6/maaslin2_Sex_and_Consortium_pathway_Male_NS1_vs_Female_NS1_ref_Sex_and_Consortium,Male_NS1/features/filtered_data.tsv
2026-04-14 15:23:41.840374 INFO::Writing filtered, normalized data to file /Users/danielcm/Desktop/Sickkids/Maaslin2.6/maaslin2_Sex_and_Consortium_pathway_Male_NS1_vs_Female_NS1_ref_Sex_and_Consortium,Male_NS1/features/filtered_data_norm.tsv
2026-04-14 15:23:41.881788 INFO::Writing filtered, normalized, transformed data to file /Users/danielcm/Desktop/Sickkids/Maaslin2.6/maaslin2_Sex_and_Consortium_pathway_Male_NS1_vs_Female_NS1_ref_Sex_and_Consortium,Male_NS1/features/filtered_data_norm_transformed.tsv
2026-04-14 15:23:41.924682 INFO::Writing residuals to file /Users/danielcm/Desktop/Sickkids/Maaslin2.6/maaslin2_Sex_and_Consortium_pathway_Male_NS1_vs_Female_NS1_ref_Sex_and_Consortium,Male_NS1/fits/residuals.rds
2026-04-14 15:23:41.950781 INFO::Writing fitted values to file /Users/danielcm/Desktop/Sickkids/Maaslin2.6/maaslin2_Sex_and_Consortium_pathway_Male_NS1_vs_Female_NS1_ref_Sex_and_Consortium,Male_NS1/fits/fitted.rds
2026-04-14 15:23:41.954699 INFO::Writing all results to file (ordered by increasing q-values): /Users/danielcm/Desktop/Sickkids/Maaslin2.6/maaslin2_Sex_and_Consortium_pathway_Male_NS1_vs_Female_NS1_ref_Sex_and_Consortium,Male_NS1/all_results.tsv
2026-04-14 15:23:41.958277 INFO::Writing the significant results (those which are less than or equal to the threshold of 0.250000 ) to file (ordered by increasing q-values): /Users/danielcm/Desktop/Sickkids/Maaslin2.6/maaslin2_Sex_and_Consortium_pathway_Male_NS1_vs_Female_NS1_ref_Sex_and_Consortium,Male_NS1/significant_results.tsv
2026-04-14 15:23:41.959548 INFO::Writing heatmap of significant results to file: /Users/danielcm/Desktop/Sickkids/Maaslin2.6/maaslin2_Sex_and_Consortium_pathway_Male_NS1_vs_Female_NS1_ref_Sex_and_Consortium,Male_NS1/heatmap.pdf
