2026-04-14 14:46:44.287377 INFO::Writing function arguments to log file
2026-04-14 14:46:44.288888 DEBUG::Function arguments
2026-04-14 14:46:44.289446 DEBUG::Output folder: /Users/danielcm/Desktop/Sickkids/Maaslin2.6/maaslin2_Week_and_Consortium_KO_NS6_w5_vs_S2_w5_ref_Week_and_Consortium,S2_w5
2026-04-14 14:46:44.28999 DEBUG::Min Abundance: 0.000000
2026-04-14 14:46:44.290529 DEBUG::Min Prevalence: 0.100000
2026-04-14 14:46:44.291073 DEBUG::Normalization: TSS
2026-04-14 14:46:44.291613 DEBUG::Transform: LOG
2026-04-14 14:46:44.292148 DEBUG::Analysis method: LM
2026-04-14 14:46:44.292751 DEBUG::Max significance: 0.250000
2026-04-14 14:46:44.293366 DEBUG::Random effects: Sex
2026-04-14 14:46:44.293927 DEBUG::Fixed effects: Week_and_Consortium
2026-04-14 14:46:44.294555 DEBUG::Correction method: BH
2026-04-14 14:46:44.295119 DEBUG::Standardize: TRUE
2026-04-14 14:46:44.29567 DEBUG::Cores: 8
2026-04-14 14:46:44.296194 INFO::Verifying options selected are valid
2026-04-14 14:46:44.297555 INFO::Determining format of input files
2026-04-14 14:46:44.298883 INFO::Input format is data samples as rows and metadata samples as rows
2026-04-14 14:46:44.313672 DEBUG::The following samples were found to have features but no metadata. They will be removed. 1030R_0_M_NS1_week10,1030R_R_M_NS1_week10,2472R_0_F_NS1_week10,2472R_R_F_NS1_week10,3874R_0_F_NS1_week10,3874R_L_F_NS1_week10,3974R_0_M_NS1_week10,3974R_L_M_NS1_week10,NS1_inocula,036R_R_M_NS1_week5,036R_R_M_NS1_week6,036R_R_M_NS1_week7,036R_R_M_NS1_week9,1030R_L_M_NS1_week5,1030R_L_M_NS1_week6,1030R_L_M_NS1_week7,1030R_L_M_NS1_week9,1121R_0_M_NS1_week5,1121R_0_M_NS1_week6,1121R_0_M_NS1_week7,1121R_0_M_NS1_week9,1151R_R_M_NS1_week5,1151R_R_M_NS1_week6,1151R_R_M_NS1_week7,1151R_R_M_NS1_week9,1193R_R_F_NS1_week5,1193R_R_F_NS1_week6,1193R_R_F_NS1_week7,1193R_R_F_NS1_week9,2529R_R_F_NS1_week5,2529R_R_F_NS1_week6,2529R_R_F_NS1_week7,2529R_R_F_NS1_week9,3861R_R_M_NS1_week9,3971R_L_F_NS1_week5,3971R_L_F_NS1_week6,3971R_L_F_NS1_week7,3971R_L_F_NS1_week9,3975R_0_F_NS1_week9,3975R_R_F_NS1_week5,3975R_R_F_NS1_week6,3975R_R_F_NS1_week7,3975R_R_F_NS1_week9,036R_0_M_NS1,036R_0_M_NS1_week5,036R_L_M_NS1,036R_L_M_NS1_week5,036R_NS1_week18,036R_RL_M_NS1,036R_RL_M_NS1_week5,036R_RR_M_NS1,036R_RR_M_NS1_week5,1030R_RR_M_NS1_week5,1030R_RR_M_NS1_week9,1121R_L_M_NS1_week5,1121R_L_M_NS1_week9,1121R_NS1_week19,1121R_R_M_NS1_week5,1121R_R_M_NS1_week9,1121R_RL_M_NS1_diabetes,1121R_RL_M_NS1_week5,1121R_RL_M_NS1_week9,1121R_RR_M_NS1_week5,1121R_RR_M_NS1_week9,1151R_0_M_NS1_week5,1151R_0_M_NS1_week9,1151R_NS1_week21,1151R_R_M_NS1_diabetes,1193R_0_F_NS1_week5,1193R_0_F_NS1_week9,1193R_L_F_NS1_diabetes,1193R_L_F_NS1_week5,1193R_L_F_NS1_week9,1193R_NS1_week24,2529R_0_F_NS1_week5,2529R_0_F_NS1_week9,2529R_L_F_NS1_diabetes,2529R_L_F_NS1_week5,2529R_L_F_NS1_week9,2529R_NS1_week22,2529R_RL_F_NS1_week5,2529R_RL_F_NS1_week9,3861R_0_M_NS1_week5,3861R_0_M_NS1_week9,3861R_L_M_NS1_diabetes,3861R_L_M_NS1_week5,3861R_L_M_NS1_week9,3861R_NS1_week28,3861R_R_M_NS1_week5,3971R_0_F_NS1_week5,3971R_0_F_NS1_week9,3971R_NS1_week30,3971R_R_F_NS1_diabetes,3971R_R_F_NS1_week9,3971R_RL_F_NS1_diabetes,3971R_RL_F_NS1_week9,3975R_0_F_NS1_week5,3975R_L_F_NS1_diabetes,3975R_L_F_NS1_week5,3975R_L_F_NS1_week9,3975R_NS1_week14,3975R_R_F_NS1_diabetes,3975R_RL_F_NS1_diabetes,3975R_RL_F_NS1_week9,NS1_defined_inocula,2808_NS1_0_Female_week5,2808_NS1_0_Female_week9,2808_NS1_L_Female_week5,2808_NS1_L_Female_week9,2808_NS1_R_Female_week5,2808_NS1_R_Female_week9,2808_NS1_RR_Female_week5,2808_NS1_RR_Female_week9,2824_NS1_0_Male_week5,2824_NS1_0_Male_week9,2824_NS1_L_Male_week5,2824_NS1_L_Male_week9,2824_NS1_R_Male_week5,2824_NS1_R_Male_week9,2864_NS1_R_Male_week5,2864_NS1_R_Male_week9,2893_NS1_0_Male_week5,2893_NS1_0_Male_week9,2893_NS1_R_Male_week5,2893_NS1_R_Male_week9,2999_NS1_0_Female_week5,2999_NS1_0_Female_week9,2999_NS1_R_Female_week5,2999_NS1_R_Female_week9,NS1_mouse_inoculum,1174R_0_M_S2_week9,160R_0_F_S2_week10,160R_L_F_S2_week10,2446R_0_F_S2_week9,3795R_R_F_S2_week10,3896R_0_M_S2_week10,3896R_L_M_S2_week10,3909R_R_M_S2_week10,S2_inocula,073R_0_M_S2_week6,073R_0_M_S2_week7,073R_0_M_S2_week9,1067R_R_M_S2_week6,1067R_R_M_S2_week7,1067R_R_M_S2_week9,1152R_0_M_S2_week9,2404R_R_F_S2_week6,2404R_R_F_S2_week7,2404R_R_F_S2_week9,2446R_L_F_S2_week6,2446R_L_F_S2_week7,2446R_L_F_S2_week9,3795R_0_F_S2_week6,3795R_0_F_S2_week7,3795R_0_F_S2_week9,3909R_0_M_S2_week6,3909R_0_M_S2_week7,3909R_0_M_S2_week9,3918R_R_M_S2_week6,3918R_R_M_S2_week7,3918R_R_M_S2_week9,3969R_0_F_S2_week6,3969R_0_F_S2_week7,3969R_0_F_S2_week9,3980R_0_F_S2_week9,073R_R_M_S2_diabetes,073R_R_M_S2_Pellet_week9,073R_S2_week21,1067R_0_M_S2_week9,1067R_L_M_S2_week9,1067R_R_M_S2_diabetes,1067R_S2_week27,1152R_L_M_S2_diabetes,1152R_L_M_S2_week9,1152R_R_M_S2_week9,1152R_S2_week28,1174R_0_M_S2_diabetes,1174R_S2_week14,2404R_0_F_S2_week9,2404R_L_F_S2_diabetes,2404R_L_F_S2_week9,2404R_S2_week14,2446R_L_F_S2_diabetes,2446R_R_F_S2_Pellet_week9,2446R_RL_F_S2_Pellet_week9,2446R_S2_week15,2453R_0_F_S2_Pellet_week9,2453R_L_F_S2_diabetes,2453R_L_F_S2_Pellet_week9,2453R_R_F_S2_diabetes,2453R_R_F_S2_Pellet_week9,2453R_S2_week21,3795R_L_F_S2_week9,3880R_0_F_S2_week9,3880R_L_F_S2_week9,3880R_R_F_S2_week9,3880R_S2_week15,3909R_0_M_S2_diabetes,3909R_L_M_S2_diabetes,3909R_L_M_S2_week9,3909R_S2_week21,3918R_0_M_S2_diabetes,3918R_0_M_S2_week9,3918R_L_M_S2_week9,3918R_RL_M_S2_week9,3918R_RR_M_S2_week9,3918R_S2_week29,3969R_R_F_S2_diabetes,3969R_R_F_S2_Pellet_week9,3969R_S2_week18,3980R_0_F_S2_diabetes,3980R_L_F_S2_Pellet_week9,3980R_R_F_S2_diabetes,3980R_R_F_S2_Pellet_week9,3980R_S2_week14,S2_defined_inocula,048R_S2_R_Female_week9,1050R_S2_L_Male_week9,1050R_S2_R_Male_week9,1050R_S2_RR_Male_week9,1127R_S2_0_Female_week9,1127R_S2_R_Female_week9,2514R_S2_L_Male_week9,2514R_S2_R_Male_week9,3995R_S2_0_Female_week9,3995R_S2_L_Female_week9,3995R_S2_R_Female_week9,3995R_S2_RR_Female_week9,3997R_S2_L_Male_week9,3997R_S2_R_Male_week9,S2_mouse_inoculum,1002R_0_M_NS6_week10,1002R_L_M_NS6_week10,1075R_0_M_NS6_week9,184R_0_F_NS6_week10,184R_L_F_NS6_week10,2403R_L_F_NS6_week10,2506R_0_F_NS6_week10,3894R_0_M_NS6_week10,NS6_inocula,016R_0_F_NS6_week9,1075R_L_M_NS6_week9,1184R_0_M_NS6_week9,1186R_0_M_NS6_week9,1186R_RR_M_NS6_week9,184R_0_M_NS6_week9,2403R_0_F_NS6_week9,2476R_R_F_NS6_week9,2562R_0_F_NS6_week9,2562R_RL_F_NS6_week9,016R_R_F_NS6_Pellet_week9,1075R_RL_M_NS6_Pellet_week9,NS6_defined_inocula,NS6_defined_inocula.1,1136R_R_F_S5_week10,1136R_RL_F_S5_week10,2518R_L_M_S5_week10,2518R_R_M_S5_week10,3752R_0_F_S5_week10,3752R_L_F_S5_week10,3893R_R_M_S5_week10,3893R_RL_M_S5_week10,S5_inocula,096R_0_M_S5_week9,1060R_L_M_S5_week9,1076R_0_M_S5_week9,1136R_0_F_S5_week9,2402R_0_F_S5_week9,2433R_0_F_S5_week9,2475R_0_M_S5_week9,2518R_0_M_S5_week9,3924R_L_F_S5_week9,3929R_0_F_S5_week9,096R_0_M_S5_week5,2402R_R_F_S5_Pellet_week9,2475R_RL_M_S5_Pellet_week9,S5_defined_inocula,1060R_L_M_S5_week5,1076R_0_M_S5_week5,1136R_0_F_S5_week5,2402R_0_F_S5_week5,2402R_R_F_S5_week5,2475R_RL_M_S5_week5,2518R_0_M_S5_week5,3924R_L_F_S5_week5,3929R_0_F_S5_week5,S5_defined_inocula.1
2026-04-14 14:46:44.314664 DEBUG::A total of 62 samples were found in both the data and metadata
2026-04-14 14:46:44.31521 DEBUG::Reordering data/metadata to use same sample ordering
2026-04-14 14:46:44.366497 INFO::Formula for random effects: expr ~ (1 | Sex)
2026-04-14 14:46:44.368128 INFO::Formula for fixed effects: expr ~  Week_and_Consortium
2026-04-14 14:46:44.369819 INFO::Filter data based on min abundance and min prevalence
2026-04-14 14:46:44.371095 INFO::Total samples in data: 62
2026-04-14 14:46:44.372352 INFO::Min samples required with min abundance for a feature not to be filtered: 6.200000
2026-04-14 14:46:44.529651 INFO::Total filtered features: 163
2026-04-14 14:46:44.531555 INFO::Filtered feature names from abundance and prevalence filtering: ko.K12139, ko.K22506, ko.K18829, ko.K03459, ko.K12145, ko.K07489, ko.K18895, ko.K07482, ko.K19780, ko.K07804, ko.K11178, ko.K11177, ko.K02611, ko.K02613, ko.K02615, ko.K02616, ko.K02612, ko.K02610, ko.K02609, ko.K14063, ko.K00276, ko.K02618, ko.K18842, ko.K05921, ko.K00455, ko.K01434, ko.K02508, ko.K02511, ko.K01826, ko.K03230, ko.K22514, ko.K08087, ko.K18214, ko.K18704, ko.K21030, ko.K06236, ko.K07061, ko.K04037, ko.K09469, ko.K07453, ko.K14197, ko.K19519, ko.K00223, ko.K21310, ko.K16150, ko.K19547, ko.K19647, ko.K00752, ko.K00019, ko.K17227, ko.K20742, ko.K16515, ko.K08964, ko.K16845, ko.K10780, ko.K08073, ko.K08075, ko.K17838, ko.K07116, ko.K07270, ko.K22320, ko.K07445, ko.K06922, ko.K13599, ko.K20386, ko.K07016, ko.K19138, ko.K19140, ko.K19139, ko.K04086, ko.K20811, ko.K06240, ko.K21829, ko.K17950, ko.K01505, ko.K19145, ko.K02660, ko.K11210, ko.K20529, ko.K21814, ko.K20375, ko.K03933, ko.K13955, ko.K19430, ko.K20374, ko.K14989, ko.K02482, ko.K21745, ko.K08166, ko.K08196, ko.K17317, ko.K20274, ko.K19137, ko.K13935, ko.K13931, ko.K13932, ko.K13934, ko.K19175, ko.K12241, ko.K11956, ko.K04782, ko.K13714, ko.K16650, ko.K05882, ko.K08651, ko.K08966, ko.K05795, ko.K01342, ko.K08164, ko.K06979, ko.K09770, ko.K04562, ko.K02404, ko.K22106, ko.K06603, ko.K19431, ko.K19423, ko.K21464, ko.K21140, ko.K09766, ko.K02667, ko.K21453, ko.K21686, ko.K21949, ko.K13810, ko.K00972, ko.K19299, ko.K00897, ko.K10798, ko.K09882, ko.K17244, ko.K17311, ko.K07991, ko.K19174, ko.K19173, ko.K20882, ko.K18316, ko.K19172, ko.K06936, ko.K06718, ko.K04708, ko.K19116, ko.K19114, ko.K20109, ko.K13731, ko.K16176, ko.K11005, ko.K11029, ko.K18372, ko.K05792, ko.K19142, ko.K19141, ko.K09000, ko.K09127, ko.K19076, ko.K18900, ko.K18589, ko.K19057, ko.K19059, ko.K21024, ko.K18974, ko.K18975, ko.K00508
2026-04-14 14:46:44.631259 INFO::Total filtered features with variance filtering: 0
2026-04-14 14:46:44.633065 INFO::Filtered feature names from variance filtering:
2026-04-14 14:46:44.634275 INFO::Running selected normalization method: TSS
2026-04-14 14:46:44.752352 INFO::Applying z-score to standardize continuous metadata
2026-04-14 14:46:44.75606 INFO::Running selected transform method: LOG
2026-04-14 14:46:44.92747 INFO::Running selected analysis method: LM
2026-04-14 14:46:44.929281 INFO::Creating cluster of 8 R processes
2026-04-14 14:49:13.645414 INFO::Counting total values for each feature
2026-04-14 14:49:14.219514 INFO::Writing filtered data to file /Users/danielcm/Desktop/Sickkids/Maaslin2.6/maaslin2_Week_and_Consortium_KO_NS6_w5_vs_S2_w5_ref_Week_and_Consortium,S2_w5/features/filtered_data.tsv
2026-04-14 14:49:14.518676 INFO::Writing filtered, normalized data to file /Users/danielcm/Desktop/Sickkids/Maaslin2.6/maaslin2_Week_and_Consortium_KO_NS6_w5_vs_S2_w5_ref_Week_and_Consortium,S2_w5/features/filtered_data_norm.tsv
2026-04-14 14:49:14.950945 INFO::Writing filtered, normalized, transformed data to file /Users/danielcm/Desktop/Sickkids/Maaslin2.6/maaslin2_Week_and_Consortium_KO_NS6_w5_vs_S2_w5_ref_Week_and_Consortium,S2_w5/features/filtered_data_norm_transformed.tsv
2026-04-14 14:49:15.384361 INFO::Writing residuals to file /Users/danielcm/Desktop/Sickkids/Maaslin2.6/maaslin2_Week_and_Consortium_KO_NS6_w5_vs_S2_w5_ref_Week_and_Consortium,S2_w5/fits/residuals.rds
2026-04-14 14:49:15.580178 INFO::Writing fitted values to file /Users/danielcm/Desktop/Sickkids/Maaslin2.6/maaslin2_Week_and_Consortium_KO_NS6_w5_vs_S2_w5_ref_Week_and_Consortium,S2_w5/fits/fitted.rds
2026-04-14 14:49:15.69648 INFO::Writing extracted random effects to file /Users/danielcm/Desktop/Sickkids/Maaslin2.6/maaslin2_Week_and_Consortium_KO_NS6_w5_vs_S2_w5_ref_Week_and_Consortium,S2_w5/fits/ranef.rds
2026-04-14 14:49:15.703945 INFO::Writing all results to file (ordered by increasing q-values): /Users/danielcm/Desktop/Sickkids/Maaslin2.6/maaslin2_Week_and_Consortium_KO_NS6_w5_vs_S2_w5_ref_Week_and_Consortium,S2_w5/all_results.tsv
2026-04-14 14:49:15.744854 INFO::Writing the significant results (those which are less than or equal to the threshold of 0.250000 ) to file (ordered by increasing q-values): /Users/danielcm/Desktop/Sickkids/Maaslin2.6/maaslin2_Week_and_Consortium_KO_NS6_w5_vs_S2_w5_ref_Week_and_Consortium,S2_w5/significant_results.tsv
2026-04-14 14:49:15.781468 INFO::Writing heatmap of significant results to file: /Users/danielcm/Desktop/Sickkids/Maaslin2.6/maaslin2_Week_and_Consortium_KO_NS6_w5_vs_S2_w5_ref_Week_and_Consortium,S2_w5/heatmap.pdf
