2026-04-14 15:16:22.844615 INFO::Writing function arguments to log file
2026-04-14 15:16:22.846068 DEBUG::Function arguments
2026-04-14 15:16:22.846612 DEBUG::Output folder: /Users/danielcm/Desktop/Sickkids/Maaslin2.6/maaslin2_Week_and_Consortium_EC_S2_w9w10_vs_S5_w9w10_ref_Week_and_Consortium,S5_w9w10
2026-04-14 15:16:22.847139 DEBUG::Min Abundance: 0.000000
2026-04-14 15:16:22.847657 DEBUG::Min Prevalence: 0.100000
2026-04-14 15:16:22.848172 DEBUG::Normalization: TSS
2026-04-14 15:16:22.848686 DEBUG::Transform: LOG
2026-04-14 15:16:22.849204 DEBUG::Analysis method: LM
2026-04-14 15:16:22.849724 DEBUG::Max significance: 0.250000
2026-04-14 15:16:22.850241 DEBUG::Random effects: Sex
2026-04-14 15:16:22.850762 DEBUG::Fixed effects: Week_and_Consortium
2026-04-14 15:16:22.851287 DEBUG::Correction method: BH
2026-04-14 15:16:22.851812 DEBUG::Standardize: TRUE
2026-04-14 15:16:22.852328 DEBUG::Cores: 8
2026-04-14 15:16:22.852829 INFO::Verifying options selected are valid
2026-04-14 15:16:22.854095 INFO::Determining format of input files
2026-04-14 15:16:22.855526 INFO::Input format is data samples as rows and metadata samples as rows
2026-04-14 15:16:22.862374 DEBUG::The following samples were found to have features but no metadata. They will be removed. 1030R_0_M_NS1_week10,1030R_R_M_NS1_week10,2472R_0_F_NS1_week10,2472R_R_F_NS1_week10,3874R_0_F_NS1_week10,3874R_L_F_NS1_week10,3974R_0_M_NS1_week10,3974R_L_M_NS1_week10,NS1_inocula,036R_R_M_NS1_week5,036R_R_M_NS1_week6,036R_R_M_NS1_week7,036R_R_M_NS1_week9,1030R_L_M_NS1_week5,1030R_L_M_NS1_week6,1030R_L_M_NS1_week7,1030R_L_M_NS1_week9,1121R_0_M_NS1_week5,1121R_0_M_NS1_week6,1121R_0_M_NS1_week7,1121R_0_M_NS1_week9,1151R_R_M_NS1_week5,1151R_R_M_NS1_week6,1151R_R_M_NS1_week7,1151R_R_M_NS1_week9,1193R_R_F_NS1_week5,1193R_R_F_NS1_week6,1193R_R_F_NS1_week7,1193R_R_F_NS1_week9,2529R_R_F_NS1_week5,2529R_R_F_NS1_week6,2529R_R_F_NS1_week7,2529R_R_F_NS1_week9,3861R_R_M_NS1_week9,3971R_L_F_NS1_week5,3971R_L_F_NS1_week6,3971R_L_F_NS1_week7,3971R_L_F_NS1_week9,3975R_0_F_NS1_week9,3975R_R_F_NS1_week5,3975R_R_F_NS1_week6,3975R_R_F_NS1_week7,3975R_R_F_NS1_week9,036R_0_M_NS1,036R_0_M_NS1_week5,036R_L_M_NS1,036R_L_M_NS1_week5,036R_NS1_week18,036R_RL_M_NS1,036R_RL_M_NS1_week5,036R_RR_M_NS1,036R_RR_M_NS1_week5,1030R_RR_M_NS1_week5,1030R_RR_M_NS1_week9,1121R_L_M_NS1_week5,1121R_L_M_NS1_week9,1121R_NS1_week19,1121R_R_M_NS1_week5,1121R_R_M_NS1_week9,1121R_RL_M_NS1_diabetes,1121R_RL_M_NS1_week5,1121R_RL_M_NS1_week9,1121R_RR_M_NS1_week5,1121R_RR_M_NS1_week9,1151R_0_M_NS1_week5,1151R_0_M_NS1_week9,1151R_NS1_week21,1151R_R_M_NS1_diabetes,1193R_0_F_NS1_week5,1193R_0_F_NS1_week9,1193R_L_F_NS1_diabetes,1193R_L_F_NS1_week5,1193R_L_F_NS1_week9,1193R_NS1_week24,2529R_0_F_NS1_week5,2529R_0_F_NS1_week9,2529R_L_F_NS1_diabetes,2529R_L_F_NS1_week5,2529R_L_F_NS1_week9,2529R_NS1_week22,2529R_RL_F_NS1_week5,2529R_RL_F_NS1_week9,3861R_0_M_NS1_week5,3861R_0_M_NS1_week9,3861R_L_M_NS1_diabetes,3861R_L_M_NS1_week5,3861R_L_M_NS1_week9,3861R_NS1_week28,3861R_R_M_NS1_week5,3971R_0_F_NS1_week5,3971R_0_F_NS1_week9,3971R_NS1_week30,3971R_R_F_NS1_diabetes,3971R_R_F_NS1_week9,3971R_RL_F_NS1_diabetes,3971R_RL_F_NS1_week9,3975R_0_F_NS1_week5,3975R_L_F_NS1_diabetes,3975R_L_F_NS1_week5,3975R_L_F_NS1_week9,3975R_NS1_week14,3975R_R_F_NS1_diabetes,3975R_RL_F_NS1_diabetes,3975R_RL_F_NS1_week9,NS1_defined_inocula,2808_NS1_0_Female_week5,2808_NS1_0_Female_week9,2808_NS1_L_Female_week5,2808_NS1_L_Female_week9,2808_NS1_R_Female_week5,2808_NS1_R_Female_week9,2808_NS1_RR_Female_week5,2808_NS1_RR_Female_week9,2824_NS1_0_Male_week5,2824_NS1_0_Male_week9,2824_NS1_L_Male_week5,2824_NS1_L_Male_week9,2824_NS1_R_Male_week5,2824_NS1_R_Male_week9,2864_NS1_R_Male_week5,2864_NS1_R_Male_week9,2893_NS1_0_Male_week5,2893_NS1_0_Male_week9,2893_NS1_R_Male_week5,2893_NS1_R_Male_week9,2999_NS1_0_Female_week5,2999_NS1_0_Female_week9,2999_NS1_R_Female_week5,2999_NS1_R_Female_week9,NS1_mouse_inoculum,S2_inocula,073R_0_M_S2_week5,073R_0_M_S2_week6,073R_0_M_S2_week7,1067R_R_M_S2_week5,1067R_R_M_S2_week6,1067R_R_M_S2_week7,2404R_R_F_S2_week5,2404R_R_F_S2_week6,2404R_R_F_S2_week7,2446R_L_F_S2_week5,2446R_L_F_S2_week6,2446R_L_F_S2_week7,3795R_0_F_S2_week5,3795R_0_F_S2_week6,3795R_0_F_S2_week7,3909R_0_M_S2_week5,3909R_0_M_S2_week6,3909R_0_M_S2_week7,3918R_R_M_S2_week5,3918R_R_M_S2_week6,3918R_R_M_S2_week7,3969R_0_F_S2_week5,3969R_0_F_S2_week6,3969R_0_F_S2_week7,073R_R_M_S2_diabetes,073R_R_M_S2_week5,073R_S2_week21,1067R_0_M_S2_week5,1067R_L_M_S2_week5,1067R_R_M_S2_diabetes,1067R_S2_week27,1152R_0_M_S2_week5,1152R_L_M_S2_diabetes,1152R_L_M_S2_week5,1152R_R_M_S2_week5,1152R_S2_week28,1174R_0_M_S2_diabetes,1174R_0_M_S2_week5,1174R_S2_week14,2404R_0_F_S2_week5,2404R_L_F_S2_diabetes,2404R_L_F_S2_week5,2404R_S2_week14,2446R_0_F_S2_week5,2446R_L_F_S2_diabetes,2446R_R_F_S2_week5,2446R_RL_F_S2_week5,2446R_S2_week15,2453R_0_F_S2_week5,2453R_L_F_S2_diabetes,2453R_L_F_S2_week5,2453R_R_F_S2_diabetes,2453R_R_F_S2_week5,2453R_S2_week21,3795R_L_F_S2_week5,3880R_0_F_S2_week5,3880R_L_F_S2_week5,3880R_R_F_S2_week5,3880R_S2_week15,3909R_0_M_S2_diabetes,3909R_L_M_S2_diabetes,3909R_L_M_S2_week5,3909R_S2_week21,3918R_0_M_S2_diabetes,3918R_0_M_S2_week5,3918R_L_M_S2_week5,3918R_RL_M_S2_week5,3918R_RR_M_S2_week5,3918R_S2_week29,3969R_R_F_S2_diabetes,3969R_R_F_S2_week5,3969R_S2_week18,3980R_0_F_S2_diabetes,3980R_0_F_S2_week5,3980R_L_F_S2_week5,3980R_R_F_S2_diabetes,3980R_R_F_S2_week5,3980R_S2_week14,S2_defined_inocula,048R_S2_R_Female_week5,1050R_S2_L_Male_week5,1050R_S2_R_Male_week5,1050R_S2_RR_Male_week5,1127R_S2_0_Female_week5,1127R_S2_R_Female_week5,2514R_S2_L_Male_week5,2514R_S2_R_Male_week5,3995R_S2_0_Female_week5,3995R_S2_L_Female_week5,3995R_S2_R_Female_week5,3995R_S2_RR_Female_week5,3997R_S2_L_Male_week5,3997R_S2_R_Male_week5,S2_mouse_inoculum,1002R_0_M_NS6_week10,1002R_L_M_NS6_week10,1075R_0_M_NS6_week9,184R_0_F_NS6_week10,184R_L_F_NS6_week10,2403R_L_F_NS6_week10,2506R_0_F_NS6_week10,3894R_0_M_NS6_week10,NS6_inocula,016R_0_F_NS6_week9,1075R_L_M_NS6_week9,1184R_0_M_NS6_week9,1186R_0_M_NS6_week9,1186R_RR_M_NS6_week9,184R_0_M_NS6_week9,2403R_0_F_NS6_week9,2476R_R_F_NS6_week9,2562R_0_F_NS6_week9,2562R_RL_F_NS6_week9,016R_0_F_NS6_week5,016R_R_F_NS6_Pellet_week9,1075R_RL_M_NS6_Pellet_week9,NS6_defined_inocula,016R_R_F_NS6_week5,1075R_0_M_NS6_week5,1075R_RL_M_NS6_week5,1184R_0_M_NS6_week5,1186R_0_M_NS6_week5,1186R_RR_M_NS6_week5,184R_0_M_NS6_week5,2403R_0_F_NS6_week5,2476R_R_F_NS6_week5,2562R_0_F_NS6_week5,2562R_RL_F_NS6_week5,NS6_defined_inocula.1,S5_inocula,096R_0_M_S5_week5,S5_defined_inocula,1060R_L_M_S5_week5,1076R_0_M_S5_week5,1136R_0_F_S5_week5,2402R_0_F_S5_week5,2402R_R_F_S5_week5,2475R_RL_M_S5_week5,2518R_0_M_S5_week5,3924R_L_F_S5_week5,3929R_0_F_S5_week5,S5_defined_inocula.1
2026-04-14 15:16:22.863194 DEBUG::A total of 76 samples were found in both the data and metadata
2026-04-14 15:16:22.863698 DEBUG::Reordering data/metadata to use same sample ordering
2026-04-14 15:16:23.236744 INFO::Formula for random effects: expr ~ (1 | Sex)
2026-04-14 15:16:23.238478 INFO::Formula for fixed effects: expr ~  Week_and_Consortium
2026-04-14 15:16:23.240217 INFO::Filter data based on min abundance and min prevalence
2026-04-14 15:16:23.241419 INFO::Total samples in data: 76
2026-04-14 15:16:23.242588 INFO::Min samples required with min abundance for a feature not to be filtered: 7.600000
2026-04-14 15:16:23.266922 INFO::Total filtered features: 110
2026-04-14 15:16:23.26851 INFO::Filtered feature names from abundance and prevalence filtering: EC.2.3.2.16, EC.2.3.2.10, EC.2.4.1.9, EC.1.14.15.20, EC.2.7.1.76, EC.2.7.1.74, EC.3.1.4.3, EC.3.4.22.8, EC.1.3.1.44, EC.3.4.15.6, EC.6.3.2.30, EC.6.3.2.29, EC.1.14.13.149, EC.1.14.12.19, EC.1.14.13.239, EC.4.1.1.41, EC.1.14.15.7, EC.4.2.1.104, EC.1.4.3.21, EC.1.2.1.91, EC.3.3.2.12, EC.2.3.1.174, EC.2.3.1.223, EC.5.3.1.32, EC.1.3.1.60, EC.3.5.1.11, EC.3.5.1.94, EC.6.3.1.11, EC.1.13.11.15, EC.5.3.3.10, EC.1.14.12.3, EC.1.18.1.3, EC.1.3.1.29, EC.1.3.1.87, EC.1.14.12.11, EC.1.14.12.18, EC.2.7.1.78, EC.2.7.8.36, EC.3.1.3.32, EC.3.5.1.97, EC.1.1.1.412, EC.1.3.7.7, EC.3.2.1.197, EC.4.2.2.8, EC.2.7.7.92, EC.2.6.1.33, EC.2.5.1.132, EC.3.1.3.103, EC.1.3.1.25, EC.4.2.2.7, EC.3.2.1.130, EC.3.2.1.198, EC.2.1.1.334, EC.1.3.1.71, EC.5.3.3.19, EC.1.14.99.53, EC.3.1.2.20, EC.2.4.1.333, EC.4.1.1.87, EC.2.7.7.66, EC.4.1.1.25, EC.1.1.1.384, EC.5.1.3.23, EC.4.4.1.25, EC.3.5.99.7, EC.3.7.1.20, EC.3.1.3.105, EC.4.2.3.152, EC.3.11.1.2, EC.3.8.1.5, EC.3.4.24.84, EC.4.2.1.132, EC.4.3.1.27, EC.1.1.2.4, EC.5.4.4.3, EC.2.7.7.99, EC.5.1.3.5, EC.3.5.1.125, EC.1.3.3.15, EC.1.3.3.4, EC.1.14.13.231, EC.1.4.1.2, EC.2.3.1.168, EC.1.1.1.132, EC.2.4.1.216, EC.2.6.1.112, EC.3.4.24.30, EC.3.4.24.28, EC.3.4.21.19, EC.4.2.2.26, EC.5.5.1.27, EC.2.4.1.65, EC.2.4.1.152, EC.3.1.1.89, EC.3.1.6.8, EC.1.9.3.1, EC.2.4.1.60, EC.6.1.3.1, EC.4.1.1.39, EC.6.2.1.13, EC.5.3.3.6, EC.3.4.22.10, EC.3.5.1.49, EC.3.6.3.38, EC.1.13.11.4, EC.5.2.1.2, EC.5.2.1.4, EC.1.14.13.1, EC.1.14.13.218, EC.1.14.13.24
2026-04-14 15:16:23.301993 INFO::Total filtered features with variance filtering: 0
2026-04-14 15:16:23.303668 INFO::Filtered feature names from variance filtering:
2026-04-14 15:16:23.304853 INFO::Running selected normalization method: TSS
2026-04-14 15:16:23.326998 INFO::Applying z-score to standardize continuous metadata
2026-04-14 15:16:23.33056 INFO::Running selected transform method: LOG
2026-04-14 15:16:23.366533 INFO::Running selected analysis method: LM
2026-04-14 15:16:23.368223 INFO::Creating cluster of 8 R processes
2026-04-14 15:17:19.472324 INFO::Counting total values for each feature
2026-04-14 15:17:19.562278 INFO::Writing filtered data to file /Users/danielcm/Desktop/Sickkids/Maaslin2.6/maaslin2_Week_and_Consortium_EC_S2_w9w10_vs_S5_w9w10_ref_Week_and_Consortium,S5_w9w10/features/filtered_data.tsv
2026-04-14 15:17:19.681006 INFO::Writing filtered, normalized data to file /Users/danielcm/Desktop/Sickkids/Maaslin2.6/maaslin2_Week_and_Consortium_EC_S2_w9w10_vs_S5_w9w10_ref_Week_and_Consortium,S5_w9w10/features/filtered_data_norm.tsv
2026-04-14 15:17:19.847833 INFO::Writing filtered, normalized, transformed data to file /Users/danielcm/Desktop/Sickkids/Maaslin2.6/maaslin2_Week_and_Consortium_EC_S2_w9w10_vs_S5_w9w10_ref_Week_and_Consortium,S5_w9w10/features/filtered_data_norm_transformed.tsv
2026-04-14 15:17:20.027747 INFO::Writing residuals to file /Users/danielcm/Desktop/Sickkids/Maaslin2.6/maaslin2_Week_and_Consortium_EC_S2_w9w10_vs_S5_w9w10_ref_Week_and_Consortium,S5_w9w10/fits/residuals.rds
2026-04-14 15:17:20.116043 INFO::Writing fitted values to file /Users/danielcm/Desktop/Sickkids/Maaslin2.6/maaslin2_Week_and_Consortium_EC_S2_w9w10_vs_S5_w9w10_ref_Week_and_Consortium,S5_w9w10/fits/fitted.rds
2026-04-14 15:17:20.137181 INFO::Writing extracted random effects to file /Users/danielcm/Desktop/Sickkids/Maaslin2.6/maaslin2_Week_and_Consortium_EC_S2_w9w10_vs_S5_w9w10_ref_Week_and_Consortium,S5_w9w10/fits/ranef.rds
2026-04-14 15:17:20.142109 INFO::Writing all results to file (ordered by increasing q-values): /Users/danielcm/Desktop/Sickkids/Maaslin2.6/maaslin2_Week_and_Consortium_EC_S2_w9w10_vs_S5_w9w10_ref_Week_and_Consortium,S5_w9w10/all_results.tsv
2026-04-14 15:17:20.159831 INFO::Writing the significant results (those which are less than or equal to the threshold of 0.250000 ) to file (ordered by increasing q-values): /Users/danielcm/Desktop/Sickkids/Maaslin2.6/maaslin2_Week_and_Consortium_EC_S2_w9w10_vs_S5_w9w10_ref_Week_and_Consortium,S5_w9w10/significant_results.tsv
2026-04-14 15:17:20.169665 INFO::Writing heatmap of significant results to file: /Users/danielcm/Desktop/Sickkids/Maaslin2.6/maaslin2_Week_and_Consortium_EC_S2_w9w10_vs_S5_w9w10_ref_Week_and_Consortium,S5_w9w10/heatmap.pdf
