2026-04-14 14:59:36.953925 INFO::Writing function arguments to log file
2026-04-14 14:59:36.955372 DEBUG::Function arguments
2026-04-14 14:59:36.955953 DEBUG::Output folder: /Users/danielcm/Desktop/Sickkids/Maaslin2.6/maaslin2_Week_and_Consortium_pathway_NS1_w9w10_vs_NS6_w9w10_ref_Week_and_Consortium,NS6_w9w10
2026-04-14 14:59:36.956451 DEBUG::Min Abundance: 0.000000
2026-04-14 14:59:36.956928 DEBUG::Min Prevalence: 0.100000
2026-04-14 14:59:36.957395 DEBUG::Normalization: TSS
2026-04-14 14:59:36.957863 DEBUG::Transform: LOG
2026-04-14 14:59:36.958463 DEBUG::Analysis method: LM
2026-04-14 14:59:36.95897 DEBUG::Max significance: 0.250000
2026-04-14 14:59:36.959447 DEBUG::Random effects: Sex
2026-04-14 14:59:36.959912 DEBUG::Fixed effects: Week_and_Consortium
2026-04-14 14:59:36.960377 DEBUG::Correction method: BH
2026-04-14 14:59:36.960846 DEBUG::Standardize: TRUE
2026-04-14 14:59:36.961312 DEBUG::Cores: 8
2026-04-14 14:59:36.961778 INFO::Verifying options selected are valid
2026-04-14 14:59:36.963141 INFO::Determining format of input files
2026-04-14 14:59:36.964456 INFO::Input format is data samples as rows and metadata samples as rows
2026-04-14 14:59:36.966602 DEBUG::The following samples were found to have features but no metadata. They will be removed. NS1_inocula,036R_R_M_NS1_week5,036R_R_M_NS1_week6,036R_R_M_NS1_week7,1030R_L_M_NS1_week5,1030R_L_M_NS1_week6,1030R_L_M_NS1_week7,1121R_0_M_NS1_week5,1121R_0_M_NS1_week6,1121R_0_M_NS1_week7,1151R_R_M_NS1_week5,1151R_R_M_NS1_week6,1151R_R_M_NS1_week7,1193R_R_F_NS1_week5,1193R_R_F_NS1_week6,1193R_R_F_NS1_week7,2529R_R_F_NS1_week5,2529R_R_F_NS1_week6,2529R_R_F_NS1_week7,3971R_L_F_NS1_week5,3971R_L_F_NS1_week6,3971R_L_F_NS1_week7,3975R_R_F_NS1_week5,3975R_R_F_NS1_week6,3975R_R_F_NS1_week7,036R_0_M_NS1_week5,036R_L_M_NS1_week5,036R_NS1_week18,036R_RL_M_NS1_week5,036R_RR_M_NS1_week5,1030R_RR_M_NS1_week5,1121R_L_M_NS1_week5,1121R_NS1_week19,1121R_R_M_NS1_week5,1121R_RL_M_NS1_diabetes,1121R_RL_M_NS1_week5,1121R_RR_M_NS1_week5,1151R_0_M_NS1_week5,1151R_NS1_week21,1151R_R_M_NS1_diabetes,1193R_0_F_NS1_week5,1193R_L_F_NS1_diabetes,1193R_L_F_NS1_week5,1193R_NS1_week24,2529R_0_F_NS1_week5,2529R_L_F_NS1_diabetes,2529R_L_F_NS1_week5,2529R_NS1_week22,2529R_RL_F_NS1_week5,3861R_0_M_NS1_week5,3861R_L_M_NS1_diabetes,3861R_L_M_NS1_week5,3861R_NS1_week28,3861R_R_M_NS1_week5,3971R_0_F_NS1_week5,3971R_NS1_week30,3971R_R_F_NS1_diabetes,3971R_RL_F_NS1_diabetes,3975R_0_F_NS1_week5,3975R_L_F_NS1_diabetes,3975R_L_F_NS1_week5,3975R_NS1_week14,3975R_R_F_NS1_diabetes,3975R_RL_F_NS1_diabetes,NS1_defined_inocula,2808_NS1_0_Female_week5,2808_NS1_L_Female_week5,2808_NS1_R_Female_week5,2808_NS1_RR_Female_week5,2824_NS1_0_Male_week5,2824_NS1_L_Male_week5,2824_NS1_R_Male_week5,2864_NS1_R_Male_week5,2893_NS1_0_Male_week5,2893_NS1_R_Male_week5,2999_NS1_0_Female_week5,2999_NS1_R_Female_week5,NS1_mouse_inoculum,1174R_0_M_S2_week9,160R_0_F_S2_week10,160R_L_F_S2_week10,2446R_0_F_S2_week9,3795R_R_F_S2_week10,3896R_0_M_S2_week10,3896R_L_M_S2_week10,3909R_R_M_S2_week10,S2_inocula,073R_0_M_S2_week5,073R_0_M_S2_week6,073R_0_M_S2_week7,073R_0_M_S2_week9,1067R_R_M_S2_week5,1067R_R_M_S2_week6,1067R_R_M_S2_week7,1067R_R_M_S2_week9,1152R_0_M_S2_week9,2404R_R_F_S2_week5,2404R_R_F_S2_week6,2404R_R_F_S2_week7,2404R_R_F_S2_week9,2446R_L_F_S2_week5,2446R_L_F_S2_week6,2446R_L_F_S2_week7,2446R_L_F_S2_week9,3795R_0_F_S2_week5,3795R_0_F_S2_week6,3795R_0_F_S2_week7,3795R_0_F_S2_week9,3909R_0_M_S2_week5,3909R_0_M_S2_week6,3909R_0_M_S2_week7,3909R_0_M_S2_week9,3918R_R_M_S2_week5,3918R_R_M_S2_week6,3918R_R_M_S2_week7,3918R_R_M_S2_week9,3969R_0_F_S2_week5,3969R_0_F_S2_week6,3969R_0_F_S2_week7,3969R_0_F_S2_week9,3980R_0_F_S2_week9,073R_R_M_S2_diabetes,073R_R_M_S2_Pellet_week9,073R_R_M_S2_week5,073R_S2_week21,1067R_0_M_S2_week5,1067R_0_M_S2_week9,1067R_L_M_S2_week5,1067R_L_M_S2_week9,1067R_R_M_S2_diabetes,1067R_S2_week27,1152R_0_M_S2_week5,1152R_L_M_S2_diabetes,1152R_L_M_S2_week5,1152R_L_M_S2_week9,1152R_R_M_S2_week5,1152R_R_M_S2_week9,1152R_S2_week28,1174R_0_M_S2_diabetes,1174R_0_M_S2_week5,1174R_S2_week14,2404R_0_F_S2_week5,2404R_0_F_S2_week9,2404R_L_F_S2_diabetes,2404R_L_F_S2_week5,2404R_L_F_S2_week9,2404R_S2_week14,2446R_0_F_S2_week5,2446R_L_F_S2_diabetes,2446R_R_F_S2_Pellet_week9,2446R_R_F_S2_week5,2446R_RL_F_S2_Pellet_week9,2446R_RL_F_S2_week5,2446R_S2_week15,2453R_0_F_S2_Pellet_week9,2453R_0_F_S2_week5,2453R_L_F_S2_diabetes,2453R_L_F_S2_Pellet_week9,2453R_L_F_S2_week5,2453R_R_F_S2_diabetes,2453R_R_F_S2_Pellet_week9,2453R_R_F_S2_week5,2453R_S2_week21,3795R_L_F_S2_week5,3795R_L_F_S2_week9,3880R_0_F_S2_week5,3880R_0_F_S2_week9,3880R_L_F_S2_week5,3880R_L_F_S2_week9,3880R_R_F_S2_week5,3880R_R_F_S2_week9,3880R_S2_week15,3909R_0_M_S2_diabetes,3909R_L_M_S2_diabetes,3909R_L_M_S2_week5,3909R_L_M_S2_week9,3909R_S2_week21,3918R_0_M_S2_diabetes,3918R_0_M_S2_week5,3918R_0_M_S2_week9,3918R_L_M_S2_week5,3918R_L_M_S2_week9,3918R_RL_M_S2_week5,3918R_RL_M_S2_week9,3918R_RR_M_S2_week5,3918R_RR_M_S2_week9,3918R_S2_week29,3969R_R_F_S2_diabetes,3969R_R_F_S2_Pellet_week9,3969R_R_F_S2_week5,3969R_S2_week18,3980R_0_F_S2_diabetes,3980R_0_F_S2_week5,3980R_L_F_S2_Pellet_week9,3980R_L_F_S2_week5,3980R_R_F_S2_diabetes,3980R_R_F_S2_Pellet_week9,3980R_R_F_S2_week5,3980R_S2_week14,S2_defined_inocula,048R_S2_R_Female_week5,048R_S2_R_Female_week9,1050R_S2_L_Male_week5,1050R_S2_L_Male_week9,1050R_S2_R_Male_week5,1050R_S2_R_Male_week9,1050R_S2_RR_Male_week5,1050R_S2_RR_Male_week9,1127R_S2_0_Female_week5,1127R_S2_0_Female_week9,1127R_S2_R_Female_week5,1127R_S2_R_Female_week9,2514R_S2_L_Male_week5,2514R_S2_L_Male_week9,2514R_S2_R_Male_week5,2514R_S2_R_Male_week9,3995R_S2_0_Female_week5,3995R_S2_0_Female_week9,3995R_S2_L_Female_week5,3995R_S2_L_Female_week9,3995R_S2_R_Female_week5,3995R_S2_R_Female_week9,3995R_S2_RR_Female_week5,3995R_S2_RR_Female_week9,3997R_S2_L_Male_week5,3997R_S2_L_Male_week9,3997R_S2_R_Male_week5,3997R_S2_R_Male_week9,S2_mouse_inoculum,NS6_inocula,016R_0_F_NS6_week5,NS6_defined_inocula,016R_R_F_NS6_week5,1075R_0_M_NS6_week5,1075R_RL_M_NS6_week5,1184R_0_M_NS6_week5,1186R_0_M_NS6_week5,1186R_RR_M_NS6_week5,184R_0_M_NS6_week5,2403R_0_F_NS6_week5,2476R_R_F_NS6_week5,2562R_0_F_NS6_week5,2562R_RL_F_NS6_week5,NS6_defined_inocula.1,1136R_R_F_S5_week10,1136R_RL_F_S5_week10,2518R_L_M_S5_week10,2518R_R_M_S5_week10,3752R_0_F_S5_week10,3752R_L_F_S5_week10,3893R_R_M_S5_week10,3893R_RL_M_S5_week10,S5_inocula,096R_0_M_S5_week9,1060R_L_M_S5_week9,1076R_0_M_S5_week9,1136R_0_F_S5_week9,2402R_0_F_S5_week9,2433R_0_F_S5_week9,2475R_0_M_S5_week9,2518R_0_M_S5_week9,3924R_L_F_S5_week9,3929R_0_F_S5_week9,096R_0_M_S5_week5,2402R_R_F_S5_Pellet_week9,2475R_RL_M_S5_Pellet_week9,S5_defined_inocula,1060R_L_M_S5_week5,1076R_0_M_S5_week5,1136R_0_F_S5_week5,2402R_0_F_S5_week5,2402R_R_F_S5_week5,2475R_RL_M_S5_week5,2518R_0_M_S5_week5,3924R_L_F_S5_week5,3929R_0_F_S5_week5,S5_defined_inocula.1
2026-04-14 14:59:36.967504 DEBUG::A total of 72 samples were found in both the data and metadata
2026-04-14 14:59:36.968 DEBUG::Reordering data/metadata to use same sample ordering
2026-04-14 14:59:36.972015 INFO::Formula for random effects: expr ~ (1 | Sex)
2026-04-14 14:59:36.973295 INFO::Formula for fixed effects: expr ~  Week_and_Consortium
2026-04-14 14:59:36.974705 INFO::Filter data based on min abundance and min prevalence
2026-04-14 14:59:36.975778 INFO::Total samples in data: 72
2026-04-14 14:59:36.976905 INFO::Min samples required with min abundance for a feature not to be filtered: 7.200000
2026-04-14 14:59:36.981919 INFO::Total filtered features: 4
2026-04-14 14:59:36.98321 INFO::Filtered feature names from abundance and prevalence filtering: CRNFORCAT.PWY, PWY.2201, PWY.6148, PWY.6676
2026-04-14 14:59:36.989669 INFO::Total filtered features with variance filtering: 0
2026-04-14 14:59:36.991002 INFO::Filtered feature names from variance filtering:
2026-04-14 14:59:36.992081 INFO::Running selected normalization method: TSS
2026-04-14 14:59:36.997065 INFO::Applying z-score to standardize continuous metadata
2026-04-14 14:59:37.000349 INFO::Running selected transform method: LOG
2026-04-14 14:59:37.00738 INFO::Running selected analysis method: LM
2026-04-14 14:59:37.00894 INFO::Creating cluster of 8 R processes
2026-04-14 14:59:49.352415 INFO::Counting total values for each feature
2026-04-14 14:59:49.369437 INFO::Writing filtered data to file /Users/danielcm/Desktop/Sickkids/Maaslin2.6/maaslin2_Week_and_Consortium_pathway_NS1_w9w10_vs_NS6_w9w10_ref_Week_and_Consortium,NS6_w9w10/features/filtered_data.tsv
2026-04-14 14:59:49.420782 INFO::Writing filtered, normalized data to file /Users/danielcm/Desktop/Sickkids/Maaslin2.6/maaslin2_Week_and_Consortium_pathway_NS1_w9w10_vs_NS6_w9w10_ref_Week_and_Consortium,NS6_w9w10/features/filtered_data_norm.tsv
2026-04-14 14:59:49.454222 INFO::Writing filtered, normalized, transformed data to file /Users/danielcm/Desktop/Sickkids/Maaslin2.6/maaslin2_Week_and_Consortium_pathway_NS1_w9w10_vs_NS6_w9w10_ref_Week_and_Consortium,NS6_w9w10/features/filtered_data_norm_transformed.tsv
2026-04-14 14:59:49.484751 INFO::Writing residuals to file /Users/danielcm/Desktop/Sickkids/Maaslin2.6/maaslin2_Week_and_Consortium_pathway_NS1_w9w10_vs_NS6_w9w10_ref_Week_and_Consortium,NS6_w9w10/fits/residuals.rds
2026-04-14 14:59:49.503529 INFO::Writing fitted values to file /Users/danielcm/Desktop/Sickkids/Maaslin2.6/maaslin2_Week_and_Consortium_pathway_NS1_w9w10_vs_NS6_w9w10_ref_Week_and_Consortium,NS6_w9w10/fits/fitted.rds
2026-04-14 14:59:49.507012 INFO::Writing extracted random effects to file /Users/danielcm/Desktop/Sickkids/Maaslin2.6/maaslin2_Week_and_Consortium_pathway_NS1_w9w10_vs_NS6_w9w10_ref_Week_and_Consortium,NS6_w9w10/fits/ranef.rds
2026-04-14 14:59:49.509079 INFO::Writing all results to file (ordered by increasing q-values): /Users/danielcm/Desktop/Sickkids/Maaslin2.6/maaslin2_Week_and_Consortium_pathway_NS1_w9w10_vs_NS6_w9w10_ref_Week_and_Consortium,NS6_w9w10/all_results.tsv
2026-04-14 14:59:49.513685 INFO::Writing the significant results (those which are less than or equal to the threshold of 0.250000 ) to file (ordered by increasing q-values): /Users/danielcm/Desktop/Sickkids/Maaslin2.6/maaslin2_Week_and_Consortium_pathway_NS1_w9w10_vs_NS6_w9w10_ref_Week_and_Consortium,NS6_w9w10/significant_results.tsv
2026-04-14 14:59:49.517366 INFO::Writing heatmap of significant results to file: /Users/danielcm/Desktop/Sickkids/Maaslin2.6/maaslin2_Week_and_Consortium_pathway_NS1_w9w10_vs_NS6_w9w10_ref_Week_and_Consortium,NS6_w9w10/heatmap.pdf
