2025-12-08 18:21:44.582021 INFO::Writing function arguments to log file
2025-12-08 18:21:44.585184 DEBUG::Function arguments
2025-12-08 18:21:44.586252 DEBUG::Output folder: /Users/danielcm/Desktop/diammatics/T1D/Maaslin2.3/maaslin2_Week_and_consortia_EC_NS1_w5_vs_NS1_w9w10_ref_Week_and_consortia,NS1_w9w10
2025-12-08 18:21:44.587187 DEBUG::Min Abundance: 0.000000
2025-12-08 18:21:44.588898 DEBUG::Min Prevalence: 0.100000
2025-12-08 18:21:44.590216 DEBUG::Normalization: TSS
2025-12-08 18:21:44.591253 DEBUG::Transform: LOG
2025-12-08 18:21:44.59205 DEBUG::Analysis method: LM
2025-12-08 18:21:44.592764 DEBUG::Max significance: 0.250000
2025-12-08 18:21:44.593494 DEBUG::Random effects: Sex
2025-12-08 18:21:44.594325 DEBUG::Fixed effects: Week_and_consortia
2025-12-08 18:21:44.595052 DEBUG::Correction method: BH
2025-12-08 18:21:44.595943 DEBUG::Standardize: TRUE
2025-12-08 18:21:44.596635 DEBUG::Cores: 4
2025-12-08 18:21:44.597361 INFO::Verifying options selected are valid
2025-12-08 18:21:44.59942 INFO::Determining format of input files
2025-12-08 18:21:44.601386 INFO::Input format is data samples as columns and metadata samples as rows
2025-12-08 18:21:44.743368 DEBUG::Transformed data so samples are rows
2025-12-08 18:21:44.750293 DEBUG::The following samples were found to have features but no metadata. They will be removed. Plate1_1002R_0_M_NS6_week10_S69_L001,Plate1_1002R_L_M_NS6_week10_S70_L001,Plate1_1075R_0_M_NS6_week9_S72_L001,Plate1_184R_0_F_NS6_week10_S65_L001,Plate1_184R_L_F_NS6_week10_S66_L001,Plate1_2403R_L_F_NS6_week10_S67_L001,Plate1_2506R_0_F_NS6_week10_S68_L001,Plate1_3894R_0_M_NS6_week10_S71_L001,Plate2_016R_0_F_NS6_week9_S79_L001,Plate2_1075R_L_M_NS6_week9_S84_L001,Plate2_1184R_0_M_NS6_week9_S85_L001,Plate2_1186R_0_M_NS6_week9_S86_L001,Plate2_1186R_RR_M_NS6_week9_S87_L001,Plate2_184R_0_M_NS6_week9_S88_L001,Plate2_2403R_0_F_NS6_week9_S80_L001,Plate2_2476R_R_F_NS6_week9_S81_L001,Plate2_2562R_0_F_NS6_week9_S82_L001,Plate2_2562R_RL_F_NS6_week9_S83_L001,Plate3_016R_0_F_NS6_week5_S1_L001,Plate3_016R_R_F_NS6_Pellet_week9_S2_L001,Plate3_1075R_RL_M_NS6_Pellet_week9_S3_L001,Plate4_016R_R_F_NS6_week5_S1_L001,Plate4_1075R_0_M_NS6_week5_S2_L001,Plate4_1075R_RL_M_NS6_week5_S3_L001,Plate4_1184R_0_M_NS6_week5_S4_L001,Plate4_1186R_0_M_NS6_week5_S5_L001,Plate4_1186R_RR_M_NS6_week5_S6_L001,Plate4_184R_0_M_NS6_week5_S7_L001,Plate4_2403R_0_F_NS6_week5_S8_L001,Plate4_2476R_R_F_NS6_week5_S9_L001,Plate4_2562R_0_F_NS6_week5_S10_L001,Plate4_2562R_RL_F_NS6_week5_S11_L001,Plate1_1174R_0_M_S2_week9_S56_L001,Plate1_160R_0_F_S2_week10_S49_L001,Plate1_160R_L_F_S2_week10_S50_L001,Plate1_2446R_0_F_S2_week9_S55_L001,Plate1_3795R_R_F_S2_week10_S51_L001,Plate1_3896R_0_M_S2_week10_S52_L001,Plate1_3896R_L_M_S2_week10_S53_L001,Plate1_3909R_R_M_S2_week10_S54_L001,Plate2_073R_0_M_S2_week5_S52_L001,Plate2_073R_0_M_S2_week9_S55_L001,Plate2_1067R_R_M_S2_week5_S56_L001,Plate2_1067R_R_M_S2_week9_S59_L001,Plate2_1152R_0_M_S2_week9_S60_L001,Plate2_2404R_R_F_S2_week5_S35_L001,Plate2_2404R_R_F_S2_week9_S38_L001,Plate2_2446R_L_F_S2_week5_S39_L001,Plate2_2446R_L_F_S2_week9_S42_L001,Plate2_3795R_0_F_S2_week5_S43_L001,Plate2_3795R_0_F_S2_week9_S46_L001,Plate2_3909R_0_M_S2_week5_S61_L001,Plate2_3909R_0_M_S2_week9_S64_L001,Plate2_3918R_R_M_S2_week5_S65_L001,Plate2_3918R_R_M_S2_week9_S68_L001,Plate2_3969R_0_F_S2_week5_S47_L001,Plate2_3969R_0_F_S2_week9_S50_L001,Plate2_3980R_0_F_S2_week9_S51_L001,Plate3_073R_R_M_S2_Pellet_week9_S61_L001,Plate3_073R_R_M_S2_week5_S33_L001,Plate3_1067R_0_M_S2_week5_S34_L001,Plate3_1067R_0_M_S2_week9_S62_L001,Plate3_1067R_L_M_S2_week5_S35_L001,Plate3_1067R_L_M_S2_week9_S63_L001,Plate3_1152R_0_M_S2_week5_S36_L001,Plate3_1152R_L_M_S2_week5_S37_L001,Plate3_1152R_L_M_S2_week9_S64_L001,Plate3_1152R_R_M_S2_week5_S38_L001,Plate3_1152R_R_M_S2_week9_S65_L001,Plate3_1174R_0_M_S2_week5_S39_L001,Plate3_2404R_0_F_S2_week5_S40_L001,Plate3_2404R_0_F_S2_week9_S66_L001,Plate3_2404R_L_F_S2_week5_S41_L001,Plate3_2404R_L_F_S2_week9_S67_L001,Plate3_2446R_0_F_S2_week5_S42_L001,Plate3_2446R_RL_F_S2_Pellet_week9_S69_L001,Plate3_2446R_RL_F_S2_week5_S44_L001,Plate3_2446R_R_F_S2_Pellet_week9_S68_L001,Plate3_2446R_R_F_S2_week5_S43_L001,Plate3_2453R_0_F_S2_Pellet_week9_S70_L001,Plate3_2453R_0_F_S2_week5_S45_L001,Plate3_2453R_L_F_S2_Pellet_week9_S71_L001,Plate3_2453R_L_F_S2_week5_S46_L001,Plate3_2453R_R_F_S2_Pellet_week9_S72_L001,Plate3_2453R_R_F_S2_week5_S47_L001,Plate3_3795R_L_F_S2_week5_S48_L001,Plate3_3795R_L_F_S2_week9_S73_L001,Plate3_3880R_0_F_S2_week5_S49_L001,Plate3_3880R_0_F_S2_week9_S74_L001,Plate3_3880R_L_F_S2_week5_S50_L001,Plate3_3880R_L_F_S2_week9_S75_L001,Plate3_3880R_R_F_S2_week5_S51_L001,Plate3_3880R_R_F_S2_week9_S76_L001,Plate3_3909R_L_M_S2_week5_S52_L001,Plate3_3909R_L_M_S2_week9_S77_L001,Plate3_3918R_0_M_S2_week5_S53_L001,Plate3_3918R_0_M_S2_week9_S78_L001,Plate3_3918R_L_M_S2_week5_S54_L001,Plate3_3918R_L_M_S2_week9_S79_L001,Plate3_3918R_RL_M_S2_week5_S55_L001,Plate3_3918R_RL_M_S2_week9_S80_L001,Plate3_3918R_RR_M_S2_week5_S56_L001,Plate3_3918R_RR_M_S2_week9_S81_L001,Plate3_3969R_R_F_S2_Pellet_week9_S82_L001,Plate3_3969R_R_F_S2_week5_S57_L001,Plate3_3980R_0_F_S2_week5_S58_L001,Plate3_3980R_L_F_S2_Pellet_week9_S83_L001,Plate3_3980R_L_F_S2_week5_S59_L001,Plate3_3980R_R_F_S2_Pellet_week9_S84_L001,Plate3_3980R_R_F_S2_week5_S60_L001,Plate5_048R_S2_R_Female_week5_S61_L001,Plate5_048R_S2_R_Female_week9_S75_L001,Plate5_1050R_S2_L_Male_week5_S68_L001,Plate5_1050R_S2_L_Male_week9_S82_L001,Plate5_1050R_S2_RR_Male_week5_S70_L001,Plate5_1050R_S2_RR_Male_week9_S84_L001,Plate5_1050R_S2_R_Male_week5_S69_L001,Plate5_1050R_S2_R_Male_week9_S83_L001,Plate5_1127R_S2_0_Female_week5_S62_L001,Plate5_1127R_S2_0_Female_week9_S76_L001,Plate5_1127R_S2_R_Female_week5_S63_L001,Plate5_1127R_S2_R_Female_week9_S77_L001,Plate5_2514R_S2_L_Male_week5_S71_L001,Plate5_2514R_S2_L_Male_week9_S85_L001,Plate5_2514R_S2_R_Male_week5_S72_L001,Plate5_2514R_S2_R_Male_week9_S86_L001,Plate5_3995R_S2_0_Female_week5_S64_L001,Plate5_3995R_S2_0_Female_week9_S78_L001,Plate5_3995R_S2_L_Female_week5_S65_L001,Plate5_3995R_S2_L_Female_week9_S79_L001,Plate5_3995R_S2_RR_Female_week5_S67_L001,Plate5_3995R_S2_RR_Female_week9_S81_L001,Plate5_3995R_S2_R_Female_week5_S66_L001,Plate5_3995R_S2_R_Female_week9_S80_L001,Plate5_3997R_S2_L_Male_week5_S73_L001,Plate5_3997R_S2_L_Male_week9_S87_L001,Plate5_3997R_S2_R_Male_week5_S74_L001,Plate5_3997R_S2_R_Male_week9_S88_L001,Plate1_1136R_RL_F_S5_week10_S58_L001,Plate1_1136R_R_F_S5_week10_S57_L001,Plate1_2518R_L_M_S5_week10_S61_L001,Plate1_2518R_R_M_S5_week10_S62_L001,Plate1_3752R_0_F_S5_week10_S59_L001,Plate1_3752R_L_F_S5_week10_S60_L001,Plate1_3893R_RL_M_S5_week10_S64_L001,Plate1_3893R_R_M_S5_week10_S63_L001,Plate2_096R_0_M_S5_week9_S74_L001,Plate2_1060R_L_M_S5_week9_S75_L001,Plate2_1076R_0_M_S5_week9_S76_L001,Plate2_1136R_0_F_S5_week9_S69_L001,Plate2_2402R_0_F_S5_week9_S70_L001,Plate2_2433R_0_F_S5_week9_S71_L001,Plate2_2475R_0_M_S5_week9_S77_L001,Plate2_2518R_0_M_S5_week9_S78_L001,Plate2_3924R_L_F_S5_week9_S72_L001,Plate2_3929R_0_F_S5_week9_S73_L001,Plate3_096R_0_M_S5_week5_S4_L001,Plate3_2402R_R_F_S5_Pellet_week9_S5_L001,Plate3_2475R_RL_M_S5_Pellet_week9_S6_L001,Plate4_1060R_L_M_S5_week5_S12_L001,Plate4_1076R_0_M_S5_week5_S13_L001,Plate4_1136R_0_F_S5_week5_S14_L001,Plate4_2402R_0_F_S5_week5_S15_L001,Plate4_2402R_R_F_S5_week5_S16_L001,Plate4_2433R_0_F_S5_week5_S17_L001,Plate4_2475R_0_M_S5_week5_S18_L001,Plate4_2475R_RL_M_S5_week5_S19_L001,Plate4_2518R_0_M_S5_week5_S20_L001,Plate4_3924R_L_F_S5_week5_S21_L001,Plate4_3929R_0_F_S5_week5_S22_L001
2025-12-08 18:21:44.751181 DEBUG::A total of 93 samples were found in both the data and metadata
2025-12-08 18:21:44.75177 DEBUG::Reordering data/metadata to use same sample ordering
2025-12-08 18:21:44.775456 INFO::Formula for random effects: expr ~ (1 | Sex)
2025-12-08 18:21:44.776941 INFO::Formula for fixed effects: expr ~  Week_and_consortia
2025-12-08 18:21:44.779114 INFO::Filter data based on min abundance and min prevalence
2025-12-08 18:21:44.780379 INFO::Total samples in data: 93
2025-12-08 18:21:44.781536 INFO::Min samples required with min abundance for a feature not to be filtered: 9.300000
2025-12-08 18:21:44.809778 INFO::Total filtered features: 128
2025-12-08 18:21:44.811492 INFO::Filtered feature names from abundance and prevalence filtering: EC.1.1.1.396, EC.1.10.3.12, EC.1.14.14.47, EC.1.14.99.48, EC.1.14.99.57, EC.1.4.1.2, EC.1.4.3.19, EC.1.7.1.6, EC.1.8.1.14, EC.1.8.99.2, EC.2.3.1.168, EC.2.3.2.17, EC.2.3.2.18, EC.2.4.1.230, EC.2.4.1.332, EC.2.7.1.113, EC.2.7.8.44, EC.3.1.31.1, EC.3.2.1.136, EC.3.2.1.82, EC.3.2.2.24, EC.3.4.11.14, EC.3.5.1.47, EC.3.9.1.2, EC.4.2.2.1, EC.4.3.1.29, EC.5.1.1.21, EC.5.3.99.10, EC.1.1.1.132, EC.1.1.1.281, EC.1.1.1.310, EC.1.1.1.91, EC.1.13.11.4, EC.1.14.13.1, EC.1.14.13.218, EC.1.14.13.24, EC.1.17.1.5, EC.1.5.1.51, EC.1.8.5.6, EC.1.9.3.1, EC.2.4.1.152, EC.2.4.1.216, EC.2.4.1.60, EC.2.4.1.65, EC.2.6.1.104, EC.2.6.1.112, EC.2.7.1.203, EC.2.7.1.204, EC.2.7.8.11, EC.3.1.1.89, EC.3.1.3.39, EC.3.1.6.8, EC.3.4.21.19, EC.3.4.22.10, EC.3.4.24.28, EC.3.4.24.30, EC.3.5.1.49, EC.3.5.2.14, EC.3.6.3.38, EC.4.1.1.39, EC.4.1.3.16, EC.4.1.3.32, EC.4.2.1.90, EC.4.2.2.26, EC.4.2.2.3, EC.5.2.1.2, EC.5.2.1.4, EC.5.3.3.6, EC.5.5.1.2, EC.5.5.1.27, EC.6.1.3.1, EC.6.2.1.13, EC.1.1.1.307, EC.1.1.1.308, EC.1.1.1.385, EC.1.1.3.9, EC.1.11.2.4, EC.1.14.13.208, EC.1.14.13.8, EC.1.2.1.67, EC.1.21.4.1, EC.1.3.3.11, EC.1.3.7.8, EC.1.5.1.15, EC.1.5.1.24, EC.1.5.3.1, EC.2.3.1.222, EC.2.4.2.54, EC.2.6.1.98, EC.2.7.1.101, EC.2.7.1.213, EC.2.7.1.215, EC.2.7.8.34, EC.2.8.3.12, EC.2.8.3.17, EC.3.1.3.92, EC.3.1.4.17, EC.3.2.1.67, EC.3.3.2.9, EC.3.4.24.75, EC.3.5.3.3, EC.3.7.1.3, EC.4.2.1.157, EC.4.2.1.167, EC.4.2.1.54, EC.5.1.3.10, EC.5.1.99.3, EC.6.2.1.9, EC.1.1.1.102, EC.1.14.19.3, EC.2.1.1.248, EC.2.3.1.178, EC.2.4.1.288, EC.2.4.2.30, EC.2.4.99.18, EC.2.5.1.140, EC.2.7.1.95, EC.2.7.7.83, EC.2.8.3.15, EC.2.8.3.24, EC.2.8.4.2, EC.3.1.3.87, EC.3.13.1.6, EC.3.4.21.62, EC.3.4.21.66, EC.3.4.23.52, EC.3.4.24.89, EC.6.3.3.6
2025-12-08 18:21:44.851099 INFO::Total filtered features with variance filtering: 0
2025-12-08 18:21:44.852462 INFO::Filtered feature names from variance filtering:
2025-12-08 18:21:44.853647 INFO::Running selected normalization method: TSS
2025-12-08 18:21:44.878819 INFO::Applying z-score to standardize continuous metadata
2025-12-08 18:21:44.887657 INFO::Running selected transform method: LOG
2025-12-08 18:21:44.926427 INFO::Running selected analysis method: LM
2025-12-08 18:21:44.928292 INFO::Creating cluster of 4 R processes
2025-12-08 18:22:19.964947 INFO::Counting total values for each feature
2025-12-08 18:22:20.035592 INFO::Writing filtered data to file /Users/danielcm/Desktop/diammatics/T1D/Maaslin2.3/maaslin2_Week_and_consortia_EC_NS1_w5_vs_NS1_w9w10_ref_Week_and_consortia,NS1_w9w10/features/filtered_data.tsv
2025-12-08 18:22:20.145178 INFO::Writing filtered, normalized data to file /Users/danielcm/Desktop/diammatics/T1D/Maaslin2.3/maaslin2_Week_and_consortia_EC_NS1_w5_vs_NS1_w9w10_ref_Week_and_consortia,NS1_w9w10/features/filtered_data_norm.tsv
2025-12-08 18:22:20.304225 INFO::Writing filtered, normalized, transformed data to file /Users/danielcm/Desktop/diammatics/T1D/Maaslin2.3/maaslin2_Week_and_consortia_EC_NS1_w5_vs_NS1_w9w10_ref_Week_and_consortia,NS1_w9w10/features/filtered_data_norm_transformed.tsv
2025-12-08 18:22:20.468288 INFO::Writing residuals to file /Users/danielcm/Desktop/diammatics/T1D/Maaslin2.3/maaslin2_Week_and_consortia_EC_NS1_w5_vs_NS1_w9w10_ref_Week_and_consortia,NS1_w9w10/fits/residuals.rds
2025-12-08 18:22:20.623761 INFO::Writing fitted values to file /Users/danielcm/Desktop/diammatics/T1D/Maaslin2.3/maaslin2_Week_and_consortia_EC_NS1_w5_vs_NS1_w9w10_ref_Week_and_consortia,NS1_w9w10/fits/fitted.rds
2025-12-08 18:22:20.643355 INFO::Writing extracted random effects to file /Users/danielcm/Desktop/diammatics/T1D/Maaslin2.3/maaslin2_Week_and_consortia_EC_NS1_w5_vs_NS1_w9w10_ref_Week_and_consortia,NS1_w9w10/fits/ranef.rds
2025-12-08 18:22:20.64702 INFO::Writing all results to file (ordered by increasing q-values): /Users/danielcm/Desktop/diammatics/T1D/Maaslin2.3/maaslin2_Week_and_consortia_EC_NS1_w5_vs_NS1_w9w10_ref_Week_and_consortia,NS1_w9w10/all_results.tsv
2025-12-08 18:22:20.659675 INFO::Writing the significant results (those which are less than or equal to the threshold of 0.250000 ) to file (ordered by increasing q-values): /Users/danielcm/Desktop/diammatics/T1D/Maaslin2.3/maaslin2_Week_and_consortia_EC_NS1_w5_vs_NS1_w9w10_ref_Week_and_consortia,NS1_w9w10/significant_results.tsv
