2026-04-01 14:15:05.571093 INFO::Writing function arguments to log file
2026-04-01 14:15:05.572727 DEBUG::Function arguments
2026-04-01 14:15:05.573347 DEBUG::Output folder: /Users/danielcm/Desktop/Sickkids/Maaslin2.5/maaslin2_Week_and_consortia_pathway_NS1_w9w10_vs_S2_w9w10_ref_Week_and_consortia,S2_w9w10
2026-04-01 14:15:05.573931 DEBUG::Min Abundance: 0.000000
2026-04-01 14:15:05.574509 DEBUG::Min Prevalence: 0.100000
2026-04-01 14:15:05.575088 DEBUG::Normalization: TSS
2026-04-01 14:15:05.575661 DEBUG::Transform: LOG
2026-04-01 14:15:05.576234 DEBUG::Analysis method: LM
2026-04-01 14:15:05.576815 DEBUG::Max significance: 0.250000
2026-04-01 14:15:05.57739 DEBUG::Random effects: Sex
2026-04-01 14:15:05.577963 DEBUG::Fixed effects: Week_and_consortia
2026-04-01 14:15:05.578539 DEBUG::Correction method: BH
2026-04-01 14:15:05.579119 DEBUG::Standardize: TRUE
2026-04-01 14:15:05.579693 DEBUG::Cores: 8
2026-04-01 14:15:05.580252 INFO::Verifying options selected are valid
2026-04-01 14:15:05.581671 INFO::Determining format of input files
2026-04-01 14:15:05.583172 INFO::Input format is data samples as columns and metadata samples as rows
2026-04-01 14:15:05.591168 DEBUG::Transformed data so samples are rows
2026-04-01 14:15:05.593352 DEBUG::The following samples were found to have features but no metadata. They will be removed. plate1_T1D_NS1_defined_mouse_ino,plate2_036R_R_M_NS1_week5_S18_L0,plate2_036R_R_M_NS1_week6_S19_L0,plate2_036R_R_M_NS1_week7_S20_L0,plate2_1030R_L_M_NS1_week5_S22_L,plate2_1030R_L_M_NS1_week6_S23_L,plate2_1030R_L_M_NS1_week7_S24_L,plate2_1121R_0_M_NS1_week5_S26_L,plate2_1121R_0_M_NS1_week6_S27_L,plate2_1121R_0_M_NS1_week7_S28_L,plate2_1151R_R_M_NS1_week5_S30_L,plate2_1151R_R_M_NS1_week6_S31_L,plate2_1151R_R_M_NS1_week7_S32_L,plate2_1193R_R_F_NS1_week5_S1_L0,plate2_1193R_R_F_NS1_week6_S2_L0,plate2_1193R_R_F_NS1_week7_S3_L0,plate2_2529R_R_F_NS1_week5_S5_L0,plate2_2529R_R_F_NS1_week6_S6_L0,plate2_2529R_R_F_NS1_week7_S7_L0,plate2_3971R_L_F_NS1_week5_S9_L0,plate2_3971R_L_F_NS1_week6_S10_L,plate2_3971R_L_F_NS1_week7_S11_L,plate2_3975R_R_F_NS1_week5_S14_L,plate2_3975R_R_F_NS1_week6_S15_L,plate2_3975R_R_F_NS1_week7_S16_L,plate4_036R_0_M_NS1_week9_S62_L001,plate4_036R_0_M_NS1_week5_S41_L0,plate4_036R_L_M_NS1_week9_S63_L001,plate4_036R_L_M_NS1_week5_S42_L0,plate4_036R_NS1_week18_S34_L001,plate4_036R_RL_M_NS1_week9_S64_L001,plate4_036R_RL_M_NS1_week5_S43_L,plate4_036R_RR_M_NS1_week9_S65_L001,plate4_036R_RR_M_NS1_week5_S44_L,plate4_1030R_RR_M_NS1_week5_S45_,plate4_1121R_L_M_NS1_week5_S46_L,plate4_1121R_NS1_week19_S35_L001,plate4_1121R_R_M_NS1_week5_S47_L,plate4_1121R_RL_M_NS1_diabetes_S,plate4_1121R_RL_M_NS1_week5_S48_,plate4_1121R_RR_M_NS1_week5_S49_,plate4_1151R_0_M_NS1_week5_S50_L,plate4_1151R_NS1_week21_S36_L001,plate4_1151R_R_M_NS1_diabetes_S2,plate4_1193R_0_F_NS1_week5_S51_L,plate4_1193R_L_F_NS1_diabetes_S2,plate4_1193R_L_F_NS1_week5_S52_L,plate4_1193R_NS1_week24_S38_L001,plate4_2529R_0_F_NS1_week5_S53_L,plate4_2529R_L_F_NS1_diabetes_S2,plate4_2529R_L_F_NS1_week5_S54_L,plate4_2529R_NS1_week22_S37_L001,plate4_2529R_RL_F_NS1_week5_S55_,plate4_3861R_0_M_NS1_week5_S56_L,plate4_3861R_L_M_NS1_diabetes_S2,plate4_3861R_L_M_NS1_week5_S57_L,plate4_3861R_NS1_week28_S39_L001,plate4_3861R_R_M_NS1_week5_S58_L,plate4_3971R_0_F_NS1_week5_S59_L,plate4_3971R_NS1_week30_S40_L001,plate4_3971R_R_F_NS1_diabetes_S2,plate4_3971R_RL_F_NS1_diabetes_S,plate4_3975R_0_F_NS1_week5_S60_L,plate4_3975R_L_F_NS1_diabetes_S3,plate4_3975R_L_F_NS1_week5_S61_L,plate4_3975R_NS1_week14_S33_L001,plate4_3975R_R_F_NS1_diabetes_S3,plate4_3975R_RL_F_NS1_diabetes_S,plate4_NS1_defined_inocula_S88_L,plate5_2808_NS1_0_Female_week5_S,plate5_2808_NS1_L_Female_week5_S,plate5_2808_NS1_R_Female_week5_S,plate5_2808_NS1_RR_Female_week5_,plate5_2824_NS1_0_Male_week5_S43,plate5_2824_NS1_L_Male_week5_S44,plate5_2824_NS1_R_Male_week5_S45,plate5_2864_NS1_R_Male_week5_S46,plate5_2893_NS1_0_Male_week5_S47,plate5_2893_NS1_R_Male_week5_S48,plate5_2999_NS1_0_Female_week5_S,plate5_2999_NS1_R_Female_week5_S,plate5_NS1_mouse_inoculum_S35_L0,plate1_T1D_S2_defined_mouse_inoc,plate2_073R_0_M_S2_week5_S52_L00,plate2_073R_0_M_S2_week6_S53_L00,plate2_073R_0_M_S2_week7_S54_L00,plate2_1067R_R_M_S2_week5_S56_L0,plate2_1067R_R_M_S2_week6_S57_L0,plate2_1067R_R_M_S2_week7_S58_L0,plate2_1193R_R_F_NS1_week6_S2_L0.1,plate2_2404R_R_F_S2_week5_S35_L0,plate2_2404R_R_F_S2_week6_S36_L0,plate2_2404R_R_F_S2_week7_S37_L0,plate2_2446R_L_F_S2_week5_S39_L0,plate2_2446R_L_F_S2_week6_S40_L0,plate2_2446R_L_F_S2_week7_S41_L0,plate2_3795R_0_F_S2_week5_S43_L0,plate2_3795R_0_F_S2_week6_S44_L0,plate2_3795R_0_F_S2_week7_S45_L0,plate2_3909R_0_M_S2_week5_S61_L0,plate2_3909R_0_M_S2_week6_S62_L0,plate2_3909R_0_M_S2_week7_S63_L0,plate2_3918R_R_M_S2_week5_S65_L0,plate2_3918R_R_M_S2_week6_S66_L0,plate2_3918R_R_M_S2_week7_S67_L0,plate2_3969R_0_F_S2_week5_S47_L0,plate2_3969R_0_F_S2_week6_S48_L0,plate2_3969R_0_F_S2_week7_S49_L0,plate3_073R_R_M_S2_diabetes_S7_L,plate3_073R_R_M_S2_week5_S33_L00,plate3_073R_S2_week21_S27_L001,plate3_1067R_0_M_S2_week5_S34_L0,plate3_1067R_L_M_S2_week5_S35_L0,plate3_1067R_R_M_S2_diabetes_S8_,plate3_1067R_S2_week27_S30_L001,plate3_1152R_0_M_S2_week5_S36_L0,plate3_1152R_L_M_S2_diabetes_S9_,plate3_1152R_L_M_S2_week5_S37_L0,plate3_1152R_R_M_S2_week5_S38_L0,plate3_1152R_S2_week28_S31_L001,plate3_1174R_0_M_S2_diabetes_S10,plate3_1174R_0_M_S2_week5_S39_L0,plate3_1174R_S2_week14_S21_L001,plate3_2404R_0_F_S2_week5_S40_L0,plate3_2404R_L_F_S2_diabetes_S11,plate3_2404R_L_F_S2_week5_S41_L0,plate3_2404R_S2_week14_S22_L001,plate3_2446R_0_F_S2_week5_S42_L0,plate3_2446R_L_F_S2_diabetes_S12,plate3_2446R_R_F_S2_week5_S43_L0,plate3_2446R_RL_F_S2_week5_S44_L,plate3_2446R_S2_week15_S24_L001,plate3_2453R_0_F_S2_week5_S45_L0,plate3_2453R_L_F_S2_diabetes_S13,plate3_2453R_L_F_S2_week5_S46_L0,plate3_2453R_R_F_S2_diabetes_S14,plate3_2453R_R_F_S2_week5_S47_L0,plate3_2453R_S2_week21_S28_L001,plate3_3795R_L_F_S2_week5_S48_L0,plate3_3880R_0_F_S2_week5_S49_L0,plate3_3880R_L_F_S2_week5_S50_L0,plate3_3880R_R_F_S2_week5_S51_L0,plate3_3880R_S2_week15_S25_L001,plate3_3909R_0_M_S2_diabetes_S15,plate3_3909R_L_M_S2_diabetes_S16,plate3_3909R_L_M_S2_week5_S52_L0,plate3_3909R_S2_week21_S29_L001,plate3_3918R_0_M_S2_diabetes_S17,plate3_3918R_0_M_S2_week5_S53_L0,plate3_3918R_L_M_S2_week5_S54_L0,plate3_3918R_RL_M_S2_week5_S55_L,plate3_3918R_RR_M_S2_week5_S56_L,plate3_3969R_R_F_S2_diabetes_S18,plate3_3969R_R_F_S2_week5_S57_L0,plate3_3969R_S2_week18_S26_L001,plate3_3980R_0_F_S2_diabetes_S19,plate3_3980R_0_F_S2_week5_S58_L0,plate3_3980R_L_F_S2_week5_S59_L0,plate3_3980R_R_F_S2_diabetes_S20,plate3_3980R_R_F_S2_week5_S60_L0,plate3_3980R_S2_week14_S23_L001,plate3_S2_defined_inocula_S88_L0,plate4_1075R_0_M_NS6_week5_S2_L0,plate4_1151R_R_M_NS1_diabetes_S2.1,plate4_1193R_L_F_NS1_diabetes_S2.1,plate4_2529R_L_F_NS1_diabetes_S2.1,plate4_3861R_L_M_NS1_diabetes_S2.1,plate4_3971R_R_F_NS1_diabetes_S2.1,plate5_048R_S2_R_Female_week5_S6,plate5_1050R_S2_L_Male_week5_S68,plate5_1050R_S2_R_Male_week5_S69,plate5_1050R_S2_RR_Male_week5_S7,plate5_1127R_S2_0_Female_week5_S,plate5_1127R_S2_R_Female_week5_S,plate5_2514R_S2_L_Male_week5_S71,plate5_2514R_S2_R_Male_week5_S72,plate5_3995R_S2_0_Female_week5_S,plate5_3995R_S2_L_Female_week5_S,plate5_3995R_S2_R_Female_week5_S,plate5_3995R_S2_RR_Female_week5_,plate5_3997R_S2_L_Male_week5_S73,plate5_3997R_S2_R_Male_week5_S74,plate5_S2_mouse_inoculum_S36_L00,plate1_1002R_0_M_NS6_week10_S69_,plate1_1002R_L_M_NS6_week10_S70_,plate1_1075R_0_M_NS6_week9_S72_L,plate1_184R_0_F_NS6_week10_S65_L,plate1_184R_L_F_NS6_week10_S66_L,plate1_2403R_L_F_NS6_week10_S67_,plate1_2506R_0_F_NS6_week10_S68_,plate1_3894R_0_M_NS6_week10_S71_,plate1_T1D_NS6_defined_mouse_ino,plate2_016R_0_F_NS6_week9_S79_L0,plate2_1075R_L_M_NS6_week9_S84_L,plate2_1184R_0_M_NS6_week9_S85_L,plate2_1186R_0_M_NS6_week9_S86_L,plate2_1186R_RR_M_NS6_week9_S87_,plate2_184R_0_M_NS6_week9_S88_L0,plate2_2403R_0_F_NS6_week9_S80_L,plate2_2476R_R_F_NS6_week9_S81_L,plate2_2562R_0_F_NS6_week9_S82_L,plate2_2562R_RL_F_NS6_week9_S83_,plate3_016R_0_F_NS6_week5_S1_L00,plate3_016R_R_F_NS6_Pellet_week9,plate3_1075R_RL_M_NS6_Pellet_wee,plate3_NS6_defined_inocula_S86_L,plate4_016R_R_F_NS6_week5_S1_L00,plate4_1075R_0_M_NS6_week5_S2_L0.1,plate4_1075R_RL_M_NS6_week5_S3_L,plate4_1184R_0_M_NS6_week5_S4_L0,plate4_1186R_0_M_NS6_week5_S5_L0,plate4_1186R_RR_M_NS6_week5_S6_L,plate4_184R_0_M_NS6_week5_S7_L00,plate4_2403R_0_F_NS6_week5_S8_L0,plate4_2476R_R_F_NS6_week5_S9_L0,plate4_2562R_0_F_NS6_week5_S10_L,plate4_2562R_RL_F_NS6_week5_S11_,plate4_NS6_defined_inocula_S86_L,plate1_1136R_R_F_S5_week10_S57_L,plate1_1136R_RL_F_S5_week10_S58_,plate1_2518R_L_M_S5_week10_S61_L,plate1_2518R_R_M_S5_week10_S62_L,plate1_3752R_0_F_S5_week10_S59_L,plate1_3752R_L_F_S5_week10_S60_L,plate1_3893R_R_M_S5_week10_S63_L,plate1_3893R_RL_M_S5_week10_S64_,plate1_T1D_S5_defined_mouse_inoc,plate2_096R_0_M_S5_week9_S74_L00,plate2_1060R_L_M_S5_week9_S75_L0,plate2_1076R_0_M_S5_week9_S76_L0,plate2_1136R_0_F_S5_week9_S69_L0,plate2_2402R_0_F_S5_week9_S70_L0,plate2_2433R_0_F_S5_week9_S71_L0,plate2_2475R_0_M_S5_week9_S77_L0,plate2_2518R_0_M_S5_week9_S78_L0,plate2_3924R_L_F_S5_week9_S72_L0,plate2_3929R_0_F_S5_week9_S73_L0,plate3_096R_0_M_S5_week5_S4_L001,plate3_2402R_R_F_S5_Pellet_week9,plate3_2475R_RL_M_S5_Pellet_week,plate3_S5_defined_inocula_S87_L0,plate4_1060R_L_M_S5_week5_S12_L0,plate4_1076R_0_M_S5_week5_S13_L0,plate4_1136R_0_F_S5_week5_S14_L0,plate4_2402R_0_F_S5_week5_S15_L0,plate4_2402R_R_F_S5_week5_S16_L0,plate4_2475R_RL_M_S5_week5_S19_L,plate4_2518R_0_M_S5_week5_S20_L0,plate4_3924R_L_F_S5_week5_S21_L0,plate4_3929R_0_F_S5_week5_S22_L0,plate4_S5_defined_inocula_S87_L0
2026-04-01 14:15:05.595565 DEBUG::The following samples were found to have metadata but no features. They will be removed. plate4_036R_0_M_NS1_S62_L001,plate4_036R_L_M_NS1_S63_L001,plate4_036R_RL_M_NS1_S64_L001,plate4_036R_RR_M_NS1_S65_L001
2026-04-01 14:15:05.596317 DEBUG::A total of 105 samples were found in both the data and metadata
2026-04-01 14:15:05.596914 DEBUG::Reordering data/metadata to use same sample ordering
2026-04-01 14:15:05.601782 INFO::Formula for random effects: expr ~ (1 | Sex)
2026-04-01 14:15:05.60424 INFO::Formula for fixed effects: expr ~  Week_and_consortia
2026-04-01 14:15:05.607047 INFO::Filter data based on min abundance and min prevalence
2026-04-01 14:15:05.60856 INFO::Total samples in data: 105
2026-04-01 14:15:05.609953 INFO::Min samples required with min abundance for a feature not to be filtered: 10.500000
2026-04-01 14:15:05.616173 INFO::Total filtered features: 2
2026-04-01 14:15:05.61791 INFO::Filtered feature names from abundance and prevalence filtering: P281.PWY, PWY.3781
2026-04-01 14:15:05.627038 INFO::Total filtered features with variance filtering: 0
2026-04-01 14:15:05.657061 INFO::Filtered feature names from variance filtering:
2026-04-01 14:15:05.658484 INFO::Running selected normalization method: TSS
2026-04-01 14:15:05.665991 INFO::Applying z-score to standardize continuous metadata
2026-04-01 14:15:05.670258 INFO::Running selected transform method: LOG
2026-04-01 14:15:05.680921 INFO::Running selected analysis method: LM
2026-04-01 14:15:05.682802 INFO::Creating cluster of 8 R processes
2026-04-01 14:15:22.929257 INFO::Counting total values for each feature
2026-04-01 14:15:22.950005 INFO::Writing filtered data to file /Users/danielcm/Desktop/Sickkids/Maaslin2.5/maaslin2_Week_and_consortia_pathway_NS1_w9w10_vs_S2_w9w10_ref_Week_and_consortia,S2_w9w10/features/filtered_data.tsv
2026-04-01 14:15:23.036278 INFO::Writing filtered, normalized data to file /Users/danielcm/Desktop/Sickkids/Maaslin2.5/maaslin2_Week_and_consortia_pathway_NS1_w9w10_vs_S2_w9w10_ref_Week_and_consortia,S2_w9w10/features/filtered_data_norm.tsv
2026-04-01 14:15:23.10207 INFO::Writing filtered, normalized, transformed data to file /Users/danielcm/Desktop/Sickkids/Maaslin2.5/maaslin2_Week_and_consortia_pathway_NS1_w9w10_vs_S2_w9w10_ref_Week_and_consortia,S2_w9w10/features/filtered_data_norm_transformed.tsv
2026-04-01 14:15:23.164839 INFO::Writing residuals to file /Users/danielcm/Desktop/Sickkids/Maaslin2.5/maaslin2_Week_and_consortia_pathway_NS1_w9w10_vs_S2_w9w10_ref_Week_and_consortia,S2_w9w10/fits/residuals.rds
2026-04-01 14:15:23.202154 INFO::Writing fitted values to file /Users/danielcm/Desktop/Sickkids/Maaslin2.5/maaslin2_Week_and_consortia_pathway_NS1_w9w10_vs_S2_w9w10_ref_Week_and_consortia,S2_w9w10/fits/fitted.rds
2026-04-01 14:15:23.208298 INFO::Writing extracted random effects to file /Users/danielcm/Desktop/Sickkids/Maaslin2.5/maaslin2_Week_and_consortia_pathway_NS1_w9w10_vs_S2_w9w10_ref_Week_and_consortia,S2_w9w10/fits/ranef.rds
2026-04-01 14:15:23.211106 INFO::Writing all results to file (ordered by increasing q-values): /Users/danielcm/Desktop/Sickkids/Maaslin2.5/maaslin2_Week_and_consortia_pathway_NS1_w9w10_vs_S2_w9w10_ref_Week_and_consortia,S2_w9w10/all_results.tsv
2026-04-01 14:15:23.217416 INFO::Writing the significant results (those which are less than or equal to the threshold of 0.250000 ) to file (ordered by increasing q-values): /Users/danielcm/Desktop/Sickkids/Maaslin2.5/maaslin2_Week_and_consortia_pathway_NS1_w9w10_vs_S2_w9w10_ref_Week_and_consortia,S2_w9w10/significant_results.tsv
2026-04-01 14:15:23.222549 INFO::Writing heatmap of significant results to file: /Users/danielcm/Desktop/Sickkids/Maaslin2.5/maaslin2_Week_and_consortia_pathway_NS1_w9w10_vs_S2_w9w10_ref_Week_and_consortia,S2_w9w10/heatmap.pdf
