2025-12-08 16:52:33.614302 INFO::Writing function arguments to log file
2025-12-08 16:52:33.615512 DEBUG::Function arguments
2025-12-08 16:52:33.615968 DEBUG::Output folder: /Users/danielcm/Desktop/diammatics/T1D/Maaslin2.3/maaslin2_Sex_and_consortia_pathway_Female_NS1_vs_Male_NS1_ref_Sex_and_consortia,Male_NS1
2025-12-08 16:52:33.616402 DEBUG::Min Abundance: 0.000000
2025-12-08 16:52:33.616838 DEBUG::Min Prevalence: 0.100000
2025-12-08 16:52:33.617268 DEBUG::Normalization: TSS
2025-12-08 16:52:33.617698 DEBUG::Transform: LOG
2025-12-08 16:52:33.618128 DEBUG::Analysis method: LM
2025-12-08 16:52:33.61856 DEBUG::Max significance: 0.250000
2025-12-08 16:52:33.618995 DEBUG::Random effects:
2025-12-08 16:52:33.619424 DEBUG::Fixed effects: Sex_and_consortia
2025-12-08 16:52:33.619864 DEBUG::Correction method: BH
2025-12-08 16:52:33.620293 DEBUG::Standardize: TRUE
2025-12-08 16:52:33.620724 DEBUG::Cores: 4
2025-12-08 16:52:33.621141 INFO::Verifying options selected are valid
2025-12-08 16:52:33.622196 INFO::Determining format of input files
2025-12-08 16:52:33.623209 INFO::Input format is data samples as rows and metadata samples as rows
2025-12-08 16:52:33.625087 DEBUG::The following samples were found to have features but no metadata. They will be removed. Plate1_1002R_0_M_NS6_week10_S69_L001,Plate1_1002R_L_M_NS6_week10_S70_L001,Plate1_1075R_0_M_NS6_week9_S72_L001,Plate1_184R_0_F_NS6_week10_S65_L001,Plate1_184R_L_F_NS6_week10_S66_L001,Plate1_2403R_L_F_NS6_week10_S67_L001,Plate1_2506R_0_F_NS6_week10_S68_L001,Plate1_3894R_0_M_NS6_week10_S71_L001,Plate2_016R_0_F_NS6_week9_S79_L001,Plate2_1075R_L_M_NS6_week9_S84_L001,Plate2_1184R_0_M_NS6_week9_S85_L001,Plate2_1186R_0_M_NS6_week9_S86_L001,Plate2_1186R_RR_M_NS6_week9_S87_L001,Plate2_184R_0_M_NS6_week9_S88_L001,Plate2_2403R_0_F_NS6_week9_S80_L001,Plate2_2476R_R_F_NS6_week9_S81_L001,Plate2_2562R_0_F_NS6_week9_S82_L001,Plate2_2562R_RL_F_NS6_week9_S83_L001,Plate3_016R_0_F_NS6_week5_S1_L001,Plate3_016R_R_F_NS6_Pellet_week9_S2_L001,Plate3_1075R_RL_M_NS6_Pellet_week9_S3_L001,Plate4_016R_R_F_NS6_week5_S1_L001,Plate4_1075R_0_M_NS6_week5_S2_L001,Plate4_1075R_RL_M_NS6_week5_S3_L001,Plate4_1184R_0_M_NS6_week5_S4_L001,Plate4_1186R_0_M_NS6_week5_S5_L001,Plate4_1186R_RR_M_NS6_week5_S6_L001,Plate4_184R_0_M_NS6_week5_S7_L001,Plate4_2403R_0_F_NS6_week5_S8_L001,Plate4_2476R_R_F_NS6_week5_S9_L001,Plate4_2562R_0_F_NS6_week5_S10_L001,Plate4_2562R_RL_F_NS6_week5_S11_L001,Plate1_1174R_0_M_S2_week9_S56_L001,Plate1_160R_0_F_S2_week10_S49_L001,Plate1_160R_L_F_S2_week10_S50_L001,Plate1_2446R_0_F_S2_week9_S55_L001,Plate1_3795R_R_F_S2_week10_S51_L001,Plate1_3896R_0_M_S2_week10_S52_L001,Plate1_3896R_L_M_S2_week10_S53_L001,Plate1_3909R_R_M_S2_week10_S54_L001,Plate2_073R_0_M_S2_week5_S52_L001,Plate2_073R_0_M_S2_week9_S55_L001,Plate2_1067R_R_M_S2_week5_S56_L001,Plate2_1067R_R_M_S2_week9_S59_L001,Plate2_1152R_0_M_S2_week9_S60_L001,Plate2_2404R_R_F_S2_week5_S35_L001,Plate2_2404R_R_F_S2_week9_S38_L001,Plate2_2446R_L_F_S2_week5_S39_L001,Plate2_2446R_L_F_S2_week9_S42_L001,Plate2_3795R_0_F_S2_week5_S43_L001,Plate2_3795R_0_F_S2_week9_S46_L001,Plate2_3909R_0_M_S2_week5_S61_L001,Plate2_3909R_0_M_S2_week9_S64_L001,Plate2_3918R_R_M_S2_week5_S65_L001,Plate2_3918R_R_M_S2_week9_S68_L001,Plate2_3969R_0_F_S2_week5_S47_L001,Plate2_3969R_0_F_S2_week9_S50_L001,Plate2_3980R_0_F_S2_week9_S51_L001,Plate3_073R_R_M_S2_Pellet_week9_S61_L001,Plate3_073R_R_M_S2_week5_S33_L001,Plate3_1067R_0_M_S2_week5_S34_L001,Plate3_1067R_0_M_S2_week9_S62_L001,Plate3_1067R_L_M_S2_week5_S35_L001,Plate3_1067R_L_M_S2_week9_S63_L001,Plate3_1152R_0_M_S2_week5_S36_L001,Plate3_1152R_L_M_S2_week5_S37_L001,Plate3_1152R_L_M_S2_week9_S64_L001,Plate3_1152R_R_M_S2_week5_S38_L001,Plate3_1152R_R_M_S2_week9_S65_L001,Plate3_1174R_0_M_S2_week5_S39_L001,Plate3_2404R_0_F_S2_week5_S40_L001,Plate3_2404R_0_F_S2_week9_S66_L001,Plate3_2404R_L_F_S2_week5_S41_L001,Plate3_2404R_L_F_S2_week9_S67_L001,Plate3_2446R_0_F_S2_week5_S42_L001,Plate3_2446R_RL_F_S2_Pellet_week9_S69_L001,Plate3_2446R_RL_F_S2_week5_S44_L001,Plate3_2446R_R_F_S2_Pellet_week9_S68_L001,Plate3_2446R_R_F_S2_week5_S43_L001,Plate3_2453R_0_F_S2_Pellet_week9_S70_L001,Plate3_2453R_0_F_S2_week5_S45_L001,Plate3_2453R_L_F_S2_Pellet_week9_S71_L001,Plate3_2453R_L_F_S2_week5_S46_L001,Plate3_2453R_R_F_S2_Pellet_week9_S72_L001,Plate3_2453R_R_F_S2_week5_S47_L001,Plate3_3795R_L_F_S2_week5_S48_L001,Plate3_3795R_L_F_S2_week9_S73_L001,Plate3_3880R_0_F_S2_week5_S49_L001,Plate3_3880R_0_F_S2_week9_S74_L001,Plate3_3880R_L_F_S2_week5_S50_L001,Plate3_3880R_L_F_S2_week9_S75_L001,Plate3_3880R_R_F_S2_week5_S51_L001,Plate3_3880R_R_F_S2_week9_S76_L001,Plate3_3909R_L_M_S2_week5_S52_L001,Plate3_3909R_L_M_S2_week9_S77_L001,Plate3_3918R_0_M_S2_week5_S53_L001,Plate3_3918R_0_M_S2_week9_S78_L001,Plate3_3918R_L_M_S2_week5_S54_L001,Plate3_3918R_L_M_S2_week9_S79_L001,Plate3_3918R_RL_M_S2_week5_S55_L001,Plate3_3918R_RL_M_S2_week9_S80_L001,Plate3_3918R_RR_M_S2_week5_S56_L001,Plate3_3918R_RR_M_S2_week9_S81_L001,Plate3_3969R_R_F_S2_Pellet_week9_S82_L001,Plate3_3969R_R_F_S2_week5_S57_L001,Plate3_3980R_0_F_S2_week5_S58_L001,Plate3_3980R_L_F_S2_Pellet_week9_S83_L001,Plate3_3980R_L_F_S2_week5_S59_L001,Plate3_3980R_R_F_S2_Pellet_week9_S84_L001,Plate3_3980R_R_F_S2_week5_S60_L001,Plate5_048R_S2_R_Female_week5_S61_L001,Plate5_048R_S2_R_Female_week9_S75_L001,Plate5_1050R_S2_L_Male_week5_S68_L001,Plate5_1050R_S2_L_Male_week9_S82_L001,Plate5_1050R_S2_RR_Male_week5_S70_L001,Plate5_1050R_S2_RR_Male_week9_S84_L001,Plate5_1050R_S2_R_Male_week5_S69_L001,Plate5_1050R_S2_R_Male_week9_S83_L001,Plate5_1127R_S2_0_Female_week5_S62_L001,Plate5_1127R_S2_0_Female_week9_S76_L001,Plate5_1127R_S2_R_Female_week5_S63_L001,Plate5_1127R_S2_R_Female_week9_S77_L001,Plate5_2514R_S2_L_Male_week5_S71_L001,Plate5_2514R_S2_L_Male_week9_S85_L001,Plate5_2514R_S2_R_Male_week5_S72_L001,Plate5_2514R_S2_R_Male_week9_S86_L001,Plate5_3995R_S2_0_Female_week5_S64_L001,Plate5_3995R_S2_0_Female_week9_S78_L001,Plate5_3995R_S2_L_Female_week5_S65_L001,Plate5_3995R_S2_L_Female_week9_S79_L001,Plate5_3995R_S2_RR_Female_week5_S67_L001,Plate5_3995R_S2_RR_Female_week9_S81_L001,Plate5_3995R_S2_R_Female_week5_S66_L001,Plate5_3995R_S2_R_Female_week9_S80_L001,Plate5_3997R_S2_L_Male_week5_S73_L001,Plate5_3997R_S2_L_Male_week9_S87_L001,Plate5_3997R_S2_R_Male_week5_S74_L001,Plate5_3997R_S2_R_Male_week9_S88_L001,Plate1_1136R_RL_F_S5_week10_S58_L001,Plate1_1136R_R_F_S5_week10_S57_L001,Plate1_2518R_L_M_S5_week10_S61_L001,Plate1_2518R_R_M_S5_week10_S62_L001,Plate1_3752R_0_F_S5_week10_S59_L001,Plate1_3752R_L_F_S5_week10_S60_L001,Plate1_3893R_RL_M_S5_week10_S64_L001,Plate1_3893R_R_M_S5_week10_S63_L001,Plate2_096R_0_M_S5_week9_S74_L001,Plate2_1060R_L_M_S5_week9_S75_L001,Plate2_1076R_0_M_S5_week9_S76_L001,Plate2_1136R_0_F_S5_week9_S69_L001,Plate2_2402R_0_F_S5_week9_S70_L001,Plate2_2433R_0_F_S5_week9_S71_L001,Plate2_2475R_0_M_S5_week9_S77_L001,Plate2_2518R_0_M_S5_week9_S78_L001,Plate2_3924R_L_F_S5_week9_S72_L001,Plate2_3929R_0_F_S5_week9_S73_L001,Plate3_096R_0_M_S5_week5_S4_L001,Plate3_2402R_R_F_S5_Pellet_week9_S5_L001,Plate3_2475R_RL_M_S5_Pellet_week9_S6_L001,Plate4_1060R_L_M_S5_week5_S12_L001,Plate4_1076R_0_M_S5_week5_S13_L001,Plate4_1136R_0_F_S5_week5_S14_L001,Plate4_2402R_0_F_S5_week5_S15_L001,Plate4_2402R_R_F_S5_week5_S16_L001,Plate4_2433R_0_F_S5_week5_S17_L001,Plate4_2475R_0_M_S5_week5_S18_L001,Plate4_2475R_RL_M_S5_week5_S19_L001,Plate4_2518R_0_M_S5_week5_S20_L001,Plate4_3924R_L_F_S5_week5_S21_L001,Plate4_3929R_0_F_S5_week5_S22_L001
2025-12-08 16:52:33.62573 DEBUG::A total of 93 samples were found in both the data and metadata
2025-12-08 16:52:33.626164 DEBUG::Reordering data/metadata to use same sample ordering
2025-12-08 16:52:33.629353 INFO::Formula for fixed effects: expr ~  Sex_and_consortia
2025-12-08 16:52:33.630788 INFO::Filter data based on min abundance and min prevalence
2025-12-08 16:52:33.631807 INFO::Total samples in data: 93
2025-12-08 16:52:33.632789 INFO::Min samples required with min abundance for a feature not to be filtered: 9.300000
2025-12-08 16:52:33.637196 INFO::Total filtered features: 8
2025-12-08 16:52:33.638304 INFO::Filtered feature names from abundance and prevalence filtering: PWY.6676, P281.PWY, PWY.3781, CRNFORCAT.PWY, P162.PWY, PROPFERM.PWY, PWY.2201, PWY.6148
2025-12-08 16:52:33.644275 INFO::Total filtered features with variance filtering: 0
2025-12-08 16:52:33.64532 INFO::Filtered feature names from variance filtering:
2025-12-08 16:52:33.646288 INFO::Running selected normalization method: TSS
2025-12-08 16:52:33.650896 INFO::Applying z-score to standardize continuous metadata
2025-12-08 16:52:33.654138 INFO::Running selected transform method: LOG
2025-12-08 16:52:33.660841 INFO::Running selected analysis method: LM
2025-12-08 16:52:33.661969 INFO::Creating cluster of 4 R processes
2025-12-08 16:52:39.21425 INFO::Counting total values for each feature
2025-12-08 16:52:39.226641 INFO::Writing filtered data to file /Users/danielcm/Desktop/diammatics/T1D/Maaslin2.3/maaslin2_Sex_and_consortia_pathway_Female_NS1_vs_Male_NS1_ref_Sex_and_consortia,Male_NS1/features/filtered_data.tsv
2025-12-08 16:52:39.252252 INFO::Writing filtered, normalized data to file /Users/danielcm/Desktop/diammatics/T1D/Maaslin2.3/maaslin2_Sex_and_consortia_pathway_Female_NS1_vs_Male_NS1_ref_Sex_and_consortia,Male_NS1/features/filtered_data_norm.tsv
2025-12-08 16:52:39.285571 INFO::Writing filtered, normalized, transformed data to file /Users/danielcm/Desktop/diammatics/T1D/Maaslin2.3/maaslin2_Sex_and_consortia_pathway_Female_NS1_vs_Male_NS1_ref_Sex_and_consortia,Male_NS1/features/filtered_data_norm_transformed.tsv
2025-12-08 16:52:39.319547 INFO::Writing residuals to file /Users/danielcm/Desktop/diammatics/T1D/Maaslin2.3/maaslin2_Sex_and_consortia_pathway_Female_NS1_vs_Male_NS1_ref_Sex_and_consortia,Male_NS1/fits/residuals.rds
2025-12-08 16:52:39.340629 INFO::Writing fitted values to file /Users/danielcm/Desktop/diammatics/T1D/Maaslin2.3/maaslin2_Sex_and_consortia_pathway_Female_NS1_vs_Male_NS1_ref_Sex_and_consortia,Male_NS1/fits/fitted.rds
2025-12-08 16:52:39.344253 INFO::Writing all results to file (ordered by increasing q-values): /Users/danielcm/Desktop/diammatics/T1D/Maaslin2.3/maaslin2_Sex_and_consortia_pathway_Female_NS1_vs_Male_NS1_ref_Sex_and_consortia,Male_NS1/all_results.tsv
2025-12-08 16:52:39.348093 INFO::Writing the significant results (those which are less than or equal to the threshold of 0.250000 ) to file (ordered by increasing q-values): /Users/danielcm/Desktop/diammatics/T1D/Maaslin2.3/maaslin2_Sex_and_consortia_pathway_Female_NS1_vs_Male_NS1_ref_Sex_and_consortia,Male_NS1/significant_results.tsv
