2026-04-14 14:37:11.59721 INFO::Writing function arguments to log file
2026-04-14 14:37:11.598552 DEBUG::Function arguments
2026-04-14 14:37:11.599048 DEBUG::Output folder: /Users/danielcm/Desktop/Sickkids/Maaslin2.6/maaslin2_Week_and_Consortium_EC_NS1_w5_vs_S2_w5_ref_Week_and_Consortium,S2_w5
2026-04-14 14:37:11.599526 DEBUG::Min Abundance: 0.000000
2026-04-14 14:37:11.599999 DEBUG::Min Prevalence: 0.100000
2026-04-14 14:37:11.600473 DEBUG::Normalization: TSS
2026-04-14 14:37:11.600947 DEBUG::Transform: LOG
2026-04-14 14:37:11.60142 DEBUG::Analysis method: LM
2026-04-14 14:37:11.60189 DEBUG::Max significance: 0.250000
2026-04-14 14:37:11.60236 DEBUG::Random effects: Sex
2026-04-14 14:37:11.602829 DEBUG::Fixed effects: Week_and_Consortium
2026-04-14 14:37:11.603301 DEBUG::Correction method: BH
2026-04-14 14:37:11.60378 DEBUG::Standardize: TRUE
2026-04-14 14:37:11.60425 DEBUG::Cores: 8
2026-04-14 14:37:11.604707 INFO::Verifying options selected are valid
2026-04-14 14:37:11.605823 INFO::Determining format of input files
2026-04-14 14:37:11.606952 INFO::Input format is data samples as rows and metadata samples as rows
2026-04-14 14:37:11.613051 DEBUG::The following samples were found to have features but no metadata. They will be removed. 1030R_0_M_NS1_week10,1030R_R_M_NS1_week10,2472R_0_F_NS1_week10,2472R_R_F_NS1_week10,3874R_0_F_NS1_week10,3874R_L_F_NS1_week10,3974R_0_M_NS1_week10,3974R_L_M_NS1_week10,NS1_inocula,036R_R_M_NS1_week6,036R_R_M_NS1_week7,036R_R_M_NS1_week9,1030R_L_M_NS1_week6,1030R_L_M_NS1_week7,1030R_L_M_NS1_week9,1121R_0_M_NS1_week6,1121R_0_M_NS1_week7,1121R_0_M_NS1_week9,1151R_R_M_NS1_week6,1151R_R_M_NS1_week7,1151R_R_M_NS1_week9,1193R_R_F_NS1_week6,1193R_R_F_NS1_week7,1193R_R_F_NS1_week9,2529R_R_F_NS1_week6,2529R_R_F_NS1_week7,2529R_R_F_NS1_week9,3861R_R_M_NS1_week9,3971R_L_F_NS1_week6,3971R_L_F_NS1_week7,3971R_L_F_NS1_week9,3975R_0_F_NS1_week9,3975R_R_F_NS1_week6,3975R_R_F_NS1_week7,3975R_R_F_NS1_week9,036R_0_M_NS1,036R_L_M_NS1,036R_NS1_week18,036R_RL_M_NS1,036R_RR_M_NS1,1030R_RR_M_NS1_week9,1121R_L_M_NS1_week9,1121R_R_M_NS1_week9,1121R_RL_M_NS1_diabetes,1121R_RL_M_NS1_week9,1121R_RR_M_NS1_week9,1151R_0_M_NS1_week9,1151R_NS1_week21,1151R_R_M_NS1_diabetes,1193R_0_F_NS1_week9,1193R_L_F_NS1_diabetes,1193R_L_F_NS1_week9,1193R_NS1_week24,2529R_0_F_NS1_week9,2529R_L_F_NS1_diabetes,2529R_L_F_NS1_week9,2529R_NS1_week22,2529R_RL_F_NS1_week9,3861R_0_M_NS1_week9,3861R_L_M_NS1_diabetes,3861R_L_M_NS1_week9,3861R_NS1_week28,3971R_0_F_NS1_week9,3971R_NS1_week30,3971R_R_F_NS1_diabetes,3971R_R_F_NS1_week9,3971R_RL_F_NS1_diabetes,3971R_RL_F_NS1_week9,3975R_L_F_NS1_diabetes,3975R_L_F_NS1_week9,3975R_NS1_week14,3975R_R_F_NS1_diabetes,3975R_RL_F_NS1_diabetes,3975R_RL_F_NS1_week9,NS1_defined_inocula,2808_NS1_0_Female_week9,2808_NS1_L_Female_week9,2808_NS1_R_Female_week9,2808_NS1_RR_Female_week9,2824_NS1_0_Male_week9,2824_NS1_L_Male_week9,2824_NS1_R_Male_week9,2864_NS1_R_Male_week9,2893_NS1_0_Male_week9,2893_NS1_R_Male_week9,2999_NS1_0_Female_week9,2999_NS1_R_Female_week9,NS1_mouse_inoculum,1174R_0_M_S2_week9,160R_0_F_S2_week10,160R_L_F_S2_week10,2446R_0_F_S2_week9,3795R_R_F_S2_week10,3896R_0_M_S2_week10,3896R_L_M_S2_week10,3909R_R_M_S2_week10,S2_inocula,073R_0_M_S2_week6,073R_0_M_S2_week7,073R_0_M_S2_week9,1067R_R_M_S2_week6,1067R_R_M_S2_week7,1067R_R_M_S2_week9,1152R_0_M_S2_week9,2404R_R_F_S2_week6,2404R_R_F_S2_week7,2404R_R_F_S2_week9,2446R_L_F_S2_week6,2446R_L_F_S2_week7,2446R_L_F_S2_week9,3795R_0_F_S2_week6,3795R_0_F_S2_week7,3795R_0_F_S2_week9,3909R_0_M_S2_week6,3909R_0_M_S2_week7,3909R_0_M_S2_week9,3918R_R_M_S2_week6,3918R_R_M_S2_week7,3918R_R_M_S2_week9,3969R_0_F_S2_week6,3969R_0_F_S2_week7,3969R_0_F_S2_week9,3980R_0_F_S2_week9,073R_R_M_S2_diabetes,073R_R_M_S2_Pellet_week9,073R_S2_week21,1067R_0_M_S2_week9,1067R_L_M_S2_week9,1067R_R_M_S2_diabetes,1067R_S2_week27,1152R_L_M_S2_diabetes,1152R_L_M_S2_week9,1152R_R_M_S2_week9,1152R_S2_week28,1174R_0_M_S2_diabetes,1174R_S2_week14,2404R_0_F_S2_week9,2404R_L_F_S2_diabetes,2404R_L_F_S2_week9,2404R_S2_week14,2446R_L_F_S2_diabetes,2446R_R_F_S2_Pellet_week9,2446R_RL_F_S2_Pellet_week9,2446R_S2_week15,2453R_0_F_S2_Pellet_week9,2453R_L_F_S2_diabetes,2453R_L_F_S2_Pellet_week9,2453R_R_F_S2_diabetes,2453R_R_F_S2_Pellet_week9,2453R_S2_week21,3795R_L_F_S2_week9,3880R_0_F_S2_week9,3880R_L_F_S2_week9,3880R_R_F_S2_week9,3880R_S2_week15,3909R_0_M_S2_diabetes,3909R_L_M_S2_diabetes,3909R_L_M_S2_week9,3909R_S2_week21,3918R_0_M_S2_diabetes,3918R_0_M_S2_week9,3918R_L_M_S2_week9,3918R_RL_M_S2_week9,3918R_RR_M_S2_week9,3918R_S2_week29,3969R_R_F_S2_diabetes,3969R_R_F_S2_Pellet_week9,3969R_S2_week18,3980R_0_F_S2_diabetes,3980R_L_F_S2_Pellet_week9,3980R_R_F_S2_diabetes,3980R_R_F_S2_Pellet_week9,3980R_S2_week14,S2_defined_inocula,048R_S2_R_Female_week9,1050R_S2_L_Male_week9,1050R_S2_R_Male_week9,1050R_S2_RR_Male_week9,1127R_S2_0_Female_week9,1127R_S2_R_Female_week9,2514R_S2_L_Male_week9,2514R_S2_R_Male_week9,3995R_S2_0_Female_week9,3995R_S2_L_Female_week9,3995R_S2_R_Female_week9,3995R_S2_RR_Female_week9,3997R_S2_L_Male_week9,3997R_S2_R_Male_week9,S2_mouse_inoculum,1002R_0_M_NS6_week10,1002R_L_M_NS6_week10,1075R_0_M_NS6_week9,184R_0_F_NS6_week10,184R_L_F_NS6_week10,2403R_L_F_NS6_week10,2506R_0_F_NS6_week10,3894R_0_M_NS6_week10,NS6_inocula,016R_0_F_NS6_week9,1075R_L_M_NS6_week9,1184R_0_M_NS6_week9,1186R_0_M_NS6_week9,1186R_RR_M_NS6_week9,184R_0_M_NS6_week9,2403R_0_F_NS6_week9,2476R_R_F_NS6_week9,2562R_0_F_NS6_week9,2562R_RL_F_NS6_week9,016R_0_F_NS6_week5,016R_R_F_NS6_Pellet_week9,1075R_RL_M_NS6_Pellet_week9,NS6_defined_inocula,016R_R_F_NS6_week5,1075R_0_M_NS6_week5,1075R_RL_M_NS6_week5,1184R_0_M_NS6_week5,1186R_0_M_NS6_week5,1186R_RR_M_NS6_week5,184R_0_M_NS6_week5,2403R_0_F_NS6_week5,2476R_R_F_NS6_week5,2562R_0_F_NS6_week5,2562R_RL_F_NS6_week5,NS6_defined_inocula.1,1136R_R_F_S5_week10,1136R_RL_F_S5_week10,2518R_L_M_S5_week10,2518R_R_M_S5_week10,3752R_0_F_S5_week10,3752R_L_F_S5_week10,3893R_R_M_S5_week10,3893R_RL_M_S5_week10,S5_inocula,096R_0_M_S5_week9,1060R_L_M_S5_week9,1076R_0_M_S5_week9,1136R_0_F_S5_week9,2402R_0_F_S5_week9,2433R_0_F_S5_week9,2475R_0_M_S5_week9,2518R_0_M_S5_week9,3924R_L_F_S5_week9,3929R_0_F_S5_week9,096R_0_M_S5_week5,2402R_R_F_S5_Pellet_week9,2475R_RL_M_S5_Pellet_week9,S5_defined_inocula,1060R_L_M_S5_week5,1076R_0_M_S5_week5,1136R_0_F_S5_week5,2402R_0_F_S5_week5,2402R_R_F_S5_week5,2475R_RL_M_S5_week5,2518R_0_M_S5_week5,3924R_L_F_S5_week5,3929R_0_F_S5_week5,S5_defined_inocula.1
2026-04-14 14:37:11.613904 DEBUG::A total of 92 samples were found in both the data and metadata
2026-04-14 14:37:11.614408 DEBUG::Reordering data/metadata to use same sample ordering
2026-04-14 14:37:11.631123 INFO::Formula for random effects: expr ~ (1 | Sex)
2026-04-14 14:37:11.632533 INFO::Formula for fixed effects: expr ~  Week_and_Consortium
2026-04-14 14:37:11.633982 INFO::Filter data based on min abundance and min prevalence
2026-04-14 14:37:11.635069 INFO::Total samples in data: 92
2026-04-14 14:37:11.636136 INFO::Min samples required with min abundance for a feature not to be filtered: 9.200000
2026-04-14 14:37:11.659003 INFO::Total filtered features: 47
2026-04-14 14:37:11.660532 INFO::Filtered feature names from abundance and prevalence filtering: EC.1.4.1.2, EC.2.3.1.168, EC.1.1.1.132, EC.2.4.1.216, EC.2.6.1.112, EC.3.4.24.30, EC.3.4.24.28, EC.3.4.21.19, EC.4.2.2.26, EC.5.5.1.27, EC.2.4.1.65, EC.2.4.1.152, EC.3.1.1.89, EC.3.1.6.8, EC.1.9.3.1, EC.2.4.1.60, EC.6.1.3.1, EC.4.1.1.39, EC.6.2.1.13, EC.5.3.3.6, EC.3.4.22.10, EC.3.5.1.49, EC.3.6.3.38, EC.1.13.11.4, EC.5.2.1.2, EC.5.2.1.4, EC.1.14.13.1, EC.1.14.13.218, EC.1.14.13.24, EC.2.4.1.288, EC.1.1.1.91, EC.3.4.21.66, EC.3.4.21.62, EC.3.1.3.87, EC.3.13.1.6, EC.2.7.7.83, EC.2.7.1.95, EC.2.8.3.24, EC.6.3.3.6, EC.2.4.2.30, EC.3.4.23.52, EC.2.5.1.140, EC.1.1.1.102, EC.3.4.24.89, EC.2.1.1.248, EC.2.3.1.178, EC.1.14.19.3
2026-04-14 14:37:11.695498 INFO::Total filtered features with variance filtering: 0
2026-04-14 14:37:11.697043 INFO::Filtered feature names from variance filtering:
2026-04-14 14:37:11.698177 INFO::Running selected normalization method: TSS
2026-04-14 14:37:11.75089 INFO::Applying z-score to standardize continuous metadata
2026-04-14 14:37:11.75427 INFO::Running selected transform method: LOG
2026-04-14 14:37:11.797969 INFO::Running selected analysis method: LM
2026-04-14 14:37:11.799529 INFO::Creating cluster of 8 R processes
2026-04-14 14:38:04.340233 INFO::Counting total values for each feature
2026-04-14 14:38:04.477923 INFO::Writing filtered data to file /Users/danielcm/Desktop/Sickkids/Maaslin2.6/maaslin2_Week_and_Consortium_EC_NS1_w5_vs_S2_w5_ref_Week_and_Consortium,S2_w5/features/filtered_data.tsv
2026-04-14 14:38:04.636753 INFO::Writing filtered, normalized data to file /Users/danielcm/Desktop/Sickkids/Maaslin2.6/maaslin2_Week_and_Consortium_EC_NS1_w5_vs_S2_w5_ref_Week_and_Consortium,S2_w5/features/filtered_data_norm.tsv
2026-04-14 14:38:04.85781 INFO::Writing filtered, normalized, transformed data to file /Users/danielcm/Desktop/Sickkids/Maaslin2.6/maaslin2_Week_and_Consortium_EC_NS1_w5_vs_S2_w5_ref_Week_and_Consortium,S2_w5/features/filtered_data_norm_transformed.tsv
2026-04-14 14:38:05.084449 INFO::Writing residuals to file /Users/danielcm/Desktop/Sickkids/Maaslin2.6/maaslin2_Week_and_Consortium_EC_NS1_w5_vs_S2_w5_ref_Week_and_Consortium,S2_w5/fits/residuals.rds
2026-04-14 14:38:05.197405 INFO::Writing fitted values to file /Users/danielcm/Desktop/Sickkids/Maaslin2.6/maaslin2_Week_and_Consortium_EC_NS1_w5_vs_S2_w5_ref_Week_and_Consortium,S2_w5/fits/fitted.rds
2026-04-14 14:38:05.216716 INFO::Writing extracted random effects to file /Users/danielcm/Desktop/Sickkids/Maaslin2.6/maaslin2_Week_and_Consortium_EC_NS1_w5_vs_S2_w5_ref_Week_and_Consortium,S2_w5/fits/ranef.rds
2026-04-14 14:38:05.224967 INFO::Writing all results to file (ordered by increasing q-values): /Users/danielcm/Desktop/Sickkids/Maaslin2.6/maaslin2_Week_and_Consortium_EC_NS1_w5_vs_S2_w5_ref_Week_and_Consortium,S2_w5/all_results.tsv
2026-04-14 14:38:05.242643 INFO::Writing the significant results (those which are less than or equal to the threshold of 0.250000 ) to file (ordered by increasing q-values): /Users/danielcm/Desktop/Sickkids/Maaslin2.6/maaslin2_Week_and_Consortium_EC_NS1_w5_vs_S2_w5_ref_Week_and_Consortium,S2_w5/significant_results.tsv
2026-04-14 14:38:05.257167 INFO::Writing heatmap of significant results to file: /Users/danielcm/Desktop/Sickkids/Maaslin2.6/maaslin2_Week_and_Consortium_EC_NS1_w5_vs_S2_w5_ref_Week_and_Consortium,S2_w5/heatmap.pdf
