2026-04-14 15:08:56.67785 INFO::Writing function arguments to log file
2026-04-14 15:08:56.679158 DEBUG::Function arguments
2026-04-14 15:08:56.679645 DEBUG::Output folder: /Users/danielcm/Desktop/Sickkids/Maaslin2.6/maaslin2_Week_and_Consortium_pathway_NS1_w9w10_vs_S5_w9w10_ref_Week_and_Consortium,S5_w9w10
2026-04-14 15:08:56.680121 DEBUG::Min Abundance: 0.000000
2026-04-14 15:08:56.680596 DEBUG::Min Prevalence: 0.100000
2026-04-14 15:08:56.681061 DEBUG::Normalization: TSS
2026-04-14 15:08:56.681533 DEBUG::Transform: LOG
2026-04-14 15:08:56.742259 DEBUG::Analysis method: LM
2026-04-14 15:08:56.742815 DEBUG::Max significance: 0.250000
2026-04-14 15:08:56.743336 DEBUG::Random effects: Sex
2026-04-14 15:08:56.743861 DEBUG::Fixed effects: Week_and_Consortium
2026-04-14 15:08:56.744358 DEBUG::Correction method: BH
2026-04-14 15:08:56.744858 DEBUG::Standardize: TRUE
2026-04-14 15:08:56.745366 DEBUG::Cores: 8
2026-04-14 15:08:56.745836 INFO::Verifying options selected are valid
2026-04-14 15:08:56.747059 INFO::Determining format of input files
2026-04-14 15:08:56.748225 INFO::Input format is data samples as rows and metadata samples as rows
2026-04-14 15:08:56.750361 DEBUG::The following samples were found to have features but no metadata. They will be removed. NS1_inocula,036R_R_M_NS1_week5,036R_R_M_NS1_week6,036R_R_M_NS1_week7,1030R_L_M_NS1_week5,1030R_L_M_NS1_week6,1030R_L_M_NS1_week7,1121R_0_M_NS1_week5,1121R_0_M_NS1_week6,1121R_0_M_NS1_week7,1151R_R_M_NS1_week5,1151R_R_M_NS1_week6,1151R_R_M_NS1_week7,1193R_R_F_NS1_week5,1193R_R_F_NS1_week6,1193R_R_F_NS1_week7,2529R_R_F_NS1_week5,2529R_R_F_NS1_week6,2529R_R_F_NS1_week7,3971R_L_F_NS1_week5,3971R_L_F_NS1_week6,3971R_L_F_NS1_week7,3975R_R_F_NS1_week5,3975R_R_F_NS1_week6,3975R_R_F_NS1_week7,036R_0_M_NS1_week5,036R_L_M_NS1_week5,036R_NS1_week18,036R_RL_M_NS1_week5,036R_RR_M_NS1_week5,1030R_RR_M_NS1_week5,1121R_L_M_NS1_week5,1121R_NS1_week19,1121R_R_M_NS1_week5,1121R_RL_M_NS1_diabetes,1121R_RL_M_NS1_week5,1121R_RR_M_NS1_week5,1151R_0_M_NS1_week5,1151R_NS1_week21,1151R_R_M_NS1_diabetes,1193R_0_F_NS1_week5,1193R_L_F_NS1_diabetes,1193R_L_F_NS1_week5,1193R_NS1_week24,2529R_0_F_NS1_week5,2529R_L_F_NS1_diabetes,2529R_L_F_NS1_week5,2529R_NS1_week22,2529R_RL_F_NS1_week5,3861R_0_M_NS1_week5,3861R_L_M_NS1_diabetes,3861R_L_M_NS1_week5,3861R_NS1_week28,3861R_R_M_NS1_week5,3971R_0_F_NS1_week5,3971R_NS1_week30,3971R_R_F_NS1_diabetes,3971R_RL_F_NS1_diabetes,3975R_0_F_NS1_week5,3975R_L_F_NS1_diabetes,3975R_L_F_NS1_week5,3975R_NS1_week14,3975R_R_F_NS1_diabetes,3975R_RL_F_NS1_diabetes,NS1_defined_inocula,2808_NS1_0_Female_week5,2808_NS1_L_Female_week5,2808_NS1_R_Female_week5,2808_NS1_RR_Female_week5,2824_NS1_0_Male_week5,2824_NS1_L_Male_week5,2824_NS1_R_Male_week5,2864_NS1_R_Male_week5,2893_NS1_0_Male_week5,2893_NS1_R_Male_week5,2999_NS1_0_Female_week5,2999_NS1_R_Female_week5,NS1_mouse_inoculum,1174R_0_M_S2_week9,160R_0_F_S2_week10,160R_L_F_S2_week10,2446R_0_F_S2_week9,3795R_R_F_S2_week10,3896R_0_M_S2_week10,3896R_L_M_S2_week10,3909R_R_M_S2_week10,S2_inocula,073R_0_M_S2_week5,073R_0_M_S2_week6,073R_0_M_S2_week7,073R_0_M_S2_week9,1067R_R_M_S2_week5,1067R_R_M_S2_week6,1067R_R_M_S2_week7,1067R_R_M_S2_week9,1152R_0_M_S2_week9,2404R_R_F_S2_week5,2404R_R_F_S2_week6,2404R_R_F_S2_week7,2404R_R_F_S2_week9,2446R_L_F_S2_week5,2446R_L_F_S2_week6,2446R_L_F_S2_week7,2446R_L_F_S2_week9,3795R_0_F_S2_week5,3795R_0_F_S2_week6,3795R_0_F_S2_week7,3795R_0_F_S2_week9,3909R_0_M_S2_week5,3909R_0_M_S2_week6,3909R_0_M_S2_week7,3909R_0_M_S2_week9,3918R_R_M_S2_week5,3918R_R_M_S2_week6,3918R_R_M_S2_week7,3918R_R_M_S2_week9,3969R_0_F_S2_week5,3969R_0_F_S2_week6,3969R_0_F_S2_week7,3969R_0_F_S2_week9,3980R_0_F_S2_week9,073R_R_M_S2_diabetes,073R_R_M_S2_Pellet_week9,073R_R_M_S2_week5,073R_S2_week21,1067R_0_M_S2_week5,1067R_0_M_S2_week9,1067R_L_M_S2_week5,1067R_L_M_S2_week9,1067R_R_M_S2_diabetes,1067R_S2_week27,1152R_0_M_S2_week5,1152R_L_M_S2_diabetes,1152R_L_M_S2_week5,1152R_L_M_S2_week9,1152R_R_M_S2_week5,1152R_R_M_S2_week9,1152R_S2_week28,1174R_0_M_S2_diabetes,1174R_0_M_S2_week5,1174R_S2_week14,2404R_0_F_S2_week5,2404R_0_F_S2_week9,2404R_L_F_S2_diabetes,2404R_L_F_S2_week5,2404R_L_F_S2_week9,2404R_S2_week14,2446R_0_F_S2_week5,2446R_L_F_S2_diabetes,2446R_R_F_S2_Pellet_week9,2446R_R_F_S2_week5,2446R_RL_F_S2_Pellet_week9,2446R_RL_F_S2_week5,2446R_S2_week15,2453R_0_F_S2_Pellet_week9,2453R_0_F_S2_week5,2453R_L_F_S2_diabetes,2453R_L_F_S2_Pellet_week9,2453R_L_F_S2_week5,2453R_R_F_S2_diabetes,2453R_R_F_S2_Pellet_week9,2453R_R_F_S2_week5,2453R_S2_week21,3795R_L_F_S2_week5,3795R_L_F_S2_week9,3880R_0_F_S2_week5,3880R_0_F_S2_week9,3880R_L_F_S2_week5,3880R_L_F_S2_week9,3880R_R_F_S2_week5,3880R_R_F_S2_week9,3880R_S2_week15,3909R_0_M_S2_diabetes,3909R_L_M_S2_diabetes,3909R_L_M_S2_week5,3909R_L_M_S2_week9,3909R_S2_week21,3918R_0_M_S2_diabetes,3918R_0_M_S2_week5,3918R_0_M_S2_week9,3918R_L_M_S2_week5,3918R_L_M_S2_week9,3918R_RL_M_S2_week5,3918R_RL_M_S2_week9,3918R_RR_M_S2_week5,3918R_RR_M_S2_week9,3918R_S2_week29,3969R_R_F_S2_diabetes,3969R_R_F_S2_Pellet_week9,3969R_R_F_S2_week5,3969R_S2_week18,3980R_0_F_S2_diabetes,3980R_0_F_S2_week5,3980R_L_F_S2_Pellet_week9,3980R_L_F_S2_week5,3980R_R_F_S2_diabetes,3980R_R_F_S2_Pellet_week9,3980R_R_F_S2_week5,3980R_S2_week14,S2_defined_inocula,048R_S2_R_Female_week5,048R_S2_R_Female_week9,1050R_S2_L_Male_week5,1050R_S2_L_Male_week9,1050R_S2_R_Male_week5,1050R_S2_R_Male_week9,1050R_S2_RR_Male_week5,1050R_S2_RR_Male_week9,1127R_S2_0_Female_week5,1127R_S2_0_Female_week9,1127R_S2_R_Female_week5,1127R_S2_R_Female_week9,2514R_S2_L_Male_week5,2514R_S2_L_Male_week9,2514R_S2_R_Male_week5,2514R_S2_R_Male_week9,3995R_S2_0_Female_week5,3995R_S2_0_Female_week9,3995R_S2_L_Female_week5,3995R_S2_L_Female_week9,3995R_S2_R_Female_week5,3995R_S2_R_Female_week9,3995R_S2_RR_Female_week5,3995R_S2_RR_Female_week9,3997R_S2_L_Male_week5,3997R_S2_L_Male_week9,3997R_S2_R_Male_week5,3997R_S2_R_Male_week9,S2_mouse_inoculum,1002R_0_M_NS6_week10,1002R_L_M_NS6_week10,1075R_0_M_NS6_week9,184R_0_F_NS6_week10,184R_L_F_NS6_week10,2403R_L_F_NS6_week10,2506R_0_F_NS6_week10,3894R_0_M_NS6_week10,NS6_inocula,016R_0_F_NS6_week9,1075R_L_M_NS6_week9,1184R_0_M_NS6_week9,1186R_0_M_NS6_week9,1186R_RR_M_NS6_week9,184R_0_M_NS6_week9,2403R_0_F_NS6_week9,2476R_R_F_NS6_week9,2562R_0_F_NS6_week9,2562R_RL_F_NS6_week9,016R_0_F_NS6_week5,016R_R_F_NS6_Pellet_week9,1075R_RL_M_NS6_Pellet_week9,NS6_defined_inocula,016R_R_F_NS6_week5,1075R_0_M_NS6_week5,1075R_RL_M_NS6_week5,1184R_0_M_NS6_week5,1186R_0_M_NS6_week5,1186R_RR_M_NS6_week5,184R_0_M_NS6_week5,2403R_0_F_NS6_week5,2476R_R_F_NS6_week5,2562R_0_F_NS6_week5,2562R_RL_F_NS6_week5,NS6_defined_inocula.1,S5_inocula,096R_0_M_S5_week5,S5_defined_inocula,1060R_L_M_S5_week5,1076R_0_M_S5_week5,1136R_0_F_S5_week5,2402R_0_F_S5_week5,2402R_R_F_S5_week5,2475R_RL_M_S5_week5,2518R_0_M_S5_week5,3924R_L_F_S5_week5,3929R_0_F_S5_week5,S5_defined_inocula.1
2026-04-14 15:08:56.751088 DEBUG::A total of 72 samples were found in both the data and metadata
2026-04-14 15:08:56.75157 DEBUG::Reordering data/metadata to use same sample ordering
2026-04-14 15:08:56.755601 INFO::Formula for random effects: expr ~ (1 | Sex)
2026-04-14 15:08:56.757285 INFO::Formula for fixed effects: expr ~  Week_and_Consortium
2026-04-14 15:08:56.758837 INFO::Filter data based on min abundance and min prevalence
2026-04-14 15:08:56.760034 INFO::Total samples in data: 72
2026-04-14 15:08:56.761147 INFO::Min samples required with min abundance for a feature not to be filtered: 7.200000
2026-04-14 15:08:56.765974 INFO::Total filtered features: 5
2026-04-14 15:08:56.767181 INFO::Filtered feature names from abundance and prevalence filtering: CRNFORCAT.PWY, PWY.2201, PWY.6148, P281.PWY, PWY.3781
2026-04-14 15:08:56.774621 INFO::Total filtered features with variance filtering: 0
2026-04-14 15:08:56.775969 INFO::Filtered feature names from variance filtering:
2026-04-14 15:08:56.777028 INFO::Running selected normalization method: TSS
2026-04-14 15:08:56.782007 INFO::Applying z-score to standardize continuous metadata
2026-04-14 15:08:56.785025 INFO::Running selected transform method: LOG
2026-04-14 15:08:56.792947 INFO::Running selected analysis method: LM
2026-04-14 15:08:56.794471 INFO::Creating cluster of 8 R processes
2026-04-14 15:09:08.869056 INFO::Counting total values for each feature
2026-04-14 15:09:08.886907 INFO::Writing filtered data to file /Users/danielcm/Desktop/Sickkids/Maaslin2.6/maaslin2_Week_and_Consortium_pathway_NS1_w9w10_vs_S5_w9w10_ref_Week_and_Consortium,S5_w9w10/features/filtered_data.tsv
2026-04-14 15:09:08.931681 INFO::Writing filtered, normalized data to file /Users/danielcm/Desktop/Sickkids/Maaslin2.6/maaslin2_Week_and_Consortium_pathway_NS1_w9w10_vs_S5_w9w10_ref_Week_and_Consortium,S5_w9w10/features/filtered_data_norm.tsv
2026-04-14 15:09:08.965644 INFO::Writing filtered, normalized, transformed data to file /Users/danielcm/Desktop/Sickkids/Maaslin2.6/maaslin2_Week_and_Consortium_pathway_NS1_w9w10_vs_S5_w9w10_ref_Week_and_Consortium,S5_w9w10/features/filtered_data_norm_transformed.tsv
2026-04-14 15:09:08.996667 INFO::Writing residuals to file /Users/danielcm/Desktop/Sickkids/Maaslin2.6/maaslin2_Week_and_Consortium_pathway_NS1_w9w10_vs_S5_w9w10_ref_Week_and_Consortium,S5_w9w10/fits/residuals.rds
2026-04-14 15:09:09.015768 INFO::Writing fitted values to file /Users/danielcm/Desktop/Sickkids/Maaslin2.6/maaslin2_Week_and_Consortium_pathway_NS1_w9w10_vs_S5_w9w10_ref_Week_and_Consortium,S5_w9w10/fits/fitted.rds
2026-04-14 15:09:09.019149 INFO::Writing extracted random effects to file /Users/danielcm/Desktop/Sickkids/Maaslin2.6/maaslin2_Week_and_Consortium_pathway_NS1_w9w10_vs_S5_w9w10_ref_Week_and_Consortium,S5_w9w10/fits/ranef.rds
2026-04-14 15:09:09.020956 INFO::Writing all results to file (ordered by increasing q-values): /Users/danielcm/Desktop/Sickkids/Maaslin2.6/maaslin2_Week_and_Consortium_pathway_NS1_w9w10_vs_S5_w9w10_ref_Week_and_Consortium,S5_w9w10/all_results.tsv
2026-04-14 15:09:09.026018 INFO::Writing the significant results (those which are less than or equal to the threshold of 0.250000 ) to file (ordered by increasing q-values): /Users/danielcm/Desktop/Sickkids/Maaslin2.6/maaslin2_Week_and_Consortium_pathway_NS1_w9w10_vs_S5_w9w10_ref_Week_and_Consortium,S5_w9w10/significant_results.tsv
2026-04-14 15:09:09.029712 INFO::Writing heatmap of significant results to file: /Users/danielcm/Desktop/Sickkids/Maaslin2.6/maaslin2_Week_and_Consortium_pathway_NS1_w9w10_vs_S5_w9w10_ref_Week_and_Consortium,S5_w9w10/heatmap.pdf
