This is cutadapt 5.0 with Python 3.13.1
Command line parameters: -m 50 -O 15 -e 0.15 -g CCTAYGGGDBGCWGCAG -G GACTACNVGGGTMTCTAATCC -a GGATTAGAKACCCBNGTAGTC -A CTGCWGCVHCCCRTAGG -o plate2/cutadapt/3969R_0_F_S2_week6_S48_L001_R1_001.fastq.gz -p plate2/cutadapt/3969R_0_F_S2_week6_S48_L001_R2_001.fastq.gz plate2/filtN/3969R_0_F_S2_week6_S48_L001_R1_001.fastq.gz plate2/filtN/3969R_0_F_S2_week6_S48_L001_R2_001.fastq.gz
Processing paired-end reads on 1 core ...

=== Summary ===

Total read pairs processed:            105,916
  Read 1 with adapter:                 105,783 (99.9%)
  Read 2 with adapter:                 104,742 (98.9%)

== Read fate breakdown ==
Pairs that were too short:                   5 (0.0%)
Pairs written (passing filters):       105,911 (100.0%)

Total basepairs processed:    63,761,432 bp
  Read 1:    31,880,716 bp
  Read 2:    31,880,716 bp
Total written (filtered):     59,752,055 bp (93.7%)
  Read 1:    30,083,802 bp
  Read 2:    29,668,253 bp

=== First read: Adapter 1 ===

Sequence: CCTAYGGGDBGCWGCAG; Type: regular 5'; Length: 17; Trimmed: 105756 times

Minimum overlap: 15
No. of allowed errors:
1-5 bp: 0; 6-12 bp: 1; 13-17 bp: 2

Overview of removed sequences
length	count	expect	max.err	error counts
14	3	0.0	2	0 0 3
15	152	0.0	2	1 42 109
16	2887	0.0	2	382 2211 294
17	102505	0.0	2	101325 1153 27
18	207	0.0	2	33 142 32
19	1	0.0	2	0 0 1
35	1	0.0	2	1


=== First read: Adapter 2 ===

Sequence: GGATTAGAKACCCBNGTAGTC; Type: regular 3'; Length: 21; Trimmed: 27 times

Minimum overlap: 15
No. of allowed errors:
1-5 bp: 0; 6-12 bp: 1; 13-19 bp: 2; 20 bp: 3

Bases preceding removed adapters:
  A: 48.1%
  C: 0.0%
  G: 51.9%
  T: 0.0%
  none/other: 0.0%

Overview of removed sequences
length	count	expect	max.err	error counts
24	20	0.0	3	20
25	2	0.0	3	1 1
261	1	0.0	3	0 1
285	4	0.0	3	4


=== Second read: Adapter 3 ===

Sequence: GACTACNVGGGTMTCTAATCC; Type: regular 5'; Length: 21; Trimmed: 104741 times

Minimum overlap: 15
No. of allowed errors:
1-5 bp: 0; 6-12 bp: 1; 13-19 bp: 2; 20 bp: 3

Overview of removed sequences
length	count	expect	max.err	error counts
15	1	0.0	2	1
16	2	0.0	2	1 0 1
17	2	0.0	2	0 1 1
18	9	0.0	2	0 6 2 1
19	134	0.0	2	0 12 99 23
20	1987	0.0	3	143 1374 401 69
21	101983	0.0	3	96804 4517 419 243
22	308	0.0	3	29 220 43 16
23	2	0.0	3	0 0 2
24	1	0.0	3	0 1
34	1	0.0	3	1
39	1	0.0	3	1
58	2	0.0	3	1 1
59	1	0.0	3	1
60	1	0.0	3	0 0 0 1
61	5	0.0	3	1 3 1
62	13	0.0	3	0 1 2 10
63	40	0.0	3	6 7 8 19
64	204	0.0	3	21 45 66 72
65	42	0.0	3	2 8 12 20
66	2	0.0	3	0 0 0 2


=== Second read: Adapter 4 ===

Sequence: CTGCWGCVHCCCRTAGG; Type: regular 3'; Length: 17; Trimmed: 1 times

Minimum overlap: 15
No. of allowed errors:
1-5 bp: 0; 6-12 bp: 1; 13-17 bp: 2

Bases preceding removed adapters:
  A: 0.0%
  C: 0.0%
  G: 100.0%
  T: 0.0%
  none/other: 0.0%

Overview of removed sequences
length	count	expect	max.err	error counts
187	1	0.0	2	0 0 1
