This is cutadapt 5.0 with Python 3.13.1
Command line parameters: -m 50 -O 15 -e 0.15 -g CCTAYGGGDBGCWGCAG -G GACTACNVGGGTMTCTAATCC -a GGATTAGAKACCCBNGTAGTC -A CTGCWGCVHCCCRTAGG -o plate2/cutadapt/3924R_L_F_S5_week9_S72_L001_R1_001.fastq.gz -p plate2/cutadapt/3924R_L_F_S5_week9_S72_L001_R2_001.fastq.gz plate2/filtN/3924R_L_F_S5_week9_S72_L001_R1_001.fastq.gz plate2/filtN/3924R_L_F_S5_week9_S72_L001_R2_001.fastq.gz
Processing paired-end reads on 1 core ...

=== Summary ===

Total read pairs processed:            122,948
  Read 1 with adapter:                 122,771 (99.9%)
  Read 2 with adapter:                 122,014 (99.2%)

== Read fate breakdown ==
Pairs that were too short:                   0 (0.0%)
Pairs written (passing filters):       122,948 (100.0%)

Total basepairs processed:    74,014,696 bp
  Read 1:    37,007,348 bp
  Read 2:    37,007,348 bp
Total written (filtered):     69,362,781 bp (93.7%)
  Read 1:    34,923,583 bp
  Read 2:    34,439,198 bp

=== First read: Adapter 1 ===

Sequence: CCTAYGGGDBGCWGCAG; Type: regular 5'; Length: 17; Trimmed: 122740 times

Minimum overlap: 15
No. of allowed errors:
1-5 bp: 0; 6-12 bp: 1; 13-17 bp: 2

Overview of removed sequences
length	count	expect	max.err	error counts
15	173	0.0	2	3 41 129
16	3437	0.0	2	515 2573 349
17	118909	0.0	2	117483 1383 43
18	219	0.0	2	30 159 30
19	2	0.0	2	1 0 1


=== First read: Adapter 2 ===

Sequence: GGATTAGAKACCCBNGTAGTC; Type: regular 3'; Length: 21; Trimmed: 31 times

Minimum overlap: 15
No. of allowed errors:
1-5 bp: 0; 6-12 bp: 1; 13-19 bp: 2; 20 bp: 3

Bases preceding removed adapters:
  A: 32.3%
  C: 0.0%
  G: 67.7%
  T: 0.0%
  none/other: 0.0%

Overview of removed sequences
length	count	expect	max.err	error counts
24	30	0.0	3	27 3
25	1	0.0	3	1


=== Second read: Adapter 3 ===

Sequence: GACTACNVGGGTMTCTAATCC; Type: regular 5'; Length: 21; Trimmed: 122013 times

Minimum overlap: 15
No. of allowed errors:
1-5 bp: 0; 6-12 bp: 1; 13-19 bp: 2; 20 bp: 3

Overview of removed sequences
length	count	expect	max.err	error counts
18	9	0.0	2	0 3 1 5
19	70	0.0	2	5 6 46 13
20	1462	0.0	3	176 987 267 32
21	120039	0.0	3	113965 5451 422 201
22	264	0.0	3	28 179 45 12
23	1	0.0	3	1
61	1	0.0	3	0 0 0 1
62	4	0.0	3	0 0 0 4
63	30	0.0	3	2 3 8 17
64	98	0.0	3	5 19 32 42
65	33	0.0	3	1 6 9 17
66	2	0.0	3	0 0 2


=== Second read: Adapter 4 ===

Sequence: CTGCWGCVHCCCRTAGG; Type: regular 3'; Length: 17; Trimmed: 1 times

Minimum overlap: 15
No. of allowed errors:
1-5 bp: 0; 6-12 bp: 1; 13-17 bp: 2

Bases preceding removed adapters:
  A: 100.0%
  C: 0.0%
  G: 0.0%
  T: 0.0%
  none/other: 0.0%

Overview of removed sequences
length	count	expect	max.err	error counts
20	1	0.0	2	0 0 1
