This is cutadapt 5.0 with Python 3.13.1
Command line parameters: -A XXX -q 20,20 -m 50 -o plate2/cutadapt_qc/1076R_0_M_S5_week9_S76_L001_R1_001.fastq.gz -p plate2/cutadapt_qc/1076R_0_M_S5_week9_S76_L001_R2_001.fastq.gz plate2/cutadapt/1076R_0_M_S5_week9_S76_L001_R1_001.fastq.gz plate2/cutadapt/1076R_0_M_S5_week9_S76_L001_R2_001.fastq.gz
Processing paired-end reads on 1 core ...

=== Summary ===

Total read pairs processed:             94,697
  Read 2 with adapter:                       0 (0.0%)

== Read fate breakdown ==
Pairs that were too short:                 975 (1.0%)
Pairs written (passing filters):        93,722 (99.0%)

Total basepairs processed:    53,440,328 bp
  Read 1:    26,898,997 bp
  Read 2:    26,541,331 bp
Quality-trimmed:               1,792,425 bp (3.4%)
  Read 1:       270,331 bp
  Read 2:     1,522,094 bp
Total written (filtered):     51,361,965 bp (96.1%)
  Read 1:    26,360,594 bp
  Read 2:    25,001,371 bp

=== Second read: Adapter 1 ===

Sequence: XXX; Type: regular 3'; Length: 3; Trimmed: 0 times
