This is cutadapt 5.0 with Python 3.13.1
Command line parameters: -A XXX -q 20,20 -m 50 -o plate2/cutadapt_qc/3975R_R_F_NS1_week9_S17_L001_R1_001.fastq.gz -p plate2/cutadapt_qc/3975R_R_F_NS1_week9_S17_L001_R2_001.fastq.gz plate2/cutadapt/3975R_R_F_NS1_week9_S17_L001_R1_001.fastq.gz plate2/cutadapt/3975R_R_F_NS1_week9_S17_L001_R2_001.fastq.gz
Processing paired-end reads on 1 core ...

=== Summary ===

Total read pairs processed:            132,773
  Read 2 with adapter:                       0 (0.0%)

== Read fate breakdown ==
Pairs that were too short:                 976 (0.7%)
Pairs written (passing filters):       131,797 (99.3%)

Total basepairs processed:    74,912,787 bp
  Read 1:    37,713,429 bp
  Read 2:    37,199,358 bp
Quality-trimmed:               2,226,777 bp (3.0%)
  Read 1:       424,961 bp
  Read 2:     1,801,816 bp
Total written (filtered):     72,403,417 bp (96.7%)
  Read 1:    37,027,382 bp
  Read 2:    35,376,035 bp

=== Second read: Adapter 1 ===

Sequence: XXX; Type: regular 3'; Length: 3; Trimmed: 0 times
