This is cutadapt 5.0 with Python 3.13.1
Command line parameters: -m 50 -O 15 -e 0.15 -g CCTAYGGGDBGCWGCAG -G GACTACNVGGGTMTCTAATCC -a GGATTAGAKACCCBNGTAGTC -A CTGCWGCVHCCCRTAGG -o plate2/cutadapt/1060R_L_M_S5_week9_S75_L001_R1_001.fastq.gz -p plate2/cutadapt/1060R_L_M_S5_week9_S75_L001_R2_001.fastq.gz plate2/filtN/1060R_L_M_S5_week9_S75_L001_R1_001.fastq.gz plate2/filtN/1060R_L_M_S5_week9_S75_L001_R2_001.fastq.gz
Processing paired-end reads on 1 core ...

=== Summary ===

Total read pairs processed:            113,086
  Read 1 with adapter:                 112,893 (99.8%)
  Read 2 with adapter:                 111,360 (98.5%)

== Read fate breakdown ==
Pairs that were too short:                   1 (0.0%)
Pairs written (passing filters):       113,085 (100.0%)

Total basepairs processed:    68,077,772 bp
  Read 1:    34,038,886 bp
  Read 2:    34,038,886 bp
Total written (filtered):     63,821,217 bp (93.7%)
  Read 1:    32,122,872 bp
  Read 2:    31,698,345 bp

=== First read: Adapter 1 ===

Sequence: CCTAYGGGDBGCWGCAG; Type: regular 5'; Length: 17; Trimmed: 112865 times

Minimum overlap: 15
No. of allowed errors:
1-5 bp: 0; 6-12 bp: 1; 13-17 bp: 2

Overview of removed sequences
length	count	expect	max.err	error counts
14	5	0.0	2	0 3 2
15	214	0.0	2	6 53 155
16	3516	0.0	2	592 2605 319
17	108823	0.0	2	107772 1013 38
18	306	0.0	2	38 216 52
19	1	0.0	2	0 0 1


=== First read: Adapter 2 ===

Sequence: GGATTAGAKACCCBNGTAGTC; Type: regular 3'; Length: 21; Trimmed: 28 times

Minimum overlap: 15
No. of allowed errors:
1-5 bp: 0; 6-12 bp: 1; 13-19 bp: 2; 20 bp: 3

Bases preceding removed adapters:
  A: 7.1%
  C: 0.0%
  G: 92.9%
  T: 0.0%
  none/other: 0.0%
WARNING:
    The adapter is preceded by 'G' extremely often.
    The provided adapter sequence could be incomplete at its 5' end.
    Ignore this warning when trimming primers.

Overview of removed sequences
length	count	expect	max.err	error counts
24	25	0.0	3	24 1
25	2	0.0	3	2
26	1	0.0	3	1


=== Second read: Adapter 3 ===

Sequence: GACTACNVGGGTMTCTAATCC; Type: regular 5'; Length: 21; Trimmed: 111359 times

Minimum overlap: 15
No. of allowed errors:
1-5 bp: 0; 6-12 bp: 1; 13-19 bp: 2; 20 bp: 3

Overview of removed sequences
length	count	expect	max.err	error counts
16	1	0.0	2	0 1
17	1	0.0	2	0 0 1
18	8	0.0	2	0 5 2 1
19	83	0.0	2	1 6 64 12
20	1723	0.0	3	152 1165 370 36
21	109197	0.0	3	103441 5087 451 218
22	267	0.0	3	26 202 33 6
23	1	0.0	3	0 0 0 1
62	1	0.0	3	0 0 0 1
63	11	0.0	3	0 0 2 9
64	54	0.0	3	2 2 14 36
65	11	0.0	3	0 0 2 9
66	1	0.0	3	0 0 1


=== Second read: Adapter 4 ===

Sequence: CTGCWGCVHCCCRTAGG; Type: regular 3'; Length: 17; Trimmed: 1 times

Minimum overlap: 15
No. of allowed errors:
1-5 bp: 0; 6-12 bp: 1; 13-17 bp: 2

Bases preceding removed adapters:
  A: 100.0%
  C: 0.0%
  G: 0.0%
  T: 0.0%
  none/other: 0.0%

Overview of removed sequences
length	count	expect	max.err	error counts
260	1	0.0	2	0 0 1


WARNING:
    One or more of your adapter sequences may be incomplete.
    Please see the detailed output above.
