This is cutadapt 5.0 with Python 3.13.1
Command line parameters: -A XXX -q 20,20 -m 50 -o plate2/cutadapt_qc/2404R_R_F_S2_week5_S35_L001_R1_001.fastq.gz -p plate2/cutadapt_qc/2404R_R_F_S2_week5_S35_L001_R2_001.fastq.gz plate2/cutadapt/2404R_R_F_S2_week5_S35_L001_R1_001.fastq.gz plate2/cutadapt/2404R_R_F_S2_week5_S35_L001_R2_001.fastq.gz
Processing paired-end reads on 1 core ...

=== Summary ===

Total read pairs processed:             99,308
  Read 2 with adapter:                       0 (0.0%)

== Read fate breakdown ==
Pairs that were too short:                 672 (0.7%)
Pairs written (passing filters):        98,636 (99.3%)

Total basepairs processed:    56,030,556 bp
  Read 1:    28,209,082 bp
  Read 2:    27,821,474 bp
Quality-trimmed:               1,301,414 bp (2.3%)
  Read 1:       188,314 bp
  Read 2:     1,113,100 bp
Total written (filtered):     54,530,784 bp (97.3%)
  Read 1:    27,834,343 bp
  Read 2:    26,696,441 bp

=== Second read: Adapter 1 ===

Sequence: XXX; Type: regular 3'; Length: 3; Trimmed: 0 times
