This is cutadapt 5.0 with Python 3.13.1
Command line parameters: -A XXX -q 20,20 -m 50 -o plate2/cutadapt_qc/2518R_0_M_S5_week9_S78_L001_R1_001.fastq.gz -p plate2/cutadapt_qc/2518R_0_M_S5_week9_S78_L001_R2_001.fastq.gz plate2/cutadapt/2518R_0_M_S5_week9_S78_L001_R1_001.fastq.gz plate2/cutadapt/2518R_0_M_S5_week9_S78_L001_R2_001.fastq.gz
Processing paired-end reads on 1 core ...

=== Summary ===

Total read pairs processed:            108,482
  Read 2 with adapter:                       0 (0.0%)

== Read fate breakdown ==
Pairs that were too short:               1,209 (1.1%)
Pairs written (passing filters):       107,273 (98.9%)

Total basepairs processed:    61,220,968 bp
  Read 1:    30,814,131 bp
  Read 2:    30,406,837 bp
Quality-trimmed:               2,140,082 bp (3.5%)
  Read 1:       332,968 bp
  Read 2:     1,807,114 bp
Total written (filtered):     58,730,607 bp (95.9%)
  Read 1:    30,156,337 bp
  Read 2:    28,574,270 bp

=== Second read: Adapter 1 ===

Sequence: XXX; Type: regular 3'; Length: 3; Trimmed: 0 times
