This is cutadapt 5.0 with Python 3.13.1
Command line parameters: -m 50 -O 15 -e 0.15 -g CCTAYGGGDBGCWGCAG -G GACTACNVGGGTMTCTAATCC -a GGATTAGAKACCCBNGTAGTC -A CTGCWGCVHCCCRTAGG -o plate2/cutadapt/3969R_0_F_S2_week7_S49_L001_R1_001.fastq.gz -p plate2/cutadapt/3969R_0_F_S2_week7_S49_L001_R2_001.fastq.gz plate2/filtN/3969R_0_F_S2_week7_S49_L001_R1_001.fastq.gz plate2/filtN/3969R_0_F_S2_week7_S49_L001_R2_001.fastq.gz
Processing paired-end reads on 1 core ...

=== Summary ===

Total read pairs processed:            133,315
  Read 1 with adapter:                 133,132 (99.9%)
  Read 2 with adapter:                 132,129 (99.1%)

== Read fate breakdown ==
Pairs that were too short:                   0 (0.0%)
Pairs written (passing filters):       133,315 (100.0%)

Total basepairs processed:    80,255,630 bp
  Read 1:    40,127,815 bp
  Read 2:    40,127,815 bp
Total written (filtered):     75,217,860 bp (93.7%)
  Read 1:    37,867,576 bp
  Read 2:    37,350,284 bp

=== First read: Adapter 1 ===

Sequence: CCTAYGGGDBGCWGCAG; Type: regular 5'; Length: 17; Trimmed: 133088 times

Minimum overlap: 15
No. of allowed errors:
1-5 bp: 0; 6-12 bp: 1; 13-17 bp: 2

Overview of removed sequences
length	count	expect	max.err	error counts
14	4	0.0	2	0 2 2
15	175	0.0	2	2 58 115
16	3358	0.0	2	610 2444 304
17	129217	0.0	2	127867 1314 36
18	331	0.0	2	37 240 54
19	2	0.0	2	0 0 2
40	1	0.0	2	1


=== First read: Adapter 2 ===

Sequence: GGATTAGAKACCCBNGTAGTC; Type: regular 3'; Length: 21; Trimmed: 44 times

Minimum overlap: 15
No. of allowed errors:
1-5 bp: 0; 6-12 bp: 1; 13-19 bp: 2; 20 bp: 3

Bases preceding removed adapters:
  A: 20.5%
  C: 0.0%
  G: 79.5%
  T: 0.0%
  none/other: 0.0%

Overview of removed sequences
length	count	expect	max.err	error counts
23	1	0.0	3	1
24	38	0.0	3	32 6
25	2	0.0	3	2
26	2	0.0	3	2
68	1	0.0	3	1


=== Second read: Adapter 3 ===

Sequence: GACTACNVGGGTMTCTAATCC; Type: regular 5'; Length: 21; Trimmed: 132128 times

Minimum overlap: 15
No. of allowed errors:
1-5 bp: 0; 6-12 bp: 1; 13-19 bp: 2; 20 bp: 3

Overview of removed sequences
length	count	expect	max.err	error counts
15	1	0.0	2	0 1
16	1	0.0	2	0 0 1
17	2	0.0	2	0 2
18	5	0.0	2	0 1 2 2
19	93	0.0	2	3 10 66 14
20	1804	0.0	3	210 1211 347 36
21	129790	0.0	3	122988 6102 480 220
22	322	0.0	3	42 216 48 16
23	3	0.0	3	0 0 2 1
25	1	0.0	3	0 0 0 1
47	1	0.0	3	0 1
61	3	0.0	3	0 0 1 2
62	4	0.0	3	0 1 0 3
63	22	0.0	3	2 2 6 12
64	63	0.0	3	2 5 23 33
65	13	0.0	3	1 2 2 8


=== Second read: Adapter 4 ===

Sequence: CTGCWGCVHCCCRTAGG; Type: regular 3'; Length: 17; Trimmed: 1 times

Minimum overlap: 15
No. of allowed errors:
1-5 bp: 0; 6-12 bp: 1; 13-17 bp: 2

Bases preceding removed adapters:
  A: 0.0%
  C: 0.0%
  G: 100.0%
  T: 0.0%
  none/other: 0.0%

Overview of removed sequences
length	count	expect	max.err	error counts
20	1	0.0	2	0 0 1
