This is cutadapt 5.0 with Python 3.13.1
Command line parameters: -m 50 -O 15 -e 0.15 -g CCTAYGGGDBGCWGCAG -G GACTACNVGGGTMTCTAATCC -a GGATTAGAKACCCBNGTAGTC -A CTGCWGCVHCCCRTAGG -o plate2/cutadapt/036R_R_M_NS1_week5_S18_L001_R1_001.fastq.gz -p plate2/cutadapt/036R_R_M_NS1_week5_S18_L001_R2_001.fastq.gz plate2/filtN/036R_R_M_NS1_week5_S18_L001_R1_001.fastq.gz plate2/filtN/036R_R_M_NS1_week5_S18_L001_R2_001.fastq.gz
Processing paired-end reads on 1 core ...

=== Summary ===

Total read pairs processed:            103,116
  Read 1 with adapter:                 102,953 (99.8%)
  Read 2 with adapter:                 102,130 (99.0%)

== Read fate breakdown ==
Pairs that were too short:                   1 (0.0%)
Pairs written (passing filters):       103,115 (100.0%)

Total basepairs processed:    62,075,832 bp
  Read 1:    31,037,916 bp
  Read 2:    31,037,916 bp
Total written (filtered):     58,181,251 bp (93.7%)
  Read 1:    29,290,038 bp
  Read 2:    28,891,213 bp

=== First read: Adapter 1 ===

Sequence: CCTAYGGGDBGCWGCAG; Type: regular 5'; Length: 17; Trimmed: 102924 times

Minimum overlap: 15
No. of allowed errors:
1-5 bp: 0; 6-12 bp: 1; 13-17 bp: 2

Overview of removed sequences
length	count	expect	max.err	error counts
15	179	0.0	2	4 54 121
16	2722	0.0	2	459 2014 249
17	99755	0.0	2	98644 1062 49
18	268	0.0	2	33 196 39


=== First read: Adapter 2 ===

Sequence: GGATTAGAKACCCBNGTAGTC; Type: regular 3'; Length: 21; Trimmed: 29 times

Minimum overlap: 15
No. of allowed errors:
1-5 bp: 0; 6-12 bp: 1; 13-19 bp: 2; 20 bp: 3

Bases preceding removed adapters:
  A: 24.1%
  C: 0.0%
  G: 75.9%
  T: 0.0%
  none/other: 0.0%

Overview of removed sequences
length	count	expect	max.err	error counts
24	28	0.0	3	24 4
26	1	0.0	3	1


=== Second read: Adapter 3 ===

Sequence: GACTACNVGGGTMTCTAATCC; Type: regular 5'; Length: 21; Trimmed: 102127 times

Minimum overlap: 15
No. of allowed errors:
1-5 bp: 0; 6-12 bp: 1; 13-19 bp: 2; 20 bp: 3

Overview of removed sequences
length	count	expect	max.err	error counts
15	1	0.0	2	1
16	1	0.0	2	0 1
17	2	0.0	2	1 0 1
18	16	0.0	2	1 8 2 5
19	95	0.0	2	3 10 71 11
20	1686	0.0	3	177 1124 339 46
21	100005	0.0	3	95036 4550 288 131
22	239	0.0	3	24 169 39 7
23	2	0.0	3	0 0 2
24	2	0.0	3	1 0 0 1
35	1	0.0	3	0 1
45	1	0.0	3	1
55	1	0.0	3	1
57	1	0.0	3	0 0 0 1
61	3	0.0	3	0 0 1 2
62	5	0.0	3	0 0 1 4
63	14	0.0	3	1 1 5 7
64	44	0.0	3	1 9 10 24
65	8	0.0	3	0 1 3 4


=== Second read: Adapter 4 ===

Sequence: CTGCWGCVHCCCRTAGG; Type: regular 3'; Length: 17; Trimmed: 3 times

Minimum overlap: 15
No. of allowed errors:
1-5 bp: 0; 6-12 bp: 1; 13-17 bp: 2

Bases preceding removed adapters:
  A: 66.7%
  C: 0.0%
  G: 0.0%
  T: 33.3%
  none/other: 0.0%

Overview of removed sequences
length	count	expect	max.err	error counts
20	1	0.0	2	0 0 1
144	1	0.0	2	0 0 1
297	1	0.0	2	0 0 1
