This is cutadapt 5.0 with Python 3.13.1
Command line parameters: -A XXX -q 20,20 -m 50 -o plate2/cutadapt_qc/3918R_R_M_S2_week9_S68_L001_R1_001.fastq.gz -p plate2/cutadapt_qc/3918R_R_M_S2_week9_S68_L001_R2_001.fastq.gz plate2/cutadapt/3918R_R_M_S2_week9_S68_L001_R1_001.fastq.gz plate2/cutadapt/3918R_R_M_S2_week9_S68_L001_R2_001.fastq.gz
Processing paired-end reads on 1 core ...

=== Summary ===

Total read pairs processed:             92,179
  Read 2 with adapter:                       0 (0.0%)

== Read fate breakdown ==
Pairs that were too short:                 659 (0.7%)
Pairs written (passing filters):        91,520 (99.3%)

Total basepairs processed:    52,003,030 bp
  Read 1:    26,183,803 bp
  Read 2:    25,819,227 bp
Quality-trimmed:               1,396,133 bp (2.7%)
  Read 1:       239,115 bp
  Read 2:     1,157,018 bp
Total written (filtered):     50,410,653 bp (96.9%)
  Read 1:    25,763,528 bp
  Read 2:    24,647,125 bp

=== Second read: Adapter 1 ===

Sequence: XXX; Type: regular 3'; Length: 3; Trimmed: 0 times
