This is cutadapt 5.0 with Python 3.13.1
Command line parameters: -A XXX -q 20,20 -m 50 -o plate2/cutadapt_qc/3909R_0_M_S2_week9_S64_L001_R1_001.fastq.gz -p plate2/cutadapt_qc/3909R_0_M_S2_week9_S64_L001_R2_001.fastq.gz plate2/cutadapt/3909R_0_M_S2_week9_S64_L001_R1_001.fastq.gz plate2/cutadapt/3909R_0_M_S2_week9_S64_L001_R2_001.fastq.gz
Processing paired-end reads on 1 core ...

=== Summary ===

Total read pairs processed:            127,017
  Read 2 with adapter:                       0 (0.0%)

== Read fate breakdown ==
Pairs that were too short:                 895 (0.7%)
Pairs written (passing filters):       126,122 (99.3%)

Total basepairs processed:    71,664,092 bp
  Read 1:    36,078,680 bp
  Read 2:    35,585,412 bp
Quality-trimmed:               2,354,855 bp (3.3%)
  Read 1:       412,949 bp
  Read 2:     1,941,906 bp
Total written (filtered):     69,045,901 bp (96.3%)
  Read 1:    35,421,818 bp
  Read 2:    33,624,083 bp

=== Second read: Adapter 1 ===

Sequence: XXX; Type: regular 3'; Length: 3; Trimmed: 0 times
