This is cutadapt 5.0 with Python 3.13.1
Command line parameters: -A XXX -q 20,20 -m 50 -o plate2/cutadapt_qc/3980R_0_F_S2_week9_S51_L001_R1_001.fastq.gz -p plate2/cutadapt_qc/3980R_0_F_S2_week9_S51_L001_R2_001.fastq.gz plate2/cutadapt/3980R_0_F_S2_week9_S51_L001_R1_001.fastq.gz plate2/cutadapt/3980R_0_F_S2_week9_S51_L001_R2_001.fastq.gz
Processing paired-end reads on 1 core ...

=== Summary ===

Total read pairs processed:            129,981
  Read 2 with adapter:                       0 (0.0%)

== Read fate breakdown ==
Pairs that were too short:                 832 (0.6%)
Pairs written (passing filters):       129,149 (99.4%)

Total basepairs processed:    73,337,269 bp
  Read 1:    36,921,575 bp
  Read 2:    36,415,694 bp
Quality-trimmed:               2,208,262 bp (3.0%)
  Read 1:       367,811 bp
  Read 2:     1,840,451 bp
Total written (filtered):     70,882,942 bp (96.7%)
  Read 1:    36,326,108 bp
  Read 2:    34,556,834 bp

=== Second read: Adapter 1 ===

Sequence: XXX; Type: regular 3'; Length: 3; Trimmed: 0 times
