This is cutadapt 5.0 with Python 3.13.1
Command line parameters: -A XXX -q 20,20 -m 50 -o plate2/cutadapt_qc/3975R_R_F_NS1_week5_S14_L001_R1_001.fastq.gz -p plate2/cutadapt_qc/3975R_R_F_NS1_week5_S14_L001_R2_001.fastq.gz plate2/cutadapt/3975R_R_F_NS1_week5_S14_L001_R1_001.fastq.gz plate2/cutadapt/3975R_R_F_NS1_week5_S14_L001_R2_001.fastq.gz
Processing paired-end reads on 1 core ...

=== Summary ===

Total read pairs processed:            105,739
  Read 2 with adapter:                       0 (0.0%)

== Read fate breakdown ==
Pairs that were too short:               1,362 (1.3%)
Pairs written (passing filters):       104,377 (98.7%)

Total basepairs processed:    59,668,476 bp
  Read 1:    30,034,826 bp
  Read 2:    29,633,650 bp
Quality-trimmed:               2,052,688 bp (3.4%)
  Read 1:       353,676 bp
  Read 2:     1,699,012 bp
Total written (filtered):     57,221,807 bp (95.9%)
  Read 1:    29,319,502 bp
  Read 2:    27,902,305 bp

=== Second read: Adapter 1 ===

Sequence: XXX; Type: regular 3'; Length: 3; Trimmed: 0 times
