This is cutadapt 5.0 with Python 3.13.1
Command line parameters: -A XXX -q 20,20 -m 50 -o plate2/cutadapt_qc/1030R_L_M_NS1_week9_S25_L001_R1_001.fastq.gz -p plate2/cutadapt_qc/1030R_L_M_NS1_week9_S25_L001_R2_001.fastq.gz plate2/cutadapt/1030R_L_M_NS1_week9_S25_L001_R1_001.fastq.gz plate2/cutadapt/1030R_L_M_NS1_week9_S25_L001_R2_001.fastq.gz
Processing paired-end reads on 1 core ...

=== Summary ===

Total read pairs processed:            107,535
  Read 2 with adapter:                       0 (0.0%)

== Read fate breakdown ==
Pairs that were too short:                 855 (0.8%)
Pairs written (passing filters):       106,680 (99.2%)

Total basepairs processed:    60,672,018 bp
  Read 1:    30,544,842 bp
  Read 2:    30,127,176 bp
Quality-trimmed:               2,000,062 bp (3.3%)
  Read 1:       364,477 bp
  Read 2:     1,635,585 bp
Total written (filtered):     58,425,154 bp (96.3%)
  Read 1:    29,957,584 bp
  Read 2:    28,467,570 bp

=== Second read: Adapter 1 ===

Sequence: XXX; Type: regular 3'; Length: 3; Trimmed: 0 times
