This is cutadapt 5.0 with Python 3.13.1
Command line parameters: -A XXX -q 20,20 -m 50 -o plate2/cutadapt_qc/3971R_L_F_NS1_week7_S11_L001_R1_001.fastq.gz -p plate2/cutadapt_qc/3971R_L_F_NS1_week7_S11_L001_R2_001.fastq.gz plate2/cutadapt/3971R_L_F_NS1_week7_S11_L001_R1_001.fastq.gz plate2/cutadapt/3971R_L_F_NS1_week7_S11_L001_R2_001.fastq.gz
Processing paired-end reads on 1 core ...

=== Summary ===

Total read pairs processed:             98,796
  Read 2 with adapter:                       0 (0.0%)

== Read fate breakdown ==
Pairs that were too short:               1,171 (1.2%)
Pairs written (passing filters):        97,625 (98.8%)

Total basepairs processed:    55,752,089 bp
  Read 1:    28,064,012 bp
  Read 2:    27,688,077 bp
Quality-trimmed:               1,743,706 bp (3.1%)
  Read 1:       241,518 bp
  Read 2:     1,502,188 bp
Total written (filtered):     53,661,978 bp (96.3%)
  Read 1:    27,496,802 bp
  Read 2:    26,165,176 bp

=== Second read: Adapter 1 ===

Sequence: XXX; Type: regular 3'; Length: 3; Trimmed: 0 times
