This is cutadapt 5.0 with Python 3.13.1
Command line parameters: -m 50 -O 15 -e 0.15 -g CCTAYGGGDBGCWGCAG -G GACTACNVGGGTMTCTAATCC -a GGATTAGAKACCCBNGTAGTC -A CTGCWGCVHCCCRTAGG -o plate2/cutadapt/1067R_R_M_S2_week6_S57_L001_R1_001.fastq.gz -p plate2/cutadapt/1067R_R_M_S2_week6_S57_L001_R2_001.fastq.gz plate2/filtN/1067R_R_M_S2_week6_S57_L001_R1_001.fastq.gz plate2/filtN/1067R_R_M_S2_week6_S57_L001_R2_001.fastq.gz
Processing paired-end reads on 1 core ...

=== Summary ===

Total read pairs processed:            130,041
  Read 1 with adapter:                 129,895 (99.9%)
  Read 2 with adapter:                 128,564 (98.9%)

== Read fate breakdown ==
Pairs that were too short:                   0 (0.0%)
Pairs written (passing filters):       130,041 (100.0%)

Total basepairs processed:    78,284,682 bp
  Read 1:    39,142,341 bp
  Read 2:    39,142,341 bp
Total written (filtered):     73,373,863 bp (93.7%)
  Read 1:    36,937,203 bp
  Read 2:    36,436,660 bp

=== First read: Adapter 1 ===

Sequence: CCTAYGGGDBGCWGCAG; Type: regular 5'; Length: 17; Trimmed: 129867 times

Minimum overlap: 15
No. of allowed errors:
1-5 bp: 0; 6-12 bp: 1; 13-17 bp: 2

Overview of removed sequences
length	count	expect	max.err	error counts
14	2	0.0	2	0 0 2
15	189	0.0	2	6 53 130
16	3261	0.0	2	573 2387 301
17	126045	0.0	2	124668 1340 37
18	370	0.0	2	46 268 56


=== First read: Adapter 2 ===

Sequence: GGATTAGAKACCCBNGTAGTC; Type: regular 3'; Length: 21; Trimmed: 28 times

Minimum overlap: 15
No. of allowed errors:
1-5 bp: 0; 6-12 bp: 1; 13-19 bp: 2; 20 bp: 3

Bases preceding removed adapters:
  A: 14.3%
  C: 0.0%
  G: 85.7%
  T: 0.0%
  none/other: 0.0%
WARNING:
    The adapter is preceded by 'G' extremely often.
    The provided adapter sequence could be incomplete at its 5' end.
    Ignore this warning when trimming primers.

Overview of removed sequences
length	count	expect	max.err	error counts
24	26	0.0	3	24 2
25	2	0.0	3	2


=== Second read: Adapter 3 ===

Sequence: GACTACNVGGGTMTCTAATCC; Type: regular 5'; Length: 21; Trimmed: 128564 times

Minimum overlap: 15
No. of allowed errors:
1-5 bp: 0; 6-12 bp: 1; 13-19 bp: 2; 20 bp: 3

Overview of removed sequences
length	count	expect	max.err	error counts
17	1	0.0	2	0 1
18	7	0.0	2	1 2 0 4
19	61	0.0	2	2 3 46 10
20	1480	0.0	3	192 927 314 47
21	126534	0.0	3	118271 7050 789 424
22	310	0.0	3	32 212 55 11
23	1	0.0	3	0 1
24	1	0.0	3	0 0 1
25	1	0.0	3	1
27	2	0.0	3	1 1
59	1	0.0	3	0 0 0 1
61	1	0.0	3	0 0 1
62	4	0.0	3	0 0 0 4
63	22	0.0	3	1 6 2 13
64	105	0.0	3	8 20 28 49
65	33	0.0	3	0 3 9 21


=== Second read: Adapter 4 ===

Sequence: CTGCWGCVHCCCRTAGG; Type: regular 3'; Length: 17; Trimmed: 0 times

WARNING:
    One or more of your adapter sequences may be incomplete.
    Please see the detailed output above.
