This is cutadapt 5.0 with Python 3.13.1
Command line parameters: -m 50 -O 15 -e 0.15 -g CCTAYGGGDBGCWGCAG -G GACTACNVGGGTMTCTAATCC -a GGATTAGAKACCCBNGTAGTC -A CTGCWGCVHCCCRTAGG -o plate2/cutadapt/2529R_R_F_NS1_week7_S7_L001_R1_001.fastq.gz -p plate2/cutadapt/2529R_R_F_NS1_week7_S7_L001_R2_001.fastq.gz plate2/filtN/2529R_R_F_NS1_week7_S7_L001_R1_001.fastq.gz plate2/filtN/2529R_R_F_NS1_week7_S7_L001_R2_001.fastq.gz
Processing paired-end reads on 1 core ...

=== Summary ===

Total read pairs processed:             95,711
  Read 1 with adapter:                  95,581 (99.9%)
  Read 2 with adapter:                  94,823 (99.1%)

== Read fate breakdown ==
Pairs that were too short:                   1 (0.0%)
Pairs written (passing filters):        95,710 (100.0%)

Total basepairs processed:    57,618,022 bp
  Read 1:    28,809,011 bp
  Read 2:    28,809,011 bp
Total written (filtered):     53,993,944 bp (93.7%)
  Read 1:    27,186,038 bp
  Read 2:    26,807,906 bp

=== First read: Adapter 1 ===

Sequence: CCTAYGGGDBGCWGCAG; Type: regular 5'; Length: 17; Trimmed: 95555 times

Minimum overlap: 15
No. of allowed errors:
1-5 bp: 0; 6-12 bp: 1; 13-17 bp: 2

Overview of removed sequences
length	count	expect	max.err	error counts
15	113	0.0	2	2 33 78
16	2354	0.0	2	298 1811 245
17	92879	0.0	2	91840 1004 35
18	208	0.0	2	29 146 33
19	1	0.0	2	0 0 1


=== First read: Adapter 2 ===

Sequence: GGATTAGAKACCCBNGTAGTC; Type: regular 3'; Length: 21; Trimmed: 26 times

Minimum overlap: 15
No. of allowed errors:
1-5 bp: 0; 6-12 bp: 1; 13-19 bp: 2; 20 bp: 3

Bases preceding removed adapters:
  A: 23.1%
  C: 0.0%
  G: 76.9%
  T: 0.0%
  none/other: 0.0%

Overview of removed sequences
length	count	expect	max.err	error counts
24	26	0.0	3	21 5


=== Second read: Adapter 3 ===

Sequence: GACTACNVGGGTMTCTAATCC; Type: regular 5'; Length: 21; Trimmed: 94822 times

Minimum overlap: 15
No. of allowed errors:
1-5 bp: 0; 6-12 bp: 1; 13-19 bp: 2; 20 bp: 3

Overview of removed sequences
length	count	expect	max.err	error counts
16	1	0.0	2	0 1
17	4	0.0	2	0 0 4
18	6	0.0	2	0 1 0 5
19	64	0.0	2	2 5 43 14
20	1386	0.0	3	117 934 289 46
21	92884	0.0	3	87915 4511 288 170
22	221	0.0	3	17 161 38 5
23	1	0.0	3	0 0 1
34	1	0.0	3	1
36	1	0.0	3	0 1
55	1	0.0	3	1
58	1	0.0	3	0 0 1
60	2	0.0	3	0 0 0 2
61	5	0.0	3	1 1 2 1
62	6	0.0	3	0 1 0 5
63	34	0.0	3	3 7 15 9
64	155	0.0	3	17 43 49 46
65	49	0.0	3	5 8 13 23


=== Second read: Adapter 4 ===

Sequence: CTGCWGCVHCCCRTAGG; Type: regular 3'; Length: 17; Trimmed: 1 times

Minimum overlap: 15
No. of allowed errors:
1-5 bp: 0; 6-12 bp: 1; 13-17 bp: 2

Bases preceding removed adapters:
  A: 0.0%
  C: 100.0%
  G: 0.0%
  T: 0.0%
  none/other: 0.0%

Overview of removed sequences
length	count	expect	max.err	error counts
297	1	0.0	2	0 0 1
