This is cutadapt 5.0 with Python 3.13.1
Command line parameters: -A XXX -q 20,20 -m 50 -o plate2/cutadapt_qc/1121R_0_M_NS1_week6_S27_L001_R1_001.fastq.gz -p plate2/cutadapt_qc/1121R_0_M_NS1_week6_S27_L001_R2_001.fastq.gz plate2/cutadapt/1121R_0_M_NS1_week6_S27_L001_R1_001.fastq.gz plate2/cutadapt/1121R_0_M_NS1_week6_S27_L001_R2_001.fastq.gz
Processing paired-end reads on 1 core ...

=== Summary ===

Total read pairs processed:            100,963
  Read 2 with adapter:                       0 (0.0%)

== Read fate breakdown ==
Pairs that were too short:                 708 (0.7%)
Pairs written (passing filters):       100,255 (99.3%)

Total basepairs processed:    56,962,313 bp
  Read 1:    28,679,384 bp
  Read 2:    28,282,929 bp
Quality-trimmed:               1,737,792 bp (3.1%)
  Read 1:       282,419 bp
  Read 2:     1,455,373 bp
Total written (filtered):     55,014,907 bp (96.6%)
  Read 1:    28,201,982 bp
  Read 2:    26,812,925 bp

=== Second read: Adapter 1 ===

Sequence: XXX; Type: regular 3'; Length: 3; Trimmed: 0 times
