This is cutadapt 5.0 with Python 3.13.1
Command line parameters: -A XXX -q 20,20 -m 50 -o plate2/cutadapt_qc/3971R_L_F_NS1_week6_S10_L001_R1_001.fastq.gz -p plate2/cutadapt_qc/3971R_L_F_NS1_week6_S10_L001_R2_001.fastq.gz plate2/cutadapt/3971R_L_F_NS1_week6_S10_L001_R1_001.fastq.gz plate2/cutadapt/3971R_L_F_NS1_week6_S10_L001_R2_001.fastq.gz
Processing paired-end reads on 1 core ...

=== Summary ===

Total read pairs processed:            109,783
  Read 2 with adapter:                       0 (0.0%)

== Read fate breakdown ==
Pairs that were too short:               1,488 (1.4%)
Pairs written (passing filters):       108,295 (98.6%)

Total basepairs processed:    61,954,742 bp
  Read 1:    31,183,602 bp
  Read 2:    30,771,140 bp
Quality-trimmed:               2,184,591 bp (3.5%)
  Read 1:       310,347 bp
  Read 2:     1,874,244 bp
Total written (filtered):     59,331,325 bp (95.8%)
  Read 1:    30,461,724 bp
  Read 2:    28,869,601 bp

=== Second read: Adapter 1 ===

Sequence: XXX; Type: regular 3'; Length: 3; Trimmed: 0 times
