This is cutadapt 5.0 with Python 3.13.1
Command line parameters: -m 50 -O 15 -e 0.15 -g CCTAYGGGDBGCWGCAG -G GACTACNVGGGTMTCTAATCC -a GGATTAGAKACCCBNGTAGTC -A CTGCWGCVHCCCRTAGG -o plate2/cutadapt/2402R_0_F_S5_week9_S70_L001_R1_001.fastq.gz -p plate2/cutadapt/2402R_0_F_S5_week9_S70_L001_R2_001.fastq.gz plate2/filtN/2402R_0_F_S5_week9_S70_L001_R1_001.fastq.gz plate2/filtN/2402R_0_F_S5_week9_S70_L001_R2_001.fastq.gz
Processing paired-end reads on 1 core ...

=== Summary ===

Total read pairs processed:            123,997
  Read 1 with adapter:                 123,799 (99.8%)
  Read 2 with adapter:                 123,004 (99.2%)

== Read fate breakdown ==
Pairs that were too short:                   0 (0.0%)
Pairs written (passing filters):       123,997 (100.0%)

Total basepairs processed:    74,646,194 bp
  Read 1:    37,323,097 bp
  Read 2:    37,323,097 bp
Total written (filtered):     69,955,819 bp (93.7%)
  Read 1:    35,221,648 bp
  Read 2:    34,734,171 bp

=== First read: Adapter 1 ===

Sequence: CCTAYGGGDBGCWGCAG; Type: regular 5'; Length: 17; Trimmed: 123754 times

Minimum overlap: 15
No. of allowed errors:
1-5 bp: 0; 6-12 bp: 1; 13-17 bp: 2

Overview of removed sequences
length	count	expect	max.err	error counts
14	3	0.0	2	0 0 3
15	199	0.0	2	5 55 139
16	3255	0.0	2	524 2356 375
17	120077	0.0	2	118748 1272 57
18	219	0.0	2	28 151 40
20	1	0.0	2	0 1


=== First read: Adapter 2 ===

Sequence: GGATTAGAKACCCBNGTAGTC; Type: regular 3'; Length: 21; Trimmed: 45 times

Minimum overlap: 15
No. of allowed errors:
1-5 bp: 0; 6-12 bp: 1; 13-19 bp: 2; 20 bp: 3

Bases preceding removed adapters:
  A: 22.2%
  C: 0.0%
  G: 75.6%
  T: 2.2%
  none/other: 0.0%

Overview of removed sequences
length	count	expect	max.err	error counts
14	1	0.0	2	0 0 1
24	43	0.0	3	40 3
25	1	0.0	3	1


=== Second read: Adapter 3 ===

Sequence: GACTACNVGGGTMTCTAATCC; Type: regular 5'; Length: 21; Trimmed: 123003 times

Minimum overlap: 15
No. of allowed errors:
1-5 bp: 0; 6-12 bp: 1; 13-19 bp: 2; 20 bp: 3

Overview of removed sequences
length	count	expect	max.err	error counts
18	7	0.0	2	0 2 3 2
19	81	0.0	2	3 8 56 14
20	1503	0.0	3	176 978 311 38
21	120968	0.0	3	114958 5404 392 214
22	276	0.0	3	30 196 42 8
23	1	0.0	3	0 0 1
24	1	0.0	3	0 0 1
29	1	0.0	3	0 1
48	1	0.0	3	0 1
60	1	0.0	3	0 0 0 1
61	1	0.0	3	0 0 0 1
62	6	0.0	3	1 2 0 3
63	20	0.0	3	1 3 5 11
64	103	0.0	3	3 27 34 39
65	33	0.0	3	1 6 8 18


=== Second read: Adapter 4 ===

Sequence: CTGCWGCVHCCCRTAGG; Type: regular 3'; Length: 17; Trimmed: 1 times

Minimum overlap: 15
No. of allowed errors:
1-5 bp: 0; 6-12 bp: 1; 13-17 bp: 2

Bases preceding removed adapters:
  A: 100.0%
  C: 0.0%
  G: 0.0%
  T: 0.0%
  none/other: 0.0%

Overview of removed sequences
length	count	expect	max.err	error counts
187	1	0.0	2	0 0 1
