This is cutadapt 5.0 with Python 3.13.1
Command line parameters: -A XXX -q 20,20 -m 50 -o plate2/cutadapt_qc/3909R_0_M_S2_week6_S62_L001_R1_001.fastq.gz -p plate2/cutadapt_qc/3909R_0_M_S2_week6_S62_L001_R2_001.fastq.gz plate2/cutadapt/3909R_0_M_S2_week6_S62_L001_R1_001.fastq.gz plate2/cutadapt/3909R_0_M_S2_week6_S62_L001_R2_001.fastq.gz
Processing paired-end reads on 1 core ...

=== Summary ===

Total read pairs processed:            178,142
  Read 2 with adapter:                       0 (0.0%)

== Read fate breakdown ==
Pairs that were too short:               1,372 (0.8%)
Pairs written (passing filters):       176,770 (99.2%)

Total basepairs processed:   100,509,119 bp
  Read 1:    50,600,661 bp
  Read 2:    49,908,458 bp
Quality-trimmed:               3,339,894 bp (3.3%)
  Read 1:       627,475 bp
  Read 2:     2,712,419 bp
Total written (filtered):     96,770,354 bp (96.3%)
  Read 1:    49,609,479 bp
  Read 2:    47,160,875 bp

=== Second read: Adapter 1 ===

Sequence: XXX; Type: regular 3'; Length: 3; Trimmed: 0 times
