This is cutadapt 5.0 with Python 3.13.1
Command line parameters: -m 50 -O 15 -e 0.15 -g CCTAYGGGDBGCWGCAG -G GACTACNVGGGTMTCTAATCC -a GGATTAGAKACCCBNGTAGTC -A CTGCWGCVHCCCRTAGG -o plate2/cutadapt/3909R_0_M_S2_week5_S61_L001_R1_001.fastq.gz -p plate2/cutadapt/3909R_0_M_S2_week5_S61_L001_R2_001.fastq.gz plate2/filtN/3909R_0_M_S2_week5_S61_L001_R1_001.fastq.gz plate2/filtN/3909R_0_M_S2_week5_S61_L001_R2_001.fastq.gz
Processing paired-end reads on 1 core ...

=== Summary ===

Total read pairs processed:            144,358
  Read 1 with adapter:                 144,178 (99.9%)
  Read 2 with adapter:                 142,788 (98.9%)

== Read fate breakdown ==
Pairs that were too short:                   0 (0.0%)
Pairs written (passing filters):       144,358 (100.0%)

Total basepairs processed:    86,903,516 bp
  Read 1:    43,451,758 bp
  Read 2:    43,451,758 bp
Total written (filtered):     81,450,851 bp (93.7%)
  Read 1:    41,004,280 bp
  Read 2:    40,446,571 bp

=== First read: Adapter 1 ===

Sequence: CCTAYGGGDBGCWGCAG; Type: regular 5'; Length: 17; Trimmed: 144133 times

Minimum overlap: 15
No. of allowed errors:
1-5 bp: 0; 6-12 bp: 1; 13-17 bp: 2

Overview of removed sequences
length	count	expect	max.err	error counts
14	1	0.0	2	0 0 1
15	210	0.0	2	6 48 156
16	3793	0.0	2	501 2882 410
17	139876	0.0	2	138304 1510 62
18	253	0.0	2	42 165 46


=== First read: Adapter 2 ===

Sequence: GGATTAGAKACCCBNGTAGTC; Type: regular 3'; Length: 21; Trimmed: 45 times

Minimum overlap: 15
No. of allowed errors:
1-5 bp: 0; 6-12 bp: 1; 13-19 bp: 2; 20 bp: 3

Bases preceding removed adapters:
  A: 26.7%
  C: 0.0%
  G: 73.3%
  T: 0.0%
  none/other: 0.0%

Overview of removed sequences
length	count	expect	max.err	error counts
24	43	0.0	3	38 5
25	1	0.0	3	1
123	1	0.0	3	1


=== Second read: Adapter 3 ===

Sequence: GACTACNVGGGTMTCTAATCC; Type: regular 5'; Length: 21; Trimmed: 142787 times

Minimum overlap: 15
No. of allowed errors:
1-5 bp: 0; 6-12 bp: 1; 13-19 bp: 2; 20 bp: 3

Overview of removed sequences
length	count	expect	max.err	error counts
17	2	0.0	2	0 1 1
18	7	0.0	2	1 0 3 3
19	81	0.0	2	2 9 50 20
20	1548	0.0	3	179 997 332 40
21	140596	0.0	3	131977 7474 786 359
22	370	0.0	3	43 252 62 13
24	1	0.0	3	0 0 0 1
61	1	0.0	3	0 0 0 1
62	3	0.0	3	0 0 1 2
63	17	0.0	3	2 3 5 7
64	124	0.0	3	7 19 43 55
65	35	0.0	3	0 3 14 18
66	2	0.0	3	0 0 0 2


=== Second read: Adapter 4 ===

Sequence: CTGCWGCVHCCCRTAGG; Type: regular 3'; Length: 17; Trimmed: 1 times

Minimum overlap: 15
No. of allowed errors:
1-5 bp: 0; 6-12 bp: 1; 13-17 bp: 2

Bases preceding removed adapters:
  A: 0.0%
  C: 0.0%
  G: 100.0%
  T: 0.0%
  none/other: 0.0%

Overview of removed sequences
length	count	expect	max.err	error counts
187	1	0.0	2	0 0 1
