This is cutadapt 5.0 with Python 3.13.1
Command line parameters: -m 50 -O 15 -e 0.15 -g CCTAYGGGDBGCWGCAG -G GACTACNVGGGTMTCTAATCC -a GGATTAGAKACCCBNGTAGTC -A CTGCWGCVHCCCRTAGG -o plate2/cutadapt/3929R_0_F_S5_week9_S73_L001_R1_001.fastq.gz -p plate2/cutadapt/3929R_0_F_S5_week9_S73_L001_R2_001.fastq.gz plate2/filtN/3929R_0_F_S5_week9_S73_L001_R1_001.fastq.gz plate2/filtN/3929R_0_F_S5_week9_S73_L001_R2_001.fastq.gz
Processing paired-end reads on 1 core ...

=== Summary ===

Total read pairs processed:            121,402
  Read 1 with adapter:                 121,249 (99.9%)
  Read 2 with adapter:                 119,480 (98.4%)

== Read fate breakdown ==
Pairs that were too short:                   0 (0.0%)
Pairs written (passing filters):       121,402 (100.0%)

Total basepairs processed:    73,084,004 bp
  Read 1:    36,542,002 bp
  Read 2:    36,542,002 bp
Total written (filtered):     68,514,823 bp (93.7%)
  Read 1:    34,483,679 bp
  Read 2:    34,031,144 bp

=== First read: Adapter 1 ===

Sequence: CCTAYGGGDBGCWGCAG; Type: regular 5'; Length: 17; Trimmed: 121210 times

Minimum overlap: 15
No. of allowed errors:
1-5 bp: 0; 6-12 bp: 1; 13-17 bp: 2

Overview of removed sequences
length	count	expect	max.err	error counts
14	5	0.0	2	0 0 5
15	205	0.0	2	4 56 145
16	3056	0.0	2	534 2247 275
17	117648	0.0	2	116354 1248 46
18	296	0.0	2	31 223 42


=== First read: Adapter 2 ===

Sequence: GGATTAGAKACCCBNGTAGTC; Type: regular 3'; Length: 21; Trimmed: 39 times

Minimum overlap: 15
No. of allowed errors:
1-5 bp: 0; 6-12 bp: 1; 13-19 bp: 2; 20 bp: 3

Bases preceding removed adapters:
  A: 12.8%
  C: 0.0%
  G: 87.2%
  T: 0.0%
  none/other: 0.0%
WARNING:
    The adapter is preceded by 'G' extremely often.
    The provided adapter sequence could be incomplete at its 5' end.
    Ignore this warning when trimming primers.

Overview of removed sequences
length	count	expect	max.err	error counts
24	38	0.0	3	31 7
26	1	0.0	3	1


=== Second read: Adapter 3 ===

Sequence: GACTACNVGGGTMTCTAATCC; Type: regular 5'; Length: 21; Trimmed: 119480 times

Minimum overlap: 15
No. of allowed errors:
1-5 bp: 0; 6-12 bp: 1; 13-19 bp: 2; 20 bp: 3

Overview of removed sequences
length	count	expect	max.err	error counts
17	1	0.0	2	0 0 1
18	8	0.0	2	1 0 3 4
19	74	0.0	2	3 9 47 15
20	1710	0.0	3	160 1123 376 51
21	117345	0.0	3	110789 5689 583 284
22	261	0.0	3	14 191 46 10
24	2	0.0	3	2
59	1	0.0	3	1
61	1	0.0	3	0 0 1
62	1	0.0	3	0 0 0 1
63	3	0.0	3	1 0 0 2
64	60	0.0	3	1 6 18 35
65	13	0.0	3	0 1 1 11


=== Second read: Adapter 4 ===

Sequence: CTGCWGCVHCCCRTAGG; Type: regular 3'; Length: 17; Trimmed: 0 times

WARNING:
    One or more of your adapter sequences may be incomplete.
    Please see the detailed output above.
