This is cutadapt 5.0 with Python 3.13.1
Command line parameters: -A XXX -q 20,20 -m 50 -o plate2/cutadapt_qc/016R_0_F_NS6_week9_S79_L001_R1_001.fastq.gz -p plate2/cutadapt_qc/016R_0_F_NS6_week9_S79_L001_R2_001.fastq.gz plate2/cutadapt/016R_0_F_NS6_week9_S79_L001_R1_001.fastq.gz plate2/cutadapt/016R_0_F_NS6_week9_S79_L001_R2_001.fastq.gz
Processing paired-end reads on 1 core ...

=== Summary ===

Total read pairs processed:            116,989
  Read 2 with adapter:                       0 (0.0%)

== Read fate breakdown ==
Pairs that were too short:               1,254 (1.1%)
Pairs written (passing filters):       115,735 (98.9%)

Total basepairs processed:    66,020,907 bp
  Read 1:    33,230,139 bp
  Read 2:    32,790,768 bp
Quality-trimmed:               1,990,822 bp (3.0%)
  Read 1:       342,223 bp
  Read 2:     1,648,599 bp
Total written (filtered):     63,667,709 bp (96.4%)
  Read 1:    32,553,804 bp
  Read 2:    31,113,905 bp

=== Second read: Adapter 1 ===

Sequence: XXX; Type: regular 3'; Length: 3; Trimmed: 0 times
