This is cutadapt 5.0 with Python 3.13.1
Command line parameters: -m 50 -O 15 -e 0.15 -g CCTAYGGGDBGCWGCAG -G GACTACNVGGGTMTCTAATCC -a GGATTAGAKACCCBNGTAGTC -A CTGCWGCVHCCCRTAGG -o plate2/cutadapt/3971R_L_F_NS1_week7_S11_L001_R1_001.fastq.gz -p plate2/cutadapt/3971R_L_F_NS1_week7_S11_L001_R2_001.fastq.gz plate2/filtN/3971R_L_F_NS1_week7_S11_L001_R1_001.fastq.gz plate2/filtN/3971R_L_F_NS1_week7_S11_L001_R2_001.fastq.gz
Processing paired-end reads on 1 core ...

=== Summary ===

Total read pairs processed:             98,796
  Read 1 with adapter:                  98,615 (99.8%)
  Read 2 with adapter:                  97,246 (98.4%)

== Read fate breakdown ==
Pairs that were too short:                   0 (0.0%)
Pairs written (passing filters):        98,796 (100.0%)

Total basepairs processed:    59,475,192 bp
  Read 1:    29,737,596 bp
  Read 2:    29,737,596 bp
Total written (filtered):     55,752,089 bp (93.7%)
  Read 1:    28,064,012 bp
  Read 2:    27,688,077 bp

=== First read: Adapter 1 ===

Sequence: CCTAYGGGDBGCWGCAG; Type: regular 5'; Length: 17; Trimmed: 98583 times

Minimum overlap: 15
No. of allowed errors:
1-5 bp: 0; 6-12 bp: 1; 13-17 bp: 2

Overview of removed sequences
length	count	expect	max.err	error counts
14	4	0.0	2	0 1 3
15	213	0.0	2	6 61 146
16	2923	0.0	2	516 2125 282
17	95181	0.0	2	94224 934 23
18	260	0.0	2	25 178 57
19	2	0.0	2	1 0 1


=== First read: Adapter 2 ===

Sequence: GGATTAGAKACCCBNGTAGTC; Type: regular 3'; Length: 21; Trimmed: 32 times

Minimum overlap: 15
No. of allowed errors:
1-5 bp: 0; 6-12 bp: 1; 13-19 bp: 2; 20 bp: 3

Bases preceding removed adapters:
  A: 37.5%
  C: 0.0%
  G: 62.5%
  T: 0.0%
  none/other: 0.0%

Overview of removed sequences
length	count	expect	max.err	error counts
24	30	0.0	3	25 5
25	2	0.0	3	2


=== Second read: Adapter 3 ===

Sequence: GACTACNVGGGTMTCTAATCC; Type: regular 5'; Length: 21; Trimmed: 97245 times

Minimum overlap: 15
No. of allowed errors:
1-5 bp: 0; 6-12 bp: 1; 13-19 bp: 2; 20 bp: 3

Overview of removed sequences
length	count	expect	max.err	error counts
16	1	0.0	2	0 1
17	2	0.0	2	1 0 1
18	6	0.0	2	1 3 1 1
19	78	0.0	2	1 8 56 13
20	1478	0.0	3	142 1006 297 33
21	95275	0.0	3	89419 5116 464 276
22	201	0.0	3	22 151 27 1
23	1	0.0	3	0 0 1
53	1	0.0	3	0 0 0 1
60	1	0.0	3	0 1
61	1	0.0	3	0 0 0 1
62	5	0.0	3	0 0 0 5
63	27	0.0	3	0 4 9 14
64	141	0.0	3	5 21 35 80
65	27	0.0	3	2 3 5 17


=== Second read: Adapter 4 ===

Sequence: CTGCWGCVHCCCRTAGG; Type: regular 3'; Length: 17; Trimmed: 1 times

Minimum overlap: 15
No. of allowed errors:
1-5 bp: 0; 6-12 bp: 1; 13-17 bp: 2

Bases preceding removed adapters:
  A: 0.0%
  C: 100.0%
  G: 0.0%
  T: 0.0%
  none/other: 0.0%

Overview of removed sequences
length	count	expect	max.err	error counts
135	1	0.0	2	0 0 1
