This is cutadapt 5.0 with Python 3.13.1
Command line parameters: -m 50 -O 15 -e 0.15 -g CCTAYGGGDBGCWGCAG -G GACTACNVGGGTMTCTAATCC -a GGATTAGAKACCCBNGTAGTC -A CTGCWGCVHCCCRTAGG -o plate2/cutadapt/3909R_0_M_S2_week9_S64_L001_R1_001.fastq.gz -p plate2/cutadapt/3909R_0_M_S2_week9_S64_L001_R2_001.fastq.gz plate2/filtN/3909R_0_M_S2_week9_S64_L001_R1_001.fastq.gz plate2/filtN/3909R_0_M_S2_week9_S64_L001_R2_001.fastq.gz
Processing paired-end reads on 1 core ...

=== Summary ===

Total read pairs processed:            127,018
  Read 1 with adapter:                 126,879 (99.9%)
  Read 2 with adapter:                 125,732 (99.0%)

== Read fate breakdown ==
Pairs that were too short:                   1 (0.0%)
Pairs written (passing filters):       127,017 (100.0%)

Total basepairs processed:    76,464,836 bp
  Read 1:    38,232,418 bp
  Read 2:    38,232,418 bp
Total written (filtered):     71,664,092 bp (93.7%)
  Read 1:    36,078,680 bp
  Read 2:    35,585,412 bp

=== First read: Adapter 1 ===

Sequence: CCTAYGGGDBGCWGCAG; Type: regular 5'; Length: 17; Trimmed: 126848 times

Minimum overlap: 15
No. of allowed errors:
1-5 bp: 0; 6-12 bp: 1; 13-17 bp: 2

Overview of removed sequences
length	count	expect	max.err	error counts
14	2	0.0	2	0 1 1
15	194	0.0	2	3 53 138
16	3521	0.0	2	491 2687 343
17	122920	0.0	2	121470 1416 34
18	209	0.0	2	34 145 30
19	2	0.0	2	0 0 2


=== First read: Adapter 2 ===

Sequence: GGATTAGAKACCCBNGTAGTC; Type: regular 3'; Length: 21; Trimmed: 31 times

Minimum overlap: 15
No. of allowed errors:
1-5 bp: 0; 6-12 bp: 1; 13-19 bp: 2; 20 bp: 3

Bases preceding removed adapters:
  A: 25.8%
  C: 0.0%
  G: 74.2%
  T: 0.0%
  none/other: 0.0%

Overview of removed sequences
length	count	expect	max.err	error counts
24	27	0.0	3	23 4
25	3	0.0	3	3
285	1	0.0	3	1


=== Second read: Adapter 3 ===

Sequence: GACTACNVGGGTMTCTAATCC; Type: regular 5'; Length: 21; Trimmed: 125731 times

Minimum overlap: 15
No. of allowed errors:
1-5 bp: 0; 6-12 bp: 1; 13-19 bp: 2; 20 bp: 3

Overview of removed sequences
length	count	expect	max.err	error counts
17	1	0.0	2	1
18	7	0.0	2	0 1 2 4
19	54	0.0	2	1 4 39 10
20	1379	0.0	3	131 906 298 44
21	123803	0.0	3	115867 6874 740 322
22	311	0.0	3	21 233 46 11
23	1	0.0	3	0 0 1
60	1	0.0	3	0 0 0 1
61	1	0.0	3	0 1
62	1	0.0	3	1
63	13	0.0	3	1 3 4 5
64	118	0.0	3	5 20 35 58
65	40	0.0	3	2 6 12 20
66	1	0.0	3	0 0 0 1


=== Second read: Adapter 4 ===

Sequence: CTGCWGCVHCCCRTAGG; Type: regular 3'; Length: 17; Trimmed: 1 times

Minimum overlap: 15
No. of allowed errors:
1-5 bp: 0; 6-12 bp: 1; 13-17 bp: 2

Bases preceding removed adapters:
  A: 100.0%
  C: 0.0%
  G: 0.0%
  T: 0.0%
  none/other: 0.0%

Overview of removed sequences
length	count	expect	max.err	error counts
29	1	0.0	2	0 0 1
