This is cutadapt 5.0 with Python 3.13.1
Command line parameters: -A XXX -q 20,20 -m 50 -o plate2/cutadapt_qc/096R_0_M_S5_week9_S74_L001_R1_001.fastq.gz -p plate2/cutadapt_qc/096R_0_M_S5_week9_S74_L001_R2_001.fastq.gz plate2/cutadapt/096R_0_M_S5_week9_S74_L001_R1_001.fastq.gz plate2/cutadapt/096R_0_M_S5_week9_S74_L001_R2_001.fastq.gz
Processing paired-end reads on 1 core ...

=== Summary ===

Total read pairs processed:            113,986
  Read 2 with adapter:                       0 (0.0%)

== Read fate breakdown ==
Pairs that were too short:               1,237 (1.1%)
Pairs written (passing filters):       112,749 (98.9%)

Total basepairs processed:    64,326,872 bp
  Read 1:    32,377,869 bp
  Read 2:    31,949,003 bp
Quality-trimmed:               2,500,991 bp (3.9%)
  Read 1:       355,016 bp
  Read 2:     2,145,975 bp
Total written (filtered):     61,464,749 bp (95.6%)
  Read 1:    31,682,767 bp
  Read 2:    29,781,982 bp

=== Second read: Adapter 1 ===

Sequence: XXX; Type: regular 3'; Length: 3; Trimmed: 0 times
