This is cutadapt 5.0 with Python 3.13.1
Command line parameters: -A XXX -q 20,20 -m 50 -o plate2/cutadapt_qc/2529R_R_F_NS1_week6_S6_L001_R1_001.fastq.gz -p plate2/cutadapt_qc/2529R_R_F_NS1_week6_S6_L001_R2_001.fastq.gz plate2/cutadapt/2529R_R_F_NS1_week6_S6_L001_R1_001.fastq.gz plate2/cutadapt/2529R_R_F_NS1_week6_S6_L001_R2_001.fastq.gz
Processing paired-end reads on 1 core ...

=== Summary ===

Total read pairs processed:             93,702
  Read 2 with adapter:                       0 (0.0%)

== Read fate breakdown ==
Pairs that were too short:                 690 (0.7%)
Pairs written (passing filters):        93,012 (99.3%)

Total basepairs processed:    52,859,963 bp
  Read 1:    26,616,277 bp
  Read 2:    26,243,686 bp
Quality-trimmed:               1,402,951 bp (2.7%)
  Read 1:       255,607 bp
  Read 2:     1,147,344 bp
Total written (filtered):     51,254,013 bp (97.0%)
  Read 1:    26,173,864 bp
  Read 2:    25,080,149 bp

=== Second read: Adapter 1 ===

Sequence: XXX; Type: regular 3'; Length: 3; Trimmed: 0 times
