This is cutadapt 5.0 with Python 3.13.1
Command line parameters: -m 50 -O 15 -e 0.15 -g CCTAYGGGDBGCWGCAG -G GACTACNVGGGTMTCTAATCC -a GGATTAGAKACCCBNGTAGTC -A CTGCWGCVHCCCRTAGG -o plate2/cutadapt/1030R_L_M_NS1_week6_S23_L001_R1_001.fastq.gz -p plate2/cutadapt/1030R_L_M_NS1_week6_S23_L001_R2_001.fastq.gz plate2/filtN/1030R_L_M_NS1_week6_S23_L001_R1_001.fastq.gz plate2/filtN/1030R_L_M_NS1_week6_S23_L001_R2_001.fastq.gz
Processing paired-end reads on 1 core ...

=== Summary ===

Total read pairs processed:            127,690
  Read 1 with adapter:                 127,508 (99.9%)
  Read 2 with adapter:                 126,525 (99.1%)

== Read fate breakdown ==
Pairs that were too short:                   0 (0.0%)
Pairs written (passing filters):       127,690 (100.0%)

Total basepairs processed:    76,869,380 bp
  Read 1:    38,434,690 bp
  Read 2:    38,434,690 bp
Total written (filtered):     72,044,387 bp (93.7%)
  Read 1:    36,269,840 bp
  Read 2:    35,774,547 bp

=== First read: Adapter 1 ===

Sequence: CCTAYGGGDBGCWGCAG; Type: regular 5'; Length: 17; Trimmed: 127464 times

Minimum overlap: 15
No. of allowed errors:
1-5 bp: 0; 6-12 bp: 1; 13-17 bp: 2

Overview of removed sequences
length	count	expect	max.err	error counts
15	142	0.0	2	0 34 108
16	3062	0.0	2	387 2386 289
17	124013	0.0	2	122671 1305 37
18	245	0.0	2	31 175 39
19	2	0.0	2	0 0 2


=== First read: Adapter 2 ===

Sequence: GGATTAGAKACCCBNGTAGTC; Type: regular 3'; Length: 21; Trimmed: 44 times

Minimum overlap: 15
No. of allowed errors:
1-5 bp: 0; 6-12 bp: 1; 13-19 bp: 2; 20 bp: 3

Bases preceding removed adapters:
  A: 59.1%
  C: 0.0%
  G: 40.9%
  T: 0.0%
  none/other: 0.0%

Overview of removed sequences
length	count	expect	max.err	error counts
24	41	0.0	3	35 6
25	3	0.0	3	3


=== Second read: Adapter 3 ===

Sequence: GACTACNVGGGTMTCTAATCC; Type: regular 5'; Length: 21; Trimmed: 126525 times

Minimum overlap: 15
No. of allowed errors:
1-5 bp: 0; 6-12 bp: 1; 13-19 bp: 2; 20 bp: 3

Overview of removed sequences
length	count	expect	max.err	error counts
16	1	0.0	2	1
17	2	0.0	2	0 1 1
18	11	0.0	2	1 4 3 3
19	129	0.0	2	3 16 89 21
20	2094	0.0	3	246 1390 420 38
21	123858	0.0	3	117715 5564 397 182
22	304	0.0	3	20 236 43 5
23	2	0.0	3	1 0 1
31	1	0.0	3	1
37	1	0.0	3	0 1
51	1	0.0	3	0 1
54	1	0.0	3	0 0 1
59	1	0.0	3	0 0 1
60	1	0.0	3	0 0 0 1
61	4	0.0	3	0 1 1 2
62	6	0.0	3	0 2 3 1
63	26	0.0	3	1 5 8 12
64	64	0.0	3	4 11 24 25
65	18	0.0	3	0 1 6 11


=== Second read: Adapter 4 ===

Sequence: CTGCWGCVHCCCRTAGG; Type: regular 3'; Length: 17; Trimmed: 0 times
