This is cutadapt 5.0 with Python 3.13.1
Command line parameters: -A XXX -q 20,20 -m 50 -o plate2/cutadapt_qc/073R_0_M_S2_week7_S54_L001_R1_001.fastq.gz -p plate2/cutadapt_qc/073R_0_M_S2_week7_S54_L001_R2_001.fastq.gz plate2/cutadapt/073R_0_M_S2_week7_S54_L001_R1_001.fastq.gz plate2/cutadapt/073R_0_M_S2_week7_S54_L001_R2_001.fastq.gz
Processing paired-end reads on 1 core ...

=== Summary ===

Total read pairs processed:            159,124
  Read 2 with adapter:                       0 (0.0%)

== Read fate breakdown ==
Pairs that were too short:               1,076 (0.7%)
Pairs written (passing filters):       158,048 (99.3%)

Total basepairs processed:    89,778,869 bp
  Read 1:    45,199,132 bp
  Read 2:    44,579,737 bp
Quality-trimmed:               2,700,059 bp (3.0%)
  Read 1:       503,125 bp
  Read 2:     2,196,934 bp
Total written (filtered):     86,767,437 bp (96.6%)
  Read 1:    44,414,274 bp
  Read 2:    42,353,163 bp

=== Second read: Adapter 1 ===

Sequence: XXX; Type: regular 3'; Length: 3; Trimmed: 0 times
