This is cutadapt 5.0 with Python 3.13.1
Command line parameters: -A XXX -q 20,20 -m 50 -o plate2/cutadapt_qc/3971R_L_F_NS1_week9_S12_L001_R1_001.fastq.gz -p plate2/cutadapt_qc/3971R_L_F_NS1_week9_S12_L001_R2_001.fastq.gz plate2/cutadapt/3971R_L_F_NS1_week9_S12_L001_R1_001.fastq.gz plate2/cutadapt/3971R_L_F_NS1_week9_S12_L001_R2_001.fastq.gz
Processing paired-end reads on 1 core ...

=== Summary ===

Total read pairs processed:            105,525
  Read 2 with adapter:                       0 (0.0%)

== Read fate breakdown ==
Pairs that were too short:               1,223 (1.2%)
Pairs written (passing filters):       104,302 (98.8%)

Total basepairs processed:    59,547,291 bp
  Read 1:    29,974,865 bp
  Read 2:    29,572,426 bp
Quality-trimmed:               1,761,245 bp (3.0%)
  Read 1:       256,234 bp
  Read 2:     1,505,011 bp
Total written (filtered):     57,423,898 bp (96.4%)
  Read 1:    29,381,465 bp
  Read 2:    28,042,433 bp

=== Second read: Adapter 1 ===

Sequence: XXX; Type: regular 3'; Length: 3; Trimmed: 0 times
