This is cutadapt 5.0 with Python 3.13.1
Command line parameters: -A XXX -q 20,20 -m 50 -o plate2/cutadapt_qc/3861R_R_M_NS1_week9_S34_L001_R1_001.fastq.gz -p plate2/cutadapt_qc/3861R_R_M_NS1_week9_S34_L001_R2_001.fastq.gz plate2/cutadapt/3861R_R_M_NS1_week9_S34_L001_R1_001.fastq.gz plate2/cutadapt/3861R_R_M_NS1_week9_S34_L001_R2_001.fastq.gz
Processing paired-end reads on 1 core ...

=== Summary ===

Total read pairs processed:             95,274
  Read 2 with adapter:                       0 (0.0%)

== Read fate breakdown ==
Pairs that were too short:                 726 (0.8%)
Pairs written (passing filters):        94,548 (99.2%)

Total basepairs processed:    53,753,767 bp
  Read 1:    27,062,432 bp
  Read 2:    26,691,335 bp
Quality-trimmed:               1,465,415 bp (2.7%)
  Read 1:       223,970 bp
  Read 2:     1,241,445 bp
Total written (filtered):     52,074,715 bp (96.9%)
  Read 1:    26,637,345 bp
  Read 2:    25,437,370 bp

=== Second read: Adapter 1 ===

Sequence: XXX; Type: regular 3'; Length: 3; Trimmed: 0 times
