This is cutadapt 5.0 with Python 3.13.1
Command line parameters: -A XXX -q 20,20 -m 50 -o plate2/cutadapt_qc/2446R_L_F_S2_week6_S40_L001_R1_001.fastq.gz -p plate2/cutadapt_qc/2446R_L_F_S2_week6_S40_L001_R2_001.fastq.gz plate2/cutadapt/2446R_L_F_S2_week6_S40_L001_R1_001.fastq.gz plate2/cutadapt/2446R_L_F_S2_week6_S40_L001_R2_001.fastq.gz
Processing paired-end reads on 1 core ...

=== Summary ===

Total read pairs processed:            118,653
  Read 2 with adapter:                       0 (0.0%)

== Read fate breakdown ==
Pairs that were too short:                 817 (0.7%)
Pairs written (passing filters):       117,836 (99.3%)

Total basepairs processed:    66,945,270 bp
  Read 1:    33,703,502 bp
  Read 2:    33,241,768 bp
Quality-trimmed:               2,079,195 bp (3.1%)
  Read 1:       344,120 bp
  Read 2:     1,735,075 bp
Total written (filtered):     64,625,986 bp (96.5%)
  Read 1:    33,133,605 bp
  Read 2:    31,492,381 bp

=== Second read: Adapter 1 ===

Sequence: XXX; Type: regular 3'; Length: 3; Trimmed: 0 times
