This is cutadapt 5.0 with Python 3.13.1
Command line parameters: -m 50 -O 15 -e 0.15 -g CCTAYGGGDBGCWGCAG -G GACTACNVGGGTMTCTAATCC -a GGATTAGAKACCCBNGTAGTC -A CTGCWGCVHCCCRTAGG -o plate2/cutadapt/073R_0_M_S2_week5_S52_L001_R1_001.fastq.gz -p plate2/cutadapt/073R_0_M_S2_week5_S52_L001_R2_001.fastq.gz plate2/filtN/073R_0_M_S2_week5_S52_L001_R1_001.fastq.gz plate2/filtN/073R_0_M_S2_week5_S52_L001_R2_001.fastq.gz
Processing paired-end reads on 1 core ...

=== Summary ===

Total read pairs processed:            119,794
  Read 1 with adapter:                 119,610 (99.8%)
  Read 2 with adapter:                 118,772 (99.1%)

== Read fate breakdown ==
Pairs that were too short:                   0 (0.0%)
Pairs written (passing filters):       119,794 (100.0%)

Total basepairs processed:    72,115,988 bp
  Read 1:    36,057,994 bp
  Read 2:    36,057,994 bp
Total written (filtered):     67,588,933 bp (93.7%)
  Read 1:    34,027,613 bp
  Read 2:    33,561,320 bp

=== First read: Adapter 1 ===

Sequence: CCTAYGGGDBGCWGCAG; Type: regular 5'; Length: 17; Trimmed: 119559 times

Minimum overlap: 15
No. of allowed errors:
1-5 bp: 0; 6-12 bp: 1; 13-17 bp: 2

Overview of removed sequences
length	count	expect	max.err	error counts
14	4	0.0	2	0 3 1
15	226	0.0	2	7 68 151
16	3382	0.0	2	610 2463 309
17	115634	0.0	2	114439 1163 32
18	311	0.0	2	37 238 36
19	2	0.0	2	0 0 2


=== First read: Adapter 2 ===

Sequence: GGATTAGAKACCCBNGTAGTC; Type: regular 3'; Length: 21; Trimmed: 51 times

Minimum overlap: 15
No. of allowed errors:
1-5 bp: 0; 6-12 bp: 1; 13-19 bp: 2; 20 bp: 3

Bases preceding removed adapters:
  A: 19.6%
  C: 0.0%
  G: 80.4%
  T: 0.0%
  none/other: 0.0%
WARNING:
    The adapter is preceded by 'G' extremely often.
    The provided adapter sequence could be incomplete at its 5' end.
    Ignore this warning when trimming primers.

Overview of removed sequences
length	count	expect	max.err	error counts
23	1	0.0	3	1
24	47	0.0	3	44 3
25	2	0.0	3	2
208	1	0.0	3	1


=== Second read: Adapter 3 ===

Sequence: GACTACNVGGGTMTCTAATCC; Type: regular 5'; Length: 21; Trimmed: 118772 times

Minimum overlap: 15
No. of allowed errors:
1-5 bp: 0; 6-12 bp: 1; 13-19 bp: 2; 20 bp: 3

Overview of removed sequences
length	count	expect	max.err	error counts
17	1	0.0	2	0 0 1
18	5	0.0	2	0 0 2 3
19	74	0.0	2	2 5 50 17
20	1581	0.0	3	182 1055 315 29
21	116744	0.0	3	111074 5168 324 178
22	273	0.0	3	34 199 30 10
23	2	0.0	3	0 0 0 2
57	1	0.0	3	0 0 0 1
61	2	0.0	3	0 0 0 2
62	3	0.0	3	0 0 2 1
63	14	0.0	3	1 2 3 8
64	62	0.0	3	3 10 22 27
65	10	0.0	3	0 2 2 6


=== Second read: Adapter 4 ===

Sequence: CTGCWGCVHCCCRTAGG; Type: regular 3'; Length: 17; Trimmed: 0 times

WARNING:
    One or more of your adapter sequences may be incomplete.
    Please see the detailed output above.
