This is cutadapt 5.0 with Python 3.13.1
Command line parameters: -A XXX -q 20,20 -m 50 -o plate2/cutadapt_qc/2446R_L_F_S2_week9_S42_L001_R1_001.fastq.gz -p plate2/cutadapt_qc/2446R_L_F_S2_week9_S42_L001_R2_001.fastq.gz plate2/cutadapt/2446R_L_F_S2_week9_S42_L001_R1_001.fastq.gz plate2/cutadapt/2446R_L_F_S2_week9_S42_L001_R2_001.fastq.gz
Processing paired-end reads on 1 core ...

=== Summary ===

Total read pairs processed:             96,115
  Read 2 with adapter:                       0 (0.0%)

== Read fate breakdown ==
Pairs that were too short:               1,087 (1.1%)
Pairs written (passing filters):        95,028 (98.9%)

Total basepairs processed:    54,225,879 bp
  Read 1:    27,301,378 bp
  Read 2:    26,924,501 bp
Quality-trimmed:               2,007,046 bp (3.7%)
  Read 1:       285,128 bp
  Read 2:     1,721,918 bp
Total written (filtered):     51,897,375 bp (95.7%)
  Read 1:    26,717,602 bp
  Read 2:    25,179,773 bp

=== Second read: Adapter 1 ===

Sequence: XXX; Type: regular 3'; Length: 3; Trimmed: 0 times
