This is cutadapt 5.0 with Python 3.13.1
Command line parameters: -A XXX -q 20,20 -m 50 -o plate2/cutadapt_qc/1121R_0_M_NS1_week7_S28_L001_R1_001.fastq.gz -p plate2/cutadapt_qc/1121R_0_M_NS1_week7_S28_L001_R2_001.fastq.gz plate2/cutadapt/1121R_0_M_NS1_week7_S28_L001_R1_001.fastq.gz plate2/cutadapt/1121R_0_M_NS1_week7_S28_L001_R2_001.fastq.gz
Processing paired-end reads on 1 core ...

=== Summary ===

Total read pairs processed:             87,727
  Read 2 with adapter:                       0 (0.0%)

== Read fate breakdown ==
Pairs that were too short:                 610 (0.7%)
Pairs written (passing filters):        87,117 (99.3%)

Total basepairs processed:    49,493,800 bp
  Read 1:    24,919,040 bp
  Read 2:    24,574,760 bp
Quality-trimmed:               1,455,711 bp (2.9%)
  Read 1:       251,000 bp
  Read 2:     1,204,711 bp
Total written (filtered):     47,858,320 bp (96.7%)
  Read 1:    24,503,673 bp
  Read 2:    23,354,647 bp

=== Second read: Adapter 1 ===

Sequence: XXX; Type: regular 3'; Length: 3; Trimmed: 0 times
