This is cutadapt 5.0 with Python 3.13.1
Command line parameters: -m 50 -O 15 -e 0.15 -g CCTAYGGGDBGCWGCAG -G GACTACNVGGGTMTCTAATCC -a GGATTAGAKACCCBNGTAGTC -A CTGCWGCVHCCCRTAGG -o plate2/cutadapt/3918R_R_M_S2_week9_S68_L001_R1_001.fastq.gz -p plate2/cutadapt/3918R_R_M_S2_week9_S68_L001_R2_001.fastq.gz plate2/filtN/3918R_R_M_S2_week9_S68_L001_R1_001.fastq.gz plate2/filtN/3918R_R_M_S2_week9_S68_L001_R2_001.fastq.gz
Processing paired-end reads on 1 core ...

=== Summary ===

Total read pairs processed:             92,179
  Read 1 with adapter:                  92,038 (99.8%)
  Read 2 with adapter:                  91,483 (99.2%)

== Read fate breakdown ==
Pairs that were too short:                   0 (0.0%)
Pairs written (passing filters):        92,179 (100.0%)

Total basepairs processed:    55,491,758 bp
  Read 1:    27,745,879 bp
  Read 2:    27,745,879 bp
Total written (filtered):     52,003,030 bp (93.7%)
  Read 1:    26,183,803 bp
  Read 2:    25,819,227 bp

=== First read: Adapter 1 ===

Sequence: CCTAYGGGDBGCWGCAG; Type: regular 5'; Length: 17; Trimmed: 92012 times

Minimum overlap: 15
No. of allowed errors:
1-5 bp: 0; 6-12 bp: 1; 13-17 bp: 2

Overview of removed sequences
length	count	expect	max.err	error counts
14	3	0.0	2	0 0 3
15	172	0.0	2	5 47 120
16	2655	0.0	2	433 1977 245
17	88932	0.0	2	88019 868 45
18	249	0.0	2	34 175 40
19	1	0.0	2	0 0 1


=== First read: Adapter 2 ===

Sequence: GGATTAGAKACCCBNGTAGTC; Type: regular 3'; Length: 21; Trimmed: 26 times

Minimum overlap: 15
No. of allowed errors:
1-5 bp: 0; 6-12 bp: 1; 13-19 bp: 2; 20 bp: 3

Bases preceding removed adapters:
  A: 19.2%
  C: 0.0%
  G: 80.8%
  T: 0.0%
  none/other: 0.0%
WARNING:
    The adapter is preceded by 'G' extremely often.
    The provided adapter sequence could be incomplete at its 5' end.
    Ignore this warning when trimming primers.

Overview of removed sequences
length	count	expect	max.err	error counts
24	22	0.0	3	22
25	3	0.0	3	3
26	1	0.0	3	1


=== Second read: Adapter 3 ===

Sequence: GACTACNVGGGTMTCTAATCC; Type: regular 5'; Length: 21; Trimmed: 91482 times

Minimum overlap: 15
No. of allowed errors:
1-5 bp: 0; 6-12 bp: 1; 13-19 bp: 2; 20 bp: 3

Overview of removed sequences
length	count	expect	max.err	error counts
18	5	0.0	2	0 2 3
19	53	0.0	2	2 5 39 7
20	1194	0.0	3	136 790 244 24
21	89889	0.0	3	85551 3947 244 147
22	186	0.0	3	19 124 40 3
26	1	0.0	3	1
61	3	0.0	3	0 2 0 1
62	5	0.0	3	0 0 2 3
63	24	0.0	3	1 5 7 11
64	91	0.0	3	6 17 28 40
65	30	0.0	3	1 3 9 17
66	1	0.0	3	0 0 0 1


=== Second read: Adapter 4 ===

Sequence: CTGCWGCVHCCCRTAGG; Type: regular 3'; Length: 17; Trimmed: 1 times

Minimum overlap: 15
No. of allowed errors:
1-5 bp: 0; 6-12 bp: 1; 13-17 bp: 2

Bases preceding removed adapters:
  A: 0.0%
  C: 100.0%
  G: 0.0%
  T: 0.0%
  none/other: 0.0%

Overview of removed sequences
length	count	expect	max.err	error counts
43	1	0.0	2	0 0 1


WARNING:
    One or more of your adapter sequences may be incomplete.
    Please see the detailed output above.
