This is cutadapt 5.0 with Python 3.13.1
Command line parameters: -A XXX -q 20,20 -m 50 -o plate2/cutadapt_qc/1030R_L_M_NS1_week7_S24_L001_R1_001.fastq.gz -p plate2/cutadapt_qc/1030R_L_M_NS1_week7_S24_L001_R2_001.fastq.gz plate2/cutadapt/1030R_L_M_NS1_week7_S24_L001_R1_001.fastq.gz plate2/cutadapt/1030R_L_M_NS1_week7_S24_L001_R2_001.fastq.gz
Processing paired-end reads on 1 core ...

=== Summary ===

Total read pairs processed:            107,853
  Read 2 with adapter:                       0 (0.0%)

== Read fate breakdown ==
Pairs that were too short:                 751 (0.7%)
Pairs written (passing filters):       107,102 (99.3%)

Total basepairs processed:    60,852,477 bp
  Read 1:    30,635,294 bp
  Read 2:    30,217,183 bp
Quality-trimmed:               2,034,881 bp (3.3%)
  Read 1:       380,298 bp
  Read 2:     1,654,583 bp
Total written (filtered):     58,598,008 bp (96.3%)
  Read 1:    30,049,427 bp
  Read 2:    28,548,581 bp

=== Second read: Adapter 1 ===

Sequence: XXX; Type: regular 3'; Length: 3; Trimmed: 0 times
