This is cutadapt 5.0 with Python 3.13.1
Command line parameters: -A XXX -q 20,20 -m 50 -o plate2/cutadapt_qc/3918R_R_M_S2_week7_S67_L001_R1_001.fastq.gz -p plate2/cutadapt_qc/3918R_R_M_S2_week7_S67_L001_R2_001.fastq.gz plate2/cutadapt/3918R_R_M_S2_week7_S67_L001_R1_001.fastq.gz plate2/cutadapt/3918R_R_M_S2_week7_S67_L001_R2_001.fastq.gz
Processing paired-end reads on 1 core ...

=== Summary ===

Total read pairs processed:            126,558
  Read 2 with adapter:                       0 (0.0%)

== Read fate breakdown ==
Pairs that were too short:                 854 (0.7%)
Pairs written (passing filters):       125,704 (99.3%)

Total basepairs processed:    71,398,434 bp
  Read 1:    35,950,118 bp
  Read 2:    35,448,316 bp
Quality-trimmed:               1,899,971 bp (2.7%)
  Read 1:       300,833 bp
  Read 2:     1,599,138 bp
Total written (filtered):     69,242,986 bp (97.0%)
  Read 1:    35,410,373 bp
  Read 2:    33,832,613 bp

=== Second read: Adapter 1 ===

Sequence: XXX; Type: regular 3'; Length: 3; Trimmed: 0 times
