This is cutadapt 5.0 with Python 3.13.1
Command line parameters: -m 50 -O 15 -e 0.15 -g CCTAYGGGDBGCWGCAG -G GACTACNVGGGTMTCTAATCC -a GGATTAGAKACCCBNGTAGTC -A CTGCWGCVHCCCRTAGG -o plate2/cutadapt/184R_0_M_NS6_week9_S88_L001_R1_001.fastq.gz -p plate2/cutadapt/184R_0_M_NS6_week9_S88_L001_R2_001.fastq.gz plate2/filtN/184R_0_M_NS6_week9_S88_L001_R1_001.fastq.gz plate2/filtN/184R_0_M_NS6_week9_S88_L001_R2_001.fastq.gz
Processing paired-end reads on 1 core ...

=== Summary ===

Total read pairs processed:            136,759
  Read 1 with adapter:                 136,590 (99.9%)
  Read 2 with adapter:                 135,658 (99.2%)

== Read fate breakdown ==
Pairs that were too short:                   2 (0.0%)
Pairs written (passing filters):       136,757 (100.0%)

Total basepairs processed:    82,328,918 bp
  Read 1:    41,164,459 bp
  Read 2:    41,164,459 bp
Total written (filtered):     77,147,891 bp (93.7%)
  Read 1:    38,845,702 bp
  Read 2:    38,302,189 bp

=== First read: Adapter 1 ===

Sequence: CCTAYGGGDBGCWGCAG; Type: regular 5'; Length: 17; Trimmed: 136570 times

Minimum overlap: 15
No. of allowed errors:
1-5 bp: 0; 6-12 bp: 1; 13-17 bp: 2

Overview of removed sequences
length	count	expect	max.err	error counts
14	3	0.0	2	0 0 3
15	226	0.0	2	3 64 159
16	3743	0.0	2	531 2878 334
17	132360	0.0	2	130850 1464 46
18	238	0.0	2	37 168 33


=== First read: Adapter 2 ===

Sequence: GGATTAGAKACCCBNGTAGTC; Type: regular 3'; Length: 21; Trimmed: 20 times

Minimum overlap: 15
No. of allowed errors:
1-5 bp: 0; 6-12 bp: 1; 13-19 bp: 2; 20 bp: 3

Bases preceding removed adapters:
  A: 70.0%
  C: 5.0%
  G: 25.0%
  T: 0.0%
  none/other: 0.0%

Overview of removed sequences
length	count	expect	max.err	error counts
23	1	0.0	3	1
24	17	0.0	3	14 3
279	1	0.0	3	0 1
285	1	0.0	3	1


=== Second read: Adapter 3 ===

Sequence: GACTACNVGGGTMTCTAATCC; Type: regular 5'; Length: 21; Trimmed: 135658 times

Minimum overlap: 15
No. of allowed errors:
1-5 bp: 0; 6-12 bp: 1; 13-19 bp: 2; 20 bp: 3

Overview of removed sequences
length	count	expect	max.err	error counts
17	1	0.0	2	0 0 1
18	7	0.0	2	0 3 3 1
19	76	0.0	2	0 9 43 24
20	1935	0.0	3	153 1314 404 64
21	132998	0.0	3	125349 6817 544 288
22	298	0.0	3	39 207 45 7
24	1	0.0	3	0 0 1
48	1	0.0	3	0 1
59	1	0.0	3	0 0 0 1
60	3	0.0	3	1 1 0 1
61	2	0.0	3	0 1 0 1
62	7	0.0	3	1 0 2 4
63	32	0.0	3	2 3 11 16
64	215	0.0	3	21 57 64 73
65	80	0.0	3	2 12 29 37
66	1	0.0	3	0 0 1


=== Second read: Adapter 4 ===

Sequence: CTGCWGCVHCCCRTAGG; Type: regular 3'; Length: 17; Trimmed: 0 times
