This is cutadapt 5.0 with Python 3.13.1
Command line parameters: -A XXX -q 20,20 -m 50 -o plate2/cutadapt_qc/2529R_R_F_NS1_week5_S5_L001_R1_001.fastq.gz -p plate2/cutadapt_qc/2529R_R_F_NS1_week5_S5_L001_R2_001.fastq.gz plate2/cutadapt/2529R_R_F_NS1_week5_S5_L001_R1_001.fastq.gz plate2/cutadapt/2529R_R_F_NS1_week5_S5_L001_R2_001.fastq.gz
Processing paired-end reads on 1 core ...

=== Summary ===

Total read pairs processed:             92,223
  Read 2 with adapter:                       0 (0.0%)

== Read fate breakdown ==
Pairs that were too short:                 685 (0.7%)
Pairs written (passing filters):        91,538 (99.3%)

Total basepairs processed:    52,024,936 bp
  Read 1:    26,195,744 bp
  Read 2:    25,829,192 bp
Quality-trimmed:               1,385,039 bp (2.7%)
  Read 1:       260,055 bp
  Read 2:     1,124,984 bp
Total written (filtered):     50,440,954 bp (97.0%)
  Read 1:    25,757,333 bp
  Read 2:    24,683,621 bp

=== Second read: Adapter 1 ===

Sequence: XXX; Type: regular 3'; Length: 3; Trimmed: 0 times
