This is cutadapt 5.0 with Python 3.13.1
Command line parameters: -A XXX -q 20,20 -m 50 -o plate2/cutadapt_qc/1193R_R_F_NS1_week7_S3_L001_R1_001.fastq.gz -p plate2/cutadapt_qc/1193R_R_F_NS1_week7_S3_L001_R2_001.fastq.gz plate2/cutadapt/1193R_R_F_NS1_week7_S3_L001_R1_001.fastq.gz plate2/cutadapt/1193R_R_F_NS1_week7_S3_L001_R2_001.fastq.gz
Processing paired-end reads on 1 core ...

=== Summary ===

Total read pairs processed:             91,637
  Read 2 with adapter:                       0 (0.0%)

== Read fate breakdown ==
Pairs that were too short:                 610 (0.7%)
Pairs written (passing filters):        91,027 (99.3%)

Total basepairs processed:    51,695,412 bp
  Read 1:    26,030,269 bp
  Read 2:    25,665,143 bp
Quality-trimmed:               1,440,399 bp (2.8%)
  Read 1:       220,451 bp
  Read 2:     1,219,948 bp
Total written (filtered):     50,073,684 bp (96.9%)
  Read 1:    25,639,166 bp
  Read 2:    24,434,518 bp

=== Second read: Adapter 1 ===

Sequence: XXX; Type: regular 3'; Length: 3; Trimmed: 0 times
