This is cutadapt 5.0 with Python 3.13.1
Command line parameters: -A XXX -q 20,20 -m 50 -o plate2/cutadapt_qc/3975R_R_F_NS1_week7_S16_L001_R1_001.fastq.gz -p plate2/cutadapt_qc/3975R_R_F_NS1_week7_S16_L001_R2_001.fastq.gz plate2/cutadapt/3975R_R_F_NS1_week7_S16_L001_R1_001.fastq.gz plate2/cutadapt/3975R_R_F_NS1_week7_S16_L001_R2_001.fastq.gz
Processing paired-end reads on 1 core ...

=== Summary ===

Total read pairs processed:            114,963
  Read 2 with adapter:                       0 (0.0%)

== Read fate breakdown ==
Pairs that were too short:               1,468 (1.3%)
Pairs written (passing filters):       113,495 (98.7%)

Total basepairs processed:    64,879,227 bp
  Read 1:    32,655,254 bp
  Read 2:    32,223,973 bp
Quality-trimmed:               2,429,690 bp (3.7%)
  Read 1:       366,484 bp
  Read 2:     2,063,206 bp
Total written (filtered):     62,017,411 bp (95.6%)
  Read 1:    31,882,338 bp
  Read 2:    30,135,073 bp

=== Second read: Adapter 1 ===

Sequence: XXX; Type: regular 3'; Length: 3; Trimmed: 0 times
