This is cutadapt 5.0 with Python 3.13.1
Command line parameters: -m 50 -O 15 -e 0.15 -g CCTAYGGGDBGCWGCAG -G GACTACNVGGGTMTCTAATCC -a GGATTAGAKACCCBNGTAGTC -A CTGCWGCVHCCCRTAGG -o plate2/cutadapt/2403R_0_F_NS6_week9_S80_L001_R1_001.fastq.gz -p plate2/cutadapt/2403R_0_F_NS6_week9_S80_L001_R2_001.fastq.gz plate2/filtN/2403R_0_F_NS6_week9_S80_L001_R1_001.fastq.gz plate2/filtN/2403R_0_F_NS6_week9_S80_L001_R2_001.fastq.gz
Processing paired-end reads on 1 core ...

=== Summary ===

Total read pairs processed:            135,572
  Read 1 with adapter:                 135,391 (99.9%)
  Read 2 with adapter:                 133,622 (98.6%)

== Read fate breakdown ==
Pairs that were too short:                   5 (0.0%)
Pairs written (passing filters):       135,567 (100.0%)

Total basepairs processed:    81,614,344 bp
  Read 1:    40,807,172 bp
  Read 2:    40,807,172 bp
Total written (filtered):     76,506,218 bp (93.7%)
  Read 1:    38,507,834 bp
  Read 2:    37,998,384 bp

=== First read: Adapter 1 ===

Sequence: CCTAYGGGDBGCWGCAG; Type: regular 5'; Length: 17; Trimmed: 135370 times

Minimum overlap: 15
No. of allowed errors:
1-5 bp: 0; 6-12 bp: 1; 13-17 bp: 2

Overview of removed sequences
length	count	expect	max.err	error counts
14	2	0.0	2	0 1 1
15	192	0.0	2	2 45 145
16	3682	0.0	2	545 2821 316
17	131267	0.0	2	129731 1487 49
18	225	0.0	2	29 154 42
19	2	0.0	2	0 0 2


=== First read: Adapter 2 ===

Sequence: GGATTAGAKACCCBNGTAGTC; Type: regular 3'; Length: 21; Trimmed: 21 times

Minimum overlap: 15
No. of allowed errors:
1-5 bp: 0; 6-12 bp: 1; 13-19 bp: 2; 20 bp: 3

Bases preceding removed adapters:
  A: 71.4%
  C: 0.0%
  G: 28.6%
  T: 0.0%
  none/other: 0.0%

Overview of removed sequences
length	count	expect	max.err	error counts
24	14	0.0	3	13 1
25	2	0.0	3	2
261	2	0.0	3	2
285	3	0.0	3	2 1


=== Second read: Adapter 3 ===

Sequence: GACTACNVGGGTMTCTAATCC; Type: regular 5'; Length: 21; Trimmed: 133621 times

Minimum overlap: 15
No. of allowed errors:
1-5 bp: 0; 6-12 bp: 1; 13-19 bp: 2; 20 bp: 3

Overview of removed sequences
length	count	expect	max.err	error counts
17	2	0.0	2	2
18	4	0.0	2	0 0 0 4
19	87	0.0	2	4 7 51 25
20	1924	0.0	3	173 1285 403 63
21	131247	0.0	3	124116 6219 589 323
22	283	0.0	3	32 213 33 5
23	1	0.0	3	0 0 1
60	1	0.0	3	0 0 1
61	1	0.0	3	0 0 0 1
62	1	0.0	3	0 0 0 1
63	4	0.0	3	0 0 3 1
64	54	0.0	3	2 6 18 28
65	11	0.0	3	0 1 2 8
66	1	0.0	3	0 0 0 1


=== Second read: Adapter 4 ===

Sequence: CTGCWGCVHCCCRTAGG; Type: regular 3'; Length: 17; Trimmed: 1 times

Minimum overlap: 15
No. of allowed errors:
1-5 bp: 0; 6-12 bp: 1; 13-17 bp: 2

Bases preceding removed adapters:
  A: 0.0%
  C: 0.0%
  G: 100.0%
  T: 0.0%
  none/other: 0.0%

Overview of removed sequences
length	count	expect	max.err	error counts
20	1	0.0	2	0 0 1
