This is cutadapt 5.0 with Python 3.13.1
Command line parameters: -A XXX -q 20,20 -m 50 -o plate2/cutadapt_qc/3918R_R_M_S2_week5_S65_L001_R1_001.fastq.gz -p plate2/cutadapt_qc/3918R_R_M_S2_week5_S65_L001_R2_001.fastq.gz plate2/cutadapt/3918R_R_M_S2_week5_S65_L001_R1_001.fastq.gz plate2/cutadapt/3918R_R_M_S2_week5_S65_L001_R2_001.fastq.gz
Processing paired-end reads on 1 core ...

=== Summary ===

Total read pairs processed:            115,721
  Read 2 with adapter:                       0 (0.0%)

== Read fate breakdown ==
Pairs that were too short:                 874 (0.8%)
Pairs written (passing filters):       114,847 (99.2%)

Total basepairs processed:    65,284,704 bp
  Read 1:    32,869,889 bp
  Read 2:    32,414,815 bp
Quality-trimmed:               1,931,623 bp (3.0%)
  Read 1:       359,298 bp
  Read 2:     1,572,325 bp
Total written (filtered):     63,099,324 bp (96.7%)
  Read 1:    32,283,951 bp
  Read 2:    30,815,373 bp

=== Second read: Adapter 1 ===

Sequence: XXX; Type: regular 3'; Length: 3; Trimmed: 0 times
