This is cutadapt 5.0 with Python 3.13.1
Command line parameters: -m 50 -O 15 -e 0.15 -g CCTAYGGGDBGCWGCAG -G GACTACNVGGGTMTCTAATCC -a GGATTAGAKACCCBNGTAGTC -A CTGCWGCVHCCCRTAGG -o plate2/cutadapt/1151R_R_M_NS1_week5_S30_L001_R1_001.fastq.gz -p plate2/cutadapt/1151R_R_M_NS1_week5_S30_L001_R2_001.fastq.gz plate2/filtN/1151R_R_M_NS1_week5_S30_L001_R1_001.fastq.gz plate2/filtN/1151R_R_M_NS1_week5_S30_L001_R2_001.fastq.gz
Processing paired-end reads on 1 core ...

=== Summary ===

Total read pairs processed:            107,652
  Read 1 with adapter:                 107,488 (99.8%)
  Read 2 with adapter:                 106,606 (99.0%)

== Read fate breakdown ==
Pairs that were too short:                   0 (0.0%)
Pairs written (passing filters):       107,652 (100.0%)

Total basepairs processed:    64,806,504 bp
  Read 1:    32,403,252 bp
  Read 2:    32,403,252 bp
Total written (filtered):     60,736,832 bp (93.7%)
  Read 1:    30,578,672 bp
  Read 2:    30,158,160 bp

=== First read: Adapter 1 ===

Sequence: CCTAYGGGDBGCWGCAG; Type: regular 5'; Length: 17; Trimmed: 107463 times

Minimum overlap: 15
No. of allowed errors:
1-5 bp: 0; 6-12 bp: 1; 13-17 bp: 2

Overview of removed sequences
length	count	expect	max.err	error counts
14	2	0.0	2	0 2
15	158	0.0	2	4 43 111
16	2763	0.0	2	419 2050 294
17	104347	0.0	2	103113 1199 35
18	193	0.0	2	32 123 38


=== First read: Adapter 2 ===

Sequence: GGATTAGAKACCCBNGTAGTC; Type: regular 3'; Length: 21; Trimmed: 25 times

Minimum overlap: 15
No. of allowed errors:
1-5 bp: 0; 6-12 bp: 1; 13-19 bp: 2; 20 bp: 3

Bases preceding removed adapters:
  A: 76.0%
  C: 0.0%
  G: 24.0%
  T: 0.0%
  none/other: 0.0%

Overview of removed sequences
length	count	expect	max.err	error counts
24	24	0.0	3	20 4
25	1	0.0	3	1


=== Second read: Adapter 3 ===

Sequence: GACTACNVGGGTMTCTAATCC; Type: regular 5'; Length: 21; Trimmed: 106605 times

Minimum overlap: 15
No. of allowed errors:
1-5 bp: 0; 6-12 bp: 1; 13-19 bp: 2; 20 bp: 3

Overview of removed sequences
length	count	expect	max.err	error counts
16	4	0.0	2	3 0 1
17	5	0.0	2	1 3 1
18	8	0.0	2	1 5 0 2
19	122	0.0	2	4 10 88 20
20	1897	0.0	3	145 1286 416 50
21	104101	0.0	3	97841 5490 525 245
22	271	0.0	3	24 190 49 8
23	3	0.0	3	0 2 0 1
24	1	0.0	3	0 0 1
25	1	0.0	3	0 1
27	1	0.0	3	0 0 0 1
33	1	0.0	3	1
36	1	0.0	3	1
60	4	0.0	3	0 1 2 1
61	3	0.0	3	0 1 1 1
62	10	0.0	3	0 3 5 2
63	25	0.0	3	3 8 4 10
64	118	0.0	3	7 22 38 51
65	27	0.0	3	3 5 7 12
66	2	0.0	3	0 0 0 2


=== Second read: Adapter 4 ===

Sequence: CTGCWGCVHCCCRTAGG; Type: regular 3'; Length: 17; Trimmed: 1 times

Minimum overlap: 15
No. of allowed errors:
1-5 bp: 0; 6-12 bp: 1; 13-17 bp: 2

Bases preceding removed adapters:
  A: 0.0%
  C: 0.0%
  G: 100.0%
  T: 0.0%
  none/other: 0.0%

Overview of removed sequences
length	count	expect	max.err	error counts
187	1	0.0	2	0 0 1
