This is cutadapt 5.0 with Python 3.13.1
Command line parameters: -A XXX -q 20,20 -m 50 -o plate2/cutadapt_qc/3969R_0_F_S2_week5_S47_L001_R1_001.fastq.gz -p plate2/cutadapt_qc/3969R_0_F_S2_week5_S47_L001_R2_001.fastq.gz plate2/cutadapt/3969R_0_F_S2_week5_S47_L001_R1_001.fastq.gz plate2/cutadapt/3969R_0_F_S2_week5_S47_L001_R2_001.fastq.gz
Processing paired-end reads on 1 core ...

=== Summary ===

Total read pairs processed:            105,282
  Read 2 with adapter:                       0 (0.0%)

== Read fate breakdown ==
Pairs that were too short:               1,301 (1.2%)
Pairs written (passing filters):       103,981 (98.8%)

Total basepairs processed:    59,393,222 bp
  Read 1:    29,904,823 bp
  Read 2:    29,488,399 bp
Quality-trimmed:               2,301,634 bp (3.9%)
  Read 1:       427,608 bp
  Read 2:     1,874,026 bp
Total written (filtered):     56,718,676 bp (95.5%)
  Read 1:    29,143,585 bp
  Read 2:    27,575,091 bp

=== Second read: Adapter 1 ===

Sequence: XXX; Type: regular 3'; Length: 3; Trimmed: 0 times
