This is cutadapt 5.0 with Python 3.13.1
Command line parameters: -A XXX -q 20,20 -m 50 -o plate2/cutadapt_qc/1067R_R_M_S2_week9_S59_L001_R1_001.fastq.gz -p plate2/cutadapt_qc/1067R_R_M_S2_week9_S59_L001_R2_001.fastq.gz plate2/cutadapt/1067R_R_M_S2_week9_S59_L001_R1_001.fastq.gz plate2/cutadapt/1067R_R_M_S2_week9_S59_L001_R2_001.fastq.gz
Processing paired-end reads on 1 core ...

=== Summary ===

Total read pairs processed:            110,507
  Read 2 with adapter:                       0 (0.0%)

== Read fate breakdown ==
Pairs that were too short:                 770 (0.7%)
Pairs written (passing filters):       109,737 (99.3%)

Total basepairs processed:    62,349,433 bp
  Read 1:    31,390,488 bp
  Read 2:    30,958,945 bp
Quality-trimmed:               1,714,078 bp (2.7%)
  Read 1:       264,921 bp
  Read 2:     1,449,157 bp
Total written (filtered):     60,404,789 bp (96.9%)
  Read 1:    30,910,336 bp
  Read 2:    29,494,453 bp

=== Second read: Adapter 1 ===

Sequence: XXX; Type: regular 3'; Length: 3; Trimmed: 0 times
