This is cutadapt 5.0 with Python 3.13.1
Command line parameters: -m 50 -O 15 -e 0.15 -g CCTAYGGGDBGCWGCAG -G GACTACNVGGGTMTCTAATCC -a GGATTAGAKACCCBNGTAGTC -A CTGCWGCVHCCCRTAGG -o plate2/cutadapt/1121R_0_M_NS1_week7_S28_L001_R1_001.fastq.gz -p plate2/cutadapt/1121R_0_M_NS1_week7_S28_L001_R2_001.fastq.gz plate2/filtN/1121R_0_M_NS1_week7_S28_L001_R1_001.fastq.gz plate2/filtN/1121R_0_M_NS1_week7_S28_L001_R2_001.fastq.gz
Processing paired-end reads on 1 core ...

=== Summary ===

Total read pairs processed:             87,727
  Read 1 with adapter:                  87,604 (99.9%)
  Read 2 with adapter:                  86,930 (99.1%)

== Read fate breakdown ==
Pairs that were too short:                   0 (0.0%)
Pairs written (passing filters):        87,727 (100.0%)

Total basepairs processed:    52,811,654 bp
  Read 1:    26,405,827 bp
  Read 2:    26,405,827 bp
Total written (filtered):     49,493,800 bp (93.7%)
  Read 1:    24,919,040 bp
  Read 2:    24,574,760 bp

=== First read: Adapter 1 ===

Sequence: CCTAYGGGDBGCWGCAG; Type: regular 5'; Length: 17; Trimmed: 87577 times

Minimum overlap: 15
No. of allowed errors:
1-5 bp: 0; 6-12 bp: 1; 13-17 bp: 2

Overview of removed sequences
length	count	expect	max.err	error counts
14	3	0.0	2	0 0 3
15	172	0.0	2	6 53 113
16	2542	0.0	2	441 1829 272
17	84637	0.0	2	83704 896 37
18	222	0.0	2	26 166 30
20	1	0.0	2	0 0 1


=== First read: Adapter 2 ===

Sequence: GGATTAGAKACCCBNGTAGTC; Type: regular 3'; Length: 21; Trimmed: 27 times

Minimum overlap: 15
No. of allowed errors:
1-5 bp: 0; 6-12 bp: 1; 13-19 bp: 2; 20 bp: 3

Bases preceding removed adapters:
  A: 7.4%
  C: 0.0%
  G: 92.6%
  T: 0.0%
  none/other: 0.0%
WARNING:
    The adapter is preceded by 'G' extremely often.
    The provided adapter sequence could be incomplete at its 5' end.
    Ignore this warning when trimming primers.

Overview of removed sequences
length	count	expect	max.err	error counts
24	27	0.0	3	24 3


=== Second read: Adapter 3 ===

Sequence: GACTACNVGGGTMTCTAATCC; Type: regular 5'; Length: 21; Trimmed: 86930 times

Minimum overlap: 15
No. of allowed errors:
1-5 bp: 0; 6-12 bp: 1; 13-19 bp: 2; 20 bp: 3

Overview of removed sequences
length	count	expect	max.err	error counts
16	1	0.0	2	0 0 1
17	1	0.0	2	0 0 1
18	10	0.0	2	1 4 3 2
19	90	0.0	2	6 7 66 11
20	1539	0.0	3	108 1082 315 34
21	84874	0.0	3	79894 4428 374 178
22	239	0.0	3	27 163 45 4
23	8	0.0	3	0 0 7 1
24	2	0.0	3	0 0 0 2
25	1	0.0	3	1
57	4	0.0	3	0 0 2 2
58	2	0.0	3	0 0 1 1
59	2	0.0	3	0 0 2
60	2	0.0	3	1 0 0 1
61	5	0.0	3	0 2 1 2
62	7	0.0	3	1 4 1 1
63	22	0.0	3	2 2 9 9
64	87	0.0	3	9 13 32 33
65	33	0.0	3	1 3 15 14
75	1	0.0	3	0 0 0 1


=== Second read: Adapter 4 ===

Sequence: CTGCWGCVHCCCRTAGG; Type: regular 3'; Length: 17; Trimmed: 0 times

WARNING:
    One or more of your adapter sequences may be incomplete.
    Please see the detailed output above.
