This is cutadapt 5.0 with Python 3.13.1
Command line parameters: -A XXX -q 20,20 -m 50 -o plate2/cutadapt_qc/2446R_L_F_S2_week7_S41_L001_R1_001.fastq.gz -p plate2/cutadapt_qc/2446R_L_F_S2_week7_S41_L001_R2_001.fastq.gz plate2/cutadapt/2446R_L_F_S2_week7_S41_L001_R1_001.fastq.gz plate2/cutadapt/2446R_L_F_S2_week7_S41_L001_R2_001.fastq.gz
Processing paired-end reads on 1 core ...

=== Summary ===

Total read pairs processed:            109,087
  Read 2 with adapter:                       0 (0.0%)

== Read fate breakdown ==
Pairs that were too short:               1,267 (1.2%)
Pairs written (passing filters):       107,820 (98.8%)

Total basepairs processed:    61,543,926 bp
  Read 1:    30,986,217 bp
  Read 2:    30,557,709 bp
Quality-trimmed:               2,393,509 bp (3.9%)
  Read 1:       396,033 bp
  Read 2:     1,997,476 bp
Total written (filtered):     58,782,292 bp (95.5%)
  Read 1:    30,257,965 bp
  Read 2:    28,524,327 bp

=== Second read: Adapter 1 ===

Sequence: XXX; Type: regular 3'; Length: 3; Trimmed: 0 times
