This is cutadapt 5.0 with Python 3.13.1
Command line parameters: -m 50 -O 15 -e 0.15 -g CCTAYGGGDBGCWGCAG -G GACTACNVGGGTMTCTAATCC -a GGATTAGAKACCCBNGTAGTC -A CTGCWGCVHCCCRTAGG -o plate2/cutadapt/2475R_0_M_S5_week9_S77_L001_R1_001.fastq.gz -p plate2/cutadapt/2475R_0_M_S5_week9_S77_L001_R2_001.fastq.gz plate2/filtN/2475R_0_M_S5_week9_S77_L001_R1_001.fastq.gz plate2/filtN/2475R_0_M_S5_week9_S77_L001_R2_001.fastq.gz
Processing paired-end reads on 1 core ...

=== Summary ===

Total read pairs processed:            123,906
  Read 1 with adapter:                 123,720 (99.8%)
  Read 2 with adapter:                 122,006 (98.5%)

== Read fate breakdown ==
Pairs that were too short:                   0 (0.0%)
Pairs written (passing filters):       123,906 (100.0%)

Total basepairs processed:    74,591,412 bp
  Read 1:    37,295,706 bp
  Read 2:    37,295,706 bp
Total written (filtered):     69,926,644 bp (93.7%)
  Read 1:    35,195,727 bp
  Read 2:    34,730,917 bp

=== First read: Adapter 1 ===

Sequence: CCTAYGGGDBGCWGCAG; Type: regular 5'; Length: 17; Trimmed: 123690 times

Minimum overlap: 15
No. of allowed errors:
1-5 bp: 0; 6-12 bp: 1; 13-17 bp: 2

Overview of removed sequences
length	count	expect	max.err	error counts
14	2	0.0	2	0 0 2
15	180	0.0	2	5 44 131
16	3318	0.0	2	428 2494 396
17	119977	0.0	2	118690 1244 43
18	213	0.0	2	32 143 38


=== First read: Adapter 2 ===

Sequence: GGATTAGAKACCCBNGTAGTC; Type: regular 3'; Length: 21; Trimmed: 30 times

Minimum overlap: 15
No. of allowed errors:
1-5 bp: 0; 6-12 bp: 1; 13-19 bp: 2; 20 bp: 3

Bases preceding removed adapters:
  A: 33.3%
  C: 0.0%
  G: 66.7%
  T: 0.0%
  none/other: 0.0%

Overview of removed sequences
length	count	expect	max.err	error counts
24	30	0.0	3	27 3


=== Second read: Adapter 3 ===

Sequence: GACTACNVGGGTMTCTAATCC; Type: regular 5'; Length: 21; Trimmed: 122004 times

Minimum overlap: 15
No. of allowed errors:
1-5 bp: 0; 6-12 bp: 1; 13-19 bp: 2; 20 bp: 3

Overview of removed sequences
length	count	expect	max.err	error counts
17	1	0.0	2	0 0 1
18	10	0.0	2	2 2 0 6
19	100	0.0	2	3 15 55 27
20	1737	0.0	3	170 1147 374 46
21	119761	0.0	3	113049 5813 568 331
22	296	0.0	3	30 213 47 6
23	1	0.0	3	0 0 1
29	1	0.0	3	1
51	1	0.0	3	0 1
54	1	0.0	3	0 0 0 1
61	1	0.0	3	0 0 0 1
63	10	0.0	3	0 1 3 6
64	70	0.0	3	3 3 19 45
65	14	0.0	3	0 1 5 8


=== Second read: Adapter 4 ===

Sequence: CTGCWGCVHCCCRTAGG; Type: regular 3'; Length: 17; Trimmed: 2 times

Minimum overlap: 15
No. of allowed errors:
1-5 bp: 0; 6-12 bp: 1; 13-17 bp: 2

Bases preceding removed adapters:
  A: 0.0%
  C: 50.0%
  G: 0.0%
  T: 50.0%
  none/other: 0.0%

Overview of removed sequences
length	count	expect	max.err	error counts
16	1	0.0	2	0 0 1
205	1	0.0	2	0 0 1
