This is cutadapt 5.0 with Python 3.13.1
Command line parameters: -m 50 -O 15 -e 0.15 -g CCTAYGGGDBGCWGCAG -G GACTACNVGGGTMTCTAATCC -a GGATTAGAKACCCBNGTAGTC -A CTGCWGCVHCCCRTAGG -o plate2/cutadapt/3969R_0_F_S2_week9_S50_L001_R1_001.fastq.gz -p plate2/cutadapt/3969R_0_F_S2_week9_S50_L001_R2_001.fastq.gz plate2/filtN/3969R_0_F_S2_week9_S50_L001_R1_001.fastq.gz plate2/filtN/3969R_0_F_S2_week9_S50_L001_R2_001.fastq.gz
Processing paired-end reads on 1 core ...

=== Summary ===

Total read pairs processed:            104,534
  Read 1 with adapter:                 104,403 (99.9%)
  Read 2 with adapter:                 103,603 (99.1%)

== Read fate breakdown ==
Pairs that were too short:                   0 (0.0%)
Pairs written (passing filters):       104,534 (100.0%)

Total basepairs processed:    62,929,468 bp
  Read 1:    31,464,734 bp
  Read 2:    31,464,734 bp
Total written (filtered):     58,978,697 bp (93.7%)
  Read 1:    29,692,555 bp
  Read 2:    29,286,142 bp

=== First read: Adapter 1 ===

Sequence: CCTAYGGGDBGCWGCAG; Type: regular 5'; Length: 17; Trimmed: 104379 times

Minimum overlap: 15
No. of allowed errors:
1-5 bp: 0; 6-12 bp: 1; 13-17 bp: 2

Overview of removed sequences
length	count	expect	max.err	error counts
14	2	0.0	2	0 1 1
15	192	0.0	2	8 47 137
16	2735	0.0	2	503 1993 239
17	101167	0.0	2	100142 987 38
18	282	0.0	2	32 205 45
19	1	0.0	2	0 0 1


=== First read: Adapter 2 ===

Sequence: GGATTAGAKACCCBNGTAGTC; Type: regular 3'; Length: 21; Trimmed: 24 times

Minimum overlap: 15
No. of allowed errors:
1-5 bp: 0; 6-12 bp: 1; 13-19 bp: 2; 20 bp: 3

Bases preceding removed adapters:
  A: 33.3%
  C: 0.0%
  G: 66.7%
  T: 0.0%
  none/other: 0.0%

Overview of removed sequences
length	count	expect	max.err	error counts
24	23	0.0	3	20 3
25	1	0.0	3	1


=== Second read: Adapter 3 ===

Sequence: GACTACNVGGGTMTCTAATCC; Type: regular 5'; Length: 21; Trimmed: 103603 times

Minimum overlap: 15
No. of allowed errors:
1-5 bp: 0; 6-12 bp: 1; 13-19 bp: 2; 20 bp: 3

Overview of removed sequences
length	count	expect	max.err	error counts
18	4	0.0	2	0 3 1
19	84	0.0	2	0 10 60 14
20	1424	0.0	3	171 934 280 39
21	101744	0.0	3	96542 4725 316 161
22	245	0.0	3	19 184 34 8
23	1	0.0	3	0 0 1
31	1	0.0	3	0 0 0 1
50	1	0.0	3	0 0 1
61	1	0.0	3	0 0 0 1
62	4	0.0	3	0 2 1 1
63	15	0.0	3	0 1 4 10
64	63	0.0	3	1 6 24 32
65	16	0.0	3	0 2 3 11


=== Second read: Adapter 4 ===

Sequence: CTGCWGCVHCCCRTAGG; Type: regular 3'; Length: 17; Trimmed: 0 times
