This is cutadapt 5.0 with Python 3.13.1
Command line parameters: -m 50 -O 15 -e 0.15 -g CCTAYGGGDBGCWGCAG -G GACTACNVGGGTMTCTAATCC -a GGATTAGAKACCCBNGTAGTC -A CTGCWGCVHCCCRTAGG -o plate2/cutadapt/3795R_0_F_S2_week9_S46_L001_R1_001.fastq.gz -p plate2/cutadapt/3795R_0_F_S2_week9_S46_L001_R2_001.fastq.gz plate2/filtN/3795R_0_F_S2_week9_S46_L001_R1_001.fastq.gz plate2/filtN/3795R_0_F_S2_week9_S46_L001_R2_001.fastq.gz
Processing paired-end reads on 1 core ...

=== Summary ===

Total read pairs processed:            126,021
  Read 1 with adapter:                 125,840 (99.9%)
  Read 2 with adapter:                 124,714 (99.0%)

== Read fate breakdown ==
Pairs that were too short:                   1 (0.0%)
Pairs written (passing filters):       126,020 (100.0%)

Total basepairs processed:    75,864,642 bp
  Read 1:    37,932,321 bp
  Read 2:    37,932,321 bp
Total written (filtered):     71,095,606 bp (93.7%)
  Read 1:    35,795,779 bp
  Read 2:    35,299,827 bp

=== First read: Adapter 1 ===

Sequence: CCTAYGGGDBGCWGCAG; Type: regular 5'; Length: 17; Trimmed: 125803 times

Minimum overlap: 15
No. of allowed errors:
1-5 bp: 0; 6-12 bp: 1; 13-17 bp: 2

Overview of removed sequences
length	count	expect	max.err	error counts
14	3	0.0	2	0 1 2
15	168	0.0	2	7 45 116
16	3173	0.0	2	502 2333 338
17	122219	0.0	2	120870 1302 47
18	239	0.0	2	32 164 43
19	1	0.0	2	0 0 1


=== First read: Adapter 2 ===

Sequence: GGATTAGAKACCCBNGTAGTC; Type: regular 3'; Length: 21; Trimmed: 37 times

Minimum overlap: 15
No. of allowed errors:
1-5 bp: 0; 6-12 bp: 1; 13-19 bp: 2; 20 bp: 3

Bases preceding removed adapters:
  A: 27.0%
  C: 0.0%
  G: 73.0%
  T: 0.0%
  none/other: 0.0%

Overview of removed sequences
length	count	expect	max.err	error counts
24	33	0.0	3	29 4
25	3	0.0	3	3
281	1	0.0	3	0 1


=== Second read: Adapter 3 ===

Sequence: GACTACNVGGGTMTCTAATCC; Type: regular 5'; Length: 21; Trimmed: 124712 times

Minimum overlap: 15
No. of allowed errors:
1-5 bp: 0; 6-12 bp: 1; 13-19 bp: 2; 20 bp: 3

Overview of removed sequences
length	count	expect	max.err	error counts
15	1	0.0	2	0 1
16	1	0.0	2	1
17	4	0.0	2	0 1 3
18	15	0.0	2	1 3 1 10
19	128	0.0	2	4 7 97 20
20	2244	0.0	3	198 1527 450 69
21	121626	0.0	3	115246 5601 488 291
22	334	0.0	3	24 237 50 23
23	4	0.0	3	0 0 3 1
57	1	0.0	3	0 0 1
58	1	0.0	3	0 0 0 1
60	1	0.0	3	0 0 1
61	5	0.0	3	2 2 0 1
62	3	0.0	3	0 1 1 1
63	52	0.0	3	7 8 16 21
64	231	0.0	3	17 44 75 95
65	60	0.0	3	1 8 21 30
66	1	0.0	3	0 0 0 1


=== Second read: Adapter 4 ===

Sequence: CTGCWGCVHCCCRTAGG; Type: regular 3'; Length: 17; Trimmed: 2 times

Minimum overlap: 15
No. of allowed errors:
1-5 bp: 0; 6-12 bp: 1; 13-17 bp: 2

Bases preceding removed adapters:
  A: 50.0%
  C: 50.0%
  G: 0.0%
  T: 0.0%
  none/other: 0.0%

Overview of removed sequences
length	count	expect	max.err	error counts
121	1	0.0	2	0 0 1
134	1	0.0	2	0 0 1
