This is cutadapt 5.0 with Python 3.13.1
Command line parameters: -A XXX -q 20,20 -m 50 -o plate2/cutadapt_qc/036R_R_M_NS1_week5_S18_L001_R1_001.fastq.gz -p plate2/cutadapt_qc/036R_R_M_NS1_week5_S18_L001_R2_001.fastq.gz plate2/cutadapt/036R_R_M_NS1_week5_S18_L001_R1_001.fastq.gz plate2/cutadapt/036R_R_M_NS1_week5_S18_L001_R2_001.fastq.gz
Processing paired-end reads on 1 core ...

=== Summary ===

Total read pairs processed:            103,115
  Read 2 with adapter:                       0 (0.0%)

== Read fate breakdown ==
Pairs that were too short:                 772 (0.7%)
Pairs written (passing filters):       102,343 (99.3%)

Total basepairs processed:    58,181,251 bp
  Read 1:    29,290,038 bp
  Read 2:    28,891,213 bp
Quality-trimmed:               1,646,436 bp (2.8%)
  Read 1:       284,562 bp
  Read 2:     1,361,874 bp
Total written (filtered):     56,309,196 bp (96.8%)
  Read 1:    28,796,168 bp
  Read 2:    27,513,028 bp

=== Second read: Adapter 1 ===

Sequence: XXX; Type: regular 3'; Length: 3; Trimmed: 0 times
