This is cutadapt 5.0 with Python 3.13.1
Command line parameters: -A XXX -q 20,20 -m 50 -o plate2/cutadapt_qc/2404R_R_F_S2_week7_S37_L001_R1_001.fastq.gz -p plate2/cutadapt_qc/2404R_R_F_S2_week7_S37_L001_R2_001.fastq.gz plate2/cutadapt/2404R_R_F_S2_week7_S37_L001_R1_001.fastq.gz plate2/cutadapt/2404R_R_F_S2_week7_S37_L001_R2_001.fastq.gz
Processing paired-end reads on 1 core ...

=== Summary ===

Total read pairs processed:            120,720
  Read 2 with adapter:                       0 (0.0%)

== Read fate breakdown ==
Pairs that were too short:                 937 (0.8%)
Pairs written (passing filters):       119,783 (99.2%)

Total basepairs processed:    68,112,319 bp
  Read 1:    34,290,010 bp
  Read 2:    33,822,309 bp
Quality-trimmed:               2,081,532 bp (3.1%)
  Read 1:       391,544 bp
  Read 2:     1,689,988 bp
Total written (filtered):     65,763,207 bp (96.6%)
  Read 1:    33,660,571 bp
  Read 2:    32,102,636 bp

=== Second read: Adapter 1 ===

Sequence: XXX; Type: regular 3'; Length: 3; Trimmed: 0 times
