This is cutadapt 5.0 with Python 3.13.1
Command line parameters: -A XXX -q 20,20 -m 50 -o plate2/cutadapt_qc/2404R_R_F_S2_week9_S38_L001_R1_001.fastq.gz -p plate2/cutadapt_qc/2404R_R_F_S2_week9_S38_L001_R2_001.fastq.gz plate2/cutadapt/2404R_R_F_S2_week9_S38_L001_R1_001.fastq.gz plate2/cutadapt/2404R_R_F_S2_week9_S38_L001_R2_001.fastq.gz
Processing paired-end reads on 1 core ...

=== Summary ===

Total read pairs processed:             98,311
  Read 2 with adapter:                       0 (0.0%)

== Read fate breakdown ==
Pairs that were too short:                 775 (0.8%)
Pairs written (passing filters):        97,536 (99.2%)

Total basepairs processed:    55,465,292 bp
  Read 1:    27,925,225 bp
  Read 2:    27,540,067 bp
Quality-trimmed:               1,441,440 bp (2.6%)
  Read 1:       249,083 bp
  Read 2:     1,192,357 bp
Total written (filtered):     53,797,889 bp (97.0%)
  Read 1:    27,468,084 bp
  Read 2:    26,329,805 bp

=== Second read: Adapter 1 ===

Sequence: XXX; Type: regular 3'; Length: 3; Trimmed: 0 times
