This is cutadapt 5.0 with Python 3.13.1
Command line parameters: -A XXX -q 20,20 -m 50 -o plate2/cutadapt_qc/1151R_R_M_NS1_week9_S33_L001_R1_001.fastq.gz -p plate2/cutadapt_qc/1151R_R_M_NS1_week9_S33_L001_R2_001.fastq.gz plate2/cutadapt/1151R_R_M_NS1_week9_S33_L001_R1_001.fastq.gz plate2/cutadapt/1151R_R_M_NS1_week9_S33_L001_R2_001.fastq.gz
Processing paired-end reads on 1 core ...

=== Summary ===

Total read pairs processed:            106,028
  Read 2 with adapter:                       0 (0.0%)

== Read fate breakdown ==
Pairs that were too short:                 827 (0.8%)
Pairs written (passing filters):       105,201 (99.2%)

Total basepairs processed:    59,823,908 bp
  Read 1:    30,117,258 bp
  Read 2:    29,706,650 bp
Quality-trimmed:               1,734,019 bp (2.9%)
  Read 1:       309,291 bp
  Read 2:     1,424,728 bp
Total written (filtered):     57,851,457 bp (96.7%)
  Read 1:    29,590,847 bp
  Read 2:    28,260,610 bp

=== Second read: Adapter 1 ===

Sequence: XXX; Type: regular 3'; Length: 3; Trimmed: 0 times
