This is cutadapt 5.0 with Python 3.13.1
Command line parameters: -A XXX -q 20,20 -m 50 -o plate2/cutadapt_qc/3909R_0_M_S2_week7_S63_L001_R1_001.fastq.gz -p plate2/cutadapt_qc/3909R_0_M_S2_week7_S63_L001_R2_001.fastq.gz plate2/cutadapt/3909R_0_M_S2_week7_S63_L001_R1_001.fastq.gz plate2/cutadapt/3909R_0_M_S2_week7_S63_L001_R2_001.fastq.gz
Processing paired-end reads on 1 core ...

=== Summary ===

Total read pairs processed:            122,286
  Read 2 with adapter:                       0 (0.0%)

== Read fate breakdown ==
Pairs that were too short:                 929 (0.8%)
Pairs written (passing filters):       121,357 (99.2%)

Total basepairs processed:    68,994,442 bp
  Read 1:    34,734,632 bp
  Read 2:    34,259,810 bp
Quality-trimmed:               2,342,910 bp (3.4%)
  Read 1:       470,071 bp
  Read 2:     1,872,839 bp
Total written (filtered):     66,387,274 bp (96.2%)
  Read 1:    34,032,036 bp
  Read 2:    32,355,238 bp

=== Second read: Adapter 1 ===

Sequence: XXX; Type: regular 3'; Length: 3; Trimmed: 0 times
