This is cutadapt 5.0 with Python 3.13.1
Command line parameters: -m 50 -O 15 -e 0.15 -g CCTAYGGGDBGCWGCAG -G GACTACNVGGGTMTCTAATCC -a GGATTAGAKACCCBNGTAGTC -A CTGCWGCVHCCCRTAGG -o plate2/cutadapt/1075R_L_M_NS6_week9_S84_L001_R1_001.fastq.gz -p plate2/cutadapt/1075R_L_M_NS6_week9_S84_L001_R2_001.fastq.gz plate2/filtN/1075R_L_M_NS6_week9_S84_L001_R1_001.fastq.gz plate2/filtN/1075R_L_M_NS6_week9_S84_L001_R2_001.fastq.gz
Processing paired-end reads on 1 core ...

=== Summary ===

Total read pairs processed:            110,345
  Read 1 with adapter:                 110,158 (99.8%)
  Read 2 with adapter:                 109,425 (99.2%)

== Read fate breakdown ==
Pairs that were too short:                   1 (0.0%)
Pairs written (passing filters):       110,344 (100.0%)

Total basepairs processed:    66,427,690 bp
  Read 1:    33,213,845 bp
  Read 2:    33,213,845 bp
Total written (filtered):     62,249,786 bp (93.7%)
  Read 1:    31,343,814 bp
  Read 2:    30,905,972 bp

=== First read: Adapter 1 ===

Sequence: CCTAYGGGDBGCWGCAG; Type: regular 5'; Length: 17; Trimmed: 110140 times

Minimum overlap: 15
No. of allowed errors:
1-5 bp: 0; 6-12 bp: 1; 13-17 bp: 2

Overview of removed sequences
length	count	expect	max.err	error counts
14	2	0.0	2	0 1 1
15	209	0.0	2	8 63 138
16	2960	0.0	2	496 2210 254
17	106653	0.0	2	105517 1101 35
18	314	0.0	2	33 225 56
19	2	0.0	2	0 0 2


=== First read: Adapter 2 ===

Sequence: GGATTAGAKACCCBNGTAGTC; Type: regular 3'; Length: 21; Trimmed: 18 times

Minimum overlap: 15
No. of allowed errors:
1-5 bp: 0; 6-12 bp: 1; 13-19 bp: 2; 20 bp: 3

Bases preceding removed adapters:
  A: 44.4%
  C: 0.0%
  G: 55.6%
  T: 0.0%
  none/other: 0.0%

Overview of removed sequences
length	count	expect	max.err	error counts
24	17	0.0	3	15 2
25	1	0.0	3	1


=== Second read: Adapter 3 ===

Sequence: GACTACNVGGGTMTCTAATCC; Type: regular 5'; Length: 21; Trimmed: 109424 times

Minimum overlap: 15
No. of allowed errors:
1-5 bp: 0; 6-12 bp: 1; 13-19 bp: 2; 20 bp: 3

Overview of removed sequences
length	count	expect	max.err	error counts
17	1	0.0	2	0 0 1
18	6	0.0	2	0 2 3 1
19	82	0.0	2	1 9 58 14
20	1597	0.0	3	140 1090 333 34
21	107228	0.0	3	101188 5464 388 188
22	246	0.0	3	29 173 38 6
23	4	0.0	3	0 1 1 2
60	1	0.0	3	0 0 0 1
62	4	0.0	3	0 1 1 2
63	31	0.0	3	3 9 8 11
64	165	0.0	3	20 31 46 68
65	58	0.0	3	9 13 15 21
66	1	0.0	3	0 0 0 1


=== Second read: Adapter 4 ===

Sequence: CTGCWGCVHCCCRTAGG; Type: regular 3'; Length: 17; Trimmed: 1 times

Minimum overlap: 15
No. of allowed errors:
1-5 bp: 0; 6-12 bp: 1; 13-17 bp: 2

Bases preceding removed adapters:
  A: 0.0%
  C: 0.0%
  G: 0.0%
  T: 100.0%
  none/other: 0.0%

Overview of removed sequences
length	count	expect	max.err	error counts
297	1	0.0	2	0 0 1
