This is cutadapt 5.0 with Python 3.13.1
Command line parameters: -m 50 -O 15 -e 0.15 -g CCTAYGGGDBGCWGCAG -G GACTACNVGGGTMTCTAATCC -a GGATTAGAKACCCBNGTAGTC -A CTGCWGCVHCCCRTAGG -o plate2/cutadapt/1121R_0_M_NS1_week6_S27_L001_R1_001.fastq.gz -p plate2/cutadapt/1121R_0_M_NS1_week6_S27_L001_R2_001.fastq.gz plate2/filtN/1121R_0_M_NS1_week6_S27_L001_R1_001.fastq.gz plate2/filtN/1121R_0_M_NS1_week6_S27_L001_R2_001.fastq.gz
Processing paired-end reads on 1 core ...

=== Summary ===

Total read pairs processed:            100,963
  Read 1 with adapter:                 100,785 (99.8%)
  Read 2 with adapter:                 100,020 (99.1%)

== Read fate breakdown ==
Pairs that were too short:                   0 (0.0%)
Pairs written (passing filters):       100,963 (100.0%)

Total basepairs processed:    60,779,726 bp
  Read 1:    30,389,863 bp
  Read 2:    30,389,863 bp
Total written (filtered):     56,962,313 bp (93.7%)
  Read 1:    28,679,384 bp
  Read 2:    28,282,929 bp

=== First read: Adapter 1 ===

Sequence: CCTAYGGGDBGCWGCAG; Type: regular 5'; Length: 17; Trimmed: 100731 times

Minimum overlap: 15
No. of allowed errors:
1-5 bp: 0; 6-12 bp: 1; 13-17 bp: 2

Overview of removed sequences
length	count	expect	max.err	error counts
14	7	0.0	2	0 3 4
15	202	0.0	2	3 65 134
16	3086	0.0	2	525 2266 295
17	97172	0.0	2	96134 1001 37
18	261	0.0	2	40 177 44
19	3	0.0	2	0 0 3


=== First read: Adapter 2 ===

Sequence: GGATTAGAKACCCBNGTAGTC; Type: regular 3'; Length: 21; Trimmed: 54 times

Minimum overlap: 15
No. of allowed errors:
1-5 bp: 0; 6-12 bp: 1; 13-19 bp: 2; 20 bp: 3

Bases preceding removed adapters:
  A: 27.8%
  C: 0.0%
  G: 72.2%
  T: 0.0%
  none/other: 0.0%

Overview of removed sequences
length	count	expect	max.err	error counts
23	1	0.0	3	0 1
24	52	0.0	3	46 6
25	1	0.0	3	0 1


=== Second read: Adapter 3 ===

Sequence: GACTACNVGGGTMTCTAATCC; Type: regular 5'; Length: 21; Trimmed: 100019 times

Minimum overlap: 15
No. of allowed errors:
1-5 bp: 0; 6-12 bp: 1; 13-19 bp: 2; 20 bp: 3

Overview of removed sequences
length	count	expect	max.err	error counts
15	1	0.0	2	0 1
17	5	0.0	2	0 3 2
18	13	0.0	2	4 1 5 3
19	112	0.0	2	3 13 72 24
20	1697	0.0	3	133 1174 341 49
21	97731	0.0	3	92136 4958 436 201
22	261	0.0	3	23 192 37 9
23	4	0.0	3	0 0 3 1
28	1	0.0	3	1
30	1	0.0	3	1
31	1	0.0	3	0 0 0 1
56	2	0.0	3	0 0 0 2
57	1	0.0	3	0 0 1
60	5	0.0	3	0 1 0 4
61	3	0.0	3	0 1 1 1
62	7	0.0	3	0 1 2 4
63	24	0.0	3	1 4 10 9
64	112	0.0	3	10 22 34 46
65	36	0.0	3	0 3 11 22
66	2	0.0	3	1 0 0 1


=== Second read: Adapter 4 ===

Sequence: CTGCWGCVHCCCRTAGG; Type: regular 3'; Length: 17; Trimmed: 1 times

Minimum overlap: 15
No. of allowed errors:
1-5 bp: 0; 6-12 bp: 1; 13-17 bp: 2

Bases preceding removed adapters:
  A: 0.0%
  C: 0.0%
  G: 100.0%
  T: 0.0%
  none/other: 0.0%

Overview of removed sequences
length	count	expect	max.err	error counts
20	1	0.0	2	0 0 1
