This is cutadapt 5.0 with Python 3.13.1
Command line parameters: -m 50 -O 15 -e 0.15 -g CCTAYGGGDBGCWGCAG -G GACTACNVGGGTMTCTAATCC -a GGATTAGAKACCCBNGTAGTC -A CTGCWGCVHCCCRTAGG -o plate2/cutadapt/1067R_R_M_S2_week7_S58_L001_R1_001.fastq.gz -p plate2/cutadapt/1067R_R_M_S2_week7_S58_L001_R2_001.fastq.gz plate2/filtN/1067R_R_M_S2_week7_S58_L001_R1_001.fastq.gz plate2/filtN/1067R_R_M_S2_week7_S58_L001_R2_001.fastq.gz
Processing paired-end reads on 1 core ...

=== Summary ===

Total read pairs processed:            132,970
  Read 1 with adapter:                 132,753 (99.8%)
  Read 2 with adapter:                 131,566 (98.9%)

== Read fate breakdown ==
Pairs that were too short:                   0 (0.0%)
Pairs written (passing filters):       132,970 (100.0%)

Total basepairs processed:    80,047,940 bp
  Read 1:    40,023,970 bp
  Read 2:    40,023,970 bp
Total written (filtered):     75,025,413 bp (93.7%)
  Read 1:    37,770,265 bp
  Read 2:    37,255,148 bp

=== First read: Adapter 1 ===

Sequence: CCTAYGGGDBGCWGCAG; Type: regular 5'; Length: 17; Trimmed: 132694 times

Minimum overlap: 15
No. of allowed errors:
1-5 bp: 0; 6-12 bp: 1; 13-17 bp: 2

Overview of removed sequences
length	count	expect	max.err	error counts
14	1	0.0	2	0 1
15	219	0.0	2	7 65 147
16	3523	0.0	2	624 2601 298
17	128598	0.0	2	127250 1294 54
18	350	0.0	2	38 265 47
19	2	0.0	2	1 0 1
23	1	0.0	2	1


=== First read: Adapter 2 ===

Sequence: GGATTAGAKACCCBNGTAGTC; Type: regular 3'; Length: 21; Trimmed: 59 times

Minimum overlap: 15
No. of allowed errors:
1-5 bp: 0; 6-12 bp: 1; 13-19 bp: 2; 20 bp: 3

Bases preceding removed adapters:
  A: 11.9%
  C: 0.0%
  G: 88.1%
  T: 0.0%
  none/other: 0.0%
WARNING:
    The adapter is preceded by 'G' extremely often.
    The provided adapter sequence could be incomplete at its 5' end.
    Ignore this warning when trimming primers.

Overview of removed sequences
length	count	expect	max.err	error counts
24	53	0.0	3	46 7
25	4	0.0	3	4
26	1	0.0	3	1
113	1	0.0	3	1


=== Second read: Adapter 3 ===

Sequence: GACTACNVGGGTMTCTAATCC; Type: regular 5'; Length: 21; Trimmed: 131565 times

Minimum overlap: 15
No. of allowed errors:
1-5 bp: 0; 6-12 bp: 1; 13-19 bp: 2; 20 bp: 3

Overview of removed sequences
length	count	expect	max.err	error counts
15	1	0.0	2	0 0 1
17	2	0.0	2	0 1 1
18	9	0.0	2	0 5 2 2
19	77	0.0	2	5 5 48 19
20	1473	0.0	3	182 948 297 46
21	129484	0.0	3	121332 7073 794 285
22	350	0.0	3	33 261 46 10
23	1	0.0	3	0 1
60	1	0.0	3	0 0 1
62	5	0.0	3	0 2 1 2
63	21	0.0	3	3 2 6 10
64	111	0.0	3	11 26 34 40
65	29	0.0	3	0 3 15 11
91	1	0.0	3	0 0 0 1


=== Second read: Adapter 4 ===

Sequence: CTGCWGCVHCCCRTAGG; Type: regular 3'; Length: 17; Trimmed: 1 times

Minimum overlap: 15
No. of allowed errors:
1-5 bp: 0; 6-12 bp: 1; 13-17 bp: 2

Bases preceding removed adapters:
  A: 0.0%
  C: 0.0%
  G: 100.0%
  T: 0.0%
  none/other: 0.0%

Overview of removed sequences
length	count	expect	max.err	error counts
28	1	0.0	2	0 0 1


WARNING:
    One or more of your adapter sequences may be incomplete.
    Please see the detailed output above.
