This is cutadapt 5.0 with Python 3.13.1
Command line parameters: -A XXX -q 20,20 -m 50 -o plate2/cutadapt_qc/1151R_R_M_NS1_week5_S30_L001_R1_001.fastq.gz -p plate2/cutadapt_qc/1151R_R_M_NS1_week5_S30_L001_R2_001.fastq.gz plate2/cutadapt/1151R_R_M_NS1_week5_S30_L001_R1_001.fastq.gz plate2/cutadapt/1151R_R_M_NS1_week5_S30_L001_R2_001.fastq.gz
Processing paired-end reads on 1 core ...

=== Summary ===

Total read pairs processed:            107,652
  Read 2 with adapter:                       0 (0.0%)

== Read fate breakdown ==
Pairs that were too short:                 765 (0.7%)
Pairs written (passing filters):       106,887 (99.3%)

Total basepairs processed:    60,736,832 bp
  Read 1:    30,578,672 bp
  Read 2:    30,158,160 bp
Quality-trimmed:               1,576,465 bp (2.6%)
  Read 1:       291,484 bp
  Read 2:     1,284,981 bp
Total written (filtered):     58,935,997 bp (97.0%)
  Read 1:    30,079,905 bp
  Read 2:    28,856,092 bp

=== Second read: Adapter 1 ===

Sequence: XXX; Type: regular 3'; Length: 3; Trimmed: 0 times
