This is cutadapt 5.0 with Python 3.13.1
Command line parameters: -m 50 -O 15 -e 0.15 -g CCTAYGGGDBGCWGCAG -G GACTACNVGGGTMTCTAATCC -a GGATTAGAKACCCBNGTAGTC -A CTGCWGCVHCCCRTAGG -o plate2/cutadapt/036R_R_M_NS1_week6_S19_L001_R1_001.fastq.gz -p plate2/cutadapt/036R_R_M_NS1_week6_S19_L001_R2_001.fastq.gz plate2/filtN/036R_R_M_NS1_week6_S19_L001_R1_001.fastq.gz plate2/filtN/036R_R_M_NS1_week6_S19_L001_R2_001.fastq.gz
Processing paired-end reads on 1 core ...

=== Summary ===

Total read pairs processed:            108,624
  Read 1 with adapter:                 108,420 (99.8%)
  Read 2 with adapter:                 107,646 (99.1%)

== Read fate breakdown ==
Pairs that were too short:                   0 (0.0%)
Pairs written (passing filters):       108,624 (100.0%)

Total basepairs processed:    65,391,648 bp
  Read 1:    32,695,824 bp
  Read 2:    32,695,824 bp
Total written (filtered):     61,288,397 bp (93.7%)
  Read 1:    30,855,893 bp
  Read 2:    30,432,504 bp

=== First read: Adapter 1 ===

Sequence: CCTAYGGGDBGCWGCAG; Type: regular 5'; Length: 17; Trimmed: 108395 times

Minimum overlap: 15
No. of allowed errors:
1-5 bp: 0; 6-12 bp: 1; 13-17 bp: 2

Overview of removed sequences
length	count	expect	max.err	error counts
14	6	0.0	2	0 0 6
15	243	0.0	2	4 73 166
16	3160	0.0	2	532 2322 306
17	104720	0.0	2	103702 987 31
18	264	0.0	2	43 172 49
19	1	0.0	2	1
29	1	0.0	2	1


=== First read: Adapter 2 ===

Sequence: GGATTAGAKACCCBNGTAGTC; Type: regular 3'; Length: 21; Trimmed: 25 times

Minimum overlap: 15
No. of allowed errors:
1-5 bp: 0; 6-12 bp: 1; 13-19 bp: 2; 20 bp: 3

Bases preceding removed adapters:
  A: 44.0%
  C: 0.0%
  G: 56.0%
  T: 0.0%
  none/other: 0.0%

Overview of removed sequences
length	count	expect	max.err	error counts
24	23	0.0	3	20 3
25	2	0.0	3	2


=== Second read: Adapter 3 ===

Sequence: GACTACNVGGGTMTCTAATCC; Type: regular 5'; Length: 21; Trimmed: 107645 times

Minimum overlap: 15
No. of allowed errors:
1-5 bp: 0; 6-12 bp: 1; 13-19 bp: 2; 20 bp: 3

Overview of removed sequences
length	count	expect	max.err	error counts
16	1	0.0	2	1
17	3	0.0	2	1 1 1
18	9	0.0	2	0 3 4 2
19	111	0.0	2	4 14 69 24
20	1893	0.0	3	225 1278 354 36
21	105266	0.0	3	100239 4614 271 142
22	250	0.0	3	24 188 34 4
23	2	0.0	3	0 0 2
30	1	0.0	3	0 0 1
38	2	0.0	3	2
40	2	0.0	3	2
52	1	0.0	3	0 0 0 1
57	1	0.0	3	0 0 0 1
60	2	0.0	3	1 1
61	2	0.0	3	0 0 1 1
62	3	0.0	3	0 1 2
63	18	0.0	3	1 2 8 7
64	65	0.0	3	1 6 20 38
65	12	0.0	3	0 0 5 7
173	1	0.0	3	0 0 0 1


=== Second read: Adapter 4 ===

Sequence: CTGCWGCVHCCCRTAGG; Type: regular 3'; Length: 17; Trimmed: 1 times

Minimum overlap: 15
No. of allowed errors:
1-5 bp: 0; 6-12 bp: 1; 13-17 bp: 2

Bases preceding removed adapters:
  A: 0.0%
  C: 0.0%
  G: 100.0%
  T: 0.0%
  none/other: 0.0%

Overview of removed sequences
length	count	expect	max.err	error counts
20	1	0.0	2	1
