This is cutadapt 5.0 with Python 3.13.1
Command line parameters: -m 50 -O 15 -e 0.15 -g CCTAYGGGDBGCWGCAG -G GACTACNVGGGTMTCTAATCC -a GGATTAGAKACCCBNGTAGTC -A CTGCWGCVHCCCRTAGG -o plate2/cutadapt/073R_0_M_S2_week9_S55_L001_R1_001.fastq.gz -p plate2/cutadapt/073R_0_M_S2_week9_S55_L001_R2_001.fastq.gz plate2/filtN/073R_0_M_S2_week9_S55_L001_R1_001.fastq.gz plate2/filtN/073R_0_M_S2_week9_S55_L001_R2_001.fastq.gz
Processing paired-end reads on 1 core ...

=== Summary ===

Total read pairs processed:            142,509
  Read 1 with adapter:                 142,332 (99.9%)
  Read 2 with adapter:                 141,315 (99.2%)

== Read fate breakdown ==
Pairs that were too short:                   0 (0.0%)
Pairs written (passing filters):       142,509 (100.0%)

Total basepairs processed:    85,790,418 bp
  Read 1:    42,895,209 bp
  Read 2:    42,895,209 bp
Total written (filtered):     80,401,487 bp (93.7%)
  Read 1:    40,478,791 bp
  Read 2:    39,922,696 bp

=== First read: Adapter 1 ===

Sequence: CCTAYGGGDBGCWGCAG; Type: regular 5'; Length: 17; Trimmed: 142288 times

Minimum overlap: 15
No. of allowed errors:
1-5 bp: 0; 6-12 bp: 1; 13-17 bp: 2

Overview of removed sequences
length	count	expect	max.err	error counts
14	3	0.0	2	0 0 3
15	185	0.0	2	2 32 151
16	3418	0.0	2	404 2642 372
17	138422	0.0	2	136861 1496 65
18	260	0.0	2	41 179 40


=== First read: Adapter 2 ===

Sequence: GGATTAGAKACCCBNGTAGTC; Type: regular 3'; Length: 21; Trimmed: 44 times

Minimum overlap: 15
No. of allowed errors:
1-5 bp: 0; 6-12 bp: 1; 13-19 bp: 2; 20 bp: 3

Bases preceding removed adapters:
  A: 25.0%
  C: 0.0%
  G: 75.0%
  T: 0.0%
  none/other: 0.0%

Overview of removed sequences
length	count	expect	max.err	error counts
24	41	0.0	3	36 5
25	3	0.0	3	3


=== Second read: Adapter 3 ===

Sequence: GACTACNVGGGTMTCTAATCC; Type: regular 5'; Length: 21; Trimmed: 141314 times

Minimum overlap: 15
No. of allowed errors:
1-5 bp: 0; 6-12 bp: 1; 13-19 bp: 2; 20 bp: 3

Overview of removed sequences
length	count	expect	max.err	error counts
16	2	0.0	2	0 1 1
18	10	0.0	2	1 6 1 2
19	98	0.0	2	2 10 65 21
20	1909	0.0	3	231 1271 362 45
21	138830	0.0	3	131752 6409 435 234
22	311	0.0	3	43 203 52 13
25	1	0.0	3	0 0 1
59	1	0.0	3	0 0 0 1
61	2	0.0	3	0 0 1 1
62	2	0.0	3	0 0 1 1
63	22	0.0	3	1 2 6 13
64	106	0.0	3	4 14 34 54
65	19	0.0	3	1 3 3 12
66	1	0.0	3	0 0 0 1


=== Second read: Adapter 4 ===

Sequence: CTGCWGCVHCCCRTAGG; Type: regular 3'; Length: 17; Trimmed: 1 times

Minimum overlap: 15
No. of allowed errors:
1-5 bp: 0; 6-12 bp: 1; 13-17 bp: 2

Bases preceding removed adapters:
  A: 0.0%
  C: 0.0%
  G: 100.0%
  T: 0.0%
  none/other: 0.0%

Overview of removed sequences
length	count	expect	max.err	error counts
186	1	0.0	2	0 0 1
