This is cutadapt 5.0 with Python 3.13.1
Command line parameters: -A XXX -q 20,20 -m 50 -o plate2/cutadapt_qc/2446R_L_F_S2_week5_S39_L001_R1_001.fastq.gz -p plate2/cutadapt_qc/2446R_L_F_S2_week5_S39_L001_R2_001.fastq.gz plate2/cutadapt/2446R_L_F_S2_week5_S39_L001_R1_001.fastq.gz plate2/cutadapt/2446R_L_F_S2_week5_S39_L001_R2_001.fastq.gz
Processing paired-end reads on 1 core ...

=== Summary ===

Total read pairs processed:             92,619
  Read 2 with adapter:                       0 (0.0%)

== Read fate breakdown ==
Pairs that were too short:                 734 (0.8%)
Pairs written (passing filters):        91,885 (99.2%)

Total basepairs processed:    52,255,775 bp
  Read 1:    26,307,779 bp
  Read 2:    25,947,996 bp
Quality-trimmed:               1,670,879 bp (3.2%)
  Read 1:       316,962 bp
  Read 2:     1,353,917 bp
Total written (filtered):     50,376,863 bp (96.4%)
  Read 1:    25,806,605 bp
  Read 2:    24,570,258 bp

=== Second read: Adapter 1 ===

Sequence: XXX; Type: regular 3'; Length: 3; Trimmed: 0 times
