This is cutadapt 5.0 with Python 3.13.1
Command line parameters: -m 50 -O 15 -e 0.15 -g CCTAYGGGDBGCWGCAG -G GACTACNVGGGTMTCTAATCC -a GGATTAGAKACCCBNGTAGTC -A CTGCWGCVHCCCRTAGG -o plate2/cutadapt/2529R_R_F_NS1_week6_S6_L001_R1_001.fastq.gz -p plate2/cutadapt/2529R_R_F_NS1_week6_S6_L001_R2_001.fastq.gz plate2/filtN/2529R_R_F_NS1_week6_S6_L001_R1_001.fastq.gz plate2/filtN/2529R_R_F_NS1_week6_S6_L001_R2_001.fastq.gz
Processing paired-end reads on 1 core ...

=== Summary ===

Total read pairs processed:             93,702
  Read 1 with adapter:                  93,557 (99.8%)
  Read 2 with adapter:                  92,906 (99.2%)

== Read fate breakdown ==
Pairs that were too short:                   0 (0.0%)
Pairs written (passing filters):        93,702 (100.0%)

Total basepairs processed:    56,408,604 bp
  Read 1:    28,204,302 bp
  Read 2:    28,204,302 bp
Total written (filtered):     52,859,963 bp (93.7%)
  Read 1:    26,616,277 bp
  Read 2:    26,243,686 bp

=== First read: Adapter 1 ===

Sequence: CCTAYGGGDBGCWGCAG; Type: regular 5'; Length: 17; Trimmed: 93544 times

Minimum overlap: 15
No. of allowed errors:
1-5 bp: 0; 6-12 bp: 1; 13-17 bp: 2

Overview of removed sequences
length	count	expect	max.err	error counts
14	2	0.0	2	0 0 2
15	146	0.0	2	3 42 101
16	2403	0.0	2	346 1808 249
17	90831	0.0	2	89838 964 29
18	160	0.0	2	24 107 29
19	1	0.0	2	1
21	1	0.0	2	1


=== First read: Adapter 2 ===

Sequence: GGATTAGAKACCCBNGTAGTC; Type: regular 3'; Length: 21; Trimmed: 13 times

Minimum overlap: 15
No. of allowed errors:
1-5 bp: 0; 6-12 bp: 1; 13-19 bp: 2; 20 bp: 3

Bases preceding removed adapters:
  A: 23.1%
  C: 0.0%
  G: 76.9%
  T: 0.0%
  none/other: 0.0%

Overview of removed sequences
length	count	expect	max.err	error counts
24	13	0.0	3	13


=== Second read: Adapter 3 ===

Sequence: GACTACNVGGGTMTCTAATCC; Type: regular 5'; Length: 21; Trimmed: 92906 times

Minimum overlap: 15
No. of allowed errors:
1-5 bp: 0; 6-12 bp: 1; 13-19 bp: 2; 20 bp: 3

Overview of removed sequences
length	count	expect	max.err	error counts
16	2	0.0	2	0 0 2
18	8	0.0	2	0 5 2 1
19	69	0.0	2	0 2 54 13
20	1385	0.0	3	132 910 300 43
21	90961	0.0	3	86264 4243 299 155
22	217	0.0	3	22 147 38 10
23	6	0.0	3	0 0 4 2
24	3	0.0	3	0 0 0 3
40	1	0.0	3	0 1
59	2	0.0	3	0 0 1 1
60	3	0.0	3	0 1 2
61	2	0.0	3	1 0 1
62	7	0.0	3	1 0 3 3
63	41	0.0	3	4 6 12 19
64	149	0.0	3	15 47 38 49
65	49	0.0	3	0 12 17 20
66	1	0.0	3	0 0 0 1


=== Second read: Adapter 4 ===

Sequence: CTGCWGCVHCCCRTAGG; Type: regular 3'; Length: 17; Trimmed: 0 times
