This is cutadapt 5.0 with Python 3.13.1
Command line parameters: -A XXX -q 20,20 -m 50 -o plate2/cutadapt_qc/3969R_0_F_S2_week9_S50_L001_R1_001.fastq.gz -p plate2/cutadapt_qc/3969R_0_F_S2_week9_S50_L001_R2_001.fastq.gz plate2/cutadapt/3969R_0_F_S2_week9_S50_L001_R1_001.fastq.gz plate2/cutadapt/3969R_0_F_S2_week9_S50_L001_R2_001.fastq.gz
Processing paired-end reads on 1 core ...

=== Summary ===

Total read pairs processed:            104,534
  Read 2 with adapter:                       0 (0.0%)

== Read fate breakdown ==
Pairs that were too short:                 743 (0.7%)
Pairs written (passing filters):       103,791 (99.3%)

Total basepairs processed:    58,978,697 bp
  Read 1:    29,692,555 bp
  Read 2:    29,286,142 bp
Quality-trimmed:               1,676,090 bp (2.8%)
  Read 1:       252,723 bp
  Read 2:     1,423,367 bp
Total written (filtered):     57,083,030 bp (96.8%)
  Read 1:    29,235,744 bp
  Read 2:    27,847,286 bp

=== Second read: Adapter 1 ===

Sequence: XXX; Type: regular 3'; Length: 3; Trimmed: 0 times
