This is cutadapt 5.0 with Python 3.13.1
Command line parameters: -A XXX -q 20,20 -m 50 -o plate2/cutadapt_qc/2402R_0_F_S5_week9_S70_L001_R1_001.fastq.gz -p plate2/cutadapt_qc/2402R_0_F_S5_week9_S70_L001_R2_001.fastq.gz plate2/cutadapt/2402R_0_F_S5_week9_S70_L001_R1_001.fastq.gz plate2/cutadapt/2402R_0_F_S5_week9_S70_L001_R2_001.fastq.gz
Processing paired-end reads on 1 core ...

=== Summary ===

Total read pairs processed:            123,997
  Read 2 with adapter:                       0 (0.0%)

== Read fate breakdown ==
Pairs that were too short:                 892 (0.7%)
Pairs written (passing filters):       123,105 (99.3%)

Total basepairs processed:    69,955,819 bp
  Read 1:    35,221,648 bp
  Read 2:    34,734,171 bp
Quality-trimmed:               2,222,093 bp (3.2%)
  Read 1:       425,289 bp
  Read 2:     1,796,804 bp
Total written (filtered):     67,475,938 bp (96.5%)
  Read 1:    34,563,397 bp
  Read 2:    32,912,541 bp

=== Second read: Adapter 1 ===

Sequence: XXX; Type: regular 3'; Length: 3; Trimmed: 0 times
