This is cutadapt 5.0 with Python 3.13.1
Command line parameters: -A XXX -q 20,20 -m 50 -o plate2/cutadapt_qc/2475R_0_M_S5_week9_S77_L001_R1_001.fastq.gz -p plate2/cutadapt_qc/2475R_0_M_S5_week9_S77_L001_R2_001.fastq.gz plate2/cutadapt/2475R_0_M_S5_week9_S77_L001_R1_001.fastq.gz plate2/cutadapt/2475R_0_M_S5_week9_S77_L001_R2_001.fastq.gz
Processing paired-end reads on 1 core ...

=== Summary ===

Total read pairs processed:            123,906
  Read 2 with adapter:                       0 (0.0%)

== Read fate breakdown ==
Pairs that were too short:               1,468 (1.2%)
Pairs written (passing filters):       122,438 (98.8%)

Total basepairs processed:    69,926,644 bp
  Read 1:    35,195,727 bp
  Read 2:    34,730,917 bp
Quality-trimmed:               2,551,542 bp (3.6%)
  Read 1:       410,440 bp
  Read 2:     2,141,102 bp
Total written (filtered):     66,951,637 bp (95.7%)
  Read 1:    34,394,348 bp
  Read 2:    32,557,289 bp

=== Second read: Adapter 1 ===

Sequence: XXX; Type: regular 3'; Length: 3; Trimmed: 0 times
