This is cutadapt 5.0 with Python 3.13.1
Command line parameters: -m 50 -O 15 -e 0.15 -g CCTAYGGGDBGCWGCAG -G GACTACNVGGGTMTCTAATCC -a GGATTAGAKACCCBNGTAGTC -A CTGCWGCVHCCCRTAGG -o plate2/cutadapt/2446R_L_F_S2_week6_S40_L001_R1_001.fastq.gz -p plate2/cutadapt/2446R_L_F_S2_week6_S40_L001_R2_001.fastq.gz plate2/filtN/2446R_L_F_S2_week6_S40_L001_R1_001.fastq.gz plate2/filtN/2446R_L_F_S2_week6_S40_L001_R2_001.fastq.gz
Processing paired-end reads on 1 core ...

=== Summary ===

Total read pairs processed:            118,656
  Read 1 with adapter:                 118,495 (99.9%)
  Read 2 with adapter:                 117,548 (99.1%)

== Read fate breakdown ==
Pairs that were too short:                   3 (0.0%)
Pairs written (passing filters):       118,653 (100.0%)

Total basepairs processed:    71,430,912 bp
  Read 1:    35,715,456 bp
  Read 2:    35,715,456 bp
Total written (filtered):     66,945,270 bp (93.7%)
  Read 1:    33,703,502 bp
  Read 2:    33,241,768 bp

=== First read: Adapter 1 ===

Sequence: CCTAYGGGDBGCWGCAG; Type: regular 5'; Length: 17; Trimmed: 118467 times

Minimum overlap: 15
No. of allowed errors:
1-5 bp: 0; 6-12 bp: 1; 13-17 bp: 2

Overview of removed sequences
length	count	expect	max.err	error counts
14	4	0.0	2	0 0 4
15	165	0.0	2	5 45 115
16	3348	0.0	2	507 2512 329
17	114748	0.0	2	113457 1258 33
18	202	0.0	2	35 133 34


=== First read: Adapter 2 ===

Sequence: GGATTAGAKACCCBNGTAGTC; Type: regular 3'; Length: 21; Trimmed: 28 times

Minimum overlap: 15
No. of allowed errors:
1-5 bp: 0; 6-12 bp: 1; 13-19 bp: 2; 20 bp: 3

Bases preceding removed adapters:
  A: 39.3%
  C: 0.0%
  G: 60.7%
  T: 0.0%
  none/other: 0.0%

Overview of removed sequences
length	count	expect	max.err	error counts
24	25	0.0	3	23 2
285	3	0.0	3	2 1


=== Second read: Adapter 3 ===

Sequence: GACTACNVGGGTMTCTAATCC; Type: regular 5'; Length: 21; Trimmed: 117547 times

Minimum overlap: 15
No. of allowed errors:
1-5 bp: 0; 6-12 bp: 1; 13-19 bp: 2; 20 bp: 3

Overview of removed sequences
length	count	expect	max.err	error counts
16	2	0.0	2	1 0 1
17	1	0.0	2	1
18	11	0.0	2	1 7 0 3
19	100	0.0	2	2 8 69 21
20	1731	0.0	3	157 1153 370 51
21	115266	0.0	3	108979 5654 455 178
22	292	0.0	3	17 217 52 6
23	6	0.0	3	2 0 4
33	1	0.0	3	0 0 1
61	3	0.0	3	0 1 2
62	4	0.0	3	1 0 3
63	17	0.0	3	0 3 7 7
64	91	0.0	3	4 13 36 38
65	22	0.0	3	0 2 4 16


=== Second read: Adapter 4 ===

Sequence: CTGCWGCVHCCCRTAGG; Type: regular 3'; Length: 17; Trimmed: 1 times

Minimum overlap: 15
No. of allowed errors:
1-5 bp: 0; 6-12 bp: 1; 13-17 bp: 2

Bases preceding removed adapters:
  A: 100.0%
  C: 0.0%
  G: 0.0%
  T: 0.0%
  none/other: 0.0%

Overview of removed sequences
length	count	expect	max.err	error counts
144	1	0.0	2	0 0 1
