This is cutadapt 5.0 with Python 3.13.1
Command line parameters: -m 50 -O 15 -e 0.15 -g CCTAYGGGDBGCWGCAG -G GACTACNVGGGTMTCTAATCC -a GGATTAGAKACCCBNGTAGTC -A CTGCWGCVHCCCRTAGG -o plate2/cutadapt/2433R_0_F_S5_week9_S71_L001_R1_001.fastq.gz -p plate2/cutadapt/2433R_0_F_S5_week9_S71_L001_R2_001.fastq.gz plate2/filtN/2433R_0_F_S5_week9_S71_L001_R1_001.fastq.gz plate2/filtN/2433R_0_F_S5_week9_S71_L001_R2_001.fastq.gz
Processing paired-end reads on 1 core ...

=== Summary ===

Total read pairs processed:            126,890
  Read 1 with adapter:                 126,727 (99.9%)
  Read 2 with adapter:                 125,885 (99.2%)

== Read fate breakdown ==
Pairs that were too short:                   0 (0.0%)
Pairs written (passing filters):       126,890 (100.0%)

Total basepairs processed:    76,387,780 bp
  Read 1:    38,193,890 bp
  Read 2:    38,193,890 bp
Total written (filtered):     71,585,414 bp (93.7%)
  Read 1:    36,042,423 bp
  Read 2:    35,542,991 bp

=== First read: Adapter 1 ===

Sequence: CCTAYGGGDBGCWGCAG; Type: regular 5'; Length: 17; Trimmed: 126700 times

Minimum overlap: 15
No. of allowed errors:
1-5 bp: 0; 6-12 bp: 1; 13-17 bp: 2

Overview of removed sequences
length	count	expect	max.err	error counts
14	1	0.0	2	0 0 1
15	145	0.0	2	2 35 108
16	3027	0.0	2	358 2349 320
17	123291	0.0	2	121915 1336 40
18	234	0.0	2	30 171 33
19	2	0.0	2	0 0 2


=== First read: Adapter 2 ===

Sequence: GGATTAGAKACCCBNGTAGTC; Type: regular 3'; Length: 21; Trimmed: 27 times

Minimum overlap: 15
No. of allowed errors:
1-5 bp: 0; 6-12 bp: 1; 13-19 bp: 2; 20 bp: 3

Bases preceding removed adapters:
  A: 29.6%
  C: 0.0%
  G: 70.4%
  T: 0.0%
  none/other: 0.0%

Overview of removed sequences
length	count	expect	max.err	error counts
24	26	0.0	3	26
25	1	0.0	3	1


=== Second read: Adapter 3 ===

Sequence: GACTACNVGGGTMTCTAATCC; Type: regular 5'; Length: 21; Trimmed: 125885 times

Minimum overlap: 15
No. of allowed errors:
1-5 bp: 0; 6-12 bp: 1; 13-19 bp: 2; 20 bp: 3

Overview of removed sequences
length	count	expect	max.err	error counts
16	1	0.0	2	0 0 1
17	1	0.0	2	1
18	2	0.0	2	0 0 1 1
19	69	0.0	2	1 7 47 14
20	1511	0.0	3	199 941 329 42
21	123820	0.0	3	117699 5496 423 202
22	278	0.0	3	24 202 41 11
43	1	0.0	3	0 0 1
60	1	0.0	3	0 0 0 1
61	2	0.0	3	0 1 0 1
62	3	0.0	3	0 0 0 3
63	17	0.0	3	1 7 4 5
64	155	0.0	3	15 30 45 65
65	23	0.0	3	1 2 9 11
66	1	0.0	3	0 0 0 1


=== Second read: Adapter 4 ===

Sequence: CTGCWGCVHCCCRTAGG; Type: regular 3'; Length: 17; Trimmed: 0 times
