This is cutadapt 5.0 with Python 3.13.1
Command line parameters: -m 50 -O 15 -e 0.15 -g CCTAYGGGDBGCWGCAG -G GACTACNVGGGTMTCTAATCC -a GGATTAGAKACCCBNGTAGTC -A CTGCWGCVHCCCRTAGG -o plate2/cutadapt/3969R_0_F_S2_week5_S47_L001_R1_001.fastq.gz -p plate2/cutadapt/3969R_0_F_S2_week5_S47_L001_R2_001.fastq.gz plate2/filtN/3969R_0_F_S2_week5_S47_L001_R1_001.fastq.gz plate2/filtN/3969R_0_F_S2_week5_S47_L001_R2_001.fastq.gz
Processing paired-end reads on 1 core ...

=== Summary ===

Total read pairs processed:            105,283
  Read 1 with adapter:                 105,139 (99.9%)
  Read 2 with adapter:                 104,149 (98.9%)

== Read fate breakdown ==
Pairs that were too short:                   1 (0.0%)
Pairs written (passing filters):       105,282 (100.0%)

Total basepairs processed:    63,380,366 bp
  Read 1:    31,690,183 bp
  Read 2:    31,690,183 bp
Total written (filtered):     59,393,222 bp (93.7%)
  Read 1:    29,904,823 bp
  Read 2:    29,488,399 bp

=== First read: Adapter 1 ===

Sequence: CCTAYGGGDBGCWGCAG; Type: regular 5'; Length: 17; Trimmed: 105094 times

Minimum overlap: 15
No. of allowed errors:
1-5 bp: 0; 6-12 bp: 1; 13-17 bp: 2

Overview of removed sequences
length	count	expect	max.err	error counts
14	1	0.0	2	0 1
15	106	0.0	2	0 27 79
16	2562	0.0	2	314 1964 284
17	102251	0.0	2	101134 1080 37
18	173	0.0	2	30 117 26
19	1	0.0	2	0 0 1


=== First read: Adapter 2 ===

Sequence: GGATTAGAKACCCBNGTAGTC; Type: regular 3'; Length: 21; Trimmed: 45 times

Minimum overlap: 15
No. of allowed errors:
1-5 bp: 0; 6-12 bp: 1; 13-19 bp: 2; 20 bp: 3

Bases preceding removed adapters:
  A: 17.8%
  C: 0.0%
  G: 82.2%
  T: 0.0%
  none/other: 0.0%
WARNING:
    The adapter is preceded by 'G' extremely often.
    The provided adapter sequence could be incomplete at its 5' end.
    Ignore this warning when trimming primers.

Overview of removed sequences
length	count	expect	max.err	error counts
23	1	0.0	3	1
24	43	0.0	3	37 6
25	1	0.0	3	1


=== Second read: Adapter 3 ===

Sequence: GACTACNVGGGTMTCTAATCC; Type: regular 5'; Length: 21; Trimmed: 104147 times

Minimum overlap: 15
No. of allowed errors:
1-5 bp: 0; 6-12 bp: 1; 13-19 bp: 2; 20 bp: 3

Overview of removed sequences
length	count	expect	max.err	error counts
16	2	0.0	2	2
17	4	0.0	2	1 1 2
18	11	0.0	2	3 3 2 3
19	137	0.0	2	5 7 89 36
20	1888	0.0	3	158 1309 363 58
21	101449	0.0	3	96144 4682 396 227
22	270	0.0	3	25 202 36 7
23	4	0.0	3	0 0 3 1
24	1	0.0	3	1
25	2	0.0	3	1 1
26	1	0.0	3	1
30	1	0.0	3	0 0 1
52	1	0.0	3	0 0 0 1
57	1	0.0	3	0 1
58	1	0.0	3	0 0 1
59	3	0.0	3	0 1 1 1
60	2	0.0	3	0 2
61	2	0.0	3	0 1 0 1
62	8	0.0	3	1 2 2 3
63	46	0.0	3	2 12 21 11
64	260	0.0	3	27 48 82 103
65	50	0.0	3	3 9 19 19
66	2	0.0	3	0 0 1 1
85	1	0.0	3	0 1


=== Second read: Adapter 4 ===

Sequence: CTGCWGCVHCCCRTAGG; Type: regular 3'; Length: 17; Trimmed: 2 times

Minimum overlap: 15
No. of allowed errors:
1-5 bp: 0; 6-12 bp: 1; 13-17 bp: 2

Bases preceding removed adapters:
  A: 0.0%
  C: 50.0%
  G: 0.0%
  T: 50.0%
  none/other: 0.0%

Overview of removed sequences
length	count	expect	max.err	error counts
144	1	0.0	2	0 0 1
288	1	0.0	2	0 0 1


WARNING:
    One or more of your adapter sequences may be incomplete.
    Please see the detailed output above.
