This is cutadapt 5.0 with Python 3.13.1
Command line parameters: -A XXX -q 20,20 -m 50 -o plate2/cutadapt_qc/2529R_R_F_NS1_week9_S8_L001_R1_001.fastq.gz -p plate2/cutadapt_qc/2529R_R_F_NS1_week9_S8_L001_R2_001.fastq.gz plate2/cutadapt/2529R_R_F_NS1_week9_S8_L001_R1_001.fastq.gz plate2/cutadapt/2529R_R_F_NS1_week9_S8_L001_R2_001.fastq.gz
Processing paired-end reads on 1 core ...

=== Summary ===

Total read pairs processed:             90,043
  Read 2 with adapter:                       0 (0.0%)

== Read fate breakdown ==
Pairs that were too short:                 636 (0.7%)
Pairs written (passing filters):        89,407 (99.3%)

Total basepairs processed:    50,798,274 bp
  Read 1:    25,576,582 bp
  Read 2:    25,221,692 bp
Quality-trimmed:               1,643,480 bp (3.2%)
  Read 1:       304,508 bp
  Read 2:     1,338,972 bp
Total written (filtered):     48,967,106 bp (96.4%)
  Read 1:    25,097,054 bp
  Read 2:    23,870,052 bp

=== Second read: Adapter 1 ===

Sequence: XXX; Type: regular 3'; Length: 3; Trimmed: 0 times
