This is cutadapt 5.0 with Python 3.13.1
Command line parameters: -m 50 -O 15 -e 0.15 -g CCTAYGGGDBGCWGCAG -G GACTACNVGGGTMTCTAATCC -a GGATTAGAKACCCBNGTAGTC -A CTGCWGCVHCCCRTAGG -o plate2/cutadapt/1030R_L_M_NS1_week5_S22_L001_R1_001.fastq.gz -p plate2/cutadapt/1030R_L_M_NS1_week5_S22_L001_R2_001.fastq.gz plate2/filtN/1030R_L_M_NS1_week5_S22_L001_R1_001.fastq.gz plate2/filtN/1030R_L_M_NS1_week5_S22_L001_R2_001.fastq.gz
Processing paired-end reads on 1 core ...

=== Summary ===

Total read pairs processed:            140,298
  Read 1 with adapter:                 140,085 (99.8%)
  Read 2 with adapter:                 139,068 (99.1%)

== Read fate breakdown ==
Pairs that were too short:                   0 (0.0%)
Pairs written (passing filters):       140,298 (100.0%)

Total basepairs processed:    84,459,396 bp
  Read 1:    42,229,698 bp
  Read 2:    42,229,698 bp
Total written (filtered):     79,158,612 bp (93.7%)
  Read 1:    39,851,504 bp
  Read 2:    39,307,108 bp

=== First read: Adapter 1 ===

Sequence: CCTAYGGGDBGCWGCAG; Type: regular 5'; Length: 17; Trimmed: 140043 times

Minimum overlap: 15
No. of allowed errors:
1-5 bp: 0; 6-12 bp: 1; 13-17 bp: 2

Overview of removed sequences
length	count	expect	max.err	error counts
14	1	0.0	2	0 0 1
15	173	0.0	2	3 53 117
16	3421	0.0	2	534 2520 367
17	136225	0.0	2	134743 1423 59
18	221	0.0	2	32 158 31
19	2	0.0	2	0 1 1


=== First read: Adapter 2 ===

Sequence: GGATTAGAKACCCBNGTAGTC; Type: regular 3'; Length: 21; Trimmed: 42 times

Minimum overlap: 15
No. of allowed errors:
1-5 bp: 0; 6-12 bp: 1; 13-19 bp: 2; 20 bp: 3

Bases preceding removed adapters:
  A: 35.7%
  C: 0.0%
  G: 64.3%
  T: 0.0%
  none/other: 0.0%

Overview of removed sequences
length	count	expect	max.err	error counts
23	1	0.0	3	1
24	40	0.0	3	35 5
25	1	0.0	3	0 1


=== Second read: Adapter 3 ===

Sequence: GACTACNVGGGTMTCTAATCC; Type: regular 5'; Length: 21; Trimmed: 139066 times

Minimum overlap: 15
No. of allowed errors:
1-5 bp: 0; 6-12 bp: 1; 13-19 bp: 2; 20 bp: 3

Overview of removed sequences
length	count	expect	max.err	error counts
15	1	0.0	2	0 1
16	4	0.0	2	0 1 3
17	6	0.0	2	1 2 3
18	7	0.0	2	2 3 0 2
19	150	0.0	2	3 24 91 32
20	2315	0.0	3	203 1625 444 43
21	136167	0.0	3	129614 5965 408 180
22	308	0.0	3	23 250 30 5
23	2	0.0	3	0 0 1 1
24	1	0.0	3	0 1
30	1	0.0	3	0 0 0 1
34	1	0.0	3	1
57	2	0.0	3	0 0 1 1
58	1	0.0	3	0 0 0 1
61	3	0.0	3	0 1 0 2
62	2	0.0	3	0 0 1 1
63	19	0.0	3	3 3 4 9
64	63	0.0	3	5 7 15 36
65	12	0.0	3	0 0 3 9
66	1	0.0	3	0 0 0 1


=== Second read: Adapter 4 ===

Sequence: CTGCWGCVHCCCRTAGG; Type: regular 3'; Length: 17; Trimmed: 2 times

Minimum overlap: 15
No. of allowed errors:
1-5 bp: 0; 6-12 bp: 1; 13-17 bp: 2

Bases preceding removed adapters:
  A: 50.0%
  C: 0.0%
  G: 50.0%
  T: 0.0%
  none/other: 0.0%

Overview of removed sequences
length	count	expect	max.err	error counts
18	1	0.0	2	1
144	1	0.0	2	0 0 1
