This is cutadapt 5.0 with Python 3.13.1
Command line parameters: -A XXX -q 20,20 -m 50 -o plate2/cutadapt_qc/1193R_R_F_NS1_week5_S1_L001_R1_001.fastq.gz -p plate2/cutadapt_qc/1193R_R_F_NS1_week5_S1_L001_R2_001.fastq.gz plate2/cutadapt/1193R_R_F_NS1_week5_S1_L001_R1_001.fastq.gz plate2/cutadapt/1193R_R_F_NS1_week5_S1_L001_R2_001.fastq.gz
Processing paired-end reads on 1 core ...

=== Summary ===

Total read pairs processed:            105,319
  Read 2 with adapter:                       0 (0.0%)

== Read fate breakdown ==
Pairs that were too short:                 781 (0.7%)
Pairs written (passing filters):       104,538 (99.3%)

Total basepairs processed:    59,416,558 bp
  Read 1:    29,915,449 bp
  Read 2:    29,501,109 bp
Quality-trimmed:               1,519,403 bp (2.6%)
  Read 1:       273,002 bp
  Read 2:     1,246,401 bp
Total written (filtered):     57,668,372 bp (97.1%)
  Read 1:    29,434,277 bp
  Read 2:    28,234,095 bp

=== Second read: Adapter 1 ===

Sequence: XXX; Type: regular 3'; Length: 3; Trimmed: 0 times
