This is cutadapt 5.0 with Python 3.13.1
Command line parameters: -m 50 -O 15 -e 0.15 -g CCTAYGGGDBGCWGCAG -G GACTACNVGGGTMTCTAATCC -a GGATTAGAKACCCBNGTAGTC -A CTGCWGCVHCCCRTAGG -o plate2/cutadapt/3795R_0_F_S2_week7_S45_L001_R1_001.fastq.gz -p plate2/cutadapt/3795R_0_F_S2_week7_S45_L001_R2_001.fastq.gz plate2/filtN/3795R_0_F_S2_week7_S45_L001_R1_001.fastq.gz plate2/filtN/3795R_0_F_S2_week7_S45_L001_R2_001.fastq.gz
Processing paired-end reads on 1 core ...

=== Summary ===

Total read pairs processed:            100,871
  Read 1 with adapter:                 100,736 (99.9%)
  Read 2 with adapter:                  99,782 (98.9%)

== Read fate breakdown ==
Pairs that were too short:                   0 (0.0%)
Pairs written (passing filters):       100,871 (100.0%)

Total basepairs processed:    60,724,342 bp
  Read 1:    30,362,171 bp
  Read 2:    30,362,171 bp
Total written (filtered):     56,908,671 bp (93.7%)
  Read 1:    28,652,147 bp
  Read 2:    28,256,524 bp

=== First read: Adapter 1 ===

Sequence: CCTAYGGGDBGCWGCAG; Type: regular 5'; Length: 17; Trimmed: 100703 times

Minimum overlap: 15
No. of allowed errors:
1-5 bp: 0; 6-12 bp: 1; 13-17 bp: 2

Overview of removed sequences
length	count	expect	max.err	error counts
15	135	0.0	2	3 40 92
16	2643	0.0	2	365 1977 301
17	97755	0.0	2	96626 1097 32
18	168	0.0	2	25 115 28
19	2	0.0	2	0 0 2


=== First read: Adapter 2 ===

Sequence: GGATTAGAKACCCBNGTAGTC; Type: regular 3'; Length: 21; Trimmed: 33 times

Minimum overlap: 15
No. of allowed errors:
1-5 bp: 0; 6-12 bp: 1; 13-19 bp: 2; 20 bp: 3

Bases preceding removed adapters:
  A: 33.3%
  C: 0.0%
  G: 66.7%
  T: 0.0%
  none/other: 0.0%

Overview of removed sequences
length	count	expect	max.err	error counts
24	30	0.0	3	27 3
25	2	0.0	3	2
44	1	0.0	3	1


=== Second read: Adapter 3 ===

Sequence: GACTACNVGGGTMTCTAATCC; Type: regular 5'; Length: 21; Trimmed: 99781 times

Minimum overlap: 15
No. of allowed errors:
1-5 bp: 0; 6-12 bp: 1; 13-19 bp: 2; 20 bp: 3

Overview of removed sequences
length	count	expect	max.err	error counts
17	1	0.0	2	0 1
18	13	0.0	2	2 5 4 2
19	109	0.0	2	1 6 74 28
20	1777	0.0	3	147 1222 368 40
21	97316	0.0	3	92362 4330 389 235
22	280	0.0	3	27 200 43 10
23	4	0.0	3	0 0 3 1
25	1	0.0	3	1
29	1	0.0	3	0 0 1
57	2	0.0	3	0 0 0 2
58	2	0.0	3	0 1 0 1
59	3	0.0	3	0 0 1 2
61	2	0.0	3	0 0 1 1
62	7	0.0	3	0 2 2 3
63	41	0.0	3	0 10 15 16
64	182	0.0	3	12 30 71 69
65	40	0.0	3	2 4 16 18


=== Second read: Adapter 4 ===

Sequence: CTGCWGCVHCCCRTAGG; Type: regular 3'; Length: 17; Trimmed: 1 times

Minimum overlap: 15
No. of allowed errors:
1-5 bp: 0; 6-12 bp: 1; 13-17 bp: 2

Bases preceding removed adapters:
  A: 0.0%
  C: 0.0%
  G: 0.0%
  T: 100.0%
  none/other: 0.0%

Overview of removed sequences
length	count	expect	max.err	error counts
49	1	0.0	2	0 0 1
