This is cutadapt 5.0 with Python 3.13.1
Command line parameters: -A XXX -q 20,20 -m 50 -o plate2/cutadapt_qc/2562R_RL_F_NS6_week9_S83_L001_R1_001.fastq.gz -p plate2/cutadapt_qc/2562R_RL_F_NS6_week9_S83_L001_R2_001.fastq.gz plate2/cutadapt/2562R_RL_F_NS6_week9_S83_L001_R1_001.fastq.gz plate2/cutadapt/2562R_RL_F_NS6_week9_S83_L001_R2_001.fastq.gz
Processing paired-end reads on 1 core ...

=== Summary ===

Total read pairs processed:            102,717
  Read 2 with adapter:                       0 (0.0%)

== Read fate breakdown ==
Pairs that were too short:                 558 (0.5%)
Pairs written (passing filters):       102,159 (99.5%)

Total basepairs processed:    57,946,333 bp
  Read 1:    29,177,288 bp
  Read 2:    28,769,045 bp
Quality-trimmed:               1,224,335 bp (2.1%)
  Read 1:       185,053 bp
  Read 2:     1,039,282 bp
Total written (filtered):     56,554,482 bp (97.6%)
  Read 1:    28,836,332 bp
  Read 2:    27,718,150 bp

=== Second read: Adapter 1 ===

Sequence: XXX; Type: regular 3'; Length: 3; Trimmed: 0 times
