This is cutadapt 5.0 with Python 3.13.1
Command line parameters: -m 50 -O 15 -e 0.15 -g CCTAYGGGDBGCWGCAG -G GACTACNVGGGTMTCTAATCC -a GGATTAGAKACCCBNGTAGTC -A CTGCWGCVHCCCRTAGG -o plate2/cutadapt/3971R_L_F_NS1_week9_S12_L001_R1_001.fastq.gz -p plate2/cutadapt/3971R_L_F_NS1_week9_S12_L001_R2_001.fastq.gz plate2/filtN/3971R_L_F_NS1_week9_S12_L001_R1_001.fastq.gz plate2/filtN/3971R_L_F_NS1_week9_S12_L001_R2_001.fastq.gz
Processing paired-end reads on 1 core ...

=== Summary ===

Total read pairs processed:            105,525
  Read 1 with adapter:                 105,355 (99.8%)
  Read 2 with adapter:                 103,910 (98.5%)

== Read fate breakdown ==
Pairs that were too short:                   0 (0.0%)
Pairs written (passing filters):       105,525 (100.0%)

Total basepairs processed:    63,526,050 bp
  Read 1:    31,763,025 bp
  Read 2:    31,763,025 bp
Total written (filtered):     59,547,291 bp (93.7%)
  Read 1:    29,974,865 bp
  Read 2:    29,572,426 bp

=== First read: Adapter 1 ===

Sequence: CCTAYGGGDBGCWGCAG; Type: regular 5'; Length: 17; Trimmed: 105331 times

Minimum overlap: 15
No. of allowed errors:
1-5 bp: 0; 6-12 bp: 1; 13-17 bp: 2

Overview of removed sequences
length	count	expect	max.err	error counts
14	1	0.0	2	0 0 1
15	195	0.0	2	3 61 131
16	2927	0.0	2	471 2182 274
17	101937	0.0	2	100836 1062 39
18	270	0.0	2	33 182 55
23	1	0.0	2	1


=== First read: Adapter 2 ===

Sequence: GGATTAGAKACCCBNGTAGTC; Type: regular 3'; Length: 21; Trimmed: 24 times

Minimum overlap: 15
No. of allowed errors:
1-5 bp: 0; 6-12 bp: 1; 13-19 bp: 2; 20 bp: 3

Bases preceding removed adapters:
  A: 41.7%
  C: 0.0%
  G: 58.3%
  T: 0.0%
  none/other: 0.0%

Overview of removed sequences
length	count	expect	max.err	error counts
24	23	0.0	3	18 5
25	1	0.0	3	1


=== Second read: Adapter 3 ===

Sequence: GACTACNVGGGTMTCTAATCC; Type: regular 5'; Length: 21; Trimmed: 103909 times

Minimum overlap: 15
No. of allowed errors:
1-5 bp: 0; 6-12 bp: 1; 13-19 bp: 2; 20 bp: 3

Overview of removed sequences
length	count	expect	max.err	error counts
18	8	0.0	2	0 5 1 2
19	98	0.0	2	2 13 59 24
20	1590	0.0	3	180 1056 307 47
21	101752	0.0	3	95487 5518 474 273
22	224	0.0	3	25 171 25 3
23	4	0.0	3	1 1 2
26	1	0.0	3	0 0 1
30	1	0.0	3	0 0 1
32	1	0.0	3	0 0 0 1
59	1	0.0	3	0 0 1
60	1	0.0	3	0 0 0 1
61	2	0.0	3	0 0 1 1
62	5	0.0	3	0 1 1 3
63	26	0.0	3	1 5 4 16
64	158	0.0	3	10 27 45 76
65	37	0.0	3	0 2 10 25


=== Second read: Adapter 4 ===

Sequence: CTGCWGCVHCCCRTAGG; Type: regular 3'; Length: 17; Trimmed: 1 times

Minimum overlap: 15
No. of allowed errors:
1-5 bp: 0; 6-12 bp: 1; 13-17 bp: 2

Bases preceding removed adapters:
  A: 100.0%
  C: 0.0%
  G: 0.0%
  T: 0.0%
  none/other: 0.0%

Overview of removed sequences
length	count	expect	max.err	error counts
187	1	0.0	2	0 0 1
