This is cutadapt 5.0 with Python 3.13.1
Command line parameters: -m 50 -O 15 -e 0.15 -g CCTAYGGGDBGCWGCAG -G GACTACNVGGGTMTCTAATCC -a GGATTAGAKACCCBNGTAGTC -A CTGCWGCVHCCCRTAGG -o plate2/cutadapt/Positive_control_S89_L001_R1_001.fastq.gz -p plate2/cutadapt/Positive_control_S89_L001_R2_001.fastq.gz plate2/filtN/Positive_control_S89_L001_R1_001.fastq.gz plate2/filtN/Positive_control_S89_L001_R2_001.fastq.gz
Processing paired-end reads on 1 core ...

=== Summary ===

Total read pairs processed:            136,284
  Read 1 with adapter:                 136,093 (99.9%)
  Read 2 with adapter:                 134,897 (99.0%)

== Read fate breakdown ==
Pairs that were too short:                   0 (0.0%)
Pairs written (passing filters):       136,284 (100.0%)

Total basepairs processed:    82,042,968 bp
  Read 1:    41,021,484 bp
  Read 2:    41,021,484 bp
Total written (filtered):     76,885,553 bp (93.7%)
  Read 1:    38,711,203 bp
  Read 2:    38,174,350 bp

=== First read: Adapter 1 ===

Sequence: CCTAYGGGDBGCWGCAG; Type: regular 5'; Length: 17; Trimmed: 136068 times

Minimum overlap: 15
No. of allowed errors:
1-5 bp: 0; 6-12 bp: 1; 13-17 bp: 2

Overview of removed sequences
length	count	expect	max.err	error counts
14	2	0.0	2	0 0 2
15	157	0.0	2	1 31 125
16	3466	0.0	2	414 2714 338
17	132133	0.0	2	130555 1527 51
18	309	0.0	2	42 212 55
19	1	0.0	2	1


=== First read: Adapter 2 ===

Sequence: GGATTAGAKACCCBNGTAGTC; Type: regular 3'; Length: 21; Trimmed: 25 times

Minimum overlap: 15
No. of allowed errors:
1-5 bp: 0; 6-12 bp: 1; 13-19 bp: 2; 20 bp: 3

Bases preceding removed adapters:
  A: 100.0%
  C: 0.0%
  G: 0.0%
  T: 0.0%
  none/other: 0.0%
WARNING:
    The adapter is preceded by 'A' extremely often.
    The provided adapter sequence could be incomplete at its 5' end.
    Ignore this warning when trimming primers.

Overview of removed sequences
length	count	expect	max.err	error counts
24	25	0.0	3	20 5


=== Second read: Adapter 3 ===

Sequence: GACTACNVGGGTMTCTAATCC; Type: regular 5'; Length: 21; Trimmed: 134896 times

Minimum overlap: 15
No. of allowed errors:
1-5 bp: 0; 6-12 bp: 1; 13-19 bp: 2; 20 bp: 3

Overview of removed sequences
length	count	expect	max.err	error counts
15	1	0.0	2	0 1
16	1	0.0	2	1
17	2	0.0	2	0 0 2
18	8	0.0	2	1 2 4 1
19	84	0.0	2	2 14 53 15
20	1625	0.0	3	138 1092 355 40
21	132448	0.0	3	125420 6091 578 359
22	360	0.0	3	28 276 49 7
27	1	0.0	3	0 1
31	1	0.0	3	0 1
41	1	0.0	3	0 0 1
58	1	0.0	3	0 0 0 1
59	1	0.0	3	0 0 0 1
61	2	0.0	3	0 1 0 1
62	7	0.0	3	1 0 1 5
63	34	0.0	3	4 10 10 10
64	231	0.0	3	20 50 76 85
65	85	0.0	3	5 18 25 37
66	3	0.0	3	1 1 0 1


=== Second read: Adapter 4 ===

Sequence: CTGCWGCVHCCCRTAGG; Type: regular 3'; Length: 17; Trimmed: 1 times

Minimum overlap: 15
No. of allowed errors:
1-5 bp: 0; 6-12 bp: 1; 13-17 bp: 2

Bases preceding removed adapters:
  A: 0.0%
  C: 100.0%
  G: 0.0%
  T: 0.0%
  none/other: 0.0%

Overview of removed sequences
length	count	expect	max.err	error counts
80	1	0.0	2	0 0 1


WARNING:
    One or more of your adapter sequences may be incomplete.
    Please see the detailed output above.
