This is cutadapt 5.0 with Python 3.13.1
Command line parameters: -A XXX -q 20,20 -m 50 -o plate2/cutadapt_qc/1186R_RR_M_NS6_week9_S87_L001_R1_001.fastq.gz -p plate2/cutadapt_qc/1186R_RR_M_NS6_week9_S87_L001_R2_001.fastq.gz plate2/cutadapt/1186R_RR_M_NS6_week9_S87_L001_R1_001.fastq.gz plate2/cutadapt/1186R_RR_M_NS6_week9_S87_L001_R2_001.fastq.gz
Processing paired-end reads on 1 core ...

=== Summary ===

Total read pairs processed:            124,073
  Read 2 with adapter:                       0 (0.0%)

== Read fate breakdown ==
Pairs that were too short:                 723 (0.6%)
Pairs written (passing filters):       123,350 (99.4%)

Total basepairs processed:    69,993,769 bp
  Read 1:    35,242,452 bp
  Read 2:    34,751,317 bp
Quality-trimmed:               1,626,395 bp (2.3%)
  Read 1:       313,610 bp
  Read 2:     1,312,785 bp
Total written (filtered):     68,158,819 bp (97.4%)
  Read 1:    34,745,498 bp
  Read 2:    33,413,321 bp

=== Second read: Adapter 1 ===

Sequence: XXX; Type: regular 3'; Length: 3; Trimmed: 0 times
