This is cutadapt 5.0 with Python 3.13.1
Command line parameters: -m 50 -O 15 -e 0.15 -g CCTAYGGGDBGCWGCAG -G GACTACNVGGGTMTCTAATCC -a GGATTAGAKACCCBNGTAGTC -A CTGCWGCVHCCCRTAGG -o plate2/cutadapt/2529R_R_F_NS1_week9_S8_L001_R1_001.fastq.gz -p plate2/cutadapt/2529R_R_F_NS1_week9_S8_L001_R2_001.fastq.gz plate2/filtN/2529R_R_F_NS1_week9_S8_L001_R1_001.fastq.gz plate2/filtN/2529R_R_F_NS1_week9_S8_L001_R2_001.fastq.gz
Processing paired-end reads on 1 core ...

=== Summary ===

Total read pairs processed:             90,047
  Read 1 with adapter:                  89,930 (99.9%)
  Read 2 with adapter:                  89,232 (99.1%)

== Read fate breakdown ==
Pairs that were too short:                   4 (0.0%)
Pairs written (passing filters):        90,043 (100.0%)

Total basepairs processed:    54,208,294 bp
  Read 1:    27,104,147 bp
  Read 2:    27,104,147 bp
Total written (filtered):     50,798,274 bp (93.7%)
  Read 1:    25,576,582 bp
  Read 2:    25,221,692 bp

=== First read: Adapter 1 ===

Sequence: CCTAYGGGDBGCWGCAG; Type: regular 5'; Length: 17; Trimmed: 89901 times

Minimum overlap: 15
No. of allowed errors:
1-5 bp: 0; 6-12 bp: 1; 13-17 bp: 2

Overview of removed sequences
length	count	expect	max.err	error counts
15	133	0.0	2	3 36 94
16	2449	0.0	2	343 1870 236
17	87163	0.0	2	86129 992 42
18	155	0.0	2	17 109 29
20	1	0.0	2	0 1


=== First read: Adapter 2 ===

Sequence: GGATTAGAKACCCBNGTAGTC; Type: regular 3'; Length: 21; Trimmed: 29 times

Minimum overlap: 15
No. of allowed errors:
1-5 bp: 0; 6-12 bp: 1; 13-19 bp: 2; 20 bp: 3

Bases preceding removed adapters:
  A: 41.4%
  C: 0.0%
  G: 55.2%
  T: 3.4%
  none/other: 0.0%

Overview of removed sequences
length	count	expect	max.err	error counts
24	24	0.0	3	21 3
25	1	0.0	3	0 1
268	1	0.0	3	1
285	3	0.0	3	3


=== Second read: Adapter 3 ===

Sequence: GACTACNVGGGTMTCTAATCC; Type: regular 5'; Length: 21; Trimmed: 89232 times

Minimum overlap: 15
No. of allowed errors:
1-5 bp: 0; 6-12 bp: 1; 13-19 bp: 2; 20 bp: 3

Overview of removed sequences
length	count	expect	max.err	error counts
16	1	0.0	2	1
17	2	0.0	2	0 1 1
18	9	0.0	2	1 4 3 1
19	78	0.0	2	1 4 55 18
20	1358	0.0	3	118 915 284 41
21	87380	0.0	3	82882 4087 282 129
22	196	0.0	3	16 129 38 13
23	1	0.0	3	1
26	1	0.0	3	1
37	1	0.0	3	0 1
44	1	0.0	3	1
56	1	0.0	3	0 0 0 1
58	1	0.0	3	0 0 1
60	3	0.0	3	2 0 1
61	4	0.0	3	0 0 1 3
62	9	0.0	3	1 2 2 4
63	25	0.0	3	2 4 9 10
64	115	0.0	3	14 22 41 38
65	43	0.0	3	1 11 14 17
66	2	0.0	3	1 0 1
80	1	0.0	3	0 0 0 1


=== Second read: Adapter 4 ===

Sequence: CTGCWGCVHCCCRTAGG; Type: regular 3'; Length: 17; Trimmed: 0 times
