This is cutadapt 5.0 with Python 3.13.1
Command line parameters: -A XXX -q 20,20 -m 50 -o plate2/cutadapt_qc/3795R_0_F_S2_week7_S45_L001_R1_001.fastq.gz -p plate2/cutadapt_qc/3795R_0_F_S2_week7_S45_L001_R2_001.fastq.gz plate2/cutadapt/3795R_0_F_S2_week7_S45_L001_R1_001.fastq.gz plate2/cutadapt/3795R_0_F_S2_week7_S45_L001_R2_001.fastq.gz
Processing paired-end reads on 1 core ...

=== Summary ===

Total read pairs processed:            100,871
  Read 2 with adapter:                       0 (0.0%)

== Read fate breakdown ==
Pairs that were too short:               1,162 (1.2%)
Pairs written (passing filters):        99,709 (98.8%)

Total basepairs processed:    56,908,671 bp
  Read 1:    28,652,147 bp
  Read 2:    28,256,524 bp
Quality-trimmed:               2,105,712 bp (3.7%)
  Read 1:       374,966 bp
  Read 2:     1,730,746 bp
Total written (filtered):     54,468,065 bp (95.7%)
  Read 1:    27,978,280 bp
  Read 2:    26,489,785 bp

=== Second read: Adapter 1 ===

Sequence: XXX; Type: regular 3'; Length: 3; Trimmed: 0 times
