This is cutadapt 5.0 with Python 3.13.1
Command line parameters: -A XXX -q 20,20 -m 50 -o plate2/cutadapt_qc/073R_0_M_S2_week6_S53_L001_R1_001.fastq.gz -p plate2/cutadapt_qc/073R_0_M_S2_week6_S53_L001_R2_001.fastq.gz plate2/cutadapt/073R_0_M_S2_week6_S53_L001_R1_001.fastq.gz plate2/cutadapt/073R_0_M_S2_week6_S53_L001_R2_001.fastq.gz
Processing paired-end reads on 1 core ...

=== Summary ===

Total read pairs processed:            144,660
  Read 2 with adapter:                       0 (0.0%)

== Read fate breakdown ==
Pairs that were too short:               1,115 (0.8%)
Pairs written (passing filters):       143,545 (99.2%)

Total basepairs processed:    81,619,500 bp
  Read 1:    41,090,494 bp
  Read 2:    40,529,006 bp
Quality-trimmed:               2,587,574 bp (3.2%)
  Read 1:       485,401 bp
  Read 2:     2,102,173 bp
Total written (filtered):     78,711,333 bp (96.4%)
  Read 1:    40,320,405 bp
  Read 2:    38,390,928 bp

=== Second read: Adapter 1 ===

Sequence: XXX; Type: regular 3'; Length: 3; Trimmed: 0 times
