This is cutadapt 5.0 with Python 3.13.1
Command line parameters: -A XXX -q 20,20 -m 50 -o plate2/cutadapt_qc/1152R_0_M_S2_week9_S60_L001_R1_001.fastq.gz -p plate2/cutadapt_qc/1152R_0_M_S2_week9_S60_L001_R2_001.fastq.gz plate2/cutadapt/1152R_0_M_S2_week9_S60_L001_R1_001.fastq.gz plate2/cutadapt/1152R_0_M_S2_week9_S60_L001_R2_001.fastq.gz
Processing paired-end reads on 1 core ...

=== Summary ===

Total read pairs processed:            136,614
  Read 2 with adapter:                       0 (0.0%)

== Read fate breakdown ==
Pairs that were too short:                 891 (0.7%)
Pairs written (passing filters):       135,723 (99.3%)

Total basepairs processed:    77,079,302 bp
  Read 1:    38,805,774 bp
  Read 2:    38,273,528 bp
Quality-trimmed:               2,179,405 bp (2.8%)
  Read 1:       359,114 bp
  Read 2:     1,820,291 bp
Total written (filtered):     74,636,550 bp (96.8%)
  Read 1:    38,203,735 bp
  Read 2:    36,432,815 bp

=== Second read: Adapter 1 ===

Sequence: XXX; Type: regular 3'; Length: 3; Trimmed: 0 times
