This is cutadapt 5.0 with Python 3.13.1
Command line parameters: -m 50 -O 15 -e 0.15 -g CCTAYGGGDBGCWGCAG -G GACTACNVGGGTMTCTAATCC -a GGATTAGAKACCCBNGTAGTC -A CTGCWGCVHCCCRTAGG -o plate2/cutadapt/1076R_0_M_S5_week9_S76_L001_R1_001.fastq.gz -p plate2/cutadapt/1076R_0_M_S5_week9_S76_L001_R2_001.fastq.gz plate2/filtN/1076R_0_M_S5_week9_S76_L001_R1_001.fastq.gz plate2/filtN/1076R_0_M_S5_week9_S76_L001_R2_001.fastq.gz
Processing paired-end reads on 1 core ...

=== Summary ===

Total read pairs processed:             94,697
  Read 1 with adapter:                  94,554 (99.8%)
  Read 2 with adapter:                  93,368 (98.6%)

== Read fate breakdown ==
Pairs that were too short:                   0 (0.0%)
Pairs written (passing filters):        94,697 (100.0%)

Total basepairs processed:    57,007,594 bp
  Read 1:    28,503,797 bp
  Read 2:    28,503,797 bp
Total written (filtered):     53,440,328 bp (93.7%)
  Read 1:    26,898,997 bp
  Read 2:    26,541,331 bp

=== First read: Adapter 1 ===

Sequence: CCTAYGGGDBGCWGCAG; Type: regular 5'; Length: 17; Trimmed: 94523 times

Minimum overlap: 15
No. of allowed errors:
1-5 bp: 0; 6-12 bp: 1; 13-17 bp: 2

Overview of removed sequences
length	count	expect	max.err	error counts
15	185	0.0	2	6 56 123
16	2728	0.0	2	476 2002 250
17	91348	0.0	2	90326 990 32
18	262	0.0	2	45 183 34


=== First read: Adapter 2 ===

Sequence: GGATTAGAKACCCBNGTAGTC; Type: regular 3'; Length: 21; Trimmed: 31 times

Minimum overlap: 15
No. of allowed errors:
1-5 bp: 0; 6-12 bp: 1; 13-19 bp: 2; 20 bp: 3

Bases preceding removed adapters:
  A: 25.8%
  C: 0.0%
  G: 74.2%
  T: 0.0%
  none/other: 0.0%

Overview of removed sequences
length	count	expect	max.err	error counts
24	30	0.0	3	27 3
25	1	0.0	3	1


=== Second read: Adapter 3 ===

Sequence: GACTACNVGGGTMTCTAATCC; Type: regular 5'; Length: 21; Trimmed: 93367 times

Minimum overlap: 15
No. of allowed errors:
1-5 bp: 0; 6-12 bp: 1; 13-19 bp: 2; 20 bp: 3

Overview of removed sequences
length	count	expect	max.err	error counts
18	2	0.0	2	0 0 1 1
19	69	0.0	2	3 6 47 13
20	1379	0.0	3	135 890 324 30
21	91639	0.0	3	86815 4237 363 224
22	212	0.0	3	21 155 31 5
61	1	0.0	3	0 0 0 1
63	7	0.0	3	0 1 0 6
64	47	0.0	3	1 2 8 36
65	10	0.0	3	0 1 1 8
66	1	0.0	3	0 0 0 1


=== Second read: Adapter 4 ===

Sequence: CTGCWGCVHCCCRTAGG; Type: regular 3'; Length: 17; Trimmed: 1 times

Minimum overlap: 15
No. of allowed errors:
1-5 bp: 0; 6-12 bp: 1; 13-17 bp: 2

Bases preceding removed adapters:
  A: 0.0%
  C: 0.0%
  G: 100.0%
  T: 0.0%
  none/other: 0.0%

Overview of removed sequences
length	count	expect	max.err	error counts
230	1	0.0	2	0 0 1
