This is cutadapt 5.0 with Python 3.13.1
Command line parameters: -A XXX -q 20,20 -m 50 -o plate2/cutadapt_qc/3918R_R_M_S2_week6_S66_L001_R1_001.fastq.gz -p plate2/cutadapt_qc/3918R_R_M_S2_week6_S66_L001_R2_001.fastq.gz plate2/cutadapt/3918R_R_M_S2_week6_S66_L001_R1_001.fastq.gz plate2/cutadapt/3918R_R_M_S2_week6_S66_L001_R2_001.fastq.gz
Processing paired-end reads on 1 core ...

=== Summary ===

Total read pairs processed:            117,693
  Read 2 with adapter:                       0 (0.0%)

== Read fate breakdown ==
Pairs that were too short:                 833 (0.7%)
Pairs written (passing filters):       116,860 (99.3%)

Total basepairs processed:    66,396,794 bp
  Read 1:    33,431,041 bp
  Read 2:    32,965,753 bp
Quality-trimmed:               1,977,255 bp (3.0%)
  Read 1:       318,478 bp
  Read 2:     1,658,777 bp
Total written (filtered):     64,172,442 bp (96.6%)
  Read 1:    32,883,611 bp
  Read 2:    31,288,831 bp

=== Second read: Adapter 1 ===

Sequence: XXX; Type: regular 3'; Length: 3; Trimmed: 0 times
