This is cutadapt 5.0 with Python 3.13.1
Command line parameters: -m 50 -O 15 -e 0.15 -g CCTAYGGGDBGCWGCAG -G GACTACNVGGGTMTCTAATCC -a GGATTAGAKACCCBNGTAGTC -A CTGCWGCVHCCCRTAGG -o plate2/cutadapt/3795R_0_F_S2_week5_S43_L001_R1_001.fastq.gz -p plate2/cutadapt/3795R_0_F_S2_week5_S43_L001_R2_001.fastq.gz plate2/filtN/3795R_0_F_S2_week5_S43_L001_R1_001.fastq.gz plate2/filtN/3795R_0_F_S2_week5_S43_L001_R2_001.fastq.gz
Processing paired-end reads on 1 core ...

=== Summary ===

Total read pairs processed:            118,565
  Read 1 with adapter:                 118,371 (99.8%)
  Read 2 with adapter:                 117,281 (98.9%)

== Read fate breakdown ==
Pairs that were too short:                   1 (0.0%)
Pairs written (passing filters):       118,564 (100.0%)

Total basepairs processed:    71,376,130 bp
  Read 1:    35,688,065 bp
  Read 2:    35,688,065 bp
Total written (filtered):     66,890,169 bp (93.7%)
  Read 1:    33,679,013 bp
  Read 2:    33,211,156 bp

=== First read: Adapter 1 ===

Sequence: CCTAYGGGDBGCWGCAG; Type: regular 5'; Length: 17; Trimmed: 118329 times

Minimum overlap: 15
No. of allowed errors:
1-5 bp: 0; 6-12 bp: 1; 13-17 bp: 2

Overview of removed sequences
length	count	expect	max.err	error counts
14	4	0.0	2	0 0 4
15	235	0.0	2	8 68 159
16	3678	0.0	2	659 2676 343
17	114133	0.0	2	113028 1075 30
18	276	0.0	2	39 186 51
25	1	0.0	2	1
28	1	0.0	2	1
47	1	0.0	2	1


=== First read: Adapter 2 ===

Sequence: GGATTAGAKACCCBNGTAGTC; Type: regular 3'; Length: 21; Trimmed: 42 times

Minimum overlap: 15
No. of allowed errors:
1-5 bp: 0; 6-12 bp: 1; 13-19 bp: 2; 20 bp: 3

Bases preceding removed adapters:
  A: 9.5%
  C: 0.0%
  G: 90.5%
  T: 0.0%
  none/other: 0.0%
WARNING:
    The adapter is preceded by 'G' extremely often.
    The provided adapter sequence could be incomplete at its 5' end.
    Ignore this warning when trimming primers.

Overview of removed sequences
length	count	expect	max.err	error counts
24	40	0.0	3	37 3
25	2	0.0	3	0 1 1


=== Second read: Adapter 3 ===

Sequence: GACTACNVGGGTMTCTAATCC; Type: regular 5'; Length: 21; Trimmed: 117279 times

Minimum overlap: 15
No. of allowed errors:
1-5 bp: 0; 6-12 bp: 1; 13-19 bp: 2; 20 bp: 3

Overview of removed sequences
length	count	expect	max.err	error counts
15	1	0.0	2	0 1
16	1	0.0	2	1
17	2	0.0	2	0 1 1
18	10	0.0	2	0 1 3 6
19	108	0.0	2	3 11 70 24
20	2207	0.0	3	190 1531 433 53
21	114249	0.0	3	108535 5065 418 231
22	323	0.0	3	32 234 50 7
23	5	0.0	3	0 1 3 1
24	2	0.0	3	0 0 0 2
25	1	0.0	3	0 0 1
27	1	0.0	3	1
33	2	0.0	3	1 0 1
54	1	0.0	3	0 0 1
56	1	0.0	3	0 0 1
59	5	0.0	3	0 1 3 1
60	2	0.0	3	0 0 1 1
61	5	0.0	3	1 0 2 2
62	9	0.0	3	0 2 2 5
63	49	0.0	3	2 10 16 21
64	245	0.0	3	17 52 80 96
65	47	0.0	3	4 8 11 24
67	2	0.0	3	0 1 0 1
74	1	0.0	3	0 0 0 1


=== Second read: Adapter 4 ===

Sequence: CTGCWGCVHCCCRTAGG; Type: regular 3'; Length: 17; Trimmed: 2 times

Minimum overlap: 15
No. of allowed errors:
1-5 bp: 0; 6-12 bp: 1; 13-17 bp: 2

Bases preceding removed adapters:
  A: 0.0%
  C: 50.0%
  G: 0.0%
  T: 50.0%
  none/other: 0.0%

Overview of removed sequences
length	count	expect	max.err	error counts
137	1	0.0	2	0 0 1
280	1	0.0	2	0 0 1


WARNING:
    One or more of your adapter sequences may be incomplete.
    Please see the detailed output above.
