This is cutadapt 5.0 with Python 3.13.1
Command line parameters: -A XXX -q 20,20 -m 50 -o plate2/cutadapt_qc/3795R_0_F_S2_week9_S46_L001_R1_001.fastq.gz -p plate2/cutadapt_qc/3795R_0_F_S2_week9_S46_L001_R2_001.fastq.gz plate2/cutadapt/3795R_0_F_S2_week9_S46_L001_R1_001.fastq.gz plate2/cutadapt/3795R_0_F_S2_week9_S46_L001_R2_001.fastq.gz
Processing paired-end reads on 1 core ...

=== Summary ===

Total read pairs processed:            126,020
  Read 2 with adapter:                       0 (0.0%)

== Read fate breakdown ==
Pairs that were too short:               1,394 (1.1%)
Pairs written (passing filters):       124,626 (98.9%)

Total basepairs processed:    71,095,606 bp
  Read 1:    35,795,779 bp
  Read 2:    35,299,827 bp
Quality-trimmed:               2,541,612 bp (3.6%)
  Read 1:       429,466 bp
  Read 2:     2,112,146 bp
Total written (filtered):     68,147,893 bp (95.9%)
  Read 1:    34,992,631 bp
  Read 2:    33,155,262 bp

=== Second read: Adapter 1 ===

Sequence: XXX; Type: regular 3'; Length: 3; Trimmed: 0 times
