This is cutadapt 5.0 with Python 3.13.1
Command line parameters: -m 50 -O 15 -e 0.15 -g CCTAYGGGDBGCWGCAG -G GACTACNVGGGTMTCTAATCC -a GGATTAGAKACCCBNGTAGTC -A CTGCWGCVHCCCRTAGG -o plate2/cutadapt/3975R_R_F_NS1_week6_S15_L001_R1_001.fastq.gz -p plate2/cutadapt/3975R_R_F_NS1_week6_S15_L001_R2_001.fastq.gz plate2/filtN/3975R_R_F_NS1_week6_S15_L001_R1_001.fastq.gz plate2/filtN/3975R_R_F_NS1_week6_S15_L001_R2_001.fastq.gz
Processing paired-end reads on 1 core ...

=== Summary ===

Total read pairs processed:            107,522
  Read 1 with adapter:                 107,389 (99.9%)
  Read 2 with adapter:                 105,735 (98.3%)

== Read fate breakdown ==
Pairs that were too short:                   0 (0.0%)
Pairs written (passing filters):       107,522 (100.0%)

Total basepairs processed:    64,728,244 bp
  Read 1:    32,364,122 bp
  Read 2:    32,364,122 bp
Total written (filtered):     60,674,788 bp (93.7%)
  Read 1:    30,540,863 bp
  Read 2:    30,133,925 bp

=== First read: Adapter 1 ===

Sequence: CCTAYGGGDBGCWGCAG; Type: regular 5'; Length: 17; Trimmed: 107356 times

Minimum overlap: 15
No. of allowed errors:
1-5 bp: 0; 6-12 bp: 1; 13-17 bp: 2

Overview of removed sequences
length	count	expect	max.err	error counts
14	2	0.0	2	0 0 2
15	119	0.0	2	2 29 88
16	2563	0.0	2	322 1962 279
17	104452	0.0	2	103395 1021 36
18	219	0.0	2	26 150 43
19	1	0.0	2	0 0 1


=== First read: Adapter 2 ===

Sequence: GGATTAGAKACCCBNGTAGTC; Type: regular 3'; Length: 21; Trimmed: 33 times

Minimum overlap: 15
No. of allowed errors:
1-5 bp: 0; 6-12 bp: 1; 13-19 bp: 2; 20 bp: 3

Bases preceding removed adapters:
  A: 18.2%
  C: 0.0%
  G: 81.8%
  T: 0.0%
  none/other: 0.0%
WARNING:
    The adapter is preceded by 'G' extremely often.
    The provided adapter sequence could be incomplete at its 5' end.
    Ignore this warning when trimming primers.

Overview of removed sequences
length	count	expect	max.err	error counts
24	32	0.0	3	28 4
25	1	0.0	3	1


=== Second read: Adapter 3 ===

Sequence: GACTACNVGGGTMTCTAATCC; Type: regular 5'; Length: 21; Trimmed: 105735 times

Minimum overlap: 15
No. of allowed errors:
1-5 bp: 0; 6-12 bp: 1; 13-19 bp: 2; 20 bp: 3

Overview of removed sequences
length	count	expect	max.err	error counts
16	1	0.0	2	0 0 1
17	2	0.0	2	0 0 2
18	6	0.0	2	0 3 1 2
19	83	0.0	2	2 11 56 14
20	1657	0.0	3	200 1076 334 47
21	103476	0.0	3	96786 5772 577 341
22	243	0.0	3	25 170 41 7
23	1	0.0	3	1
28	1	0.0	3	0 0 0 1
56	2	0.0	3	0 0 1 1
59	1	0.0	3	0 0 0 1
62	4	0.0	3	0 0 2 2
63	35	0.0	3	2 7 10 16
64	190	0.0	3	5 30 67 88
65	33	0.0	3	1 6 7 19


=== Second read: Adapter 4 ===

Sequence: CTGCWGCVHCCCRTAGG; Type: regular 3'; Length: 17; Trimmed: 0 times

WARNING:
    One or more of your adapter sequences may be incomplete.
    Please see the detailed output above.
