This is cutadapt 5.0 with Python 3.13.1
Command line parameters: -A XXX -q 20,20 -m 50 -o plate2/cutadapt_qc/1030R_L_M_NS1_week5_S22_L001_R1_001.fastq.gz -p plate2/cutadapt_qc/1030R_L_M_NS1_week5_S22_L001_R2_001.fastq.gz plate2/cutadapt/1030R_L_M_NS1_week5_S22_L001_R1_001.fastq.gz plate2/cutadapt/1030R_L_M_NS1_week5_S22_L001_R2_001.fastq.gz
Processing paired-end reads on 1 core ...

=== Summary ===

Total read pairs processed:            140,298
  Read 2 with adapter:                       0 (0.0%)

== Read fate breakdown ==
Pairs that were too short:               1,012 (0.7%)
Pairs written (passing filters):       139,286 (99.3%)

Total basepairs processed:    79,158,612 bp
  Read 1:    39,851,504 bp
  Read 2:    39,307,108 bp
Quality-trimmed:               1,944,484 bp (2.5%)
  Read 1:       375,277 bp
  Read 2:     1,569,207 bp
Total written (filtered):     76,921,211 bp (97.2%)
  Read 1:    39,204,989 bp
  Read 2:    37,716,222 bp

=== Second read: Adapter 1 ===

Sequence: XXX; Type: regular 3'; Length: 3; Trimmed: 0 times
