This is cutadapt 5.0 with Python 3.13.1
Command line parameters: -A XXX -q 20,20 -m 50 -o plate2/cutadapt_qc/1121R_0_M_NS1_week5_S26_L001_R1_001.fastq.gz -p plate2/cutadapt_qc/1121R_0_M_NS1_week5_S26_L001_R2_001.fastq.gz plate2/cutadapt/1121R_0_M_NS1_week5_S26_L001_R1_001.fastq.gz plate2/cutadapt/1121R_0_M_NS1_week5_S26_L001_R2_001.fastq.gz
Processing paired-end reads on 1 core ...

=== Summary ===

Total read pairs processed:             99,897
  Read 2 with adapter:                       0 (0.0%)

== Read fate breakdown ==
Pairs that were too short:                 734 (0.7%)
Pairs written (passing filters):        99,163 (99.3%)

Total basepairs processed:    56,360,071 bp
  Read 1:    28,376,014 bp
  Read 2:    27,984,057 bp
Quality-trimmed:               1,862,768 bp (3.3%)
  Read 1:       308,516 bp
  Read 2:     1,554,252 bp
Total written (filtered):     54,281,096 bp (96.3%)
  Read 1:    27,867,555 bp
  Read 2:    26,413,541 bp

=== Second read: Adapter 1 ===

Sequence: XXX; Type: regular 3'; Length: 3; Trimmed: 0 times
