This is cutadapt 5.0 with Python 3.13.1
Command line parameters: -m 50 -O 15 -e 0.15 -g CCTAYGGGDBGCWGCAG -G GACTACNVGGGTMTCTAATCC -a GGATTAGAKACCCBNGTAGTC -A CTGCWGCVHCCCRTAGG -o plate2/cutadapt/2529R_R_F_NS1_week5_S5_L001_R1_001.fastq.gz -p plate2/cutadapt/2529R_R_F_NS1_week5_S5_L001_R2_001.fastq.gz plate2/filtN/2529R_R_F_NS1_week5_S5_L001_R1_001.fastq.gz plate2/filtN/2529R_R_F_NS1_week5_S5_L001_R2_001.fastq.gz
Processing paired-end reads on 1 core ...

=== Summary ===

Total read pairs processed:             92,223
  Read 1 with adapter:                  92,104 (99.9%)
  Read 2 with adapter:                  91,382 (99.1%)

== Read fate breakdown ==
Pairs that were too short:                   0 (0.0%)
Pairs written (passing filters):        92,223 (100.0%)

Total basepairs processed:    55,518,246 bp
  Read 1:    27,759,123 bp
  Read 2:    27,759,123 bp
Total written (filtered):     52,024,936 bp (93.7%)
  Read 1:    26,195,744 bp
  Read 2:    25,829,192 bp

=== First read: Adapter 1 ===

Sequence: CCTAYGGGDBGCWGCAG; Type: regular 5'; Length: 17; Trimmed: 92087 times

Minimum overlap: 15
No. of allowed errors:
1-5 bp: 0; 6-12 bp: 1; 13-17 bp: 2

Overview of removed sequences
length	count	expect	max.err	error counts
14	2	0.0	2	0 0 2
15	138	0.0	2	3 34 101
16	2373	0.0	2	331 1786 256
17	89429	0.0	2	88410 990 29
18	145	0.0	2	24 89 32


=== First read: Adapter 2 ===

Sequence: GGATTAGAKACCCBNGTAGTC; Type: regular 3'; Length: 21; Trimmed: 17 times

Minimum overlap: 15
No. of allowed errors:
1-5 bp: 0; 6-12 bp: 1; 13-19 bp: 2; 20 bp: 3

Bases preceding removed adapters:
  A: 82.4%
  C: 0.0%
  G: 17.6%
  T: 0.0%
  none/other: 0.0%

Overview of removed sequences
length	count	expect	max.err	error counts
24	15	0.0	3	15
25	2	0.0	3	1 1


=== Second read: Adapter 3 ===

Sequence: GACTACNVGGGTMTCTAATCC; Type: regular 5'; Length: 21; Trimmed: 91381 times

Minimum overlap: 15
No. of allowed errors:
1-5 bp: 0; 6-12 bp: 1; 13-19 bp: 2; 20 bp: 3

Overview of removed sequences
length	count	expect	max.err	error counts
15	1	0.0	2	1
17	1	0.0	2	0 0 1
18	5	0.0	2	1 1 2 1
19	73	0.0	2	2 9 49 13
20	1281	0.0	3	103 874 270 34
21	89526	0.0	3	84605 4420 338 163
22	208	0.0	3	21 148 28 11
25	2	0.0	3	0 1 1
26	1	0.0	3	0 0 0 1
28	1	0.0	3	1
57	2	0.0	3	0 1 1
60	1	0.0	3	0 1
61	4	0.0	3	0 1 1 2
62	9	0.0	3	1 2 3 3
63	37	0.0	3	3 9 9 16
64	170	0.0	3	20 43 67 40
65	58	0.0	3	4 15 23 16
75	1	0.0	3	0 0 0 1


=== Second read: Adapter 4 ===

Sequence: CTGCWGCVHCCCRTAGG; Type: regular 3'; Length: 17; Trimmed: 1 times

Minimum overlap: 15
No. of allowed errors:
1-5 bp: 0; 6-12 bp: 1; 13-17 bp: 2

Bases preceding removed adapters:
  A: 0.0%
  C: 100.0%
  G: 0.0%
  T: 0.0%
  none/other: 0.0%

Overview of removed sequences
length	count	expect	max.err	error counts
44	1	0.0	2	0 0 1
