This is cutadapt 5.0 with Python 3.13.1
Command line parameters: -m 50 -O 15 -e 0.15 -g CCTAYGGGDBGCWGCAG -G GACTACNVGGGTMTCTAATCC -a GGATTAGAKACCCBNGTAGTC -A CTGCWGCVHCCCRTAGG -o plate2/cutadapt/negative_control_S90_L001_R1_001.fastq.gz -p plate2/cutadapt/negative_control_S90_L001_R2_001.fastq.gz plate2/filtN/negative_control_S90_L001_R1_001.fastq.gz plate2/filtN/negative_control_S90_L001_R2_001.fastq.gz
Processing paired-end reads on 1 core ...

=== Summary ===

Total read pairs processed:             67,749
  Read 1 with adapter:                  67,661 (99.9%)
  Read 2 with adapter:                  67,029 (98.9%)

== Read fate breakdown ==
Pairs that were too short:               4,303 (6.4%)
Pairs written (passing filters):        63,446 (93.6%)

Total basepairs processed:    40,784,898 bp
  Read 1:    20,392,449 bp
  Read 2:    20,392,449 bp
Total written (filtered):     35,792,658 bp (87.8%)
  Read 1:    18,021,103 bp
  Read 2:    17,771,555 bp

=== First read: Adapter 1 ===

Sequence: CCTAYGGGDBGCWGCAG; Type: regular 5'; Length: 17; Trimmed: 63252 times

Minimum overlap: 15
No. of allowed errors:
1-5 bp: 0; 6-12 bp: 1; 13-17 bp: 2

Overview of removed sequences
length	count	expect	max.err	error counts
14	2	0.0	2	0 0 2
15	104	0.0	2	4 34 66
16	1798	0.0	2	264 1369 165
17	61232	0.0	2	60476 731 25
18	116	0.0	2	16 86 14


=== First read: Adapter 2 ===

Sequence: GGATTAGAKACCCBNGTAGTC; Type: regular 3'; Length: 21; Trimmed: 4409 times

Minimum overlap: 15
No. of allowed errors:
1-5 bp: 0; 6-12 bp: 1; 13-19 bp: 2; 20 bp: 3

Bases preceding removed adapters:
  A: 92.8%
  C: 3.4%
  G: 0.5%
  T: 3.3%
  none/other: 0.0%
WARNING:
    The adapter is preceded by 'A' extremely often.
    The provided adapter sequence could be incomplete at its 5' end.
    Ignore this warning when trimming primers.

Overview of removed sequences
length	count	expect	max.err	error counts
24	105	0.0	3	98 7
25	2	0.0	3	2
26	2	0.0	3	2
27	1	0.0	3	1
191	1	0.0	3	1
261	467	0.0	3	409 58
262	15	0.0	3	13 2
263	1	0.0	3	1
267	1	0.0	3	1
268	129	0.0	3	94 35
269	3	0.0	3	2 1
271	1	0.0	3	1
274	11	0.0	3	8 3
279	128	0.0	3	92 36
280	4	0.0	3	3 1
281	1	0.0	3	0 1
282	7	0.0	3	6 1
283	23	0.0	3	17 6
284	11	0.0	3	9 2
285	3384	0.0	3	3148 235 1
286	102	0.0	3	81 21
287	10	0.0	3	7 3


=== Second read: Adapter 3 ===

Sequence: GACTACNVGGGTMTCTAATCC; Type: regular 5'; Length: 21; Trimmed: 67006 times

Minimum overlap: 15
No. of allowed errors:
1-5 bp: 0; 6-12 bp: 1; 13-19 bp: 2; 20 bp: 3

Overview of removed sequences
length	count	expect	max.err	error counts
18	3	0.0	2	0 1 0 2
19	30	0.0	2	2 3 18 7
20	818	0.0	3	58 546 187 27
21	65765	0.0	3	62297 3073 249 146
22	187	0.0	3	16 141 25 5
23	1	0.0	3	0 1
39	1	0.0	3	1
59	1	0.0	3	0 0 1
62	4	0.0	3	0 2 0 2
63	24	0.0	3	1 6 7 10
64	127	0.0	3	17 27 41 42
65	43	0.0	3	2 7 11 23
66	2	0.0	3	0 0 1 1


=== Second read: Adapter 4 ===

Sequence: CTGCWGCVHCCCRTAGG; Type: regular 3'; Length: 17; Trimmed: 23 times

Minimum overlap: 15
No. of allowed errors:
1-5 bp: 0; 6-12 bp: 1; 13-17 bp: 2

Bases preceding removed adapters:
  A: 0.0%
  C: 95.7%
  G: 0.0%
  T: 4.3%
  none/other: 0.0%
WARNING:
    The adapter is preceded by 'C' extremely often.
    The provided adapter sequence could be incomplete at its 5' end.
    Ignore this warning when trimming primers.

Overview of removed sequences
length	count	expect	max.err	error counts
237	1	0.0	2	0 0 1
238	2	0.0	2	0 0 2
258	2	0.0	2	2
281	6	0.0	2	2 2 2
282	9	0.0	2	9
283	3	0.0	2	2 1


WARNING:
    One or more of your adapter sequences may be incomplete.
    Please see the detailed output above.
