This is cutadapt 5.0 with Python 3.13.1
Command line parameters: -m 50 -O 15 -e 0.15 -g CCTAYGGGDBGCWGCAG -G GACTACNVGGGTMTCTAATCC -a GGATTAGAKACCCBNGTAGTC -A CTGCWGCVHCCCRTAGG -o plate2/cutadapt/2404R_R_F_S2_week6_S36_L001_R1_001.fastq.gz -p plate2/cutadapt/2404R_R_F_S2_week6_S36_L001_R2_001.fastq.gz plate2/filtN/2404R_R_F_S2_week6_S36_L001_R1_001.fastq.gz plate2/filtN/2404R_R_F_S2_week6_S36_L001_R2_001.fastq.gz
Processing paired-end reads on 1 core ...

=== Summary ===

Total read pairs processed:            113,112
  Read 1 with adapter:                 112,955 (99.9%)
  Read 2 with adapter:                 112,060 (99.1%)

== Read fate breakdown ==
Pairs that were too short:                   0 (0.0%)
Pairs written (passing filters):       113,112 (100.0%)

Total basepairs processed:    68,093,424 bp
  Read 1:    34,046,712 bp
  Read 2:    34,046,712 bp
Total written (filtered):     63,818,551 bp (93.7%)
  Read 1:    32,129,465 bp
  Read 2:    31,689,086 bp

=== First read: Adapter 1 ===

Sequence: CCTAYGGGDBGCWGCAG; Type: regular 5'; Length: 17; Trimmed: 112924 times

Minimum overlap: 15
No. of allowed errors:
1-5 bp: 0; 6-12 bp: 1; 13-17 bp: 2

Overview of removed sequences
length	count	expect	max.err	error counts
14	2	0.0	2	0 1 1
15	197	0.0	2	4 70 123
16	3129	0.0	2	555 2277 297
17	109276	0.0	2	108112 1127 37
18	318	0.0	2	42 221 55
19	1	0.0	2	1
20	1	0.0	2	0 1


=== First read: Adapter 2 ===

Sequence: GGATTAGAKACCCBNGTAGTC; Type: regular 3'; Length: 21; Trimmed: 31 times

Minimum overlap: 15
No. of allowed errors:
1-5 bp: 0; 6-12 bp: 1; 13-19 bp: 2; 20 bp: 3

Bases preceding removed adapters:
  A: 25.8%
  C: 0.0%
  G: 74.2%
  T: 0.0%
  none/other: 0.0%

Overview of removed sequences
length	count	expect	max.err	error counts
24	30	0.0	3	29 1
25	1	0.0	3	1


=== Second read: Adapter 3 ===

Sequence: GACTACNVGGGTMTCTAATCC; Type: regular 5'; Length: 21; Trimmed: 112060 times

Minimum overlap: 15
No. of allowed errors:
1-5 bp: 0; 6-12 bp: 1; 13-19 bp: 2; 20 bp: 3

Overview of removed sequences
length	count	expect	max.err	error counts
18	4	0.0	2	1 1 2
19	77	0.0	2	2 7 56 12
20	1671	0.0	3	161 1155 326 29
21	109891	0.0	3	104032 5283 406 170
22	274	0.0	3	30 192 46 6
23	5	0.0	3	1 1 3
59	1	0.0	3	0 0 0 1
60	2	0.0	3	0 1 0 1
61	1	0.0	3	0 1
62	1	0.0	3	0 0 0 1
63	16	0.0	3	0 3 5 8
64	98	0.0	3	7 13 35 43
65	19	0.0	3	0 2 6 11


=== Second read: Adapter 4 ===

Sequence: CTGCWGCVHCCCRTAGG; Type: regular 3'; Length: 17; Trimmed: 0 times
