This is cutadapt 5.0 with Python 3.13.1
Command line parameters: -m 50 -O 15 -e 0.15 -g CCTAYGGGDBGCWGCAG -G GACTACNVGGGTMTCTAATCC -a GGATTAGAKACCCBNGTAGTC -A CTGCWGCVHCCCRTAGG -o plate2/cutadapt/2404R_R_F_S2_week5_S35_L001_R1_001.fastq.gz -p plate2/cutadapt/2404R_R_F_S2_week5_S35_L001_R2_001.fastq.gz plate2/filtN/2404R_R_F_S2_week5_S35_L001_R1_001.fastq.gz plate2/filtN/2404R_R_F_S2_week5_S35_L001_R2_001.fastq.gz
Processing paired-end reads on 1 core ...

=== Summary ===

Total read pairs processed:             99,310
  Read 1 with adapter:                  99,162 (99.9%)
  Read 2 with adapter:                  98,371 (99.1%)

== Read fate breakdown ==
Pairs that were too short:                   2 (0.0%)
Pairs written (passing filters):        99,308 (100.0%)

Total basepairs processed:    59,784,620 bp
  Read 1:    29,892,310 bp
  Read 2:    29,892,310 bp
Total written (filtered):     56,030,556 bp (93.7%)
  Read 1:    28,209,082 bp
  Read 2:    27,821,474 bp

=== First read: Adapter 1 ===

Sequence: CCTAYGGGDBGCWGCAG; Type: regular 5'; Length: 17; Trimmed: 99142 times

Minimum overlap: 15
No. of allowed errors:
1-5 bp: 0; 6-12 bp: 1; 13-17 bp: 2

Overview of removed sequences
length	count	expect	max.err	error counts
14	5	0.0	2	0 2 3
15	206	0.0	2	4 67 135
16	3074	0.0	2	525 2253 296
17	95595	0.0	2	94580 977 38
18	259	0.0	2	33 181 45
19	3	0.0	2	0 1 2


=== First read: Adapter 2 ===

Sequence: GGATTAGAKACCCBNGTAGTC; Type: regular 3'; Length: 21; Trimmed: 20 times

Minimum overlap: 15
No. of allowed errors:
1-5 bp: 0; 6-12 bp: 1; 13-19 bp: 2; 20 bp: 3

Bases preceding removed adapters:
  A: 45.0%
  C: 0.0%
  G: 55.0%
  T: 0.0%
  none/other: 0.0%

Overview of removed sequences
length	count	expect	max.err	error counts
24	18	0.0	3	18
25	2	0.0	3	2


=== Second read: Adapter 3 ===

Sequence: GACTACNVGGGTMTCTAATCC; Type: regular 5'; Length: 21; Trimmed: 98368 times

Minimum overlap: 15
No. of allowed errors:
1-5 bp: 0; 6-12 bp: 1; 13-19 bp: 2; 20 bp: 3

Overview of removed sequences
length	count	expect	max.err	error counts
15	1	0.0	2	0 1
17	2	0.0	2	2
18	8	0.0	2	1 5 1 1
19	89	0.0	2	4 8 61 16
20	1538	0.0	3	128 1053 319 38
21	96314	0.0	3	91210 4711 267 126
22	274	0.0	3	13 216 39 6
24	2	0.0	3	0 1 0 1
29	1	0.0	3	0 1
57	1	0.0	3	0 1
58	1	0.0	3	0 0 0 1
59	1	0.0	3	0 1
61	4	0.0	3	0 0 1 3
62	3	0.0	3	1 0 2
63	16	0.0	3	0 2 7 7
64	87	0.0	3	7 16 35 29
65	25	0.0	3	0 3 5 17
66	1	0.0	3	0 0 1


=== Second read: Adapter 4 ===

Sequence: CTGCWGCVHCCCRTAGG; Type: regular 3'; Length: 17; Trimmed: 3 times

Minimum overlap: 15
No. of allowed errors:
1-5 bp: 0; 6-12 bp: 1; 13-17 bp: 2

Bases preceding removed adapters:
  A: 66.7%
  C: 33.3%
  G: 0.0%
  T: 0.0%
  none/other: 0.0%

Overview of removed sequences
length	count	expect	max.err	error counts
20	1	0.0	2	0 0 1
299	2	0.0	2	0 0 2
