This is cutadapt 5.0 with Python 3.13.1
Command line parameters: -m 50 -O 15 -e 0.15 -g CCTAYGGGDBGCWGCAG -G GACTACNVGGGTMTCTAATCC -a GGATTAGAKACCCBNGTAGTC -A CTGCWGCVHCCCRTAGG -o plate2/cutadapt/2404R_R_F_S2_week9_S38_L001_R1_001.fastq.gz -p plate2/cutadapt/2404R_R_F_S2_week9_S38_L001_R2_001.fastq.gz plate2/filtN/2404R_R_F_S2_week9_S38_L001_R1_001.fastq.gz plate2/filtN/2404R_R_F_S2_week9_S38_L001_R2_001.fastq.gz
Processing paired-end reads on 1 core ...

=== Summary ===

Total read pairs processed:             98,311
  Read 1 with adapter:                  98,163 (99.8%)
  Read 2 with adapter:                  97,402 (99.1%)

== Read fate breakdown ==
Pairs that were too short:                   0 (0.0%)
Pairs written (passing filters):        98,311 (100.0%)

Total basepairs processed:    59,183,222 bp
  Read 1:    29,591,611 bp
  Read 2:    29,591,611 bp
Total written (filtered):     55,465,292 bp (93.7%)
  Read 1:    27,925,225 bp
  Read 2:    27,540,067 bp

=== First read: Adapter 1 ===

Sequence: CCTAYGGGDBGCWGCAG; Type: regular 5'; Length: 17; Trimmed: 98136 times

Minimum overlap: 15
No. of allowed errors:
1-5 bp: 0; 6-12 bp: 1; 13-17 bp: 2

Overview of removed sequences
length	count	expect	max.err	error counts
14	1	0.0	2	0 1
15	150	0.0	2	2 44 104
16	2547	0.0	2	384 1849 314
17	95293	0.0	2	94212 1050 31
18	145	0.0	2	23 89 33


=== First read: Adapter 2 ===

Sequence: GGATTAGAKACCCBNGTAGTC; Type: regular 3'; Length: 21; Trimmed: 27 times

Minimum overlap: 15
No. of allowed errors:
1-5 bp: 0; 6-12 bp: 1; 13-19 bp: 2; 20 bp: 3

Bases preceding removed adapters:
  A: 18.5%
  C: 0.0%
  G: 81.5%
  T: 0.0%
  none/other: 0.0%
WARNING:
    The adapter is preceded by 'G' extremely often.
    The provided adapter sequence could be incomplete at its 5' end.
    Ignore this warning when trimming primers.

Overview of removed sequences
length	count	expect	max.err	error counts
24	22	0.0	3	18 4
25	4	0.0	3	4
151	1	0.0	3	1


=== Second read: Adapter 3 ===

Sequence: GACTACNVGGGTMTCTAATCC; Type: regular 5'; Length: 21; Trimmed: 97400 times

Minimum overlap: 15
No. of allowed errors:
1-5 bp: 0; 6-12 bp: 1; 13-19 bp: 2; 20 bp: 3

Overview of removed sequences
length	count	expect	max.err	error counts
17	2	0.0	2	0 0 2
18	7	0.0	2	0 6 0 1
19	62	0.0	2	3 4 41 14
20	1413	0.0	3	149 940 286 38
21	95481	0.0	3	90448 4537 324 172
22	260	0.0	3	19 192 44 5
23	1	0.0	3	0 0 1
24	2	0.0	3	0 0 0 2
30	2	0.0	3	0 0 1 1
32	2	0.0	3	2
38	1	0.0	3	1
61	2	0.0	3	0 0 0 2
62	5	0.0	3	1 0 2 2
63	24	0.0	3	1 4 6 13
64	100	0.0	3	4 17 37 42
65	35	0.0	3	4 7 7 17
66	1	0.0	3	0 0 0 1


=== Second read: Adapter 4 ===

Sequence: CTGCWGCVHCCCRTAGG; Type: regular 3'; Length: 17; Trimmed: 2 times

Minimum overlap: 15
No. of allowed errors:
1-5 bp: 0; 6-12 bp: 1; 13-17 bp: 2

Bases preceding removed adapters:
  A: 50.0%
  C: 0.0%
  G: 50.0%
  T: 0.0%
  none/other: 0.0%

Overview of removed sequences
length	count	expect	max.err	error counts
20	1	0.0	2	0 0 1
187	1	0.0	2	0 0 1


WARNING:
    One or more of your adapter sequences may be incomplete.
    Please see the detailed output above.
