This is cutadapt 5.0 with Python 3.13.1
Command line parameters: -m 50 -O 15 -e 0.15 -g CCTAYGGGDBGCWGCAG -G GACTACNVGGGTMTCTAATCC -a GGATTAGAKACCCBNGTAGTC -A CTGCWGCVHCCCRTAGG -o plate2/cutadapt/3861R_R_M_NS1_week9_S34_L001_R1_001.fastq.gz -p plate2/cutadapt/3861R_R_M_NS1_week9_S34_L001_R2_001.fastq.gz plate2/filtN/3861R_R_M_NS1_week9_S34_L001_R1_001.fastq.gz plate2/filtN/3861R_R_M_NS1_week9_S34_L001_R2_001.fastq.gz
Processing paired-end reads on 1 core ...

=== Summary ===

Total read pairs processed:             95,274
  Read 1 with adapter:                  95,148 (99.9%)
  Read 2 with adapter:                  94,349 (99.0%)

== Read fate breakdown ==
Pairs that were too short:                   0 (0.0%)
Pairs written (passing filters):        95,274 (100.0%)

Total basepairs processed:    57,354,948 bp
  Read 1:    28,677,474 bp
  Read 2:    28,677,474 bp
Total written (filtered):     53,753,767 bp (93.7%)
  Read 1:    27,062,432 bp
  Read 2:    26,691,335 bp

=== First read: Adapter 1 ===

Sequence: CCTAYGGGDBGCWGCAG; Type: regular 5'; Length: 17; Trimmed: 95128 times

Minimum overlap: 15
No. of allowed errors:
1-5 bp: 0; 6-12 bp: 1; 13-17 bp: 2

Overview of removed sequences
length	count	expect	max.err	error counts
15	171	0.0	2	2 46 123
16	2508	0.0	2	468 1828 212
17	92220	0.0	2	91319 872 29
18	228	0.0	2	36 151 41
25	1	0.0	2	1


=== First read: Adapter 2 ===

Sequence: GGATTAGAKACCCBNGTAGTC; Type: regular 3'; Length: 21; Trimmed: 20 times

Minimum overlap: 15
No. of allowed errors:
1-5 bp: 0; 6-12 bp: 1; 13-19 bp: 2; 20 bp: 3

Bases preceding removed adapters:
  A: 25.0%
  C: 0.0%
  G: 75.0%
  T: 0.0%
  none/other: 0.0%

Overview of removed sequences
length	count	expect	max.err	error counts
24	20	0.0	3	19 1


=== Second read: Adapter 3 ===

Sequence: GACTACNVGGGTMTCTAATCC; Type: regular 5'; Length: 21; Trimmed: 94347 times

Minimum overlap: 15
No. of allowed errors:
1-5 bp: 0; 6-12 bp: 1; 13-19 bp: 2; 20 bp: 3

Overview of removed sequences
length	count	expect	max.err	error counts
15	1	0.0	2	1
16	1	0.0	2	1
17	3	0.0	2	0 0 3
18	12	0.0	2	2 3 2 5
19	73	0.0	2	1 4 53 15
20	1388	0.0	3	115 922 302 49
21	92495	0.0	3	87411 4542 370 172
22	227	0.0	3	20 163 37 7
23	1	0.0	3	0 0 1
24	1	0.0	3	0 0 0 1
26	1	0.0	3	0 1
36	1	0.0	3	0 1
43	1	0.0	3	0 0 1
47	1	0.0	3	0 0 1
59	2	0.0	3	0 2
61	1	0.0	3	0 0 1
62	3	0.0	3	0 0 1 2
63	20	0.0	3	0 0 8 12
64	93	0.0	3	3 17 29 44
65	21	0.0	3	1 2 7 11
71	1	0.0	3	0 0 0 1


=== Second read: Adapter 4 ===

Sequence: CTGCWGCVHCCCRTAGG; Type: regular 3'; Length: 17; Trimmed: 2 times

Minimum overlap: 15
No. of allowed errors:
1-5 bp: 0; 6-12 bp: 1; 13-17 bp: 2

Bases preceding removed adapters:
  A: 0.0%
  C: 0.0%
  G: 100.0%
  T: 0.0%
  none/other: 0.0%

Overview of removed sequences
length	count	expect	max.err	error counts
21	1	0.0	2	0 0 1
72	1	0.0	2	0 0 1
