This is cutadapt 5.0 with Python 3.13.1
Command line parameters: -A XXX -q 20,20 -m 50 -o plate2/cutadapt_qc/036R_R_M_NS1_week6_S19_L001_R1_001.fastq.gz -p plate2/cutadapt_qc/036R_R_M_NS1_week6_S19_L001_R2_001.fastq.gz plate2/cutadapt/036R_R_M_NS1_week6_S19_L001_R1_001.fastq.gz plate2/cutadapt/036R_R_M_NS1_week6_S19_L001_R2_001.fastq.gz
Processing paired-end reads on 1 core ...

=== Summary ===

Total read pairs processed:            108,624
  Read 2 with adapter:                       0 (0.0%)

== Read fate breakdown ==
Pairs that were too short:                 751 (0.7%)
Pairs written (passing filters):       107,873 (99.3%)

Total basepairs processed:    61,288,397 bp
  Read 1:    30,855,893 bp
  Read 2:    30,432,504 bp
Quality-trimmed:               1,426,368 bp (2.3%)
  Read 1:       225,360 bp
  Read 2:     1,201,008 bp
Total written (filtered):     59,639,153 bp (97.3%)
  Read 1:    30,420,125 bp
  Read 2:    29,219,028 bp

=== Second read: Adapter 1 ===

Sequence: XXX; Type: regular 3'; Length: 3; Trimmed: 0 times
