This is cutadapt 5.0 with Python 3.13.1
Command line parameters: -m 50 -O 15 -e 0.15 -g CCTAYGGGDBGCWGCAG -G GACTACNVGGGTMTCTAATCC -a GGATTAGAKACCCBNGTAGTC -A CTGCWGCVHCCCRTAGG -o plate2/cutadapt/3980R_0_F_S2_week9_S51_L001_R1_001.fastq.gz -p plate2/cutadapt/3980R_0_F_S2_week9_S51_L001_R2_001.fastq.gz plate2/filtN/3980R_0_F_S2_week9_S51_L001_R1_001.fastq.gz plate2/filtN/3980R_0_F_S2_week9_S51_L001_R2_001.fastq.gz
Processing paired-end reads on 1 core ...

=== Summary ===

Total read pairs processed:            129,981
  Read 1 with adapter:                 129,776 (99.8%)
  Read 2 with adapter:                 128,864 (99.1%)

== Read fate breakdown ==
Pairs that were too short:                   0 (0.0%)
Pairs written (passing filters):       129,981 (100.0%)

Total basepairs processed:    78,248,562 bp
  Read 1:    39,124,281 bp
  Read 2:    39,124,281 bp
Total written (filtered):     73,337,269 bp (93.7%)
  Read 1:    36,921,575 bp
  Read 2:    36,415,694 bp

=== First read: Adapter 1 ===

Sequence: CCTAYGGGDBGCWGCAG; Type: regular 5'; Length: 17; Trimmed: 129711 times

Minimum overlap: 15
No. of allowed errors:
1-5 bp: 0; 6-12 bp: 1; 13-17 bp: 2

Overview of removed sequences
length	count	expect	max.err	error counts
14	6	0.0	2	0 2 4
15	259	0.0	2	5 73 181
16	3923	0.0	2	705 2852 366
17	125178	0.0	2	123957 1174 47
18	344	0.0	2	51 242 51
19	1	0.0	2	0 0 1


=== First read: Adapter 2 ===

Sequence: GGATTAGAKACCCBNGTAGTC; Type: regular 3'; Length: 21; Trimmed: 65 times

Minimum overlap: 15
No. of allowed errors:
1-5 bp: 0; 6-12 bp: 1; 13-19 bp: 2; 20 bp: 3

Bases preceding removed adapters:
  A: 12.3%
  C: 0.0%
  G: 87.7%
  T: 0.0%
  none/other: 0.0%
WARNING:
    The adapter is preceded by 'G' extremely often.
    The provided adapter sequence could be incomplete at its 5' end.
    Ignore this warning when trimming primers.

Overview of removed sequences
length	count	expect	max.err	error counts
24	59	0.0	3	55 4
25	5	0.0	3	5
191	1	0.0	3	1


=== Second read: Adapter 3 ===

Sequence: GACTACNVGGGTMTCTAATCC; Type: regular 5'; Length: 21; Trimmed: 128862 times

Minimum overlap: 15
No. of allowed errors:
1-5 bp: 0; 6-12 bp: 1; 13-19 bp: 2; 20 bp: 3

Overview of removed sequences
length	count	expect	max.err	error counts
17	1	0.0	2	0 1
18	4	0.0	2	1 0 0 3
19	84	0.0	2	4 14 53 13
20	1754	0.0	3	195 1165 359 35
21	126635	0.0	3	120406 5697 342 190
22	288	0.0	3	35 210 36 7
23	1	0.0	3	0 0 1
24	1	0.0	3	0 1
61	1	0.0	3	0 0 0 1
62	2	0.0	3	0 1 1
63	13	0.0	3	0 3 5 5
64	64	0.0	3	6 8 21 29
65	14	0.0	3	0 1 7 6


=== Second read: Adapter 4 ===

Sequence: CTGCWGCVHCCCRTAGG; Type: regular 3'; Length: 17; Trimmed: 2 times

Minimum overlap: 15
No. of allowed errors:
1-5 bp: 0; 6-12 bp: 1; 13-17 bp: 2

Bases preceding removed adapters:
  A: 0.0%
  C: 0.0%
  G: 50.0%
  T: 50.0%
  none/other: 0.0%

Overview of removed sequences
length	count	expect	max.err	error counts
20	1	0.0	2	0 0 1
74	1	0.0	2	0 0 1


WARNING:
    One or more of your adapter sequences may be incomplete.
    Please see the detailed output above.
