This is cutadapt 5.0 with Python 3.13.1
Command line parameters: -A XXX -q 20,20 -m 50 -o plate2/cutadapt_qc/3795R_0_F_S2_week5_S43_L001_R1_001.fastq.gz -p plate2/cutadapt_qc/3795R_0_F_S2_week5_S43_L001_R2_001.fastq.gz plate2/cutadapt/3795R_0_F_S2_week5_S43_L001_R1_001.fastq.gz plate2/cutadapt/3795R_0_F_S2_week5_S43_L001_R2_001.fastq.gz
Processing paired-end reads on 1 core ...

=== Summary ===

Total read pairs processed:            118,564
  Read 2 with adapter:                       0 (0.0%)

== Read fate breakdown ==
Pairs that were too short:               1,323 (1.1%)
Pairs written (passing filters):       117,241 (98.9%)

Total basepairs processed:    66,890,169 bp
  Read 1:    33,679,013 bp
  Read 2:    33,211,156 bp
Quality-trimmed:               2,221,715 bp (3.3%)
  Read 1:       295,767 bp
  Read 2:     1,925,948 bp
Total written (filtered):     64,275,030 bp (96.1%)
  Read 1:    33,015,795 bp
  Read 2:    31,259,235 bp

=== Second read: Adapter 1 ===

Sequence: XXX; Type: regular 3'; Length: 3; Trimmed: 0 times
