This is cutadapt 5.0 with Python 3.13.1
Command line parameters: -m 50 -O 15 -e 0.15 -g CCTAYGGGDBGCWGCAG -G GACTACNVGGGTMTCTAATCC -a GGATTAGAKACCCBNGTAGTC -A CTGCWGCVHCCCRTAGG -o plate2/cutadapt/1121R_0_M_NS1_week9_S29_L001_R1_001.fastq.gz -p plate2/cutadapt/1121R_0_M_NS1_week9_S29_L001_R2_001.fastq.gz plate2/filtN/1121R_0_M_NS1_week9_S29_L001_R1_001.fastq.gz plate2/filtN/1121R_0_M_NS1_week9_S29_L001_R2_001.fastq.gz
Processing paired-end reads on 1 core ...

=== Summary ===

Total read pairs processed:             98,832
  Read 1 with adapter:                  98,689 (99.9%)
  Read 2 with adapter:                  97,840 (99.0%)

== Read fate breakdown ==
Pairs that were too short:                   1 (0.0%)
Pairs written (passing filters):        98,831 (100.0%)

Total basepairs processed:    59,496,864 bp
  Read 1:    29,748,432 bp
  Read 2:    29,748,432 bp
Total written (filtered):     55,759,859 bp (93.7%)
  Read 1:    28,073,022 bp
  Read 2:    27,686,837 bp

=== First read: Adapter 1 ===

Sequence: CCTAYGGGDBGCWGCAG; Type: regular 5'; Length: 17; Trimmed: 98666 times

Minimum overlap: 15
No. of allowed errors:
1-5 bp: 0; 6-12 bp: 1; 13-17 bp: 2

Overview of removed sequences
length	count	expect	max.err	error counts
14	2	0.0	2	0 0 2
15	156	0.0	2	2 42 112
16	2586	0.0	2	325 2003 258
17	95766	0.0	2	94772 960 34
18	156	0.0	2	15 117 24


=== First read: Adapter 2 ===

Sequence: GGATTAGAKACCCBNGTAGTC; Type: regular 3'; Length: 21; Trimmed: 23 times

Minimum overlap: 15
No. of allowed errors:
1-5 bp: 0; 6-12 bp: 1; 13-19 bp: 2; 20 bp: 3

Bases preceding removed adapters:
  A: 30.4%
  C: 0.0%
  G: 69.6%
  T: 0.0%
  none/other: 0.0%

Overview of removed sequences
length	count	expect	max.err	error counts
24	23	0.0	3	23


=== Second read: Adapter 3 ===

Sequence: GACTACNVGGGTMTCTAATCC; Type: regular 5'; Length: 21; Trimmed: 97838 times

Minimum overlap: 15
No. of allowed errors:
1-5 bp: 0; 6-12 bp: 1; 13-19 bp: 2; 20 bp: 3

Overview of removed sequences
length	count	expect	max.err	error counts
16	2	0.0	2	1 1
17	3	0.0	2	1 0 2
18	6	0.0	2	2 1 0 3
19	116	0.0	2	3 7 84 22
20	1761	0.0	3	139 1241 356 25
21	95501	0.0	3	89701 5103 472 225
22	246	0.0	3	24 171 49 2
23	2	0.0	3	0 0 2
24	2	0.0	3	0 1 1
26	1	0.0	3	0 1
32	1	0.0	3	1
46	1	0.0	3	1
58	3	0.0	3	1 0 2
59	3	0.0	3	0 0 2 1
60	2	0.0	3	0 0 0 2
61	4	0.0	3	0 2 1 1
62	7	0.0	3	0 0 2 5
63	23	0.0	3	4 4 7 8
64	112	0.0	3	9 21 41 41
65	41	0.0	3	1 12 13 15
66	1	0.0	3	0 0 1


=== Second read: Adapter 4 ===

Sequence: CTGCWGCVHCCCRTAGG; Type: regular 3'; Length: 17; Trimmed: 2 times

Minimum overlap: 15
No. of allowed errors:
1-5 bp: 0; 6-12 bp: 1; 13-17 bp: 2

Bases preceding removed adapters:
  A: 0.0%
  C: 0.0%
  G: 50.0%
  T: 50.0%
  none/other: 0.0%

Overview of removed sequences
length	count	expect	max.err	error counts
51	1	0.0	2	0 0 1
263	1	0.0	2	0 0 1
