This is cutadapt 5.0 with Python 3.13.1
Command line parameters: -A XXX -q 20,20 -m 50 -o plate2/cutadapt_qc/3975R_0_F_NS1_week9_S13_L001_R1_001.fastq.gz -p plate2/cutadapt_qc/3975R_0_F_NS1_week9_S13_L001_R2_001.fastq.gz plate2/cutadapt/3975R_0_F_NS1_week9_S13_L001_R1_001.fastq.gz plate2/cutadapt/3975R_0_F_NS1_week9_S13_L001_R2_001.fastq.gz
Processing paired-end reads on 1 core ...

=== Summary ===

Total read pairs processed:            131,300
  Read 2 with adapter:                       0 (0.0%)

== Read fate breakdown ==
Pairs that were too short:               1,681 (1.3%)
Pairs written (passing filters):       129,619 (98.7%)

Total basepairs processed:    74,091,892 bp
  Read 1:    37,295,271 bp
  Read 2:    36,796,621 bp
Quality-trimmed:               2,404,112 bp (3.2%)
  Read 1:       382,440 bp
  Read 2:     2,021,672 bp
Total written (filtered):     71,198,947 bp (96.1%)
  Read 1:    36,463,492 bp
  Read 2:    34,735,455 bp

=== Second read: Adapter 1 ===

Sequence: XXX; Type: regular 3'; Length: 3; Trimmed: 0 times
