This is cutadapt 5.0 with Python 3.13.1
Command line parameters: -m 50 -O 15 -e 0.15 -g CCTAYGGGDBGCWGCAG -G GACTACNVGGGTMTCTAATCC -a GGATTAGAKACCCBNGTAGTC -A CTGCWGCVHCCCRTAGG -o plate2/cutadapt/3975R_0_F_NS1_week9_S13_L001_R1_001.fastq.gz -p plate2/cutadapt/3975R_0_F_NS1_week9_S13_L001_R2_001.fastq.gz plate2/filtN/3975R_0_F_NS1_week9_S13_L001_R1_001.fastq.gz plate2/filtN/3975R_0_F_NS1_week9_S13_L001_R2_001.fastq.gz
Processing paired-end reads on 1 core ...

=== Summary ===

Total read pairs processed:            131,300
  Read 1 with adapter:                 131,129 (99.9%)
  Read 2 with adapter:                 129,203 (98.4%)

== Read fate breakdown ==
Pairs that were too short:                   0 (0.0%)
Pairs written (passing filters):       131,300 (100.0%)

Total basepairs processed:    79,042,600 bp
  Read 1:    39,521,300 bp
  Read 2:    39,521,300 bp
Total written (filtered):     74,091,892 bp (93.7%)
  Read 1:    37,295,271 bp
  Read 2:    36,796,621 bp

=== First read: Adapter 1 ===

Sequence: CCTAYGGGDBGCWGCAG; Type: regular 5'; Length: 17; Trimmed: 131080 times

Minimum overlap: 15
No. of allowed errors:
1-5 bp: 0; 6-12 bp: 1; 13-17 bp: 2

Overview of removed sequences
length	count	expect	max.err	error counts
14	1	0.0	2	0 0 1
15	171	0.0	2	3 43 125
16	3365	0.0	2	433 2559 373
17	127344	0.0	2	125962 1336 46
18	198	0.0	2	33 131 34
21	1	0.0	2	0 1


=== First read: Adapter 2 ===

Sequence: GGATTAGAKACCCBNGTAGTC; Type: regular 3'; Length: 21; Trimmed: 49 times

Minimum overlap: 15
No. of allowed errors:
1-5 bp: 0; 6-12 bp: 1; 13-19 bp: 2; 20 bp: 3

Bases preceding removed adapters:
  A: 30.6%
  C: 0.0%
  G: 69.4%
  T: 0.0%
  none/other: 0.0%

Overview of removed sequences
length	count	expect	max.err	error counts
24	48	0.0	3	41 7
25	1	0.0	3	0 0 1


=== Second read: Adapter 3 ===

Sequence: GACTACNVGGGTMTCTAATCC; Type: regular 5'; Length: 21; Trimmed: 129202 times

Minimum overlap: 15
No. of allowed errors:
1-5 bp: 0; 6-12 bp: 1; 13-19 bp: 2; 20 bp: 3

Overview of removed sequences
length	count	expect	max.err	error counts
18	9	0.0	2	0 1 1 7
19	97	0.0	2	4 15 64 14
20	1910	0.0	3	205 1234 407 64
21	126608	0.0	3	118455 6951 761 441
22	268	0.0	3	30 200 32 6
23	3	0.0	3	0 0 1 2
24	1	0.0	3	1
25	1	0.0	3	0 1
58	1	0.0	3	0 0 0 1
59	1	0.0	3	0 0 0 1
61	1	0.0	3	0 0 0 1
62	6	0.0	3	0 2 1 3
63	43	0.0	3	1 6 15 21
64	199	0.0	3	8 31 67 93
65	54	0.0	3	2 6 12 34


=== Second read: Adapter 4 ===

Sequence: CTGCWGCVHCCCRTAGG; Type: regular 3'; Length: 17; Trimmed: 1 times

Minimum overlap: 15
No. of allowed errors:
1-5 bp: 0; 6-12 bp: 1; 13-17 bp: 2

Bases preceding removed adapters:
  A: 0.0%
  C: 0.0%
  G: 100.0%
  T: 0.0%
  none/other: 0.0%

Overview of removed sequences
length	count	expect	max.err	error counts
187	1	0.0	2	0 0 1
