This is cutadapt 5.0 with Python 3.13.1
Command line parameters: -m 50 -O 15 -e 0.15 -g CCTAYGGGDBGCWGCAG -G GACTACNVGGGTMTCTAATCC -a GGATTAGAKACCCBNGTAGTC -A CTGCWGCVHCCCRTAGG -o plate2/cutadapt/3975R_R_F_NS1_week9_S17_L001_R1_001.fastq.gz -p plate2/cutadapt/3975R_R_F_NS1_week9_S17_L001_R2_001.fastq.gz plate2/filtN/3975R_R_F_NS1_week9_S17_L001_R1_001.fastq.gz plate2/filtN/3975R_R_F_NS1_week9_S17_L001_R2_001.fastq.gz
Processing paired-end reads on 1 core ...

=== Summary ===

Total read pairs processed:            132,774
  Read 1 with adapter:                 132,603 (99.9%)
  Read 2 with adapter:                 131,576 (99.1%)

== Read fate breakdown ==
Pairs that were too short:                   1 (0.0%)
Pairs written (passing filters):       132,773 (100.0%)

Total basepairs processed:    79,929,948 bp
  Read 1:    39,964,974 bp
  Read 2:    39,964,974 bp
Total written (filtered):     74,912,787 bp (93.7%)
  Read 1:    37,713,429 bp
  Read 2:    37,199,358 bp

=== First read: Adapter 1 ===

Sequence: CCTAYGGGDBGCWGCAG; Type: regular 5'; Length: 17; Trimmed: 132546 times

Minimum overlap: 15
No. of allowed errors:
1-5 bp: 0; 6-12 bp: 1; 13-17 bp: 2

Overview of removed sequences
length	count	expect	max.err	error counts
14	3	0.0	2	0 2 1
15	238	0.0	2	10 74 154
16	3434	0.0	2	651 2456 327
17	128571	0.0	2	127215 1319 37
18	298	0.0	2	36 223 39
29	1	0.0	2	1
34	1	0.0	2	0 1


=== First read: Adapter 2 ===

Sequence: GGATTAGAKACCCBNGTAGTC; Type: regular 3'; Length: 21; Trimmed: 57 times

Minimum overlap: 15
No. of allowed errors:
1-5 bp: 0; 6-12 bp: 1; 13-19 bp: 2; 20 bp: 3

Bases preceding removed adapters:
  A: 36.8%
  C: 1.8%
  G: 61.4%
  T: 0.0%
  none/other: 0.0%

Overview of removed sequences
length	count	expect	max.err	error counts
24	52	0.0	3	48 4
25	4	0.0	3	4
223	1	0.0	3	1


=== Second read: Adapter 3 ===

Sequence: GACTACNVGGGTMTCTAATCC; Type: regular 5'; Length: 21; Trimmed: 131575 times

Minimum overlap: 15
No. of allowed errors:
1-5 bp: 0; 6-12 bp: 1; 13-19 bp: 2; 20 bp: 3

Overview of removed sequences
length	count	expect	max.err	error counts
16	6	0.0	2	3 1 2
18	9	0.0	2	0 5 3 1
19	117	0.0	2	3 6 75 33
20	2171	0.0	3	248 1484 388 51
21	128862	0.0	3	122108 6054 480 220
22	303	0.0	3	31 232 31 9
23	2	0.0	3	1 0 1
24	1	0.0	3	0 1
39	2	0.0	3	2
61	3	0.0	3	1 0 0 2
62	2	0.0	3	0 0 1 1
63	21	0.0	3	0 3 8 10
64	72	0.0	3	3 5 23 41
65	4	0.0	3	0 0 3 1


=== Second read: Adapter 4 ===

Sequence: CTGCWGCVHCCCRTAGG; Type: regular 3'; Length: 17; Trimmed: 1 times

Minimum overlap: 15
No. of allowed errors:
1-5 bp: 0; 6-12 bp: 1; 13-17 bp: 2

Bases preceding removed adapters:
  A: 0.0%
  C: 100.0%
  G: 0.0%
  T: 0.0%
  none/other: 0.0%

Overview of removed sequences
length	count	expect	max.err	error counts
298	1	0.0	2	0 0 1
