This is cutadapt 5.0 with Python 3.13.1
Command line parameters: -m 50 -O 15 -e 0.15 -g CCTAYGGGDBGCWGCAG -G GACTACNVGGGTMTCTAATCC -a GGATTAGAKACCCBNGTAGTC -A CTGCWGCVHCCCRTAGG -o plate2/cutadapt/2446R_L_F_S2_week9_S42_L001_R1_001.fastq.gz -p plate2/cutadapt/2446R_L_F_S2_week9_S42_L001_R2_001.fastq.gz plate2/filtN/2446R_L_F_S2_week9_S42_L001_R1_001.fastq.gz plate2/filtN/2446R_L_F_S2_week9_S42_L001_R2_001.fastq.gz
Processing paired-end reads on 1 core ...

=== Summary ===

Total read pairs processed:             96,115
  Read 1 with adapter:                  95,975 (99.9%)
  Read 2 with adapter:                  95,071 (98.9%)

== Read fate breakdown ==
Pairs that were too short:                   0 (0.0%)
Pairs written (passing filters):        96,115 (100.0%)

Total basepairs processed:    57,861,230 bp
  Read 1:    28,930,615 bp
  Read 2:    28,930,615 bp
Total written (filtered):     54,225,879 bp (93.7%)
  Read 1:    27,301,378 bp
  Read 2:    26,924,501 bp

=== First read: Adapter 1 ===

Sequence: CCTAYGGGDBGCWGCAG; Type: regular 5'; Length: 17; Trimmed: 95930 times

Minimum overlap: 15
No. of allowed errors:
1-5 bp: 0; 6-12 bp: 1; 13-17 bp: 2

Overview of removed sequences
length	count	expect	max.err	error counts
14	6	0.0	2	0 2 4
15	149	0.0	2	6 38 105
16	2586	0.0	2	459 1899 228
17	92942	0.0	2	92010 900 32
18	245	0.0	2	32 180 33
19	2	0.0	2	0 0 2


=== First read: Adapter 2 ===

Sequence: GGATTAGAKACCCBNGTAGTC; Type: regular 3'; Length: 21; Trimmed: 45 times

Minimum overlap: 15
No. of allowed errors:
1-5 bp: 0; 6-12 bp: 1; 13-19 bp: 2; 20 bp: 3

Bases preceding removed adapters:
  A: 15.6%
  C: 0.0%
  G: 84.4%
  T: 0.0%
  none/other: 0.0%
WARNING:
    The adapter is preceded by 'G' extremely often.
    The provided adapter sequence could be incomplete at its 5' end.
    Ignore this warning when trimming primers.

Overview of removed sequences
length	count	expect	max.err	error counts
24	45	0.0	3	37 8


=== Second read: Adapter 3 ===

Sequence: GACTACNVGGGTMTCTAATCC; Type: regular 5'; Length: 21; Trimmed: 95069 times

Minimum overlap: 15
No. of allowed errors:
1-5 bp: 0; 6-12 bp: 1; 13-19 bp: 2; 20 bp: 3

Overview of removed sequences
length	count	expect	max.err	error counts
17	1	0.0	2	0 0 1
18	11	0.0	2	0 4 3 4
19	123	0.0	2	3 10 90 20
20	1684	0.0	3	136 1184 324 40
21	92728	0.0	3	87771 4371 363 223
22	253	0.0	3	23 172 50 8
23	3	0.0	3	1 0 2
24	1	0.0	3	0 0 0 1
26	1	0.0	3	0 0 1
30	1	0.0	3	1
38	1	0.0	3	1
39	1	0.0	3	1
52	3	0.0	3	0 2 0 1
57	1	0.0	3	0 1
60	1	0.0	3	0 0 0 1
61	6	0.0	3	1 2 2 1
62	4	0.0	3	0 1 2 1
63	32	0.0	3	2 6 15 9
64	180	0.0	3	14 27 64 75
65	33	0.0	3	0 3 12 18
66	1	0.0	3	0 0 1


=== Second read: Adapter 4 ===

Sequence: CTGCWGCVHCCCRTAGG; Type: regular 3'; Length: 17; Trimmed: 2 times

Minimum overlap: 15
No. of allowed errors:
1-5 bp: 0; 6-12 bp: 1; 13-17 bp: 2

Bases preceding removed adapters:
  A: 0.0%
  C: 50.0%
  G: 0.0%
  T: 50.0%
  none/other: 0.0%

Overview of removed sequences
length	count	expect	max.err	error counts
24	1	0.0	2	0 0 1
144	1	0.0	2	0 0 1


WARNING:
    One or more of your adapter sequences may be incomplete.
    Please see the detailed output above.
