This is cutadapt 5.0 with Python 3.13.1
Command line parameters: -A XXX -q 20,20 -m 50 -o plate2/cutadapt_qc/036R_R_M_NS1_week7_S20_L001_R1_001.fastq.gz -p plate2/cutadapt_qc/036R_R_M_NS1_week7_S20_L001_R2_001.fastq.gz plate2/cutadapt/036R_R_M_NS1_week7_S20_L001_R1_001.fastq.gz plate2/cutadapt/036R_R_M_NS1_week7_S20_L001_R2_001.fastq.gz
Processing paired-end reads on 1 core ...

=== Summary ===

Total read pairs processed:             93,883
  Read 2 with adapter:                       0 (0.0%)

== Read fate breakdown ==
Pairs that were too short:                 649 (0.7%)
Pairs written (passing filters):        93,234 (99.3%)

Total basepairs processed:    52,964,500 bp
  Read 1:    26,667,859 bp
  Read 2:    26,296,641 bp
Quality-trimmed:               1,507,144 bp (2.8%)
  Read 1:       239,300 bp
  Read 2:     1,267,844 bp
Total written (filtered):     51,264,091 bp (96.8%)
  Read 1:    26,250,048 bp
  Read 2:    25,014,043 bp

=== Second read: Adapter 1 ===

Sequence: XXX; Type: regular 3'; Length: 3; Trimmed: 0 times
