This is cutadapt 5.0 with Python 3.13.1
Command line parameters: -A XXX -q 20,20 -m 50 -o plate2/cutadapt_qc/2404R_R_F_S2_week6_S36_L001_R1_001.fastq.gz -p plate2/cutadapt_qc/2404R_R_F_S2_week6_S36_L001_R2_001.fastq.gz plate2/cutadapt/2404R_R_F_S2_week6_S36_L001_R1_001.fastq.gz plate2/cutadapt/2404R_R_F_S2_week6_S36_L001_R2_001.fastq.gz
Processing paired-end reads on 1 core ...

=== Summary ===

Total read pairs processed:            113,112
  Read 2 with adapter:                       0 (0.0%)

== Read fate breakdown ==
Pairs that were too short:                 820 (0.7%)
Pairs written (passing filters):       112,292 (99.3%)

Total basepairs processed:    63,818,551 bp
  Read 1:    32,129,465 bp
  Read 2:    31,689,086 bp
Quality-trimmed:               1,704,099 bp (2.7%)
  Read 1:       265,657 bp
  Read 2:     1,438,442 bp
Total written (filtered):     61,873,748 bp (97.0%)
  Read 1:    31,640,045 bp
  Read 2:    30,233,703 bp

=== Second read: Adapter 1 ===

Sequence: XXX; Type: regular 3'; Length: 3; Trimmed: 0 times
