This is cutadapt 5.0 with Python 3.13.1
Command line parameters: -A XXX -q 20,20 -m 50 -o plate2/cutadapt_qc/1193R_R_F_NS1_week9_S4_L001_R1_001.fastq.gz -p plate2/cutadapt_qc/1193R_R_F_NS1_week9_S4_L001_R2_001.fastq.gz plate2/cutadapt/1193R_R_F_NS1_week9_S4_L001_R1_001.fastq.gz plate2/cutadapt/1193R_R_F_NS1_week9_S4_L001_R2_001.fastq.gz
Processing paired-end reads on 1 core ...

=== Summary ===

Total read pairs processed:             99,012
  Read 2 with adapter:                       0 (0.0%)

== Read fate breakdown ==
Pairs that were too short:                 804 (0.8%)
Pairs written (passing filters):        98,208 (99.2%)

Total basepairs processed:    55,858,168 bp
  Read 1:    28,123,753 bp
  Read 2:    27,734,415 bp
Quality-trimmed:               1,655,332 bp (3.0%)
  Read 1:       285,516 bp
  Read 2:     1,369,816 bp
Total written (filtered):     53,968,654 bp (96.6%)
  Read 1:    27,629,489 bp
  Read 2:    26,339,165 bp

=== Second read: Adapter 1 ===

Sequence: XXX; Type: regular 3'; Length: 3; Trimmed: 0 times
