This is cutadapt 5.0 with Python 3.13.1
Command line parameters: -A XXX -q 20,20 -m 50 -o plate2/cutadapt_qc/negative_control_S90_L001_R1_001.fastq.gz -p plate2/cutadapt_qc/negative_control_S90_L001_R2_001.fastq.gz plate2/cutadapt/negative_control_S90_L001_R1_001.fastq.gz plate2/cutadapt/negative_control_S90_L001_R2_001.fastq.gz
Processing paired-end reads on 1 core ...

=== Summary ===

Total read pairs processed:             63,446
  Read 2 with adapter:                       0 (0.0%)

== Read fate breakdown ==
Pairs that were too short:                 503 (0.8%)
Pairs written (passing filters):        62,943 (99.2%)

Total basepairs processed:    35,792,658 bp
  Read 1:    18,021,103 bp
  Read 2:    17,771,555 bp
Quality-trimmed:               1,386,445 bp (3.9%)
  Read 1:       317,355 bp
  Read 2:     1,069,090 bp
Total written (filtered):     34,259,134 bp (95.7%)
  Read 1:    17,566,779 bp
  Read 2:    16,692,355 bp

=== Second read: Adapter 1 ===

Sequence: XXX; Type: regular 3'; Length: 3; Trimmed: 0 times
