This is cutadapt 5.0 with Python 3.13.1
Command line parameters: -A XXX -q 20,20 -m 50 -o plate2/cutadapt_qc/073R_0_M_S2_week9_S55_L001_R1_001.fastq.gz -p plate2/cutadapt_qc/073R_0_M_S2_week9_S55_L001_R2_001.fastq.gz plate2/cutadapt/073R_0_M_S2_week9_S55_L001_R1_001.fastq.gz plate2/cutadapt/073R_0_M_S2_week9_S55_L001_R2_001.fastq.gz
Processing paired-end reads on 1 core ...

=== Summary ===

Total read pairs processed:            142,509
  Read 2 with adapter:                       0 (0.0%)

== Read fate breakdown ==
Pairs that were too short:                 999 (0.7%)
Pairs written (passing filters):       141,510 (99.3%)

Total basepairs processed:    80,401,487 bp
  Read 1:    40,478,791 bp
  Read 2:    39,922,696 bp
Quality-trimmed:               2,565,458 bp (3.2%)
  Read 1:       518,429 bp
  Read 2:     2,047,029 bp
Total written (filtered):     77,549,105 bp (96.5%)
  Read 1:    39,706,599 bp
  Read 2:    37,842,506 bp

=== Second read: Adapter 1 ===

Sequence: XXX; Type: regular 3'; Length: 3; Trimmed: 0 times
