This is cutadapt 5.0 with Python 3.13.1
Command line parameters: -m 50 -O 15 -e 0.15 -g CCTAYGGGDBGCWGCAG -G GACTACNVGGGTMTCTAATCC -a GGATTAGAKACCCBNGTAGTC -A CTGCWGCVHCCCRTAGG -o plate2/cutadapt/016R_0_F_NS6_week9_S79_L001_R1_001.fastq.gz -p plate2/cutadapt/016R_0_F_NS6_week9_S79_L001_R2_001.fastq.gz plate2/filtN/016R_0_F_NS6_week9_S79_L001_R1_001.fastq.gz plate2/filtN/016R_0_F_NS6_week9_S79_L001_R2_001.fastq.gz
Processing paired-end reads on 1 core ...

=== Summary ===

Total read pairs processed:            116,989
  Read 1 with adapter:                 116,843 (99.9%)
  Read 2 with adapter:                 115,263 (98.5%)

== Read fate breakdown ==
Pairs that were too short:                   0 (0.0%)
Pairs written (passing filters):       116,989 (100.0%)

Total basepairs processed:    70,427,378 bp
  Read 1:    35,213,689 bp
  Read 2:    35,213,689 bp
Total written (filtered):     66,020,907 bp (93.7%)
  Read 1:    33,230,139 bp
  Read 2:    32,790,768 bp

=== First read: Adapter 1 ===

Sequence: CCTAYGGGDBGCWGCAG; Type: regular 5'; Length: 17; Trimmed: 116821 times

Minimum overlap: 15
No. of allowed errors:
1-5 bp: 0; 6-12 bp: 1; 13-17 bp: 2

Overview of removed sequences
length	count	expect	max.err	error counts
14	3	0.0	2	0 1 2
15	138	0.0	2	2 36 100
16	2882	0.0	2	383 2215 284
17	113567	0.0	2	112258 1264 45
18	231	0.0	2	34 162 35


=== First read: Adapter 2 ===

Sequence: GGATTAGAKACCCBNGTAGTC; Type: regular 3'; Length: 21; Trimmed: 22 times

Minimum overlap: 15
No. of allowed errors:
1-5 bp: 0; 6-12 bp: 1; 13-19 bp: 2; 20 bp: 3

Bases preceding removed adapters:
  A: 54.5%
  C: 0.0%
  G: 45.5%
  T: 0.0%
  none/other: 0.0%

Overview of removed sequences
length	count	expect	max.err	error counts
24	21	0.0	3	20 1
25	1	0.0	3	1


=== Second read: Adapter 3 ===

Sequence: GACTACNVGGGTMTCTAATCC; Type: regular 5'; Length: 21; Trimmed: 115262 times

Minimum overlap: 15
No. of allowed errors:
1-5 bp: 0; 6-12 bp: 1; 13-19 bp: 2; 20 bp: 3

Overview of removed sequences
length	count	expect	max.err	error counts
16	1	0.0	2	0 1
17	1	0.0	2	0 0 1
18	9	0.0	2	1 1 3 4
19	82	0.0	2	3 15 42 22
20	1667	0.0	3	164 1130 331 42
21	113161	0.0	3	106788 5516 539 318
22	247	0.0	3	29 168 38 12
23	2	0.0	3	0 0 2
55	1	0.0	3	0 0 1
59	1	0.0	3	0 0 1
62	4	0.0	3	0 0 1 3
63	8	0.0	3	1 0 3 4
64	61	0.0	3	0 1 23 37
65	17	0.0	3	0 0 4 13


=== Second read: Adapter 4 ===

Sequence: CTGCWGCVHCCCRTAGG; Type: regular 3'; Length: 17; Trimmed: 1 times

Minimum overlap: 15
No. of allowed errors:
1-5 bp: 0; 6-12 bp: 1; 13-17 bp: 2

Bases preceding removed adapters:
  A: 0.0%
  C: 0.0%
  G: 0.0%
  T: 100.0%
  none/other: 0.0%

Overview of removed sequences
length	count	expect	max.err	error counts
92	1	0.0	2	0 0 1
