This is cutadapt 5.0 with Python 3.13.1
Command line parameters: -m 50 -O 15 -e 0.15 -g CCTAYGGGDBGCWGCAG -G GACTACNVGGGTMTCTAATCC -a GGATTAGAKACCCBNGTAGTC -A CTGCWGCVHCCCRTAGG -o plate2/cutadapt/2518R_0_M_S5_week9_S78_L001_R1_001.fastq.gz -p plate2/cutadapt/2518R_0_M_S5_week9_S78_L001_R2_001.fastq.gz plate2/filtN/2518R_0_M_S5_week9_S78_L001_R1_001.fastq.gz plate2/filtN/2518R_0_M_S5_week9_S78_L001_R2_001.fastq.gz
Processing paired-end reads on 1 core ...

=== Summary ===

Total read pairs processed:            108,482
  Read 1 with adapter:                 108,326 (99.9%)
  Read 2 with adapter:                 106,884 (98.5%)

== Read fate breakdown ==
Pairs that were too short:                   0 (0.0%)
Pairs written (passing filters):       108,482 (100.0%)

Total basepairs processed:    65,306,164 bp
  Read 1:    32,653,082 bp
  Read 2:    32,653,082 bp
Total written (filtered):     61,220,968 bp (93.7%)
  Read 1:    30,814,131 bp
  Read 2:    30,406,837 bp

=== First read: Adapter 1 ===

Sequence: CCTAYGGGDBGCWGCAG; Type: regular 5'; Length: 17; Trimmed: 108298 times

Minimum overlap: 15
No. of allowed errors:
1-5 bp: 0; 6-12 bp: 1; 13-17 bp: 2

Overview of removed sequences
length	count	expect	max.err	error counts
14	1	0.0	2	0 0 1
15	138	0.0	2	5 38 95
16	2709	0.0	2	416 1959 334
17	105250	0.0	2	104025 1197 28
18	199	0.0	2	31 131 37
19	1	0.0	2	0 0 1


=== First read: Adapter 2 ===

Sequence: GGATTAGAKACCCBNGTAGTC; Type: regular 3'; Length: 21; Trimmed: 28 times

Minimum overlap: 15
No. of allowed errors:
1-5 bp: 0; 6-12 bp: 1; 13-19 bp: 2; 20 bp: 3

Bases preceding removed adapters:
  A: 28.6%
  C: 0.0%
  G: 71.4%
  T: 0.0%
  none/other: 0.0%

Overview of removed sequences
length	count	expect	max.err	error counts
24	28	0.0	3	24 4


=== Second read: Adapter 3 ===

Sequence: GACTACNVGGGTMTCTAATCC; Type: regular 5'; Length: 21; Trimmed: 106883 times

Minimum overlap: 15
No. of allowed errors:
1-5 bp: 0; 6-12 bp: 1; 13-19 bp: 2; 20 bp: 3

Overview of removed sequences
length	count	expect	max.err	error counts
15	1	0.0	2	0 1
17	2	0.0	2	1 1
18	4	0.0	2	0 2 1 1
19	73	0.0	2	2 5 50 16
20	1566	0.0	3	143 1050 330 43
21	104929	0.0	3	99109 5070 485 265
22	233	0.0	3	32 163 29 9
23	1	0.0	3	0 0 0 1
62	2	0.0	3	0 0 1 1
63	8	0.0	3	1 1 4 2
64	54	0.0	3	2 7 17 28
65	10	0.0	3	0 1 2 7


=== Second read: Adapter 4 ===

Sequence: CTGCWGCVHCCCRTAGG; Type: regular 3'; Length: 17; Trimmed: 1 times

Minimum overlap: 15
No. of allowed errors:
1-5 bp: 0; 6-12 bp: 1; 13-17 bp: 2

Bases preceding removed adapters:
  A: 0.0%
  C: 0.0%
  G: 0.0%
  T: 100.0%
  none/other: 0.0%

Overview of removed sequences
length	count	expect	max.err	error counts
25	1	0.0	2	0 0 1
