This is cutadapt 5.0 with Python 3.13.1
Command line parameters: -m 50 -O 15 -e 0.15 -g CCTAYGGGDBGCWGCAG -G GACTACNVGGGTMTCTAATCC -a GGATTAGAKACCCBNGTAGTC -A CTGCWGCVHCCCRTAGG -o plate2/cutadapt/1030R_L_M_NS1_week9_S25_L001_R1_001.fastq.gz -p plate2/cutadapt/1030R_L_M_NS1_week9_S25_L001_R2_001.fastq.gz plate2/filtN/1030R_L_M_NS1_week9_S25_L001_R1_001.fastq.gz plate2/filtN/1030R_L_M_NS1_week9_S25_L001_R2_001.fastq.gz
Processing paired-end reads on 1 core ...

=== Summary ===

Total read pairs processed:            107,535
  Read 1 with adapter:                 107,393 (99.9%)
  Read 2 with adapter:                 106,385 (98.9%)

== Read fate breakdown ==
Pairs that were too short:                   0 (0.0%)
Pairs written (passing filters):       107,535 (100.0%)

Total basepairs processed:    64,736,070 bp
  Read 1:    32,368,035 bp
  Read 2:    32,368,035 bp
Total written (filtered):     60,672,018 bp (93.7%)
  Read 1:    30,544,842 bp
  Read 2:    30,127,176 bp

=== First read: Adapter 1 ===

Sequence: CCTAYGGGDBGCWGCAG; Type: regular 5'; Length: 17; Trimmed: 107349 times

Minimum overlap: 15
No. of allowed errors:
1-5 bp: 0; 6-12 bp: 1; 13-17 bp: 2

Overview of removed sequences
length	count	expect	max.err	error counts
14	1	0.0	2	0 0 1
15	172	0.0	2	7 56 109
16	2717	0.0	2	492 1984 241
17	104192	0.0	2	103087 1072 33
18	267	0.0	2	31 209 27


=== First read: Adapter 2 ===

Sequence: GGATTAGAKACCCBNGTAGTC; Type: regular 3'; Length: 21; Trimmed: 44 times

Minimum overlap: 15
No. of allowed errors:
1-5 bp: 0; 6-12 bp: 1; 13-19 bp: 2; 20 bp: 3

Bases preceding removed adapters:
  A: 20.5%
  C: 0.0%
  G: 79.5%
  T: 0.0%
  none/other: 0.0%

Overview of removed sequences
length	count	expect	max.err	error counts
24	43	0.0	3	35 8
25	1	0.0	3	1


=== Second read: Adapter 3 ===

Sequence: GACTACNVGGGTMTCTAATCC; Type: regular 5'; Length: 21; Trimmed: 106384 times

Minimum overlap: 15
No. of allowed errors:
1-5 bp: 0; 6-12 bp: 1; 13-19 bp: 2; 20 bp: 3

Overview of removed sequences
length	count	expect	max.err	error counts
16	2	0.0	2	1 1
17	4	0.0	2	1 2 1
18	8	0.0	2	0 5 2 1
19	94	0.0	2	4 5 66 19
20	1856	0.0	3	167 1271 373 45
21	103950	0.0	3	97440 5640 604 266
22	270	0.0	3	42 171 50 7
23	3	0.0	3	0 0 2 1
24	1	0.0	3	0 0 0 1
55	1	0.0	3	0 0 1
59	1	0.0	3	1
60	3	0.0	3	0 0 1 2
61	2	0.0	3	0 0 1 1
62	13	0.0	3	1 1 1 10
63	20	0.0	3	1 2 9 8
64	122	0.0	3	5 24 38 55
65	32	0.0	3	0 3 12 17
84	1	0.0	3	0 0 0 1
249	1	0.0	3	0 0 0 1


=== Second read: Adapter 4 ===

Sequence: CTGCWGCVHCCCRTAGG; Type: regular 3'; Length: 17; Trimmed: 1 times

Minimum overlap: 15
No. of allowed errors:
1-5 bp: 0; 6-12 bp: 1; 13-17 bp: 2

Bases preceding removed adapters:
  A: 0.0%
  C: 0.0%
  G: 100.0%
  T: 0.0%
  none/other: 0.0%

Overview of removed sequences
length	count	expect	max.err	error counts
23	1	0.0	2	0 1
