This is cutadapt 5.0 with Python 3.13.1
Command line parameters: -m 50 -O 15 -e 0.15 -g CCTAYGGGDBGCWGCAG -G GACTACNVGGGTMTCTAATCC -a GGATTAGAKACCCBNGTAGTC -A CTGCWGCVHCCCRTAGG -o plate2/cutadapt/1184R_0_M_NS6_week9_S85_L001_R1_001.fastq.gz -p plate2/cutadapt/1184R_0_M_NS6_week9_S85_L001_R2_001.fastq.gz plate2/filtN/1184R_0_M_NS6_week9_S85_L001_R1_001.fastq.gz plate2/filtN/1184R_0_M_NS6_week9_S85_L001_R2_001.fastq.gz
Processing paired-end reads on 1 core ...

=== Summary ===

Total read pairs processed:            125,302
  Read 1 with adapter:                 125,133 (99.9%)
  Read 2 with adapter:                 124,224 (99.1%)

== Read fate breakdown ==
Pairs that were too short:                   0 (0.0%)
Pairs written (passing filters):       125,302 (100.0%)

Total basepairs processed:    75,431,804 bp
  Read 1:    37,715,902 bp
  Read 2:    37,715,902 bp
Total written (filtered):     70,686,078 bp (93.7%)
  Read 1:    35,591,833 bp
  Read 2:    35,094,245 bp

=== First read: Adapter 1 ===

Sequence: CCTAYGGGDBGCWGCAG; Type: regular 5'; Length: 17; Trimmed: 125113 times

Minimum overlap: 15
No. of allowed errors:
1-5 bp: 0; 6-12 bp: 1; 13-17 bp: 2

Overview of removed sequences
length	count	expect	max.err	error counts
14	1	0.0	2	0 1
15	156	0.0	2	2 45 109
16	3249	0.0	2	432 2485 332
17	121475	0.0	2	120153 1285 37
18	232	0.0	2	40 146 46


=== First read: Adapter 2 ===

Sequence: GGATTAGAKACCCBNGTAGTC; Type: regular 3'; Length: 21; Trimmed: 20 times

Minimum overlap: 15
No. of allowed errors:
1-5 bp: 0; 6-12 bp: 1; 13-19 bp: 2; 20 bp: 3

Bases preceding removed adapters:
  A: 55.0%
  C: 0.0%
  G: 45.0%
  T: 0.0%
  none/other: 0.0%

Overview of removed sequences
length	count	expect	max.err	error counts
24	20	0.0	3	16 4


=== Second read: Adapter 3 ===

Sequence: GACTACNVGGGTMTCTAATCC; Type: regular 5'; Length: 21; Trimmed: 124223 times

Minimum overlap: 15
No. of allowed errors:
1-5 bp: 0; 6-12 bp: 1; 13-19 bp: 2; 20 bp: 3

Overview of removed sequences
length	count	expect	max.err	error counts
17	3	0.0	2	0 3
18	5	0.0	2	1 2 0 2
19	89	0.0	2	3 8 62 16
20	1765	0.0	3	165 1174 389 37
21	121765	0.0	3	114932 6100 493 240
22	258	0.0	3	23 187 41 7
61	2	0.0	3	1 0 0 1
62	6	0.0	3	0 2 3 1
63	46	0.0	3	6 3 20 17
64	205	0.0	3	24 51 57 73
65	76	0.0	3	3 17 24 32
66	3	0.0	3	0 0 0 3


=== Second read: Adapter 4 ===

Sequence: CTGCWGCVHCCCRTAGG; Type: regular 3'; Length: 17; Trimmed: 1 times

Minimum overlap: 15
No. of allowed errors:
1-5 bp: 0; 6-12 bp: 1; 13-17 bp: 2

Bases preceding removed adapters:
  A: 0.0%
  C: 100.0%
  G: 0.0%
  T: 0.0%
  none/other: 0.0%

Overview of removed sequences
length	count	expect	max.err	error counts
134	1	0.0	2	0 0 1
