This is cutadapt 5.0 with Python 3.13.1
Command line parameters: -m 50 -O 15 -e 0.15 -g CCTAYGGGDBGCWGCAG -G GACTACNVGGGTMTCTAATCC -a GGATTAGAKACCCBNGTAGTC -A CTGCWGCVHCCCRTAGG -o plate2/cutadapt/2562R_RL_F_NS6_week9_S83_L001_R1_001.fastq.gz -p plate2/cutadapt/2562R_RL_F_NS6_week9_S83_L001_R2_001.fastq.gz plate2/filtN/2562R_RL_F_NS6_week9_S83_L001_R1_001.fastq.gz plate2/filtN/2562R_RL_F_NS6_week9_S83_L001_R2_001.fastq.gz
Processing paired-end reads on 1 core ...

=== Summary ===

Total read pairs processed:            102,718
  Read 1 with adapter:                 102,562 (99.8%)
  Read 2 with adapter:                 101,879 (99.2%)

== Read fate breakdown ==
Pairs that were too short:                   1 (0.0%)
Pairs written (passing filters):       102,717 (100.0%)

Total basepairs processed:    61,836,236 bp
  Read 1:    30,918,118 bp
  Read 2:    30,918,118 bp
Total written (filtered):     57,946,333 bp (93.7%)
  Read 1:    29,177,288 bp
  Read 2:    28,769,045 bp

=== First read: Adapter 1 ===

Sequence: CCTAYGGGDBGCWGCAG; Type: regular 5'; Length: 17; Trimmed: 102542 times

Minimum overlap: 15
No. of allowed errors:
1-5 bp: 0; 6-12 bp: 1; 13-17 bp: 2

Overview of removed sequences
length	count	expect	max.err	error counts
14	2	0.0	2	0 1 1
15	212	0.0	2	3 68 141
16	3024	0.0	2	527 2201 296
17	99042	0.0	2	98051 956 35
18	258	0.0	2	25 201 32
19	2	0.0	2	0 0 2
24	1	0.0	2	0 1
54	1	0.0	2	1


=== First read: Adapter 2 ===

Sequence: GGATTAGAKACCCBNGTAGTC; Type: regular 3'; Length: 21; Trimmed: 20 times

Minimum overlap: 15
No. of allowed errors:
1-5 bp: 0; 6-12 bp: 1; 13-19 bp: 2; 20 bp: 3

Bases preceding removed adapters:
  A: 60.0%
  C: 0.0%
  G: 40.0%
  T: 0.0%
  none/other: 0.0%

Overview of removed sequences
length	count	expect	max.err	error counts
24	20	0.0	3	18 2


=== Second read: Adapter 3 ===

Sequence: GACTACNVGGGTMTCTAATCC; Type: regular 5'; Length: 21; Trimmed: 101878 times

Minimum overlap: 15
No. of allowed errors:
1-5 bp: 0; 6-12 bp: 1; 13-19 bp: 2; 20 bp: 3

Overview of removed sequences
length	count	expect	max.err	error counts
18	4	0.0	2	0 0 1 3
19	63	0.0	2	0 3 53 7
20	1463	0.0	3	131 997 300 35
21	99871	0.0	3	94305 5082 332 152
22	227	0.0	3	25 160 36 6
23	1	0.0	3	0 0 1
61	1	0.0	3	0 0 0 1
62	8	0.0	3	0 0 6 2
63	36	0.0	3	4 5 13 14
64	150	0.0	3	17 38 49 46
65	54	0.0	3	3 12 20 19


=== Second read: Adapter 4 ===

Sequence: CTGCWGCVHCCCRTAGG; Type: regular 3'; Length: 17; Trimmed: 1 times

Minimum overlap: 15
No. of allowed errors:
1-5 bp: 0; 6-12 bp: 1; 13-17 bp: 2

Bases preceding removed adapters:
  A: 0.0%
  C: 0.0%
  G: 0.0%
  T: 100.0%
  none/other: 0.0%

Overview of removed sequences
length	count	expect	max.err	error counts
297	1	0.0	2	0 0 1
