This is cutadapt 5.0 with Python 3.13.1
Command line parameters: -m 50 -O 15 -e 0.15 -g CCTAYGGGDBGCWGCAG -G GACTACNVGGGTMTCTAATCC -a GGATTAGAKACCCBNGTAGTC -A CTGCWGCVHCCCRTAGG -o plate2/cutadapt/1193R_R_F_NS1_week9_S4_L001_R1_001.fastq.gz -p plate2/cutadapt/1193R_R_F_NS1_week9_S4_L001_R2_001.fastq.gz plate2/filtN/1193R_R_F_NS1_week9_S4_L001_R1_001.fastq.gz plate2/filtN/1193R_R_F_NS1_week9_S4_L001_R2_001.fastq.gz
Processing paired-end reads on 1 core ...

=== Summary ===

Total read pairs processed:             99,012
  Read 1 with adapter:                  98,895 (99.9%)
  Read 2 with adapter:                  97,912 (98.9%)

== Read fate breakdown ==
Pairs that were too short:                   0 (0.0%)
Pairs written (passing filters):        99,012 (100.0%)

Total basepairs processed:    59,605,224 bp
  Read 1:    29,802,612 bp
  Read 2:    29,802,612 bp
Total written (filtered):     55,858,168 bp (93.7%)
  Read 1:    28,123,753 bp
  Read 2:    27,734,415 bp

=== First read: Adapter 1 ===

Sequence: CCTAYGGGDBGCWGCAG; Type: regular 5'; Length: 17; Trimmed: 98875 times

Minimum overlap: 15
No. of allowed errors:
1-5 bp: 0; 6-12 bp: 1; 13-17 bp: 2

Overview of removed sequences
length	count	expect	max.err	error counts
14	2	0.0	2	0 1 1
15	143	0.0	2	3 42 98
16	2464	0.0	2	426 1818 220
17	96008	0.0	2	94946 1028 34
18	257	0.0	2	29 178 50
19	1	0.0	2	0 1


=== First read: Adapter 2 ===

Sequence: GGATTAGAKACCCBNGTAGTC; Type: regular 3'; Length: 21; Trimmed: 20 times

Minimum overlap: 15
No. of allowed errors:
1-5 bp: 0; 6-12 bp: 1; 13-19 bp: 2; 20 bp: 3

Bases preceding removed adapters:
  A: 40.0%
  C: 0.0%
  G: 60.0%
  T: 0.0%
  none/other: 0.0%

Overview of removed sequences
length	count	expect	max.err	error counts
24	19	0.0	3	16 3
25	1	0.0	3	1


=== Second read: Adapter 3 ===

Sequence: GACTACNVGGGTMTCTAATCC; Type: regular 5'; Length: 21; Trimmed: 97912 times

Minimum overlap: 15
No. of allowed errors:
1-5 bp: 0; 6-12 bp: 1; 13-19 bp: 2; 20 bp: 3

Overview of removed sequences
length	count	expect	max.err	error counts
17	1	0.0	2	0 1
18	4	0.0	2	0 3 1
19	55	0.0	2	2 1 34 18
20	1202	0.0	3	105 782 273 42
21	96072	0.0	3	90692 4697 448 235
22	273	0.0	3	25 192 47 9
57	1	0.0	3	0 0 1
58	1	0.0	3	0 0 0 1
59	2	0.0	3	0 0 1 1
61	1	0.0	3	0 0 1
62	7	0.0	3	1 1 2 3
63	38	0.0	3	2 13 9 14
64	194	0.0	3	22 46 69 57
65	59	0.0	3	3 13 17 26
66	2	0.0	3	1 1


=== Second read: Adapter 4 ===

Sequence: CTGCWGCVHCCCRTAGG; Type: regular 3'; Length: 17; Trimmed: 0 times
