This is cutadapt 5.0 with Python 3.13.1
Command line parameters: -m 50 -O 15 -e 0.15 -g CCTAYGGGDBGCWGCAG -G GACTACNVGGGTMTCTAATCC -a GGATTAGAKACCCBNGTAGTC -A CTGCWGCVHCCCRTAGG -o plate2/cutadapt/2446R_L_F_S2_week7_S41_L001_R1_001.fastq.gz -p plate2/cutadapt/2446R_L_F_S2_week7_S41_L001_R2_001.fastq.gz plate2/filtN/2446R_L_F_S2_week7_S41_L001_R1_001.fastq.gz plate2/filtN/2446R_L_F_S2_week7_S41_L001_R2_001.fastq.gz
Processing paired-end reads on 1 core ...

=== Summary ===

Total read pairs processed:            109,087
  Read 1 with adapter:                 108,910 (99.8%)
  Read 2 with adapter:                 107,920 (98.9%)

== Read fate breakdown ==
Pairs that were too short:                   0 (0.0%)
Pairs written (passing filters):       109,087 (100.0%)

Total basepairs processed:    65,670,374 bp
  Read 1:    32,835,187 bp
  Read 2:    32,835,187 bp
Total written (filtered):     61,543,926 bp (93.7%)
  Read 1:    30,986,217 bp
  Read 2:    30,557,709 bp

=== First read: Adapter 1 ===

Sequence: CCTAYGGGDBGCWGCAG; Type: regular 5'; Length: 17; Trimmed: 108871 times

Minimum overlap: 15
No. of allowed errors:
1-5 bp: 0; 6-12 bp: 1; 13-17 bp: 2

Overview of removed sequences
length	count	expect	max.err	error counts
14	3	0.0	2	0 1 2
15	156	0.0	2	10 51 95
16	2750	0.0	2	493 2004 253
17	105667	0.0	2	104617 1022 28
18	292	0.0	2	41 199 52
19	2	0.0	2	0 0 2
20	1	0.0	2	1


=== First read: Adapter 2 ===

Sequence: GGATTAGAKACCCBNGTAGTC; Type: regular 3'; Length: 21; Trimmed: 39 times

Minimum overlap: 15
No. of allowed errors:
1-5 bp: 0; 6-12 bp: 1; 13-19 bp: 2; 20 bp: 3

Bases preceding removed adapters:
  A: 23.1%
  C: 0.0%
  G: 76.9%
  T: 0.0%
  none/other: 0.0%

Overview of removed sequences
length	count	expect	max.err	error counts
23	1	0.0	3	1
24	38	0.0	3	33 5


=== Second read: Adapter 3 ===

Sequence: GACTACNVGGGTMTCTAATCC; Type: regular 5'; Length: 21; Trimmed: 107918 times

Minimum overlap: 15
No. of allowed errors:
1-5 bp: 0; 6-12 bp: 1; 13-19 bp: 2; 20 bp: 3

Overview of removed sequences
length	count	expect	max.err	error counts
16	1	0.0	2	1
17	5	0.0	2	0 0 5
18	10	0.0	2	0 3 3 4
19	112	0.0	2	1 8 74 29
20	1978	0.0	3	166 1332 415 65
21	105182	0.0	3	99624 4892 396 270
22	321	0.0	3	32 227 47 15
23	6	0.0	3	0 0 5 1
25	1	0.0	3	1
33	1	0.0	3	0 0 1
57	2	0.0	3	0 0 2
58	1	0.0	3	0 0 0 1
59	2	0.0	3	0 0 1 1
61	3	0.0	3	0 0 0 3
62	8	0.0	3	2 0 3 3
63	37	0.0	3	5 5 13 14
64	199	0.0	3	8 39 68 84
65	48	0.0	3	0 8 14 26
66	1	0.0	3	0 1


=== Second read: Adapter 4 ===

Sequence: CTGCWGCVHCCCRTAGG; Type: regular 3'; Length: 17; Trimmed: 2 times

Minimum overlap: 15
No. of allowed errors:
1-5 bp: 0; 6-12 bp: 1; 13-17 bp: 2

Bases preceding removed adapters:
  A: 50.0%
  C: 50.0%
  G: 0.0%
  T: 0.0%
  none/other: 0.0%

Overview of removed sequences
length	count	expect	max.err	error counts
20	1	0.0	2	0 0 1
187	1	0.0	2	0 0 1
