This is cutadapt 5.0 with Python 3.13.1
Command line parameters: -A XXX -q 20,20 -m 50 -o plate2/cutadapt_qc/1030R_L_M_NS1_week6_S23_L001_R1_001.fastq.gz -p plate2/cutadapt_qc/1030R_L_M_NS1_week6_S23_L001_R2_001.fastq.gz plate2/cutadapt/1030R_L_M_NS1_week6_S23_L001_R1_001.fastq.gz plate2/cutadapt/1030R_L_M_NS1_week6_S23_L001_R2_001.fastq.gz
Processing paired-end reads on 1 core ...

=== Summary ===

Total read pairs processed:            127,690
  Read 2 with adapter:                       0 (0.0%)

== Read fate breakdown ==
Pairs that were too short:                 926 (0.7%)
Pairs written (passing filters):       126,764 (99.3%)

Total basepairs processed:    72,044,387 bp
  Read 1:    36,269,840 bp
  Read 2:    35,774,547 bp
Quality-trimmed:               1,864,821 bp (2.6%)
  Read 1:       360,050 bp
  Read 2:     1,504,771 bp
Total written (filtered):     69,912,251 bp (97.0%)
  Read 1:    35,667,412 bp
  Read 2:    34,244,839 bp

=== Second read: Adapter 1 ===

Sequence: XXX; Type: regular 3'; Length: 3; Trimmed: 0 times
