This is cutadapt 5.0 with Python 3.13.1
Command line parameters: -A XXX -q 20,20 -m 50 -o plate2/cutadapt_qc/1067R_R_M_S2_week5_S56_L001_R1_001.fastq.gz -p plate2/cutadapt_qc/1067R_R_M_S2_week5_S56_L001_R2_001.fastq.gz plate2/cutadapt/1067R_R_M_S2_week5_S56_L001_R1_001.fastq.gz plate2/cutadapt/1067R_R_M_S2_week5_S56_L001_R2_001.fastq.gz
Processing paired-end reads on 1 core ...

=== Summary ===

Total read pairs processed:            131,795
  Read 2 with adapter:                       0 (0.0%)

== Read fate breakdown ==
Pairs that were too short:                 930 (0.7%)
Pairs written (passing filters):       130,865 (99.3%)

Total basepairs processed:    74,359,117 bp
  Read 1:    37,436,809 bp
  Read 2:    36,922,308 bp
Quality-trimmed:               2,284,785 bp (3.1%)
  Read 1:       402,732 bp
  Read 2:     1,882,053 bp
Total written (filtered):     71,800,295 bp (96.6%)
  Read 1:    36,778,714 bp
  Read 2:    35,021,581 bp

=== Second read: Adapter 1 ===

Sequence: XXX; Type: regular 3'; Length: 3; Trimmed: 0 times
