This is cutadapt 5.0 with Python 3.13.1
Command line parameters: -m 50 -O 15 -e 0.15 -g CCTAYGGGDBGCWGCAG -G GACTACNVGGGTMTCTAATCC -a GGATTAGAKACCCBNGTAGTC -A CTGCWGCVHCCCRTAGG -o plate2/cutadapt/3975R_R_F_NS1_week7_S16_L001_R1_001.fastq.gz -p plate2/cutadapt/3975R_R_F_NS1_week7_S16_L001_R2_001.fastq.gz plate2/filtN/3975R_R_F_NS1_week7_S16_L001_R1_001.fastq.gz plate2/filtN/3975R_R_F_NS1_week7_S16_L001_R2_001.fastq.gz
Processing paired-end reads on 1 core ...

=== Summary ===

Total read pairs processed:            114,965
  Read 1 with adapter:                 114,807 (99.9%)
  Read 2 with adapter:                 112,964 (98.3%)

== Read fate breakdown ==
Pairs that were too short:                   2 (0.0%)
Pairs written (passing filters):       114,963 (100.0%)

Total basepairs processed:    69,208,930 bp
  Read 1:    34,604,465 bp
  Read 2:    34,604,465 bp
Total written (filtered):     64,879,227 bp (93.7%)
  Read 1:    32,655,254 bp
  Read 2:    32,223,973 bp

=== First read: Adapter 1 ===

Sequence: CCTAYGGGDBGCWGCAG; Type: regular 5'; Length: 17; Trimmed: 114761 times

Minimum overlap: 15
No. of allowed errors:
1-5 bp: 0; 6-12 bp: 1; 13-17 bp: 2

Overview of removed sequences
length	count	expect	max.err	error counts
14	3	0.0	2	0 1 2
15	200	0.0	2	3 49 148
16	3147	0.0	2	427 2412 308
17	111241	0.0	2	110027 1177 37
18	169	0.0	2	30 107 32
19	1	0.0	2	0 0 1


=== First read: Adapter 2 ===

Sequence: GGATTAGAKACCCBNGTAGTC; Type: regular 3'; Length: 21; Trimmed: 46 times

Minimum overlap: 15
No. of allowed errors:
1-5 bp: 0; 6-12 bp: 1; 13-19 bp: 2; 20 bp: 3

Bases preceding removed adapters:
  A: 21.7%
  C: 0.0%
  G: 78.3%
  T: 0.0%
  none/other: 0.0%

Overview of removed sequences
length	count	expect	max.err	error counts
24	43	0.0	3	40 3
25	1	0.0	3	0 0 1
285	2	0.0	3	1 1


=== Second read: Adapter 3 ===

Sequence: GACTACNVGGGTMTCTAATCC; Type: regular 5'; Length: 21; Trimmed: 112964 times

Minimum overlap: 15
No. of allowed errors:
1-5 bp: 0; 6-12 bp: 1; 13-19 bp: 2; 20 bp: 3

Overview of removed sequences
length	count	expect	max.err	error counts
16	1	0.0	2	0 1
17	1	0.0	2	0 1
18	7	0.0	2	0 3 0 4
19	104	0.0	2	3 10 64 27
20	1707	0.0	3	173 1081 386 67
21	110672	0.0	3	103763 5966 633 310
22	251	0.0	3	21 188 35 7
23	3	0.0	3	1 0 1 1
61	3	0.0	3	0 1 1 1
62	5	0.0	3	0 0 2 3
63	27	0.0	3	1 1 13 12
64	136	0.0	3	6 18 47 65
65	46	0.0	3	0 5 15 26
66	1	0.0	3	0 0 0 1


=== Second read: Adapter 4 ===

Sequence: CTGCWGCVHCCCRTAGG; Type: regular 3'; Length: 17; Trimmed: 0 times
