This is cutadapt 5.0 with Python 3.13.1
Command line parameters: -m 50 -O 15 -e 0.15 -g CCTAYGGGDBGCWGCAG -G GACTACNVGGGTMTCTAATCC -a GGATTAGAKACCCBNGTAGTC -A CTGCWGCVHCCCRTAGG -o plate2/cutadapt/1151R_R_M_NS1_week6_S31_L001_R1_001.fastq.gz -p plate2/cutadapt/1151R_R_M_NS1_week6_S31_L001_R2_001.fastq.gz plate2/filtN/1151R_R_M_NS1_week6_S31_L001_R1_001.fastq.gz plate2/filtN/1151R_R_M_NS1_week6_S31_L001_R2_001.fastq.gz
Processing paired-end reads on 1 core ...

=== Summary ===

Total read pairs processed:            115,509
  Read 1 with adapter:                 115,360 (99.9%)
  Read 2 with adapter:                 114,397 (99.0%)

== Read fate breakdown ==
Pairs that were too short:                   0 (0.0%)
Pairs written (passing filters):       115,509 (100.0%)

Total basepairs processed:    69,536,418 bp
  Read 1:    34,768,209 bp
  Read 2:    34,768,209 bp
Total written (filtered):     65,167,755 bp (93.7%)
  Read 1:    32,809,714 bp
  Read 2:    32,358,041 bp

=== First read: Adapter 1 ===

Sequence: CCTAYGGGDBGCWGCAG; Type: regular 5'; Length: 17; Trimmed: 115330 times

Minimum overlap: 15
No. of allowed errors:
1-5 bp: 0; 6-12 bp: 1; 13-17 bp: 2

Overview of removed sequences
length	count	expect	max.err	error counts
15	137	0.0	2	2 33 102
16	2790	0.0	2	350 2172 268
17	112177	0.0	2	110999 1138 40
18	225	0.0	2	33 155 37
19	1	0.0	2	0 0 1


=== First read: Adapter 2 ===

Sequence: GGATTAGAKACCCBNGTAGTC; Type: regular 3'; Length: 21; Trimmed: 30 times

Minimum overlap: 15
No. of allowed errors:
1-5 bp: 0; 6-12 bp: 1; 13-19 bp: 2; 20 bp: 3

Bases preceding removed adapters:
  A: 36.7%
  C: 0.0%
  G: 63.3%
  T: 0.0%
  none/other: 0.0%

Overview of removed sequences
length	count	expect	max.err	error counts
24	28	0.0	3	25 3
25	2	0.0	3	2


=== Second read: Adapter 3 ===

Sequence: GACTACNVGGGTMTCTAATCC; Type: regular 5'; Length: 21; Trimmed: 114394 times

Minimum overlap: 15
No. of allowed errors:
1-5 bp: 0; 6-12 bp: 1; 13-19 bp: 2; 20 bp: 3

Overview of removed sequences
length	count	expect	max.err	error counts
15	1	0.0	2	0 1
16	4	0.0	2	1 2 1
17	5	0.0	2	1 2 2
18	18	0.0	2	4 8 2 4
19	108	0.0	2	4 11 75 18
20	1993	0.0	3	172 1374 400 47
21	111739	0.0	3	104917 5959 608 255
22	293	0.0	3	21 226 35 11
23	7	0.0	3	0 0 6 1
29	2	0.0	3	0 0 1 1
31	2	0.0	3	0 1 1
43	1	0.0	3	0 1
58	2	0.0	3	0 0 0 2
60	2	0.0	3	0 0 1 1
61	5	0.0	3	0 1 2 2
62	11	0.0	3	0 5 2 4
63	35	0.0	3	1 6 10 18
64	136	0.0	3	14 29 39 54
65	29	0.0	3	2 9 7 11
66	1	0.0	3	0 0 1


=== Second read: Adapter 4 ===

Sequence: CTGCWGCVHCCCRTAGG; Type: regular 3'; Length: 17; Trimmed: 3 times

Minimum overlap: 15
No. of allowed errors:
1-5 bp: 0; 6-12 bp: 1; 13-17 bp: 2

Bases preceding removed adapters:
  A: 0.0%
  C: 33.3%
  G: 66.7%
  T: 0.0%
  none/other: 0.0%

Overview of removed sequences
length	count	expect	max.err	error counts
22	1	0.0	2	1
187	2	0.0	2	0 0 2
