This is cutadapt 5.0 with Python 3.13.1
Command line parameters: -m 50 -O 15 -e 0.15 -g CCTAYGGGDBGCWGCAG -G GACTACNVGGGTMTCTAATCC -a GGATTAGAKACCCBNGTAGTC -A CTGCWGCVHCCCRTAGG -o plate2/cutadapt/3918R_R_M_S2_week5_S65_L001_R1_001.fastq.gz -p plate2/cutadapt/3918R_R_M_S2_week5_S65_L001_R2_001.fastq.gz plate2/filtN/3918R_R_M_S2_week5_S65_L001_R1_001.fastq.gz plate2/filtN/3918R_R_M_S2_week5_S65_L001_R2_001.fastq.gz
Processing paired-end reads on 1 core ...

=== Summary ===

Total read pairs processed:            115,721
  Read 1 with adapter:                 115,581 (99.9%)
  Read 2 with adapter:                 114,765 (99.2%)

== Read fate breakdown ==
Pairs that were too short:                   0 (0.0%)
Pairs written (passing filters):       115,721 (100.0%)

Total basepairs processed:    69,664,042 bp
  Read 1:    34,832,021 bp
  Read 2:    34,832,021 bp
Total written (filtered):     65,284,704 bp (93.7%)
  Read 1:    32,869,889 bp
  Read 2:    32,414,815 bp

=== First read: Adapter 1 ===

Sequence: CCTAYGGGDBGCWGCAG; Type: regular 5'; Length: 17; Trimmed: 115559 times

Minimum overlap: 15
No. of allowed errors:
1-5 bp: 0; 6-12 bp: 1; 13-17 bp: 2

Overview of removed sequences
length	count	expect	max.err	error counts
14	2	0.0	2	0 0 2
15	210	0.0	2	2 68 140
16	2899	0.0	2	524 2087 288
17	112167	0.0	2	110914 1197 56
18	279	0.0	2	32 197 50
19	2	0.0	2	0 0 2


=== First read: Adapter 2 ===

Sequence: GGATTAGAKACCCBNGTAGTC; Type: regular 3'; Length: 21; Trimmed: 22 times

Minimum overlap: 15
No. of allowed errors:
1-5 bp: 0; 6-12 bp: 1; 13-19 bp: 2; 20 bp: 3

Bases preceding removed adapters:
  A: 36.4%
  C: 0.0%
  G: 63.6%
  T: 0.0%
  none/other: 0.0%

Overview of removed sequences
length	count	expect	max.err	error counts
24	21	0.0	3	17 4
167	1	0.0	3	1


=== Second read: Adapter 3 ===

Sequence: GACTACNVGGGTMTCTAATCC; Type: regular 5'; Length: 21; Trimmed: 114764 times

Minimum overlap: 15
No. of allowed errors:
1-5 bp: 0; 6-12 bp: 1; 13-19 bp: 2; 20 bp: 3

Overview of removed sequences
length	count	expect	max.err	error counts
17	3	0.0	2	1 0 2
18	6	0.0	2	3 0 0 3
19	69	0.0	2	2 2 48 17
20	1355	0.0	3	173 893 263 26
21	112890	0.0	3	107097 5181 392 220
22	245	0.0	3	21 179 39 6
60	1	0.0	3	0 0 1
62	6	0.0	3	0 1 1 4
63	25	0.0	3	2 2 9 12
64	132	0.0	3	5 30 46 51
65	31	0.0	3	1 5 8 17
66	1	0.0	3	0 0 1


=== Second read: Adapter 4 ===

Sequence: CTGCWGCVHCCCRTAGG; Type: regular 3'; Length: 17; Trimmed: 1 times

Minimum overlap: 15
No. of allowed errors:
1-5 bp: 0; 6-12 bp: 1; 13-17 bp: 2

Bases preceding removed adapters:
  A: 0.0%
  C: 100.0%
  G: 0.0%
  T: 0.0%
  none/other: 0.0%

Overview of removed sequences
length	count	expect	max.err	error counts
20	1	0.0	2	0 0 1
