This is cutadapt 5.0 with Python 3.13.1
Command line parameters: -m 50 -O 15 -e 0.15 -g CCTAYGGGDBGCWGCAG -G GACTACNVGGGTMTCTAATCC -a GGATTAGAKACCCBNGTAGTC -A CTGCWGCVHCCCRTAGG -o plate2/cutadapt/2404R_R_F_S2_week7_S37_L001_R1_001.fastq.gz -p plate2/cutadapt/2404R_R_F_S2_week7_S37_L001_R2_001.fastq.gz plate2/filtN/2404R_R_F_S2_week7_S37_L001_R1_001.fastq.gz plate2/filtN/2404R_R_F_S2_week7_S37_L001_R2_001.fastq.gz
Processing paired-end reads on 1 core ...

=== Summary ===

Total read pairs processed:            120,721
  Read 1 with adapter:                 120,571 (99.9%)
  Read 2 with adapter:                 119,505 (99.0%)

== Read fate breakdown ==
Pairs that were too short:                   1 (0.0%)
Pairs written (passing filters):       120,720 (100.0%)

Total basepairs processed:    72,674,042 bp
  Read 1:    36,337,021 bp
  Read 2:    36,337,021 bp
Total written (filtered):     68,112,319 bp (93.7%)
  Read 1:    34,290,010 bp
  Read 2:    33,822,309 bp

=== First read: Adapter 1 ===

Sequence: CCTAYGGGDBGCWGCAG; Type: regular 5'; Length: 17; Trimmed: 120527 times

Minimum overlap: 15
No. of allowed errors:
1-5 bp: 0; 6-12 bp: 1; 13-17 bp: 2

Overview of removed sequences
length	count	expect	max.err	error counts
14	1	0.0	2	0 0 1
15	171	0.0	2	7 51 113
16	3184	0.0	2	442 2353 389
17	116937	0.0	2	115645 1244 48
18	233	0.0	2	51 140 42
19	1	0.0	2	0 0 1


=== First read: Adapter 2 ===

Sequence: GGATTAGAKACCCBNGTAGTC; Type: regular 3'; Length: 21; Trimmed: 44 times

Minimum overlap: 15
No. of allowed errors:
1-5 bp: 0; 6-12 bp: 1; 13-19 bp: 2; 20 bp: 3

Bases preceding removed adapters:
  A: 20.5%
  C: 0.0%
  G: 79.5%
  T: 0.0%
  none/other: 0.0%

Overview of removed sequences
length	count	expect	max.err	error counts
23	1	0.0	3	1
24	37	0.0	3	33 4
25	5	0.0	3	5
26	1	0.0	3	1


=== Second read: Adapter 3 ===

Sequence: GACTACNVGGGTMTCTAATCC; Type: regular 5'; Length: 21; Trimmed: 119503 times

Minimum overlap: 15
No. of allowed errors:
1-5 bp: 0; 6-12 bp: 1; 13-19 bp: 2; 20 bp: 3

Overview of removed sequences
length	count	expect	max.err	error counts
15	1	0.0	2	1
17	1	0.0	2	0 0 1
18	14	0.0	2	0 4 6 4
19	101	0.0	2	1 10 63 27
20	1799	0.0	3	180 1202 366 51
21	117130	0.0	3	110748 5746 418 218
22	299	0.0	3	22 229 43 5
23	3	0.0	3	0 0 3
24	1	0.0	3	0 0 0 1
40	1	0.0	3	0 1
60	1	0.0	3	0 0 0 1
61	2	0.0	3	0 0 1 1
62	8	0.0	3	0 3 2 3
63	18	0.0	3	0 0 5 13
64	106	0.0	3	6 17 31 52
65	16	0.0	3	0 2 10 4
66	2	0.0	3	0 0 1 1


=== Second read: Adapter 4 ===

Sequence: CTGCWGCVHCCCRTAGG; Type: regular 3'; Length: 17; Trimmed: 2 times

Minimum overlap: 15
No. of allowed errors:
1-5 bp: 0; 6-12 bp: 1; 13-17 bp: 2

Bases preceding removed adapters:
  A: 0.0%
  C: 0.0%
  G: 50.0%
  T: 50.0%
  none/other: 0.0%

Overview of removed sequences
length	count	expect	max.err	error counts
19	1	0.0	2	1
289	1	0.0	2	0 0 1
