This is cutadapt 5.0 with Python 3.13.1
Command line parameters: -m 50 -O 15 -e 0.15 -g CCTAYGGGDBGCWGCAG -G GACTACNVGGGTMTCTAATCC -a GGATTAGAKACCCBNGTAGTC -A CTGCWGCVHCCCRTAGG -o plate2/cutadapt/3918R_R_M_S2_week6_S66_L001_R1_001.fastq.gz -p plate2/cutadapt/3918R_R_M_S2_week6_S66_L001_R2_001.fastq.gz plate2/filtN/3918R_R_M_S2_week6_S66_L001_R1_001.fastq.gz plate2/filtN/3918R_R_M_S2_week6_S66_L001_R2_001.fastq.gz
Processing paired-end reads on 1 core ...

=== Summary ===

Total read pairs processed:            117,693
  Read 1 with adapter:                 117,509 (99.8%)
  Read 2 with adapter:                 116,796 (99.2%)

== Read fate breakdown ==
Pairs that were too short:                   0 (0.0%)
Pairs written (passing filters):       117,693 (100.0%)

Total basepairs processed:    70,851,186 bp
  Read 1:    35,425,593 bp
  Read 2:    35,425,593 bp
Total written (filtered):     66,396,794 bp (93.7%)
  Read 1:    33,431,041 bp
  Read 2:    32,965,753 bp

=== First read: Adapter 1 ===

Sequence: CCTAYGGGDBGCWGCAG; Type: regular 5'; Length: 17; Trimmed: 117476 times

Minimum overlap: 15
No. of allowed errors:
1-5 bp: 0; 6-12 bp: 1; 13-17 bp: 2

Overview of removed sequences
length	count	expect	max.err	error counts
14	9	0.0	2	0 1 8
15	194	0.0	2	5 49 140
16	3211	0.0	2	510 2406 295
17	113772	0.0	2	112648 1083 41
18	288	0.0	2	42 201 45
19	1	0.0	2	0 0 1
20	1	0.0	2	0 0 1


=== First read: Adapter 2 ===

Sequence: GGATTAGAKACCCBNGTAGTC; Type: regular 3'; Length: 21; Trimmed: 33 times

Minimum overlap: 15
No. of allowed errors:
1-5 bp: 0; 6-12 bp: 1; 13-19 bp: 2; 20 bp: 3

Bases preceding removed adapters:
  A: 18.2%
  C: 0.0%
  G: 81.8%
  T: 0.0%
  none/other: 0.0%
WARNING:
    The adapter is preceded by 'G' extremely often.
    The provided adapter sequence could be incomplete at its 5' end.
    Ignore this warning when trimming primers.

Overview of removed sequences
length	count	expect	max.err	error counts
24	32	0.0	3	27 5
25	1	0.0	3	1


=== Second read: Adapter 3 ===

Sequence: GACTACNVGGGTMTCTAATCC; Type: regular 5'; Length: 21; Trimmed: 116795 times

Minimum overlap: 15
No. of allowed errors:
1-5 bp: 0; 6-12 bp: 1; 13-19 bp: 2; 20 bp: 3

Overview of removed sequences
length	count	expect	max.err	error counts
17	1	0.0	2	0 1
18	6	0.0	2	1 3 2
19	68	0.0	2	0 10 43 15
20	1399	0.0	3	152 905 312 30
21	114865	0.0	3	109314 5050 322 179
22	260	0.0	3	30 198 26 6
23	2	0.0	3	0 0 2
24	1	0.0	3	0 0 0 1
59	1	0.0	3	0 0 1
62	5	0.0	3	0 1 1 3
63	22	0.0	3	0 5 6 11
64	138	0.0	3	9 25 47 57
65	27	0.0	3	0 5 10 12


=== Second read: Adapter 4 ===

Sequence: CTGCWGCVHCCCRTAGG; Type: regular 3'; Length: 17; Trimmed: 1 times

Minimum overlap: 15
No. of allowed errors:
1-5 bp: 0; 6-12 bp: 1; 13-17 bp: 2

Bases preceding removed adapters:
  A: 0.0%
  C: 100.0%
  G: 0.0%
  T: 0.0%
  none/other: 0.0%

Overview of removed sequences
length	count	expect	max.err	error counts
146	1	0.0	2	0 0 1


WARNING:
    One or more of your adapter sequences may be incomplete.
    Please see the detailed output above.
