This is cutadapt 5.0 with Python 3.13.1
Command line parameters: -A XXX -q 20,20 -m 50 -o plate2/cutadapt_qc/2529R_R_F_NS1_week7_S7_L001_R1_001.fastq.gz -p plate2/cutadapt_qc/2529R_R_F_NS1_week7_S7_L001_R2_001.fastq.gz plate2/cutadapt/2529R_R_F_NS1_week7_S7_L001_R1_001.fastq.gz plate2/cutadapt/2529R_R_F_NS1_week7_S7_L001_R2_001.fastq.gz
Processing paired-end reads on 1 core ...

=== Summary ===

Total read pairs processed:             95,710
  Read 2 with adapter:                       0 (0.0%)

== Read fate breakdown ==
Pairs that were too short:                 721 (0.8%)
Pairs written (passing filters):        94,989 (99.2%)

Total basepairs processed:    53,993,944 bp
  Read 1:    27,186,038 bp
  Read 2:    26,807,906 bp
Quality-trimmed:               1,732,009 bp (3.2%)
  Read 1:       326,706 bp
  Read 2:     1,405,303 bp
Total written (filtered):     52,053,759 bp (96.4%)
  Read 1:    26,670,519 bp
  Read 2:    25,383,240 bp

=== Second read: Adapter 1 ===

Sequence: XXX; Type: regular 3'; Length: 3; Trimmed: 0 times
