This is cutadapt 5.0 with Python 3.13.1
Command line parameters: -A XXX -q 20,20 -m 50 -o plate2/cutadapt_qc/3924R_L_F_S5_week9_S72_L001_R1_001.fastq.gz -p plate2/cutadapt_qc/3924R_L_F_S5_week9_S72_L001_R2_001.fastq.gz plate2/cutadapt/3924R_L_F_S5_week9_S72_L001_R1_001.fastq.gz plate2/cutadapt/3924R_L_F_S5_week9_S72_L001_R2_001.fastq.gz
Processing paired-end reads on 1 core ...

=== Summary ===

Total read pairs processed:            122,948
  Read 2 with adapter:                       0 (0.0%)

== Read fate breakdown ==
Pairs that were too short:                 838 (0.7%)
Pairs written (passing filters):       122,110 (99.3%)

Total basepairs processed:    69,362,781 bp
  Read 1:    34,923,583 bp
  Read 2:    34,439,198 bp
Quality-trimmed:               2,058,127 bp (3.0%)
  Read 1:       358,863 bp
  Read 2:     1,699,264 bp
Total written (filtered):     67,055,320 bp (96.7%)
  Read 1:    34,333,133 bp
  Read 2:    32,722,187 bp

=== Second read: Adapter 1 ===

Sequence: XXX; Type: regular 3'; Length: 3; Trimmed: 0 times
