This is cutadapt 5.0 with Python 3.13.1
Command line parameters: -m 50 -O 15 -e 0.15 -g CCTAYGGGDBGCWGCAG -G GACTACNVGGGTMTCTAATCC -a GGATTAGAKACCCBNGTAGTC -A CTGCWGCVHCCCRTAGG -o plate2/cutadapt/1136R_0_F_S5_week9_S69_L001_R1_001.fastq.gz -p plate2/cutadapt/1136R_0_F_S5_week9_S69_L001_R2_001.fastq.gz plate2/filtN/1136R_0_F_S5_week9_S69_L001_R1_001.fastq.gz plate2/filtN/1136R_0_F_S5_week9_S69_L001_R2_001.fastq.gz
Processing paired-end reads on 1 core ...

=== Summary ===

Total read pairs processed:            153,649
  Read 1 with adapter:                 153,405 (99.8%)
  Read 2 with adapter:                 152,382 (99.2%)

== Read fate breakdown ==
Pairs that were too short:                   1 (0.0%)
Pairs written (passing filters):       153,648 (100.0%)

Total basepairs processed:    92,496,698 bp
  Read 1:    46,248,349 bp
  Read 2:    46,248,349 bp
Total written (filtered):     86,682,907 bp (93.7%)
  Read 1:    43,644,072 bp
  Read 2:    43,038,835 bp

=== First read: Adapter 1 ===

Sequence: CCTAYGGGDBGCWGCAG; Type: regular 5'; Length: 17; Trimmed: 153374 times

Minimum overlap: 15
No. of allowed errors:
1-5 bp: 0; 6-12 bp: 1; 13-17 bp: 2

Overview of removed sequences
length	count	expect	max.err	error counts
15	227	0.0	2	4 66 157
16	3920	0.0	2	525 2974 421
17	148963	0.0	2	147275 1643 45
18	264	0.0	2	38 188 38


=== First read: Adapter 2 ===

Sequence: GGATTAGAKACCCBNGTAGTC; Type: regular 3'; Length: 21; Trimmed: 31 times

Minimum overlap: 15
No. of allowed errors:
1-5 bp: 0; 6-12 bp: 1; 13-19 bp: 2; 20 bp: 3

Bases preceding removed adapters:
  A: 38.7%
  C: 0.0%
  G: 61.3%
  T: 0.0%
  none/other: 0.0%

Overview of removed sequences
length	count	expect	max.err	error counts
24	30	0.0	3	26 4
25	1	0.0	3	1


=== Second read: Adapter 3 ===

Sequence: GACTACNVGGGTMTCTAATCC; Type: regular 5'; Length: 21; Trimmed: 152380 times

Minimum overlap: 15
No. of allowed errors:
1-5 bp: 0; 6-12 bp: 1; 13-19 bp: 2; 20 bp: 3

Overview of removed sequences
length	count	expect	max.err	error counts
16	1	0.0	2	1
17	1	0.0	2	0 0 1
18	7	0.0	2	0 3 2 2
19	85	0.0	2	2 9 56 18
20	1937	0.0	3	278 1219 378 62
21	149765	0.0	3	142251 6762 507 245
22	328	0.0	3	21 239 56 12
61	3	0.0	3	0 0 1 2
62	3	0.0	3	0 0 0 3
63	30	0.0	3	1 9 6 14
64	164	0.0	3	9 31 60 64
65	53	0.0	3	2 11 15 25
66	3	0.0	3	0 0 1 2


=== Second read: Adapter 4 ===

Sequence: CTGCWGCVHCCCRTAGG; Type: regular 3'; Length: 17; Trimmed: 2 times

Minimum overlap: 15
No. of allowed errors:
1-5 bp: 0; 6-12 bp: 1; 13-17 bp: 2

Bases preceding removed adapters:
  A: 0.0%
  C: 0.0%
  G: 0.0%
  T: 100.0%
  none/other: 0.0%

Overview of removed sequences
length	count	expect	max.err	error counts
20	1	0.0	2	0 0 1
279	1	0.0	2	0 0 1
