This is cutadapt 5.0 with Python 3.13.1
Command line parameters: -m 50 -O 15 -e 0.15 -g CCTAYGGGDBGCWGCAG -G GACTACNVGGGTMTCTAATCC -a GGATTAGAKACCCBNGTAGTC -A CTGCWGCVHCCCRTAGG -o plate2/cutadapt/1193R_R_F_NS1_week7_S3_L001_R1_001.fastq.gz -p plate2/cutadapt/1193R_R_F_NS1_week7_S3_L001_R2_001.fastq.gz plate2/filtN/1193R_R_F_NS1_week7_S3_L001_R1_001.fastq.gz plate2/filtN/1193R_R_F_NS1_week7_S3_L001_R2_001.fastq.gz
Processing paired-end reads on 1 core ...

=== Summary ===

Total read pairs processed:             91,637
  Read 1 with adapter:                  91,477 (99.8%)
  Read 2 with adapter:                  90,853 (99.1%)

== Read fate breakdown ==
Pairs that were too short:                   0 (0.0%)
Pairs written (passing filters):        91,637 (100.0%)

Total basepairs processed:    55,165,474 bp
  Read 1:    27,582,737 bp
  Read 2:    27,582,737 bp
Total written (filtered):     51,695,412 bp (93.7%)
  Read 1:    26,030,269 bp
  Read 2:    25,665,143 bp

=== First read: Adapter 1 ===

Sequence: CCTAYGGGDBGCWGCAG; Type: regular 5'; Length: 17; Trimmed: 91438 times

Minimum overlap: 15
No. of allowed errors:
1-5 bp: 0; 6-12 bp: 1; 13-17 bp: 2

Overview of removed sequences
length	count	expect	max.err	error counts
14	1	0.0	2	0 0 1
15	198	0.0	2	4 60 134
16	2787	0.0	2	443 2069 275
17	88188	0.0	2	87300 857 31
18	260	0.0	2	28 183 49
19	4	0.0	2	0 0 4


=== First read: Adapter 2 ===

Sequence: GGATTAGAKACCCBNGTAGTC; Type: regular 3'; Length: 21; Trimmed: 39 times

Minimum overlap: 15
No. of allowed errors:
1-5 bp: 0; 6-12 bp: 1; 13-19 bp: 2; 20 bp: 3

Bases preceding removed adapters:
  A: 33.3%
  C: 0.0%
  G: 66.7%
  T: 0.0%
  none/other: 0.0%

Overview of removed sequences
length	count	expect	max.err	error counts
24	35	0.0	3	31 4
25	4	0.0	3	3 1


=== Second read: Adapter 3 ===

Sequence: GACTACNVGGGTMTCTAATCC; Type: regular 5'; Length: 21; Trimmed: 90853 times

Minimum overlap: 15
No. of allowed errors:
1-5 bp: 0; 6-12 bp: 1; 13-19 bp: 2; 20 bp: 3

Overview of removed sequences
length	count	expect	max.err	error counts
15	1	0.0	2	0 1
17	3	0.0	2	2 0 1
18	7	0.0	2	0 2 1 4
19	87	0.0	2	1 7 57 22
20	1293	0.0	3	116 900 254 23
21	88995	0.0	3	84499 4117 246 133
22	209	0.0	3	23 146 33 7
23	1	0.0	3	0 0 1
30	1	0.0	3	0 0 1
56	1	0.0	3	0 0 0 1
58	2	0.0	3	0 0 0 2
60	1	0.0	3	0 0 1
61	3	0.0	3	0 2 1
62	5	0.0	3	0 0 3 2
63	45	0.0	3	6 7 14 18
64	152	0.0	3	14 36 38 64
65	47	0.0	3	2 11 15 19


=== Second read: Adapter 4 ===

Sequence: CTGCWGCVHCCCRTAGG; Type: regular 3'; Length: 17; Trimmed: 0 times
