This is cutadapt 5.0 with Python 3.13.1
Command line parameters: -A XXX -q 20,20 -m 50 -o plate2/cutadapt_qc/1193R_R_F_NS1_week6_S2_L001_R1_001.fastq.gz -p plate2/cutadapt_qc/1193R_R_F_NS1_week6_S2_L001_R2_001.fastq.gz plate2/cutadapt/1193R_R_F_NS1_week6_S2_L001_R1_001.fastq.gz plate2/cutadapt/1193R_R_F_NS1_week6_S2_L001_R2_001.fastq.gz
Processing paired-end reads on 1 core ...

=== Summary ===

Total read pairs processed:             85,775
  Read 2 with adapter:                       0 (0.0%)

== Read fate breakdown ==
Pairs that were too short:                 664 (0.8%)
Pairs written (passing filters):        85,111 (99.2%)

Total basepairs processed:    48,389,796 bp
  Read 1:    24,364,643 bp
  Read 2:    24,025,153 bp
Quality-trimmed:               1,386,210 bp (2.9%)
  Read 1:       208,786 bp
  Read 2:     1,177,424 bp
Total written (filtered):     46,806,271 bp (96.7%)
  Read 1:    23,971,448 bp
  Read 2:    22,834,823 bp

=== Second read: Adapter 1 ===

Sequence: XXX; Type: regular 3'; Length: 3; Trimmed: 0 times
