This is cutadapt 5.0 with Python 3.13.1
Command line parameters: -A XXX -q 20,20 -m 50 -o plate2/cutadapt_qc/184R_0_M_NS6_week9_S88_L001_R1_001.fastq.gz -p plate2/cutadapt_qc/184R_0_M_NS6_week9_S88_L001_R2_001.fastq.gz plate2/cutadapt/184R_0_M_NS6_week9_S88_L001_R1_001.fastq.gz plate2/cutadapt/184R_0_M_NS6_week9_S88_L001_R2_001.fastq.gz
Processing paired-end reads on 1 core ...

=== Summary ===

Total read pairs processed:            136,757
  Read 2 with adapter:                       0 (0.0%)

== Read fate breakdown ==
Pairs that were too short:                 766 (0.6%)
Pairs written (passing filters):       135,991 (99.4%)

Total basepairs processed:    77,147,891 bp
  Read 1:    38,845,702 bp
  Read 2:    38,302,189 bp
Quality-trimmed:               1,782,757 bp (2.3%)
  Read 1:       309,152 bp
  Read 2:     1,473,605 bp
Total written (filtered):     75,136,507 bp (97.4%)
  Read 1:    38,325,438 bp
  Read 2:    36,811,069 bp

=== Second read: Adapter 1 ===

Sequence: XXX; Type: regular 3'; Length: 3; Trimmed: 0 times
