This is cutadapt 5.0 with Python 3.13.1
Command line parameters: -A XXX -q 20,20 -m 50 -o plate2/cutadapt_qc/1067R_R_M_S2_week7_S58_L001_R1_001.fastq.gz -p plate2/cutadapt_qc/1067R_R_M_S2_week7_S58_L001_R2_001.fastq.gz plate2/cutadapt/1067R_R_M_S2_week7_S58_L001_R1_001.fastq.gz plate2/cutadapt/1067R_R_M_S2_week7_S58_L001_R2_001.fastq.gz
Processing paired-end reads on 1 core ...

=== Summary ===

Total read pairs processed:            132,970
  Read 2 with adapter:                       0 (0.0%)

== Read fate breakdown ==
Pairs that were too short:                 978 (0.7%)
Pairs written (passing filters):       131,992 (99.3%)

Total basepairs processed:    75,025,413 bp
  Read 1:    37,770,265 bp
  Read 2:    37,255,148 bp
Quality-trimmed:               2,761,034 bp (3.7%)
  Read 1:       459,273 bp
  Read 2:     2,301,761 bp
Total written (filtered):     71,976,927 bp (95.9%)
  Read 1:    37,044,168 bp
  Read 2:    34,932,759 bp

=== Second read: Adapter 1 ===

Sequence: XXX; Type: regular 3'; Length: 3; Trimmed: 0 times
