This is cutadapt 5.0 with Python 3.13.1
Command line parameters: -A XXX -q 20,20 -m 50 -o plate2/cutadapt_qc/1075R_L_M_NS6_week9_S84_L001_R1_001.fastq.gz -p plate2/cutadapt_qc/1075R_L_M_NS6_week9_S84_L001_R2_001.fastq.gz plate2/cutadapt/1075R_L_M_NS6_week9_S84_L001_R1_001.fastq.gz plate2/cutadapt/1075R_L_M_NS6_week9_S84_L001_R2_001.fastq.gz
Processing paired-end reads on 1 core ...

=== Summary ===

Total read pairs processed:            110,344
  Read 2 with adapter:                       0 (0.0%)

== Read fate breakdown ==
Pairs that were too short:                 620 (0.6%)
Pairs written (passing filters):       109,724 (99.4%)

Total basepairs processed:    62,249,786 bp
  Read 1:    31,343,814 bp
  Read 2:    30,905,972 bp
Quality-trimmed:               1,307,816 bp (2.1%)
  Read 1:       213,313 bp
  Read 2:     1,094,503 bp
Total written (filtered):     60,758,137 bp (97.6%)
  Read 1:    30,963,762 bp
  Read 2:    29,794,375 bp

=== Second read: Adapter 1 ===

Sequence: XXX; Type: regular 3'; Length: 3; Trimmed: 0 times
