Processing: 016R_0_F_NS6_week9_S79_L001 
Sample 1 - 88158 reads in 14396 unique sequences.
Sample 1 - 88158 reads in 28766 unique sequences.
Processing: 036R_R_M_NS1_week5_S18_L001 
Sample 1 - 78910 reads in 11442 unique sequences.
Sample 1 - 78910 reads in 24941 unique sequences.
Processing: 036R_R_M_NS1_week6_S19_L001 
Sample 1 - 87246 reads in 12972 unique sequences.
Sample 1 - 87246 reads in 25364 unique sequences.
Processing: 036R_R_M_NS1_week7_S20_L001 
Sample 1 - 71467 reads in 10063 unique sequences.
Sample 1 - 71467 reads in 22923 unique sequences.
Processing: 036R_R_M_NS1_week9_S21_L001 
Sample 1 - 74178 reads in 15450 unique sequences.
Sample 1 - 74178 reads in 26950 unique sequences.
Processing: 073R_0_M_S2_week5_S52_L001 
Sample 1 - 90740 reads in 12277 unique sequences.
Sample 1 - 90740 reads in 27610 unique sequences.
Processing: 073R_0_M_S2_week6_S53_L001 
Sample 1 - 108224 reads in 14346 unique sequences.
Sample 1 - 108224 reads in 32050 unique sequences.
Processing: 073R_0_M_S2_week7_S54_L001 
Sample 1 - 119113 reads in 15791 unique sequences.
Sample 1 - 119113 reads in 34488 unique sequences.
Processing: 073R_0_M_S2_week9_S55_L001 
Sample 1 - 105945 reads in 15442 unique sequences.
Sample 1 - 105945 reads in 31930 unique sequences.
Processing: 096R_0_M_S5_week9_S74_L001 
Sample 1 - 78573 reads in 11350 unique sequences.
Sample 1 - 78573 reads in 29325 unique sequences.
Processing: 1030R_L_M_NS1_week5_S22_L001 
Sample 1 - 110120 reads in 14045 unique sequences.
Sample 1 - 110120 reads in 29415 unique sequences.
Processing: 1030R_L_M_NS1_week6_S23_L001 
Sample 1 - 100118 reads in 13895 unique sequences.
Sample 1 - 100118 reads in 27995 unique sequences.
Processing: 1030R_L_M_NS1_week7_S24_L001 
Sample 1 - 79339 reads in 10923 unique sequences.
Sample 1 - 79339 reads in 26110 unique sequences.
Processing: 1030R_L_M_NS1_week9_S25_L001 
Sample 1 - 78425 reads in 11621 unique sequences.
Sample 1 - 78425 reads in 26623 unique sequences.
Processing: 1060R_L_M_S5_week9_S75_L001 
Sample 1 - 84001 reads in 10511 unique sequences.
Sample 1 - 84001 reads in 25845 unique sequences.
Processing: 1067R_R_M_S2_week5_S56_L001 
Sample 1 - 97621 reads in 13506 unique sequences.
Sample 1 - 97621 reads in 30256 unique sequences.
Processing: 1067R_R_M_S2_week6_S57_L001 
Sample 1 - 94459 reads in 13239 unique sequences.
Sample 1 - 94459 reads in 30213 unique sequences.
Processing: 1067R_R_M_S2_week7_S58_L001 
Sample 1 - 93657 reads in 12001 unique sequences.
Sample 1 - 93657 reads in 32006 unique sequences.
Processing: 1067R_R_M_S2_week9_S59_L001 
Sample 1 - 84197 reads in 13429 unique sequences.
Sample 1 - 84197 reads in 26674 unique sequences.
Processing: 1075R_L_M_NS6_week9_S84_L001 
Sample 1 - 89178 reads in 14479 unique sequences.
Sample 1 - 89178 reads in 25697 unique sequences.
Processing: 1076R_0_M_S5_week9_S76_L001 
Sample 1 - 68516 reads in 10455 unique sequences.
Sample 1 - 68516 reads in 23599 unique sequences.
Processing: 1121R_0_M_NS1_week5_S26_L001 
Sample 1 - 72838 reads in 9773 unique sequences.
Sample 1 - 72838 reads in 24464 unique sequences.
Processing: 1121R_0_M_NS1_week6_S27_L001 
Sample 1 - 75847 reads in 10660 unique sequences.
Sample 1 - 75847 reads in 24444 unique sequences.
Processing: 1121R_0_M_NS1_week7_S28_L001 
Sample 1 - 66462 reads in 10478 unique sequences.
Sample 1 - 66462 reads in 21918 unique sequences.
Processing: 1121R_0_M_NS1_week9_S29_L001 
Sample 1 - 74602 reads in 11618 unique sequences.
Sample 1 - 74602 reads in 23803 unique sequences.
Processing: 1136R_0_F_S5_week9_S69_L001 
Sample 1 - 118794 reads in 14895 unique sequences.
Sample 1 - 118794 reads in 30898 unique sequences.
Processing: 1151R_R_M_NS1_week5_S30_L001 
Sample 1 - 83139 reads in 11531 unique sequences.
Sample 1 - 83139 reads in 23836 unique sequences.
Processing: 1151R_R_M_NS1_week6_S31_L001 
Sample 1 - 87250 reads in 12783 unique sequences.
Sample 1 - 87250 reads in 27131 unique sequences.
Processing: 1151R_R_M_NS1_week7_S32_L001 
Sample 1 - 85540 reads in 12338 unique sequences.
Sample 1 - 85540 reads in 28027 unique sequences.
Processing: 1151R_R_M_NS1_week9_S33_L001 
Sample 1 - 80166 reads in 12050 unique sequences.
Sample 1 - 80166 reads in 25442 unique sequences.
Processing: 1152R_0_M_S2_week9_S60_L001 
Sample 1 - 104052 reads in 14482 unique sequences.
Sample 1 - 104052 reads in 31108 unique sequences.
Processing: 1184R_0_M_NS6_week9_S85_L001 
Sample 1 - 99427 reads in 15447 unique sequences.
Sample 1 - 99427 reads in 28352 unique sequences.
Processing: 1186R_0_M_NS6_week9_S86_L001 
Sample 1 - 94101 reads in 15348 unique sequences.
Sample 1 - 94101 reads in 28238 unique sequences.
Processing: 1186R_RR_M_NS6_week9_S87_L001 
Sample 1 - 97422 reads in 15869 unique sequences.
Sample 1 - 97422 reads in 29218 unique sequences.
Processing: 1193R_R_F_NS1_week5_S1_L001 
Sample 1 - 81234 reads in 10567 unique sequences.
Sample 1 - 81234 reads in 22546 unique sequences.
Processing: 1193R_R_F_NS1_week6_S2_L001 
Sample 1 - 65479 reads in 9095 unique sequences.
Sample 1 - 65479 reads in 20730 unique sequences.
Processing: 1193R_R_F_NS1_week7_S3_L001 
Sample 1 - 70512 reads in 9633 unique sequences.
Sample 1 - 70512 reads in 22290 unique sequences.
Processing: 1193R_R_F_NS1_week9_S4_L001 
Sample 1 - 73534 reads in 11494 unique sequences.
Sample 1 - 73534 reads in 24247 unique sequences.
Processing: 184R_0_M_NS6_week9_S88_L001 
Sample 1 - 106219 reads in 16604 unique sequences.
Sample 1 - 106219 reads in 31445 unique sequences.
Processing: 2402R_0_F_S5_week9_S70_L001 
Sample 1 - 90704 reads in 12380 unique sequences.
Sample 1 - 90704 reads in 28139 unique sequences.
Processing: 2403R_0_F_NS6_week9_S80_L001 
Sample 1 - 99832 reads in 15299 unique sequences.
Sample 1 - 99832 reads in 33698 unique sequences.
Processing: 2404R_R_F_S2_week5_S35_L001 
Sample 1 - 79765 reads in 11506 unique sequences.
Sample 1 - 79765 reads in 22572 unique sequences.
Processing: 2404R_R_F_S2_week6_S36_L001 
Sample 1 - 88214 reads in 10985 unique sequences.
Sample 1 - 88214 reads in 25007 unique sequences.
Processing: 2404R_R_F_S2_week7_S37_L001 
Sample 1 - 91814 reads in 12560 unique sequences.
Sample 1 - 91814 reads in 26421 unique sequences.
Processing: 2404R_R_F_S2_week9_S38_L001 
Sample 1 - 76742 reads in 12148 unique sequences.
Sample 1 - 76742 reads in 22204 unique sequences.
Processing: 2433R_0_F_S5_week9_S71_L001 
Sample 1 - 95723 reads in 13093 unique sequences.
Sample 1 - 95723 reads in 27630 unique sequences.
Processing: 2446R_L_F_S2_week5_S39_L001 
Sample 1 - 69817 reads in 9479 unique sequences.
Sample 1 - 69817 reads in 21358 unique sequences.
Processing: 2446R_L_F_S2_week6_S40_L001 
Sample 1 - 88509 reads in 11573 unique sequences.
Sample 1 - 88509 reads in 27471 unique sequences.
Processing: 2446R_L_F_S2_week7_S41_L001 
Sample 1 - 76722 reads in 11629 unique sequences.
Sample 1 - 76722 reads in 26553 unique sequences.
Processing: 2446R_L_F_S2_week9_S42_L001 
Sample 1 - 69254 reads in 10573 unique sequences.
Sample 1 - 69254 reads in 23842 unique sequences.
Processing: 2475R_0_M_S5_week9_S77_L001 
Sample 1 - 88699 reads in 12107 unique sequences.
Sample 1 - 88699 reads in 28850 unique sequences.
Processing: 2476R_R_F_NS6_week9_S81_L001 
Sample 1 - 94260 reads in 14986 unique sequences.
Sample 1 - 94260 reads in 28843 unique sequences.
Processing: 2518R_0_M_S5_week9_S78_L001 
Sample 1 - 77675 reads in 10711 unique sequences.
Sample 1 - 77675 reads in 25549 unique sequences.
Processing: 2529R_R_F_NS1_week5_S5_L001 
Sample 1 - 71322 reads in 10067 unique sequences.
Sample 1 - 71322 reads in 20569 unique sequences.
Processing: 2529R_R_F_NS1_week6_S6_L001 
Sample 1 - 72295 reads in 9759 unique sequences.
Sample 1 - 72295 reads in 21283 unique sequences.
Processing: 2529R_R_F_NS1_week7_S7_L001 
Sample 1 - 71189 reads in 10020 unique sequences.
Sample 1 - 71189 reads in 22680 unique sequences.
Processing: 2529R_R_F_NS1_week9_S8_L001 
Sample 1 - 65731 reads in 10234 unique sequences.
Sample 1 - 65731 reads in 22796 unique sequences.
Processing: 2562R_0_F_NS6_week9_S82_L001 
Sample 1 - 88457 reads in 13794 unique sequences.
Sample 1 - 88457 reads in 28053 unique sequences.
Processing: 2562R_RL_F_NS6_week9_S83_L001 
Sample 1 - 82886 reads in 12520 unique sequences.
Sample 1 - 82886 reads in 24257 unique sequences.
Processing: 3795R_0_F_S2_week5_S43_L001 
Sample 1 - 89046 reads in 11976 unique sequences.
Sample 1 - 89046 reads in 27017 unique sequences.
Processing: 3795R_0_F_S2_week6_S44_L001 
Sample 1 - 68657 reads in 9441 unique sequences.
Sample 1 - 68657 reads in 22833 unique sequences.
Processing: 3795R_0_F_S2_week7_S45_L001 
Sample 1 - 73031 reads in 11185 unique sequences.
Sample 1 - 73031 reads in 23519 unique sequences.
Processing: 3795R_0_F_S2_week9_S46_L001 
Sample 1 - 91274 reads in 12743 unique sequences.
Sample 1 - 91274 reads in 28309 unique sequences.
Processing: 3861R_R_M_NS1_week9_S34_L001 
Sample 1 - 73062 reads in 11556 unique sequences.
Sample 1 - 73062 reads in 23855 unique sequences.
Processing: 3909R_0_M_S2_week5_S61_L001 
Sample 1 - 105041 reads in 14272 unique sequences.
Sample 1 - 105041 reads in 32570 unique sequences.
Processing: 3909R_0_M_S2_week6_S62_L001 
Sample 1 - 128945 reads in 16165 unique sequences.
Sample 1 - 128945 reads in 38634 unique sequences.
Processing: 3909R_0_M_S2_week7_S63_L001 
Sample 1 - 89180 reads in 13307 unique sequences.
Sample 1 - 89180 reads in 28166 unique sequences.
Processing: 3909R_0_M_S2_week9_S64_L001 
Sample 1 - 91292 reads in 13721 unique sequences.
Sample 1 - 91292 reads in 30670 unique sequences.
Processing: 3918R_R_M_S2_week5_S65_L001 
Sample 1 - 86461 reads in 13185 unique sequences.
Sample 1 - 86461 reads in 26164 unique sequences.
Processing: 3918R_R_M_S2_week6_S66_L001 
Sample 1 - 88115 reads in 12601 unique sequences.
Sample 1 - 88115 reads in 28080 unique sequences.
Processing: 3918R_R_M_S2_week7_S67_L001 
Sample 1 - 98270 reads in 14044 unique sequences.
Sample 1 - 98270 reads in 29204 unique sequences.
Processing: 3918R_R_M_S2_week9_S68_L001 
Sample 1 - 71570 reads in 11695 unique sequences.
Sample 1 - 71570 reads in 21945 unique sequences.
Processing: 3924R_L_F_S5_week9_S72_L001 
Sample 1 - 91078 reads in 12301 unique sequences.
Sample 1 - 91078 reads in 27853 unique sequences.
Processing: 3929R_0_F_S5_week9_S73_L001 
Sample 1 - 81497 reads in 11868 unique sequences.
Sample 1 - 81497 reads in 30145 unique sequences.
Processing: 3969R_0_F_S2_week5_S47_L001 
Sample 1 - 76029 reads in 11217 unique sequences.
Sample 1 - 76029 reads in 24436 unique sequences.
Processing: 3969R_0_F_S2_week6_S48_L001 
Sample 1 - 75996 reads in 10546 unique sequences.
Sample 1 - 75996 reads in 25182 unique sequences.
Processing: 3969R_0_F_S2_week7_S49_L001 
Sample 1 - 97635 reads in 13561 unique sequences.
Sample 1 - 97635 reads in 30482 unique sequences.
Processing: 3969R_0_F_S2_week9_S50_L001 
Sample 1 - 79417 reads in 11775 unique sequences.
Sample 1 - 79417 reads in 24993 unique sequences.
Processing: 3971R_L_F_NS1_week5_S9_L001 
Sample 1 - 83991 reads in 11883 unique sequences.
Sample 1 - 83991 reads in 27307 unique sequences.
Processing: 3971R_L_F_NS1_week6_S10_L001 
Sample 1 - 80456 reads in 11399 unique sequences.
Sample 1 - 80456 reads in 26786 unique sequences.
Processing: 3971R_L_F_NS1_week7_S11_L001 
Sample 1 - 74961 reads in 11235 unique sequences.
Sample 1 - 74961 reads in 24029 unique sequences.
Processing: 3971R_L_F_NS1_week9_S12_L001 
Sample 1 - 80856 reads in 12221 unique sequences.
Sample 1 - 80856 reads in 24923 unique sequences.
Processing: 3975R_0_F_NS1_week9_S13_L001 
Sample 1 - 98661 reads in 14272 unique sequences.
Sample 1 - 98661 reads in 29846 unique sequences.
Processing: 3975R_R_F_NS1_week5_S14_L001 
Sample 1 - 77576 reads in 11391 unique sequences.
Sample 1 - 77576 reads in 24880 unique sequences.
Processing: 3975R_R_F_NS1_week6_S15_L001 
Sample 1 - 78472 reads in 11824 unique sequences.
Sample 1 - 78472 reads in 25200 unique sequences.
Processing: 3975R_R_F_NS1_week7_S16_L001 
Sample 1 - 82265 reads in 11928 unique sequences.
Sample 1 - 82265 reads in 27993 unique sequences.
Processing: 3975R_R_F_NS1_week9_S17_L001 
Sample 1 - 100152 reads in 14320 unique sequences.
Sample 1 - 100152 reads in 30987 unique sequences.
Processing: 3980R_0_F_S2_week9_S51_L001 
Sample 1 - 98654 reads in 13261 unique sequences.
Sample 1 - 98654 reads in 29891 unique sequences.
Processing: Positive_control_S89_L001 
Sample 1 - 91949 reads in 16984 unique sequences.
Sample 1 - 91949 reads in 31256 unique sequences.
Processing: negative_control_S90_L001 
Sample 1 - 37849 reads in 5667 unique sequences.
Sample 1 - 37849 reads in 15450 unique sequences.
