113333388 total bases in 399959 reads from 5 samples will be used for learning the error rates.
109127728 total bases in 399959 reads from 5 samples will be used for learning the error rates.
 [1] "plate2/dada2/dada2_filter/016R_0_F_NS6_week9_S79_L001_R1_001.fastq.gz"  
 [2] "plate2/dada2/dada2_filter/036R_R_M_NS1_week5_S18_L001_R1_001.fastq.gz"  
 [3] "plate2/dada2/dada2_filter/036R_R_M_NS1_week6_S19_L001_R1_001.fastq.gz"  
 [4] "plate2/dada2/dada2_filter/036R_R_M_NS1_week7_S20_L001_R1_001.fastq.gz"  
 [5] "plate2/dada2/dada2_filter/036R_R_M_NS1_week9_S21_L001_R1_001.fastq.gz"  
 [6] "plate2/dada2/dada2_filter/073R_0_M_S2_week5_S52_L001_R1_001.fastq.gz"   
 [7] "plate2/dada2/dada2_filter/073R_0_M_S2_week6_S53_L001_R1_001.fastq.gz"   
 [8] "plate2/dada2/dada2_filter/073R_0_M_S2_week7_S54_L001_R1_001.fastq.gz"   
 [9] "plate2/dada2/dada2_filter/073R_0_M_S2_week9_S55_L001_R1_001.fastq.gz"   
[10] "plate2/dada2/dada2_filter/096R_0_M_S5_week9_S74_L001_R1_001.fastq.gz"   
[11] "plate2/dada2/dada2_filter/1030R_L_M_NS1_week5_S22_L001_R1_001.fastq.gz" 
[12] "plate2/dada2/dada2_filter/1030R_L_M_NS1_week6_S23_L001_R1_001.fastq.gz" 
[13] "plate2/dada2/dada2_filter/1030R_L_M_NS1_week7_S24_L001_R1_001.fastq.gz" 
[14] "plate2/dada2/dada2_filter/1030R_L_M_NS1_week9_S25_L001_R1_001.fastq.gz" 
[15] "plate2/dada2/dada2_filter/1060R_L_M_S5_week9_S75_L001_R1_001.fastq.gz"  
[16] "plate2/dada2/dada2_filter/1067R_R_M_S2_week5_S56_L001_R1_001.fastq.gz"  
[17] "plate2/dada2/dada2_filter/1067R_R_M_S2_week6_S57_L001_R1_001.fastq.gz"  
[18] "plate2/dada2/dada2_filter/1067R_R_M_S2_week7_S58_L001_R1_001.fastq.gz"  
[19] "plate2/dada2/dada2_filter/1067R_R_M_S2_week9_S59_L001_R1_001.fastq.gz"  
[20] "plate2/dada2/dada2_filter/1075R_L_M_NS6_week9_S84_L001_R1_001.fastq.gz" 
[21] "plate2/dada2/dada2_filter/1076R_0_M_S5_week9_S76_L001_R1_001.fastq.gz"  
[22] "plate2/dada2/dada2_filter/1121R_0_M_NS1_week5_S26_L001_R1_001.fastq.gz" 
[23] "plate2/dada2/dada2_filter/1121R_0_M_NS1_week6_S27_L001_R1_001.fastq.gz" 
[24] "plate2/dada2/dada2_filter/1121R_0_M_NS1_week7_S28_L001_R1_001.fastq.gz" 
[25] "plate2/dada2/dada2_filter/1121R_0_M_NS1_week9_S29_L001_R1_001.fastq.gz" 
[26] "plate2/dada2/dada2_filter/1136R_0_F_S5_week9_S69_L001_R1_001.fastq.gz"  
[27] "plate2/dada2/dada2_filter/1151R_R_M_NS1_week5_S30_L001_R1_001.fastq.gz" 
[28] "plate2/dada2/dada2_filter/1151R_R_M_NS1_week6_S31_L001_R1_001.fastq.gz" 
[29] "plate2/dada2/dada2_filter/1151R_R_M_NS1_week7_S32_L001_R1_001.fastq.gz" 
[30] "plate2/dada2/dada2_filter/1151R_R_M_NS1_week9_S33_L001_R1_001.fastq.gz" 
[31] "plate2/dada2/dada2_filter/1152R_0_M_S2_week9_S60_L001_R1_001.fastq.gz"  
[32] "plate2/dada2/dada2_filter/1184R_0_M_NS6_week9_S85_L001_R1_001.fastq.gz" 
[33] "plate2/dada2/dada2_filter/1186R_0_M_NS6_week9_S86_L001_R1_001.fastq.gz" 
[34] "plate2/dada2/dada2_filter/1186R_RR_M_NS6_week9_S87_L001_R1_001.fastq.gz"
[35] "plate2/dada2/dada2_filter/1193R_R_F_NS1_week5_S1_L001_R1_001.fastq.gz"  
[36] "plate2/dada2/dada2_filter/1193R_R_F_NS1_week6_S2_L001_R1_001.fastq.gz"  
[37] "plate2/dada2/dada2_filter/1193R_R_F_NS1_week7_S3_L001_R1_001.fastq.gz"  
[38] "plate2/dada2/dada2_filter/1193R_R_F_NS1_week9_S4_L001_R1_001.fastq.gz"  
[39] "plate2/dada2/dada2_filter/184R_0_M_NS6_week9_S88_L001_R1_001.fastq.gz"  
[40] "plate2/dada2/dada2_filter/2402R_0_F_S5_week9_S70_L001_R1_001.fastq.gz"  
[41] "plate2/dada2/dada2_filter/2403R_0_F_NS6_week9_S80_L001_R1_001.fastq.gz" 
[42] "plate2/dada2/dada2_filter/2404R_R_F_S2_week5_S35_L001_R1_001.fastq.gz"  
[43] "plate2/dada2/dada2_filter/2404R_R_F_S2_week6_S36_L001_R1_001.fastq.gz"  
[44] "plate2/dada2/dada2_filter/2404R_R_F_S2_week7_S37_L001_R1_001.fastq.gz"  
[45] "plate2/dada2/dada2_filter/2404R_R_F_S2_week9_S38_L001_R1_001.fastq.gz"  
[46] "plate2/dada2/dada2_filter/2433R_0_F_S5_week9_S71_L001_R1_001.fastq.gz"  
[47] "plate2/dada2/dada2_filter/2446R_L_F_S2_week5_S39_L001_R1_001.fastq.gz"  
[48] "plate2/dada2/dada2_filter/2446R_L_F_S2_week6_S40_L001_R1_001.fastq.gz"  
[49] "plate2/dada2/dada2_filter/2446R_L_F_S2_week7_S41_L001_R1_001.fastq.gz"  
[50] "plate2/dada2/dada2_filter/2446R_L_F_S2_week9_S42_L001_R1_001.fastq.gz"  
[51] "plate2/dada2/dada2_filter/2475R_0_M_S5_week9_S77_L001_R1_001.fastq.gz"  
[52] "plate2/dada2/dada2_filter/2476R_R_F_NS6_week9_S81_L001_R1_001.fastq.gz" 
[53] "plate2/dada2/dada2_filter/2518R_0_M_S5_week9_S78_L001_R1_001.fastq.gz"  
[54] "plate2/dada2/dada2_filter/2529R_R_F_NS1_week5_S5_L001_R1_001.fastq.gz"  
[55] "plate2/dada2/dada2_filter/2529R_R_F_NS1_week6_S6_L001_R1_001.fastq.gz"  
[56] "plate2/dada2/dada2_filter/2529R_R_F_NS1_week7_S7_L001_R1_001.fastq.gz"  
[57] "plate2/dada2/dada2_filter/2529R_R_F_NS1_week9_S8_L001_R1_001.fastq.gz"  
[58] "plate2/dada2/dada2_filter/2562R_0_F_NS6_week9_S82_L001_R1_001.fastq.gz" 
[59] "plate2/dada2/dada2_filter/2562R_RL_F_NS6_week9_S83_L001_R1_001.fastq.gz"
[60] "plate2/dada2/dada2_filter/3795R_0_F_S2_week5_S43_L001_R1_001.fastq.gz"  
[61] "plate2/dada2/dada2_filter/3795R_0_F_S2_week6_S44_L001_R1_001.fastq.gz"  
[62] "plate2/dada2/dada2_filter/3795R_0_F_S2_week7_S45_L001_R1_001.fastq.gz"  
[63] "plate2/dada2/dada2_filter/3795R_0_F_S2_week9_S46_L001_R1_001.fastq.gz"  
[64] "plate2/dada2/dada2_filter/3861R_R_M_NS1_week9_S34_L001_R1_001.fastq.gz" 
[65] "plate2/dada2/dada2_filter/3909R_0_M_S2_week5_S61_L001_R1_001.fastq.gz"  
[66] "plate2/dada2/dada2_filter/3909R_0_M_S2_week6_S62_L001_R1_001.fastq.gz"  
[67] "plate2/dada2/dada2_filter/3909R_0_M_S2_week7_S63_L001_R1_001.fastq.gz"  
[68] "plate2/dada2/dada2_filter/3909R_0_M_S2_week9_S64_L001_R1_001.fastq.gz"  
[69] "plate2/dada2/dada2_filter/3918R_R_M_S2_week5_S65_L001_R1_001.fastq.gz"  
[70] "plate2/dada2/dada2_filter/3918R_R_M_S2_week6_S66_L001_R1_001.fastq.gz"  
[71] "plate2/dada2/dada2_filter/3918R_R_M_S2_week7_S67_L001_R1_001.fastq.gz"  
[72] "plate2/dada2/dada2_filter/3918R_R_M_S2_week9_S68_L001_R1_001.fastq.gz"  
[73] "plate2/dada2/dada2_filter/3924R_L_F_S5_week9_S72_L001_R1_001.fastq.gz"  
[74] "plate2/dada2/dada2_filter/3929R_0_F_S5_week9_S73_L001_R1_001.fastq.gz"  
[75] "plate2/dada2/dada2_filter/3969R_0_F_S2_week5_S47_L001_R1_001.fastq.gz"  
[76] "plate2/dada2/dada2_filter/3969R_0_F_S2_week6_S48_L001_R1_001.fastq.gz"  
[77] "plate2/dada2/dada2_filter/3969R_0_F_S2_week7_S49_L001_R1_001.fastq.gz"  
[78] "plate2/dada2/dada2_filter/3969R_0_F_S2_week9_S50_L001_R1_001.fastq.gz"  
[79] "plate2/dada2/dada2_filter/3971R_L_F_NS1_week5_S9_L001_R1_001.fastq.gz"  
[80] "plate2/dada2/dada2_filter/3971R_L_F_NS1_week6_S10_L001_R1_001.fastq.gz" 
[81] "plate2/dada2/dada2_filter/3971R_L_F_NS1_week7_S11_L001_R1_001.fastq.gz" 
[82] "plate2/dada2/dada2_filter/3971R_L_F_NS1_week9_S12_L001_R1_001.fastq.gz" 
[83] "plate2/dada2/dada2_filter/3975R_0_F_NS1_week9_S13_L001_R1_001.fastq.gz" 
[84] "plate2/dada2/dada2_filter/3975R_R_F_NS1_week5_S14_L001_R1_001.fastq.gz" 
[85] "plate2/dada2/dada2_filter/3975R_R_F_NS1_week6_S15_L001_R1_001.fastq.gz" 
[86] "plate2/dada2/dada2_filter/3975R_R_F_NS1_week7_S16_L001_R1_001.fastq.gz" 
[87] "plate2/dada2/dada2_filter/3975R_R_F_NS1_week9_S17_L001_R1_001.fastq.gz" 
[88] "plate2/dada2/dada2_filter/3980R_0_F_S2_week9_S51_L001_R1_001.fastq.gz"  
[89] "plate2/dada2/dada2_filter/Positive_control_S89_L001_R1_001.fastq.gz"    
[90] "plate2/dada2/dada2_filter/negative_control_S90_L001_R1_001.fastq.gz"    
 [1] "plate2/dada2/dada2_filter/016R_0_F_NS6_week9_S79_L001_R2_001.fastq.gz"  
 [2] "plate2/dada2/dada2_filter/036R_R_M_NS1_week5_S18_L001_R2_001.fastq.gz"  
 [3] "plate2/dada2/dada2_filter/036R_R_M_NS1_week6_S19_L001_R2_001.fastq.gz"  
 [4] "plate2/dada2/dada2_filter/036R_R_M_NS1_week7_S20_L001_R2_001.fastq.gz"  
 [5] "plate2/dada2/dada2_filter/036R_R_M_NS1_week9_S21_L001_R2_001.fastq.gz"  
 [6] "plate2/dada2/dada2_filter/073R_0_M_S2_week5_S52_L001_R2_001.fastq.gz"   
 [7] "plate2/dada2/dada2_filter/073R_0_M_S2_week6_S53_L001_R2_001.fastq.gz"   
 [8] "plate2/dada2/dada2_filter/073R_0_M_S2_week7_S54_L001_R2_001.fastq.gz"   
 [9] "plate2/dada2/dada2_filter/073R_0_M_S2_week9_S55_L001_R2_001.fastq.gz"   
[10] "plate2/dada2/dada2_filter/096R_0_M_S5_week9_S74_L001_R2_001.fastq.gz"   
[11] "plate2/dada2/dada2_filter/1030R_L_M_NS1_week5_S22_L001_R2_001.fastq.gz" 
[12] "plate2/dada2/dada2_filter/1030R_L_M_NS1_week6_S23_L001_R2_001.fastq.gz" 
[13] "plate2/dada2/dada2_filter/1030R_L_M_NS1_week7_S24_L001_R2_001.fastq.gz" 
[14] "plate2/dada2/dada2_filter/1030R_L_M_NS1_week9_S25_L001_R2_001.fastq.gz" 
[15] "plate2/dada2/dada2_filter/1060R_L_M_S5_week9_S75_L001_R2_001.fastq.gz"  
[16] "plate2/dada2/dada2_filter/1067R_R_M_S2_week5_S56_L001_R2_001.fastq.gz"  
[17] "plate2/dada2/dada2_filter/1067R_R_M_S2_week6_S57_L001_R2_001.fastq.gz"  
[18] "plate2/dada2/dada2_filter/1067R_R_M_S2_week7_S58_L001_R2_001.fastq.gz"  
[19] "plate2/dada2/dada2_filter/1067R_R_M_S2_week9_S59_L001_R2_001.fastq.gz"  
[20] "plate2/dada2/dada2_filter/1075R_L_M_NS6_week9_S84_L001_R2_001.fastq.gz" 
[21] "plate2/dada2/dada2_filter/1076R_0_M_S5_week9_S76_L001_R2_001.fastq.gz"  
[22] "plate2/dada2/dada2_filter/1121R_0_M_NS1_week5_S26_L001_R2_001.fastq.gz" 
[23] "plate2/dada2/dada2_filter/1121R_0_M_NS1_week6_S27_L001_R2_001.fastq.gz" 
[24] "plate2/dada2/dada2_filter/1121R_0_M_NS1_week7_S28_L001_R2_001.fastq.gz" 
[25] "plate2/dada2/dada2_filter/1121R_0_M_NS1_week9_S29_L001_R2_001.fastq.gz" 
[26] "plate2/dada2/dada2_filter/1136R_0_F_S5_week9_S69_L001_R2_001.fastq.gz"  
[27] "plate2/dada2/dada2_filter/1151R_R_M_NS1_week5_S30_L001_R2_001.fastq.gz" 
[28] "plate2/dada2/dada2_filter/1151R_R_M_NS1_week6_S31_L001_R2_001.fastq.gz" 
[29] "plate2/dada2/dada2_filter/1151R_R_M_NS1_week7_S32_L001_R2_001.fastq.gz" 
[30] "plate2/dada2/dada2_filter/1151R_R_M_NS1_week9_S33_L001_R2_001.fastq.gz" 
[31] "plate2/dada2/dada2_filter/1152R_0_M_S2_week9_S60_L001_R2_001.fastq.gz"  
[32] "plate2/dada2/dada2_filter/1184R_0_M_NS6_week9_S85_L001_R2_001.fastq.gz" 
[33] "plate2/dada2/dada2_filter/1186R_0_M_NS6_week9_S86_L001_R2_001.fastq.gz" 
[34] "plate2/dada2/dada2_filter/1186R_RR_M_NS6_week9_S87_L001_R2_001.fastq.gz"
[35] "plate2/dada2/dada2_filter/1193R_R_F_NS1_week5_S1_L001_R2_001.fastq.gz"  
[36] "plate2/dada2/dada2_filter/1193R_R_F_NS1_week6_S2_L001_R2_001.fastq.gz"  
[37] "plate2/dada2/dada2_filter/1193R_R_F_NS1_week7_S3_L001_R2_001.fastq.gz"  
[38] "plate2/dada2/dada2_filter/1193R_R_F_NS1_week9_S4_L001_R2_001.fastq.gz"  
[39] "plate2/dada2/dada2_filter/184R_0_M_NS6_week9_S88_L001_R2_001.fastq.gz"  
[40] "plate2/dada2/dada2_filter/2402R_0_F_S5_week9_S70_L001_R2_001.fastq.gz"  
[41] "plate2/dada2/dada2_filter/2403R_0_F_NS6_week9_S80_L001_R2_001.fastq.gz" 
[42] "plate2/dada2/dada2_filter/2404R_R_F_S2_week5_S35_L001_R2_001.fastq.gz"  
[43] "plate2/dada2/dada2_filter/2404R_R_F_S2_week6_S36_L001_R2_001.fastq.gz"  
[44] "plate2/dada2/dada2_filter/2404R_R_F_S2_week7_S37_L001_R2_001.fastq.gz"  
[45] "plate2/dada2/dada2_filter/2404R_R_F_S2_week9_S38_L001_R2_001.fastq.gz"  
[46] "plate2/dada2/dada2_filter/2433R_0_F_S5_week9_S71_L001_R2_001.fastq.gz"  
[47] "plate2/dada2/dada2_filter/2446R_L_F_S2_week5_S39_L001_R2_001.fastq.gz"  
[48] "plate2/dada2/dada2_filter/2446R_L_F_S2_week6_S40_L001_R2_001.fastq.gz"  
[49] "plate2/dada2/dada2_filter/2446R_L_F_S2_week7_S41_L001_R2_001.fastq.gz"  
[50] "plate2/dada2/dada2_filter/2446R_L_F_S2_week9_S42_L001_R2_001.fastq.gz"  
[51] "plate2/dada2/dada2_filter/2475R_0_M_S5_week9_S77_L001_R2_001.fastq.gz"  
[52] "plate2/dada2/dada2_filter/2476R_R_F_NS6_week9_S81_L001_R2_001.fastq.gz" 
[53] "plate2/dada2/dada2_filter/2518R_0_M_S5_week9_S78_L001_R2_001.fastq.gz"  
[54] "plate2/dada2/dada2_filter/2529R_R_F_NS1_week5_S5_L001_R2_001.fastq.gz"  
[55] "plate2/dada2/dada2_filter/2529R_R_F_NS1_week6_S6_L001_R2_001.fastq.gz"  
[56] "plate2/dada2/dada2_filter/2529R_R_F_NS1_week7_S7_L001_R2_001.fastq.gz"  
[57] "plate2/dada2/dada2_filter/2529R_R_F_NS1_week9_S8_L001_R2_001.fastq.gz"  
[58] "plate2/dada2/dada2_filter/2562R_0_F_NS6_week9_S82_L001_R2_001.fastq.gz" 
[59] "plate2/dada2/dada2_filter/2562R_RL_F_NS6_week9_S83_L001_R2_001.fastq.gz"
[60] "plate2/dada2/dada2_filter/3795R_0_F_S2_week5_S43_L001_R2_001.fastq.gz"  
[61] "plate2/dada2/dada2_filter/3795R_0_F_S2_week6_S44_L001_R2_001.fastq.gz"  
[62] "plate2/dada2/dada2_filter/3795R_0_F_S2_week7_S45_L001_R2_001.fastq.gz"  
[63] "plate2/dada2/dada2_filter/3795R_0_F_S2_week9_S46_L001_R2_001.fastq.gz"  
[64] "plate2/dada2/dada2_filter/3861R_R_M_NS1_week9_S34_L001_R2_001.fastq.gz" 
[65] "plate2/dada2/dada2_filter/3909R_0_M_S2_week5_S61_L001_R2_001.fastq.gz"  
[66] "plate2/dada2/dada2_filter/3909R_0_M_S2_week6_S62_L001_R2_001.fastq.gz"  
[67] "plate2/dada2/dada2_filter/3909R_0_M_S2_week7_S63_L001_R2_001.fastq.gz"  
[68] "plate2/dada2/dada2_filter/3909R_0_M_S2_week9_S64_L001_R2_001.fastq.gz"  
[69] "plate2/dada2/dada2_filter/3918R_R_M_S2_week5_S65_L001_R2_001.fastq.gz"  
[70] "plate2/dada2/dada2_filter/3918R_R_M_S2_week6_S66_L001_R2_001.fastq.gz"  
[71] "plate2/dada2/dada2_filter/3918R_R_M_S2_week7_S67_L001_R2_001.fastq.gz"  
[72] "plate2/dada2/dada2_filter/3918R_R_M_S2_week9_S68_L001_R2_001.fastq.gz"  
[73] "plate2/dada2/dada2_filter/3924R_L_F_S5_week9_S72_L001_R2_001.fastq.gz"  
[74] "plate2/dada2/dada2_filter/3929R_0_F_S5_week9_S73_L001_R2_001.fastq.gz"  
[75] "plate2/dada2/dada2_filter/3969R_0_F_S2_week5_S47_L001_R2_001.fastq.gz"  
[76] "plate2/dada2/dada2_filter/3969R_0_F_S2_week6_S48_L001_R2_001.fastq.gz"  
[77] "plate2/dada2/dada2_filter/3969R_0_F_S2_week7_S49_L001_R2_001.fastq.gz"  
[78] "plate2/dada2/dada2_filter/3969R_0_F_S2_week9_S50_L001_R2_001.fastq.gz"  
[79] "plate2/dada2/dada2_filter/3971R_L_F_NS1_week5_S9_L001_R2_001.fastq.gz"  
[80] "plate2/dada2/dada2_filter/3971R_L_F_NS1_week6_S10_L001_R2_001.fastq.gz" 
[81] "plate2/dada2/dada2_filter/3971R_L_F_NS1_week7_S11_L001_R2_001.fastq.gz" 
[82] "plate2/dada2/dada2_filter/3971R_L_F_NS1_week9_S12_L001_R2_001.fastq.gz" 
[83] "plate2/dada2/dada2_filter/3975R_0_F_NS1_week9_S13_L001_R2_001.fastq.gz" 
[84] "plate2/dada2/dada2_filter/3975R_R_F_NS1_week5_S14_L001_R2_001.fastq.gz" 
[85] "plate2/dada2/dada2_filter/3975R_R_F_NS1_week6_S15_L001_R2_001.fastq.gz" 
[86] "plate2/dada2/dada2_filter/3975R_R_F_NS1_week7_S16_L001_R2_001.fastq.gz" 
[87] "plate2/dada2/dada2_filter/3975R_R_F_NS1_week9_S17_L001_R2_001.fastq.gz" 
[88] "plate2/dada2/dada2_filter/3980R_0_F_S2_week9_S51_L001_R2_001.fastq.gz"  
[89] "plate2/dada2/dada2_filter/Positive_control_S89_L001_R2_001.fastq.gz"    
[90] "plate2/dada2/dada2_filter/negative_control_S90_L001_R2_001.fastq.gz"    
