2025-12-08 18:26:29.46259 INFO::Writing function arguments to log file
2025-12-08 18:26:29.463797 DEBUG::Function arguments
2025-12-08 18:26:29.46424 DEBUG::Output folder: /Users/danielcm/Desktop/diammatics/T1D/Maaslin2.3/maaslin2_Week_and_consortia_EC_S2_w5_vs_S2_w9w10_ref_Week_and_consortia,S2_w9w10
2025-12-08 18:26:29.464659 DEBUG::Min Abundance: 0.000000
2025-12-08 18:26:29.465071 DEBUG::Min Prevalence: 0.100000
2025-12-08 18:26:29.465484 DEBUG::Normalization: TSS
2025-12-08 18:26:29.465912 DEBUG::Transform: LOG
2025-12-08 18:26:29.466319 DEBUG::Analysis method: LM
2025-12-08 18:26:29.466742 DEBUG::Max significance: 0.250000
2025-12-08 18:26:29.467163 DEBUG::Random effects: Sex
2025-12-08 18:26:29.467578 DEBUG::Fixed effects: Week_and_consortia
2025-12-08 18:26:29.467992 DEBUG::Correction method: BH
2025-12-08 18:26:29.468414 DEBUG::Standardize: TRUE
2025-12-08 18:26:29.468835 DEBUG::Cores: 4
2025-12-08 18:26:29.469303 INFO::Verifying options selected are valid
2025-12-08 18:26:29.470386 INFO::Determining format of input files
2025-12-08 18:26:29.471636 INFO::Input format is data samples as columns and metadata samples as rows
2025-12-08 18:26:29.488845 DEBUG::Transformed data so samples are rows
2025-12-08 18:26:29.493539 DEBUG::The following samples were found to have features but no metadata. They will be removed. Plate1_1030R_0_M_NS1_week10_S77_L001,Plate1_1030R_R_M_NS1_week10_S78_L001,Plate1_2472R_0_F_NS1_week10_S73_L001,Plate1_2472R_R_F_NS1_week10_S74_L001,Plate1_3874R_0_F_NS1_week10_S75_L001,Plate1_3874R_L_F_NS1_week10_S76_L001,Plate1_3974R_0_M_NS1_week10_S79_L001,Plate1_3974R_L_M_NS1_week10_S80_L001,Plate2_036R_R_M_NS1_week5_S18_L001,Plate2_036R_R_M_NS1_week9_S21_L001,Plate2_1030R_L_M_NS1_week5_S22_L001,Plate2_1030R_L_M_NS1_week9_S25_L001,Plate2_1121R_0_M_NS1_week5_S26_L001,Plate2_1121R_0_M_NS1_week9_S29_L001,Plate2_1151R_R_M_NS1_week5_S30_L001,Plate2_1151R_R_M_NS1_week9_S33_L001,Plate2_1193R_R_F_NS1_week5_S1_L001,Plate2_1193R_R_F_NS1_week9_S4_L001,Plate2_2529R_R_F_NS1_week5_S5_L001,Plate2_2529R_R_F_NS1_week9_S8_L001,Plate2_3861R_R_M_NS1_week9_S34_L001,Plate2_3971R_L_F_NS1_week5_S9_L001,Plate2_3971R_L_F_NS1_week9_S12_L001,Plate2_3975R_0_F_NS1_week9_S13_L001,Plate2_3975R_R_F_NS1_week5_S14_L001,Plate2_3975R_R_F_NS1_week9_S17_L001,Plate4_036R_0_M_NS1_S62_L001,Plate4_036R_0_M_NS1_week5_S41_L001,Plate4_036R_L_M_NS1_S63_L001,Plate4_036R_L_M_NS1_week5_S42_L001,Plate4_036R_RL_M_NS1_S64_L001,Plate4_036R_RL_M_NS1_week5_S43_L001,Plate4_036R_RR_M_NS1_S65_L001,Plate4_036R_RR_M_NS1_week5_S44_L001,Plate4_1030R_RR_M_NS1_week5_S45_L001,Plate4_1030R_RR_M_NS1_week9_S66_L001,Plate4_1121R_L_M_NS1_week5_S46_L001,Plate4_1121R_L_M_NS1_week9_S67_L001,Plate4_1121R_RL_M_NS1_week5_S48_L001,Plate4_1121R_RL_M_NS1_week9_S69_L001,Plate4_1121R_RR_M_NS1_week5_S49_L001,Plate4_1121R_RR_M_NS1_week9_S70_L001,Plate4_1121R_R_M_NS1_week5_S47_L001,Plate4_1121R_R_M_NS1_week9_S68_L001,Plate4_1151R_0_M_NS1_week5_S50_L001,Plate4_1151R_0_M_NS1_week9_S71_L001,Plate4_1193R_0_F_NS1_week5_S51_L001,Plate4_1193R_0_F_NS1_week9_S72_L001,Plate4_1193R_L_F_NS1_week5_S52_L001,Plate4_1193R_L_F_NS1_week9_S73_L001,Plate4_2529R_0_F_NS1_week5_S53_L001,Plate4_2529R_0_F_NS1_week9_S74_L001,Plate4_2529R_L_F_NS1_week5_S54_L001,Plate4_2529R_L_F_NS1_week9_S75_L001,Plate4_2529R_RL_F_NS1_week5_S55_L001,Plate4_2529R_RL_F_NS1_week9_S76_L001,Plate4_3861R_0_M_NS1_week5_S56_L001,Plate4_3861R_0_M_NS1_week9_S77_L001,Plate4_3861R_L_M_NS1_week5_S57_L001,Plate4_3861R_L_M_NS1_week9_S78_L001,Plate4_3861R_R_M_NS1_week5_S58_L001,Plate4_3971R_0_F_NS1_week5_S59_L001,Plate4_3971R_0_F_NS1_week9_S79_L001,Plate4_3971R_RL_F_NS1_week9_S81_L001,Plate4_3971R_R_F_NS1_week9_S80_L001,Plate4_3975R_0_F_NS1_week5_S60_L001,Plate4_3975R_L_F_NS1_week5_S61_L001,Plate4_3975R_L_F_NS1_week9_S82_L001,Plate4_3975R_RL_F_NS1_week9_S83_L001,Plate5_2808_NS1_0_Female_week5_S37_L001,Plate5_2808_NS1_0_Female_week9_S49_L001,Plate5_2808_NS1_L_Female_week5_S38_L001,Plate5_2808_NS1_L_Female_week9_S50_L001,Plate5_2808_NS1_RR_Female_week5_S40_L001,Plate5_2808_NS1_RR_Female_week9_S52_L001,Plate5_2808_NS1_R_Female_week5_S39_L001,Plate5_2808_NS1_R_Female_week9_S51_L001,Plate5_2824_NS1_0_Male_week5_S43_L001,Plate5_2824_NS1_0_Male_week9_S55_L001,Plate5_2824_NS1_L_Male_week5_S44_L001,Plate5_2824_NS1_L_Male_week9_S56_L001,Plate5_2824_NS1_R_Male_week5_S45_L001,Plate5_2824_NS1_R_Male_week9_S57_L001,Plate5_2864_NS1_R_Male_week5_S46_L001,Plate5_2864_NS1_R_Male_week9_S58_L001,Plate5_2893_NS1_0_Male_week5_S47_L001,Plate5_2893_NS1_0_Male_week9_S59_L001,Plate5_2893_NS1_R_Male_week5_S48_L001,Plate5_2893_NS1_R_Male_week9_S60_L001,Plate5_2999_NS1_0_Female_week5_S41_L001,Plate5_2999_NS1_0_Female_week9_S53_L001,Plate5_2999_NS1_R_Female_week5_S42_L001,Plate5_2999_NS1_R_Female_week9_S54_L001,Plate1_1002R_0_M_NS6_week10_S69_L001,Plate1_1002R_L_M_NS6_week10_S70_L001,Plate1_1075R_0_M_NS6_week9_S72_L001,Plate1_184R_0_F_NS6_week10_S65_L001,Plate1_184R_L_F_NS6_week10_S66_L001,Plate1_2403R_L_F_NS6_week10_S67_L001,Plate1_2506R_0_F_NS6_week10_S68_L001,Plate1_3894R_0_M_NS6_week10_S71_L001,Plate2_016R_0_F_NS6_week9_S79_L001,Plate2_1075R_L_M_NS6_week9_S84_L001,Plate2_1184R_0_M_NS6_week9_S85_L001,Plate2_1186R_0_M_NS6_week9_S86_L001,Plate2_1186R_RR_M_NS6_week9_S87_L001,Plate2_184R_0_M_NS6_week9_S88_L001,Plate2_2403R_0_F_NS6_week9_S80_L001,Plate2_2476R_R_F_NS6_week9_S81_L001,Plate2_2562R_0_F_NS6_week9_S82_L001,Plate2_2562R_RL_F_NS6_week9_S83_L001,Plate3_016R_0_F_NS6_week5_S1_L001,Plate3_016R_R_F_NS6_Pellet_week9_S2_L001,Plate3_1075R_RL_M_NS6_Pellet_week9_S3_L001,Plate4_016R_R_F_NS6_week5_S1_L001,Plate4_1075R_0_M_NS6_week5_S2_L001,Plate4_1075R_RL_M_NS6_week5_S3_L001,Plate4_1184R_0_M_NS6_week5_S4_L001,Plate4_1186R_0_M_NS6_week5_S5_L001,Plate4_1186R_RR_M_NS6_week5_S6_L001,Plate4_184R_0_M_NS6_week5_S7_L001,Plate4_2403R_0_F_NS6_week5_S8_L001,Plate4_2476R_R_F_NS6_week5_S9_L001,Plate4_2562R_0_F_NS6_week5_S10_L001,Plate4_2562R_RL_F_NS6_week5_S11_L001,Plate1_1136R_RL_F_S5_week10_S58_L001,Plate1_1136R_R_F_S5_week10_S57_L001,Plate1_2518R_L_M_S5_week10_S61_L001,Plate1_2518R_R_M_S5_week10_S62_L001,Plate1_3752R_0_F_S5_week10_S59_L001,Plate1_3752R_L_F_S5_week10_S60_L001,Plate1_3893R_RL_M_S5_week10_S64_L001,Plate1_3893R_R_M_S5_week10_S63_L001,Plate2_096R_0_M_S5_week9_S74_L001,Plate2_1060R_L_M_S5_week9_S75_L001,Plate2_1076R_0_M_S5_week9_S76_L001,Plate2_1136R_0_F_S5_week9_S69_L001,Plate2_2402R_0_F_S5_week9_S70_L001,Plate2_2433R_0_F_S5_week9_S71_L001,Plate2_2475R_0_M_S5_week9_S77_L001,Plate2_2518R_0_M_S5_week9_S78_L001,Plate2_3924R_L_F_S5_week9_S72_L001,Plate2_3929R_0_F_S5_week9_S73_L001,Plate3_096R_0_M_S5_week5_S4_L001,Plate3_2402R_R_F_S5_Pellet_week9_S5_L001,Plate3_2475R_RL_M_S5_Pellet_week9_S6_L001,Plate4_1060R_L_M_S5_week5_S12_L001,Plate4_1076R_0_M_S5_week5_S13_L001,Plate4_1136R_0_F_S5_week5_S14_L001,Plate4_2402R_0_F_S5_week5_S15_L001,Plate4_2402R_R_F_S5_week5_S16_L001,Plate4_2433R_0_F_S5_week5_S17_L001,Plate4_2475R_0_M_S5_week5_S18_L001,Plate4_2475R_RL_M_S5_week5_S19_L001,Plate4_2518R_0_M_S5_week5_S20_L001,Plate4_3924R_L_F_S5_week5_S21_L001,Plate4_3929R_0_F_S5_week5_S22_L001
2025-12-08 18:26:29.494248 DEBUG::A total of 106 samples were found in both the data and metadata
2025-12-08 18:26:29.494678 DEBUG::Reordering data/metadata to use same sample ordering
2025-12-08 18:26:29.508483 INFO::Formula for random effects: expr ~ (1 | Sex)
2025-12-08 18:26:29.509834 INFO::Formula for fixed effects: expr ~  Week_and_consortia
2025-12-08 18:26:29.511182 INFO::Filter data based on min abundance and min prevalence
2025-12-08 18:26:29.512126 INFO::Total samples in data: 106
2025-12-08 18:26:29.513047 INFO::Min samples required with min abundance for a feature not to be filtered: 10.600000
2025-12-08 18:26:29.532639 INFO::Total filtered features: 179
2025-12-08 18:26:29.534117 INFO::Filtered feature names from abundance and prevalence filtering: EC.1.1.1.202, EC.1.1.1.291, EC.1.1.1.30, EC.1.1.1.384, EC.1.1.1.412, EC.1.1.1.67, EC.1.1.2.4, EC.1.10.3.12, EC.1.13.11.15, EC.1.13.11.16, EC.1.13.11.57, EC.1.13.12.16, EC.1.14.12.11, EC.1.14.12.18, EC.1.14.12.19, EC.1.14.12.3, EC.1.14.13.127, EC.1.14.13.149, EC.1.14.13.22, EC.1.14.13.231, EC.1.14.13.239, EC.1.14.14.47, EC.1.14.15.20, EC.1.14.15.7, EC.1.14.99.48, EC.1.14.99.53, EC.1.14.99.57, EC.1.18.1.3, EC.1.2.1.9, EC.1.2.1.91, EC.1.2.99.7, EC.1.3.1.104, EC.1.3.1.25, EC.1.3.1.29, EC.1.3.1.44, EC.1.3.1.60, EC.1.3.1.71, EC.1.3.1.87, EC.1.3.3.15, EC.1.3.3.4, EC.1.3.7.7, EC.1.4.1.2, EC.1.4.3.19, EC.1.4.3.21, EC.1.7.1.6, EC.1.8.1.14, EC.2.1.1.334, EC.2.3.1.168, EC.2.3.1.174, EC.2.3.1.223, EC.2.3.2.10, EC.2.3.2.16, EC.2.3.2.17, EC.2.3.2.18, EC.2.4.1.212, EC.2.4.1.333, EC.2.4.1.9, EC.2.5.1.132, EC.2.6.1.33, EC.2.7.1.113, EC.2.7.1.195, EC.2.7.1.74, EC.2.7.1.76, EC.2.7.1.78, EC.2.7.7.66, EC.2.7.7.92, EC.2.7.7.99, EC.2.7.8.14, EC.2.7.8.36, EC.2.7.8.44, EC.2.7.8.47, EC.3.1.11.3, EC.3.1.2.20, EC.3.1.3.103, EC.3.1.3.105, EC.3.1.3.32, EC.3.1.4.3, EC.3.11.1.2, EC.3.2.1.130, EC.3.2.1.184, EC.3.2.1.197, EC.3.2.1.198, EC.3.3.2.12, EC.3.4.14.13, EC.3.4.15.6, EC.3.4.22.8, EC.3.4.24.84, EC.3.5.1.11, EC.3.5.1.125, EC.3.5.1.94, EC.3.5.1.97, EC.3.5.4.27, EC.3.5.99.7, EC.3.7.1.14, EC.3.7.1.20, EC.3.7.1.8, EC.3.8.1.5, EC.4.1.1.25, EC.4.1.1.41, EC.4.1.1.52, EC.4.1.1.68, EC.4.1.1.7, EC.4.1.1.87, EC.4.1.99.11, EC.4.2.1.104, EC.4.2.1.109, EC.4.2.1.132, EC.4.2.1.156, EC.4.2.1.83, EC.4.2.2.20, EC.4.2.2.21, EC.4.2.2.7, EC.4.2.2.8, EC.4.2.3.152, EC.4.3.1.27, EC.4.4.1.25, EC.5.1.1.21, EC.5.1.3.23, EC.5.1.3.5, EC.5.3.1.32, EC.5.3.3.10, EC.5.3.3.19, EC.5.3.99.10, EC.5.4.4.3, EC.6.3.1.11, EC.6.3.2.29, EC.6.3.2.30, EC.1.1.1.132, EC.1.1.1.91, EC.1.13.11.4, EC.1.14.13.1, EC.1.14.13.218, EC.1.14.13.24, EC.1.9.3.1, EC.2.4.1.152, EC.2.4.1.216, EC.2.4.1.60, EC.2.4.1.65, EC.2.6.1.112, EC.2.7.8.11, EC.3.1.1.89, EC.3.1.3.39, EC.3.1.6.8, EC.3.4.21.19, EC.3.4.22.10, EC.3.4.24.28, EC.3.4.24.30, EC.3.5.1.49, EC.3.6.3.38, EC.4.1.1.39, EC.4.1.3.16, EC.4.2.2.26, EC.5.2.1.2, EC.5.2.1.4, EC.5.3.3.6, EC.5.5.1.2, EC.5.5.1.27, EC.6.1.3.1, EC.6.2.1.13, EC.1.1.1.102, EC.1.14.19.3, EC.2.1.1.248, EC.2.3.1.178, EC.2.4.1.288, EC.2.4.2.30, EC.2.4.99.18, EC.2.5.1.140, EC.2.7.1.95, EC.2.7.7.83, EC.2.8.3.15, EC.2.8.3.24, EC.2.8.4.2, EC.3.1.3.87, EC.3.13.1.6, EC.3.4.21.62, EC.3.4.21.66, EC.3.4.23.52, EC.3.4.24.89, EC.6.3.3.6
2025-12-08 18:26:29.560392 INFO::Total filtered features with variance filtering: 0
2025-12-08 18:26:29.561732 INFO::Filtered feature names from variance filtering:
2025-12-08 18:26:29.56267 INFO::Running selected normalization method: TSS
2025-12-08 18:26:29.581563 INFO::Applying z-score to standardize continuous metadata
2025-12-08 18:26:29.585111 INFO::Running selected transform method: LOG
2025-12-08 18:26:29.621283 INFO::Running selected analysis method: LM
2025-12-08 18:26:29.62267 INFO::Creating cluster of 4 R processes
2025-12-08 18:27:04.88356 INFO::Counting total values for each feature
2025-12-08 18:27:04.959759 INFO::Writing filtered data to file /Users/danielcm/Desktop/diammatics/T1D/Maaslin2.3/maaslin2_Week_and_consortia_EC_S2_w5_vs_S2_w9w10_ref_Week_and_consortia,S2_w9w10/features/filtered_data.tsv
2025-12-08 18:27:05.084316 INFO::Writing filtered, normalized data to file /Users/danielcm/Desktop/diammatics/T1D/Maaslin2.3/maaslin2_Week_and_consortia_EC_S2_w5_vs_S2_w9w10_ref_Week_and_consortia,S2_w9w10/features/filtered_data_norm.tsv
2025-12-08 18:27:05.269048 INFO::Writing filtered, normalized, transformed data to file /Users/danielcm/Desktop/diammatics/T1D/Maaslin2.3/maaslin2_Week_and_consortia_EC_S2_w5_vs_S2_w9w10_ref_Week_and_consortia,S2_w9w10/features/filtered_data_norm_transformed.tsv
2025-12-08 18:27:05.455537 INFO::Writing residuals to file /Users/danielcm/Desktop/diammatics/T1D/Maaslin2.3/maaslin2_Week_and_consortia_EC_S2_w5_vs_S2_w9w10_ref_Week_and_consortia,S2_w9w10/fits/residuals.rds
2025-12-08 18:27:05.553727 INFO::Writing fitted values to file /Users/danielcm/Desktop/diammatics/T1D/Maaslin2.3/maaslin2_Week_and_consortia_EC_S2_w5_vs_S2_w9w10_ref_Week_and_consortia,S2_w9w10/fits/fitted.rds
2025-12-08 18:27:05.57695 INFO::Writing extracted random effects to file /Users/danielcm/Desktop/diammatics/T1D/Maaslin2.3/maaslin2_Week_and_consortia_EC_S2_w5_vs_S2_w9w10_ref_Week_and_consortia,S2_w9w10/fits/ranef.rds
2025-12-08 18:27:05.584002 INFO::Writing all results to file (ordered by increasing q-values): /Users/danielcm/Desktop/diammatics/T1D/Maaslin2.3/maaslin2_Week_and_consortia_EC_S2_w5_vs_S2_w9w10_ref_Week_and_consortia,S2_w9w10/all_results.tsv
2025-12-08 18:27:05.595877 INFO::Writing the significant results (those which are less than or equal to the threshold of 0.250000 ) to file (ordered by increasing q-values): /Users/danielcm/Desktop/diammatics/T1D/Maaslin2.3/maaslin2_Week_and_consortia_EC_S2_w5_vs_S2_w9w10_ref_Week_and_consortia,S2_w9w10/significant_results.tsv
